[97m/home/cvazquezperezdelacru/clio-core/context-runtime/src/manager.cc:137 INFO 3246295 ClientInit RuntimeManager::ClientInit[0m
[97m/home/cvazquezperezdelacru/clio-core/context-runtime/src/config_manager.cc:144 INFO 3246295 ClientInit Config at: /home/cvazquezperezdelacru/.clio/clio.yaml[0m
[97m/home/cvazquezperezdelacru/clio-core/context-runtime/src/ipc_manager.cc:219 INFO 3246295 ClientInit IpcManager::ClientInit: IPC mode = SHM (auto-selected)[0m
[97m/home/cvazquezperezdelacru/clio-core/context-runtime/src/ipc_manager.cc:231 INFO 3246295 ClientInit IpcManager::ClientInit: retry_timeout = 1200s[0m
[97m/home/cvazquezperezdelacru/clio-core/context-runtime/src/ipc_manager.cc:239 INFO 3246295 ClientInit IpcManager::ClientInit: try_new_servers = 0[0m
[97m/home/cvazquezperezdelacru/clio-core/context-runtime/src/../../context-transport-primitives/include/clio_ctp/lightbeam/zmq_transport.h:152 INFO 3246295 GetSharedContext [ZeroMqTransport] Created shared context with 8 I/O threads[0m
[97m/home/cvazquezperezdelacru/clio-core/context-runtime/src/ipc_manager.cc:292 INFO 3246295 ClientInit IpcManager: DEALER transport connected to port 9416[0m
[97m/home/cvazquezperezdelacru/clio-core/context-runtime/src/ipc_manager.cc:322 INFO 3246295 ClientInit IpcManager: client response listener bound to port 46457[0m
[97m/home/cvazquezperezdelacru/clio-core/context-runtime/src/ipc_manager.cc:1388 INFO 3246295 WaitForLocalServer Waiting for runtime via lightbeam (timeout=120s)[0m
[97m/home/cvazquezperezdelacru/clio-core/context-runtime/src/ipc_manager.cc:1496 INFO 3246295 WaitForLocalServer Successfully connected to runtime (generation=621644199633809, server_pid=3245328, shm_in_shards=1)[0m
[97m/home/cvazquezperezdelacru/clio-core/context-runtime/src/ipc_manager.cc:1202 INFO 3246295 ClientInitShm ClientInitShm: attached metadata segment 'chi_metadata_segment_cvazquezperezdelacru_9413'[0m
[97m/home/cvazquezperezdelacru/clio-core/context-runtime/src/ipc_manager.cc:1228 INFO 3246295 ClientInitShm ClientInitShm: response SHM ring 'clio-3246295-shm-out' (1MB)[0m
[97m/home/cvazquezperezdelacru/clio-core/context-runtime/src/ipc_manager.cc:2447 INFO 3246295 IncreaseClientShm IpcManager::IncreaseClientShm: Creating clio_3246295_0 with size 570425344 (536870912 + 33554432 overhead)[0m
[97m/home/cvazquezperezdelacru/clio-core/context-runtime/src/ipc_manager.cc:2492 INFO 3246295 IncreaseClientShm IpcManager::IncreaseClientShm: Created allocator clio_3246295_0 with ID (3246295.0)[0m
[97m/home/cvazquezperezdelacru/clio-core/context-runtime/src/manager.cc:175 INFO 3246295 ClientInit ClientInit: Creating admin client with kAdminPoolId=PoolId(major:1, minor:0)[0m
[97m/home/cvazquezperezdelacru/clio-core/context-runtime/src/manager.cc:178 INFO 3246295 ClientInit ClientInit: Admin client created, pool_id_=PoolId(major:1, minor:0)[0m
[bench] volume=perf_nb130M_n1 nlist=16384 nprobe=256 nq=200 k=10 threads=8 route=owner inflight=1 ntotal=130000000
  cold   qps=      6.0  elapsed=  33.201s  majflt/q=     0.2  read_MB=     0.8  disk_act= 61.5%  disk_rd_MBps= 1012.7  di_hash=2380a21e973c30b0  canon=c47fe7cc7b941028
  warm0  qps=      7.6  elapsed=  26.476s  majflt/q=     0.1  read_MB=     0.4  disk_act= 53.3%  disk_rd_MBps= 1063.8  di_hash=2380a21e973c30b0  canon=c47fe7cc7b941028
  warm1  qps=      7.5  elapsed=  26.514s  majflt/q=     0.0  read_MB=     0.0  disk_act= 54.4%  disk_rd_MBps=  998.9  di_hash=2380a21e973c30b0  canon=c47fe7cc7b941028
[bench] wrote /mnt/common/cvazquezperezdelacru/IOWARP/faiss/contrib/iowarp/benchmarks/results/performance_study/perf_study_exp1_nb130M_n1.json
[stats] searches=600 lists_read=45168 GB_read=175.27 read_wait_s=47.21 scan_s=38.50 nodes=1
[97m/home/cvazquezperezdelacru/clio-core/context-runtime/src/ipc_manager.cc:2348 INFO 3246295 ClearClientPool [ClientPool] Clearing 0 persistent connections[0m
