[97m/home/cvazquezperezdelacru/clio-core/context-runtime/src/manager.cc:137 INFO 658748 ClientInit RuntimeManager::ClientInit[0m
[97m/home/cvazquezperezdelacru/clio-core/context-runtime/src/config_manager.cc:144 INFO 658748 ClientInit Config at: /home/cvazquezperezdelacru/.clio/clio.yaml[0m
[97m/home/cvazquezperezdelacru/clio-core/context-runtime/src/ipc_manager.cc:219 INFO 658748 ClientInit IpcManager::ClientInit: IPC mode = SHM (auto-selected)[0m
[97m/home/cvazquezperezdelacru/clio-core/context-runtime/src/ipc_manager.cc:231 INFO 658748 ClientInit IpcManager::ClientInit: retry_timeout = 1200s[0m
[97m/home/cvazquezperezdelacru/clio-core/context-runtime/src/ipc_manager.cc:239 INFO 658748 ClientInit IpcManager::ClientInit: try_new_servers = 0[0m
[97m/home/cvazquezperezdelacru/clio-core/context-runtime/src/../../context-transport-primitives/include/clio_ctp/lightbeam/zmq_transport.h:152 INFO 658748 GetSharedContext [ZeroMqTransport] Created shared context with 8 I/O threads[0m
[97m/home/cvazquezperezdelacru/clio-core/context-runtime/src/ipc_manager.cc:292 INFO 658748 ClientInit IpcManager: DEALER transport connected to port 9416[0m
[97m/home/cvazquezperezdelacru/clio-core/context-runtime/src/ipc_manager.cc:322 INFO 658748 ClientInit IpcManager: client response listener bound to port 43299[0m
[97m/home/cvazquezperezdelacru/clio-core/context-runtime/src/ipc_manager.cc:1388 INFO 658748 WaitForLocalServer Waiting for runtime via lightbeam (timeout=120s)[0m
[97m/home/cvazquezperezdelacru/clio-core/context-runtime/src/ipc_manager.cc:1496 INFO 658748 WaitForLocalServer Successfully connected to runtime (generation=1668854258629219, server_pid=656733, shm_in_shards=1)[0m
[97m/home/cvazquezperezdelacru/clio-core/context-runtime/src/ipc_manager.cc:1202 INFO 658748 ClientInitShm ClientInitShm: attached metadata segment 'chi_metadata_segment_cvazquezperezdelacru_9413'[0m
[97m/home/cvazquezperezdelacru/clio-core/context-runtime/src/ipc_manager.cc:1228 INFO 658748 ClientInitShm ClientInitShm: response SHM ring 'clio-658748-shm-out' (1MB)[0m
[97m/home/cvazquezperezdelacru/clio-core/context-runtime/src/ipc_manager.cc:2447 INFO 658748 IncreaseClientShm IpcManager::IncreaseClientShm: Creating clio_658748_0 with size 570425344 (536870912 + 33554432 overhead)[0m
[97m/home/cvazquezperezdelacru/clio-core/context-runtime/src/ipc_manager.cc:2492 INFO 658748 IncreaseClientShm IpcManager::IncreaseClientShm: Created allocator clio_658748_0 with ID (658748.0)[0m
[97m/home/cvazquezperezdelacru/clio-core/context-runtime/src/manager.cc:175 INFO 658748 ClientInit ClientInit: Creating admin client with kAdminPoolId=PoolId(major:1, minor:0)[0m
[97m/home/cvazquezperezdelacru/clio-core/context-runtime/src/manager.cc:178 INFO 658748 ClientInit ClientInit: Admin client created, pool_id_=PoolId(major:1, minor:0)[0m
[bench] volume=perf_nb185M_n4 nlist=16384 nprobe=256 nq=500 k=10 threads=8 route=owner inflight=1 ntotal=185000000
  cold   qps=     53.3  elapsed=   9.376s  majflt/q=     0.1  read_MB=     0.0  disk_act=  0.0%  disk_rd_MBps=    0.0  di_hash=45510810c22ec07a  canon=68c950151fe04656
  warm0  qps=     57.1  elapsed=   8.760s  majflt/q=     0.0  read_MB=     0.0  disk_act=  0.0%  disk_rd_MBps=    0.0  di_hash=45510810c22ec07a  canon=68c950151fe04656
  warm1  qps=     58.2  elapsed=   8.598s  majflt/q=     0.0  read_MB=     0.0  disk_act=  0.0%  disk_rd_MBps=    0.0  di_hash=45510810c22ec07a  canon=68c950151fe04656
[bench] wrote /mnt/common/cvazquezperezdelacru/IOWARP/faiss/contrib/iowarp/benchmarks/results/performance_study/perf_study_exp1_nb185M_n4.json
[stats] searches=6000 lists_read=48867 GB_read=267.95 read_wait_s=24.58 scan_s=74.51 nodes=4
[97m/home/cvazquezperezdelacru/clio-core/context-runtime/src/ipc_manager.cc:2348 INFO 658748 ClearClientPool [ClientPool] Clearing 0 persistent connections[0m
