[97m/home/cvazquezperezdelacru/clio-core/context-runtime/src/manager.cc:137 INFO 1680740 ClientInit RuntimeManager::ClientInit[0m
[97m/home/cvazquezperezdelacru/clio-core/context-runtime/src/config_manager.cc:144 INFO 1680740 ClientInit Config at: /home/cvazquezperezdelacru/.clio/clio.yaml[0m
[97m/home/cvazquezperezdelacru/clio-core/context-runtime/src/ipc_manager.cc:219 INFO 1680740 ClientInit IpcManager::ClientInit: IPC mode = SHM (auto-selected)[0m
[97m/home/cvazquezperezdelacru/clio-core/context-runtime/src/ipc_manager.cc:231 INFO 1680740 ClientInit IpcManager::ClientInit: retry_timeout = 1200s[0m
[97m/home/cvazquezperezdelacru/clio-core/context-runtime/src/ipc_manager.cc:239 INFO 1680740 ClientInit IpcManager::ClientInit: try_new_servers = 0[0m
[97m/home/cvazquezperezdelacru/clio-core/context-runtime/src/../../context-transport-primitives/include/clio_ctp/lightbeam/zmq_transport.h:152 INFO 1680740 GetSharedContext [ZeroMqTransport] Created shared context with 8 I/O threads[0m
[97m/home/cvazquezperezdelacru/clio-core/context-runtime/src/ipc_manager.cc:292 INFO 1680740 ClientInit IpcManager: DEALER transport connected to port 9416[0m
[97m/home/cvazquezperezdelacru/clio-core/context-runtime/src/ipc_manager.cc:322 INFO 1680740 ClientInit IpcManager: client response listener bound to port 43349[0m
[97m/home/cvazquezperezdelacru/clio-core/context-runtime/src/ipc_manager.cc:1388 INFO 1680740 WaitForLocalServer Waiting for runtime via lightbeam (timeout=120s)[0m
[97m/home/cvazquezperezdelacru/clio-core/context-runtime/src/ipc_manager.cc:1496 INFO 1680740 WaitForLocalServer Successfully connected to runtime (generation=1691317193905529, server_pid=1680457, shm_in_shards=1)[0m
[97m/home/cvazquezperezdelacru/clio-core/context-runtime/src/ipc_manager.cc:1202 INFO 1680740 ClientInitShm ClientInitShm: attached metadata segment 'chi_metadata_segment_cvazquezperezdelacru_9413'[0m
[97m/home/cvazquezperezdelacru/clio-core/context-runtime/src/ipc_manager.cc:1228 INFO 1680740 ClientInitShm ClientInitShm: response SHM ring 'clio-1680740-shm-out' (1MB)[0m
[97m/home/cvazquezperezdelacru/clio-core/context-runtime/src/ipc_manager.cc:2447 INFO 1680740 IncreaseClientShm IpcManager::IncreaseClientShm: Creating clio_1680740_0 with size 570425344 (536870912 + 33554432 overhead)[0m
[97m/home/cvazquezperezdelacru/clio-core/context-runtime/src/ipc_manager.cc:2492 INFO 1680740 IncreaseClientShm IpcManager::IncreaseClientShm: Created allocator clio_1680740_0 with ID (1680740.0)[0m
[97m/home/cvazquezperezdelacru/clio-core/context-runtime/src/manager.cc:175 INFO 1680740 ClientInit ClientInit: Creating admin client with kAdminPoolId=PoolId(major:1, minor:0)[0m
[97m/home/cvazquezperezdelacru/clio-core/context-runtime/src/manager.cc:178 INFO 1680740 ClientInit ClientInit: Admin client created, pool_id_=PoolId(major:1, minor:0)[0m
[bench] volume=perf_nb262M_n2 nlist=16384 nprobe=256 nq=200 k=10 threads=8 route=owner inflight=1 ntotal=262000000
  cold   qps=      5.6  elapsed=  35.658s  majflt/q=     0.1  read_MB=     0.1  disk_act= 65.4%  disk_rd_MBps= 1892.7  di_hash=9cc36d5a1839b707  canon=4e367817b35cb673
  warm0  qps=      7.1  elapsed=  28.323s  majflt/q=     0.0  read_MB=     0.1  disk_act= 56.6%  disk_rd_MBps= 2381.5  di_hash=9cc36d5a1839b707  canon=4e367817b35cb673
  warm1  qps=      7.4  elapsed=  27.056s  majflt/q=     0.0  read_MB=     0.1  disk_act= 57.7%  disk_rd_MBps= 2493.4  di_hash=9cc36d5a1839b707  canon=4e367817b35cb673
[bench] wrote /mnt/common/cvazquezperezdelacru/IOWARP/faiss/contrib/iowarp/benchmarks/results/performance_study/perf_study_exp1_nb262M_n2.json
[stats] searches=1200 lists_read=45168 GB_read=353.24 read_wait_s=104.26 scan_s=74.27 nodes=2
[97m/home/cvazquezperezdelacru/clio-core/context-runtime/src/ipc_manager.cc:2348 INFO 1680740 ClearClientPool [ClientPool] Clearing 0 persistent connections[0m
