[97m/home/cvazquezperezdelacru/clio-core/context-runtime/src/manager.cc:137 INFO 3339147 ClientInit RuntimeManager::ClientInit[0m
[97m/home/cvazquezperezdelacru/clio-core/context-runtime/src/config_manager.cc:144 INFO 3339147 ClientInit Config at: /home/cvazquezperezdelacru/.clio/clio.yaml[0m
[97m/home/cvazquezperezdelacru/clio-core/context-runtime/src/ipc_manager.cc:219 INFO 3339147 ClientInit IpcManager::ClientInit: IPC mode = SHM (auto-selected)[0m
[97m/home/cvazquezperezdelacru/clio-core/context-runtime/src/ipc_manager.cc:231 INFO 3339147 ClientInit IpcManager::ClientInit: retry_timeout = 1200s[0m
[97m/home/cvazquezperezdelacru/clio-core/context-runtime/src/ipc_manager.cc:239 INFO 3339147 ClientInit IpcManager::ClientInit: try_new_servers = 0[0m
[97m/home/cvazquezperezdelacru/clio-core/context-runtime/src/../../context-transport-primitives/include/clio_ctp/lightbeam/zmq_transport.h:152 INFO 3339147 GetSharedContext [ZeroMqTransport] Created shared context with 8 I/O threads[0m
[97m/home/cvazquezperezdelacru/clio-core/context-runtime/src/ipc_manager.cc:292 INFO 3339147 ClientInit IpcManager: DEALER transport connected to port 9416[0m
[97m/home/cvazquezperezdelacru/clio-core/context-runtime/src/ipc_manager.cc:322 INFO 3339147 ClientInit IpcManager: client response listener bound to port 45681[0m
[97m/home/cvazquezperezdelacru/clio-core/context-runtime/src/ipc_manager.cc:1388 INFO 3339147 WaitForLocalServer Waiting for runtime via lightbeam (timeout=120s)[0m
[97m/home/cvazquezperezdelacru/clio-core/context-runtime/src/ipc_manager.cc:1496 INFO 3339147 WaitForLocalServer Successfully connected to runtime (generation=655737020734715, server_pid=3337610, shm_in_shards=1)[0m
[97m/home/cvazquezperezdelacru/clio-core/context-runtime/src/ipc_manager.cc:1202 INFO 3339147 ClientInitShm ClientInitShm: attached metadata segment 'chi_metadata_segment_cvazquezperezdelacru_9413'[0m
[97m/home/cvazquezperezdelacru/clio-core/context-runtime/src/ipc_manager.cc:1228 INFO 3339147 ClientInitShm ClientInitShm: response SHM ring 'clio-3339147-shm-out' (1MB)[0m
[97m/home/cvazquezperezdelacru/clio-core/context-runtime/src/ipc_manager.cc:2447 INFO 3339147 IncreaseClientShm IpcManager::IncreaseClientShm: Creating clio_3339147_0 with size 570425344 (536870912 + 33554432 overhead)[0m
[97m/home/cvazquezperezdelacru/clio-core/context-runtime/src/ipc_manager.cc:2492 INFO 3339147 IncreaseClientShm IpcManager::IncreaseClientShm: Created allocator clio_3339147_0 with ID (3339147.0)[0m
[97m/home/cvazquezperezdelacru/clio-core/context-runtime/src/manager.cc:175 INFO 3339147 ClientInit ClientInit: Creating admin client with kAdminPoolId=PoolId(major:1, minor:0)[0m
[97m/home/cvazquezperezdelacru/clio-core/context-runtime/src/manager.cc:178 INFO 3339147 ClientInit ClientInit: Admin client created, pool_id_=PoolId(major:1, minor:0)[0m
[bench] volume=perf_nb92M_n2 nlist=16384 nprobe=256 nq=500 k=10 threads=8 route=owner inflight=1 ntotal=92000000
  cold   qps=     53.5  elapsed=   9.338s  majflt/q=     0.1  read_MB=     0.0  disk_act=  0.0%  disk_rd_MBps=    0.0  di_hash=7fdcde6b02c74936  canon=43acbe2a1ed8d6d2
  warm0  qps=     56.4  elapsed=   8.871s  majflt/q=     0.0  read_MB=     0.0  disk_act=  0.0%  disk_rd_MBps=    0.0  di_hash=7fdcde6b02c74936  canon=43acbe2a1ed8d6d2
  warm1  qps=     57.1  elapsed=   8.762s  majflt/q=     0.0  read_MB=     0.0  disk_act=  0.0%  disk_rd_MBps=    0.0  di_hash=7fdcde6b02c74936  canon=43acbe2a1ed8d6d2
[bench] wrote /mnt/common/cvazquezperezdelacru/IOWARP/faiss/contrib/iowarp/benchmarks/results/performance_study/perf_study_exp1_nb92M_n2.json
[stats] searches=3000 lists_read=48867 GB_read=133.24 read_wait_s=12.72 scan_s=37.84 nodes=2
[97m/home/cvazquezperezdelacru/clio-core/context-runtime/src/ipc_manager.cc:2348 INFO 3339147 ClearClientPool [ClientPool] Clearing 0 persistent connections[0m
