[97m/home/cvazquezperezdelacru/clio-core/context-runtime/src/manager.cc:137 INFO 3300268 ClientInit RuntimeManager::ClientInit[0m
[97m/home/cvazquezperezdelacru/clio-core/context-runtime/src/config_manager.cc:144 INFO 3300268 ClientInit Config at: /home/cvazquezperezdelacru/.clio/clio.yaml[0m
[97m/home/cvazquezperezdelacru/clio-core/context-runtime/src/ipc_manager.cc:219 INFO 3300268 ClientInit IpcManager::ClientInit: IPC mode = SHM (auto-selected)[0m
[97m/home/cvazquezperezdelacru/clio-core/context-runtime/src/ipc_manager.cc:231 INFO 3300268 ClientInit IpcManager::ClientInit: retry_timeout = 1200s[0m
[97m/home/cvazquezperezdelacru/clio-core/context-runtime/src/ipc_manager.cc:239 INFO 3300268 ClientInit IpcManager::ClientInit: try_new_servers = 0[0m
[97m/home/cvazquezperezdelacru/clio-core/context-runtime/src/../../context-transport-primitives/include/clio_ctp/lightbeam/zmq_transport.h:152 INFO 3300268 GetSharedContext [ZeroMqTransport] Created shared context with 8 I/O threads[0m
[97m/home/cvazquezperezdelacru/clio-core/context-runtime/src/ipc_manager.cc:292 INFO 3300268 ClientInit IpcManager: DEALER transport connected to port 9416[0m
[97m/home/cvazquezperezdelacru/clio-core/context-runtime/src/ipc_manager.cc:322 INFO 3300268 ClientInit IpcManager: client response listener bound to port 44689[0m
[97m/home/cvazquezperezdelacru/clio-core/context-runtime/src/ipc_manager.cc:1388 INFO 3300268 WaitForLocalServer Waiting for runtime via lightbeam (timeout=120s)[0m
[97m/home/cvazquezperezdelacru/clio-core/context-runtime/src/ipc_manager.cc:1496 INFO 3300268 WaitForLocalServer Successfully connected to runtime (generation=641289437296826, server_pid=3299579, shm_in_shards=1)[0m
[97m/home/cvazquezperezdelacru/clio-core/context-runtime/src/ipc_manager.cc:1202 INFO 3300268 ClientInitShm ClientInitShm: attached metadata segment 'chi_metadata_segment_cvazquezperezdelacru_9413'[0m
[97m/home/cvazquezperezdelacru/clio-core/context-runtime/src/ipc_manager.cc:1228 INFO 3300268 ClientInitShm ClientInitShm: response SHM ring 'clio-3300268-shm-out' (1MB)[0m
[97m/home/cvazquezperezdelacru/clio-core/context-runtime/src/ipc_manager.cc:2447 INFO 3300268 IncreaseClientShm IpcManager::IncreaseClientShm: Creating clio_3300268_0 with size 570425344 (536870912 + 33554432 overhead)[0m
[97m/home/cvazquezperezdelacru/clio-core/context-runtime/src/ipc_manager.cc:2492 INFO 3300268 IncreaseClientShm IpcManager::IncreaseClientShm: Created allocator clio_3300268_0 with ID (3300268.0)[0m
[97m/home/cvazquezperezdelacru/clio-core/context-runtime/src/manager.cc:175 INFO 3300268 ClientInit ClientInit: Creating admin client with kAdminPoolId=PoolId(major:1, minor:0)[0m
[97m/home/cvazquezperezdelacru/clio-core/context-runtime/src/manager.cc:178 INFO 3300268 ClientInit ClientInit: Admin client created, pool_id_=PoolId(major:1, minor:0)[0m
[bench] volume=perf_nb64M_n2 nlist=8192 nprobe=128 nq=500 k=10 threads=8 route=owner inflight=1 ntotal=64000000
  cold   qps=     79.8  elapsed=   6.262s  majflt/q=     0.1  read_MB=     0.0  disk_act=  0.0%  disk_rd_MBps=    0.0  di_hash=5e5376a53f64e384  canon=658a1443b4e7ade4
  warm0  qps=     82.6  elapsed=   6.051s  majflt/q=     0.0  read_MB=     0.0  disk_act=  0.0%  disk_rd_MBps=    0.0  di_hash=5e5376a53f64e384  canon=658a1443b4e7ade4
  warm1  qps=     83.7  elapsed=   5.971s  majflt/q=     0.0  read_MB=     0.0  disk_act=  0.0%  disk_rd_MBps=    0.0  di_hash=5e5376a53f64e384  canon=658a1443b4e7ade4
[bench] wrote /mnt/common/cvazquezperezdelacru/IOWARP/faiss/contrib/iowarp/benchmarks/results/performance_study/perf_study_exp1_nb64M_n2.json
[stats] searches=3000 lists_read=24462 GB_read=92.64 read_wait_s=8.81 scan_s=25.80 nodes=2
[97m/home/cvazquezperezdelacru/clio-core/context-runtime/src/ipc_manager.cc:2348 INFO 3300268 ClearClientPool [ClientPool] Clearing 0 persistent connections[0m
