[97m/home/cvazquezperezdelacru/clio-core/context-runtime/src/manager.cc:137 INFO 515961 ClientInit RuntimeManager::ClientInit[0m
[97m/home/cvazquezperezdelacru/clio-core/context-runtime/src/config_manager.cc:144 INFO 515961 ClientInit Config at: /home/cvazquezperezdelacru/.clio/clio.yaml[0m
[97m/home/cvazquezperezdelacru/clio-core/context-runtime/src/ipc_manager.cc:219 INFO 515961 ClientInit IpcManager::ClientInit: IPC mode = SHM (auto-selected)[0m
[97m/home/cvazquezperezdelacru/clio-core/context-runtime/src/ipc_manager.cc:231 INFO 515961 ClientInit IpcManager::ClientInit: retry_timeout = 1200s[0m
[97m/home/cvazquezperezdelacru/clio-core/context-runtime/src/ipc_manager.cc:239 INFO 515961 ClientInit IpcManager::ClientInit: try_new_servers = 0[0m
[97m/home/cvazquezperezdelacru/clio-core/context-runtime/src/../../context-transport-primitives/include/clio_ctp/lightbeam/zmq_transport.h:152 INFO 515961 GetSharedContext [ZeroMqTransport] Created shared context with 8 I/O threads[0m
[97m/home/cvazquezperezdelacru/clio-core/context-runtime/src/ipc_manager.cc:292 INFO 515961 ClientInit IpcManager: DEALER transport connected to port 9416[0m
[97m/home/cvazquezperezdelacru/clio-core/context-runtime/src/ipc_manager.cc:322 INFO 515961 ClientInit IpcManager: client response listener bound to port 39067[0m
[97m/home/cvazquezperezdelacru/clio-core/context-runtime/src/ipc_manager.cc:1388 INFO 515961 WaitForLocalServer Waiting for runtime via lightbeam (timeout=120s)[0m
[97m/home/cvazquezperezdelacru/clio-core/context-runtime/src/ipc_manager.cc:1496 INFO 515961 WaitForLocalServer Successfully connected to runtime (generation=1615199194529330, server_pid=514617, shm_in_shards=1)[0m
[97m/home/cvazquezperezdelacru/clio-core/context-runtime/src/ipc_manager.cc:1202 INFO 515961 ClientInitShm ClientInitShm: attached metadata segment 'chi_metadata_segment_cvazquezperezdelacru_9413'[0m
[97m/home/cvazquezperezdelacru/clio-core/context-runtime/src/ipc_manager.cc:1228 INFO 515961 ClientInitShm ClientInitShm: response SHM ring 'clio-515961-shm-out' (1MB)[0m
[97m/home/cvazquezperezdelacru/clio-core/context-runtime/src/ipc_manager.cc:2447 INFO 515961 IncreaseClientShm IpcManager::IncreaseClientShm: Creating clio_515961_0 with size 570425344 (536870912 + 33554432 overhead)[0m
[97m/home/cvazquezperezdelacru/clio-core/context-runtime/src/ipc_manager.cc:2492 INFO 515961 IncreaseClientShm IpcManager::IncreaseClientShm: Created allocator clio_515961_0 with ID (515961.0)[0m
[97m/home/cvazquezperezdelacru/clio-core/context-runtime/src/manager.cc:175 INFO 515961 ClientInit ClientInit: Creating admin client with kAdminPoolId=PoolId(major:1, minor:0)[0m
[97m/home/cvazquezperezdelacru/clio-core/context-runtime/src/manager.cc:178 INFO 515961 ClientInit ClientInit: Admin client created, pool_id_=PoolId(major:1, minor:0)[0m
[bench] volume=perf_nb185M_n1 nlist=16384 nprobe=256 nq=200 k=10 threads=8 route=owner inflight=1 ntotal=185000000
  cold   qps=      3.9  elapsed=  51.943s  majflt/q=     0.1  read_MB=     0.1  disk_act= 69.4%  disk_rd_MBps= 1163.2  di_hash=8cd5d7790e0d2f06  canon=65b4a5b13075d0ee
  warm0  qps=      4.4  elapsed=  45.545s  majflt/q=     0.0  read_MB=     0.1  disk_act= 66.9%  disk_rd_MBps= 1326.3  di_hash=8cd5d7790e0d2f06  canon=65b4a5b13075d0ee
  warm1  qps=      4.5  elapsed=  44.022s  majflt/q=     0.0  read_MB=     0.1  disk_act= 67.7%  disk_rd_MBps= 1371.7  di_hash=8cd5d7790e0d2f06  canon=65b4a5b13075d0ee
[bench] wrote /mnt/common/cvazquezperezdelacru/IOWARP/faiss/contrib/iowarp/benchmarks/results/performance_study/perf_study_exp1_nb185M_n1.json
[stats] searches=600 lists_read=45168 GB_read=249.44 read_wait_s=85.37 scan_s=55.69 nodes=1
[97m/home/cvazquezperezdelacru/clio-core/context-runtime/src/ipc_manager.cc:2348 INFO 515961 ClearClientPool [ClientPool] Clearing 0 persistent connections[0m
