[97m/home/cvazquezperezdelacru/clio-core/context-runtime/src/manager.cc:137 INFO 3235667 ClientInit RuntimeManager::ClientInit[0m
[97m/home/cvazquezperezdelacru/clio-core/context-runtime/src/config_manager.cc:144 INFO 3235667 ClientInit Config at: /home/cvazquezperezdelacru/.clio/clio.yaml[0m
[97m/home/cvazquezperezdelacru/clio-core/context-runtime/src/ipc_manager.cc:219 INFO 3235667 ClientInit IpcManager::ClientInit: IPC mode = SHM (auto-selected)[0m
[97m/home/cvazquezperezdelacru/clio-core/context-runtime/src/ipc_manager.cc:231 INFO 3235667 ClientInit IpcManager::ClientInit: retry_timeout = 1200s[0m
[97m/home/cvazquezperezdelacru/clio-core/context-runtime/src/ipc_manager.cc:239 INFO 3235667 ClientInit IpcManager::ClientInit: try_new_servers = 0[0m
[97m/home/cvazquezperezdelacru/clio-core/context-runtime/src/../../context-transport-primitives/include/clio_ctp/lightbeam/zmq_transport.h:152 INFO 3235667 GetSharedContext [ZeroMqTransport] Created shared context with 8 I/O threads[0m
[97m/home/cvazquezperezdelacru/clio-core/context-runtime/src/ipc_manager.cc:292 INFO 3235667 ClientInit IpcManager: DEALER transport connected to port 9416[0m
[97m/home/cvazquezperezdelacru/clio-core/context-runtime/src/ipc_manager.cc:322 INFO 3235667 ClientInit IpcManager: client response listener bound to port 33907[0m
[97m/home/cvazquezperezdelacru/clio-core/context-runtime/src/ipc_manager.cc:1388 INFO 3235667 WaitForLocalServer Waiting for runtime via lightbeam (timeout=120s)[0m
[97m/home/cvazquezperezdelacru/clio-core/context-runtime/src/ipc_manager.cc:1496 INFO 3235667 WaitForLocalServer Successfully connected to runtime (generation=617477555448238, server_pid=3234933, shm_in_shards=1)[0m
[97m/home/cvazquezperezdelacru/clio-core/context-runtime/src/ipc_manager.cc:1202 INFO 3235667 ClientInitShm ClientInitShm: attached metadata segment 'chi_metadata_segment_cvazquezperezdelacru_9413'[0m
[97m/home/cvazquezperezdelacru/clio-core/context-runtime/src/ipc_manager.cc:1228 INFO 3235667 ClientInitShm ClientInitShm: response SHM ring 'clio-3235667-shm-out' (1MB)[0m
[97m/home/cvazquezperezdelacru/clio-core/context-runtime/src/ipc_manager.cc:2447 INFO 3235667 IncreaseClientShm IpcManager::IncreaseClientShm: Creating clio_3235667_0 with size 570425344 (536870912 + 33554432 overhead)[0m
[97m/home/cvazquezperezdelacru/clio-core/context-runtime/src/ipc_manager.cc:2492 INFO 3235667 IncreaseClientShm IpcManager::IncreaseClientShm: Created allocator clio_3235667_0 with ID (3235667.0)[0m
[97m/home/cvazquezperezdelacru/clio-core/context-runtime/src/manager.cc:175 INFO 3235667 ClientInit ClientInit: Creating admin client with kAdminPoolId=PoolId(major:1, minor:0)[0m
[97m/home/cvazquezperezdelacru/clio-core/context-runtime/src/manager.cc:178 INFO 3235667 ClientInit ClientInit: Admin client created, pool_id_=PoolId(major:1, minor:0)[0m
[bench] volume=perf_nb92M_n1 nlist=16384 nprobe=256 nq=500 k=10 threads=8 route=owner inflight=1 ntotal=92000000
  cold   qps=     19.2  elapsed=  26.027s  majflt/q=     0.1  read_MB=     0.0  disk_act= 47.2%  disk_rd_MBps=  563.5  di_hash=0ba48aac3649e144  canon=f5e0c387cda1e83c
  warm0  qps=     26.1  elapsed=  19.174s  majflt/q=     0.0  read_MB=     0.0  disk_act= 13.3%  disk_rd_MBps=  207.4  di_hash=0ba48aac3649e144  canon=f5e0c387cda1e83c
  warm1  qps=     27.3  elapsed=  18.300s  majflt/q=     0.0  read_MB=     0.0  disk_act= 28.4%  disk_rd_MBps=  310.0  di_hash=0ba48aac3649e144  canon=f5e0c387cda1e83c
[bench] wrote /mnt/common/cvazquezperezdelacru/IOWARP/faiss/contrib/iowarp/benchmarks/results/performance_study/perf_study_exp1_nb92M_n1.json
[stats] searches=1500 lists_read=48867 GB_read=133.24 read_wait_s=24.26 scan_s=38.48 nodes=1
[97m/home/cvazquezperezdelacru/clio-core/context-runtime/src/ipc_manager.cc:2348 INFO 3235667 ClearClientPool [ClientPool] Clearing 0 persistent connections[0m
