[97m/home/cvazquezperezdelacru/clio-core/context-runtime/src/manager.cc:137 INFO 3633296 ClientInit RuntimeManager::ClientInit[0m
[97m/home/cvazquezperezdelacru/clio-core/context-runtime/src/config_manager.cc:144 INFO 3633296 ClientInit Config at: /home/cvazquezperezdelacru/.clio/clio.yaml[0m
[97m/home/cvazquezperezdelacru/clio-core/context-runtime/src/ipc_manager.cc:219 INFO 3633296 ClientInit IpcManager::ClientInit: IPC mode = SHM (auto-selected)[0m
[97m/home/cvazquezperezdelacru/clio-core/context-runtime/src/ipc_manager.cc:231 INFO 3633296 ClientInit IpcManager::ClientInit: retry_timeout = 1200s[0m
[97m/home/cvazquezperezdelacru/clio-core/context-runtime/src/ipc_manager.cc:239 INFO 3633296 ClientInit IpcManager::ClientInit: try_new_servers = 0[0m
[97m/home/cvazquezperezdelacru/clio-core/context-runtime/src/../../context-transport-primitives/include/clio_ctp/lightbeam/zmq_transport.h:152 INFO 3633296 GetSharedContext [ZeroMqTransport] Created shared context with 8 I/O threads[0m
[97m/home/cvazquezperezdelacru/clio-core/context-runtime/src/ipc_manager.cc:292 INFO 3633296 ClientInit IpcManager: DEALER transport connected to port 9416[0m
[97m/home/cvazquezperezdelacru/clio-core/context-runtime/src/ipc_manager.cc:322 INFO 3633296 ClientInit IpcManager: client response listener bound to port 37375[0m
[97m/home/cvazquezperezdelacru/clio-core/context-runtime/src/ipc_manager.cc:1388 INFO 3633296 WaitForLocalServer Waiting for runtime via lightbeam (timeout=120s)[0m
[97m/home/cvazquezperezdelacru/clio-core/context-runtime/src/ipc_manager.cc:1496 INFO 3633296 WaitForLocalServer Successfully connected to runtime (generation=760224554656255, server_pid=3627913, shm_in_shards=1)[0m
[97m/home/cvazquezperezdelacru/clio-core/context-runtime/src/ipc_manager.cc:1202 INFO 3633296 ClientInitShm ClientInitShm: attached metadata segment 'chi_metadata_segment_cvazquezperezdelacru_9413'[0m
[97m/home/cvazquezperezdelacru/clio-core/context-runtime/src/ipc_manager.cc:1228 INFO 3633296 ClientInitShm ClientInitShm: response SHM ring 'clio-3633296-shm-out' (1MB)[0m
[97m/home/cvazquezperezdelacru/clio-core/context-runtime/src/ipc_manager.cc:2447 INFO 3633296 IncreaseClientShm IpcManager::IncreaseClientShm: Creating clio_3633296_0 with size 570425344 (536870912 + 33554432 overhead)[0m
[97m/home/cvazquezperezdelacru/clio-core/context-runtime/src/ipc_manager.cc:2492 INFO 3633296 IncreaseClientShm IpcManager::IncreaseClientShm: Created allocator clio_3633296_0 with ID (3633296.0)[0m
[97m/home/cvazquezperezdelacru/clio-core/context-runtime/src/manager.cc:175 INFO 3633296 ClientInit ClientInit: Creating admin client with kAdminPoolId=PoolId(major:1, minor:0)[0m
[97m/home/cvazquezperezdelacru/clio-core/context-runtime/src/manager.cc:178 INFO 3633296 ClientInit ClientInit: Admin client created, pool_id_=PoolId(major:1, minor:0)[0m
[bench] volume=perf_nb500M_n8 nlist=32768 nprobe=512 nq=500 k=10 threads=8 route=owner inflight=1 ntotal=500000000
  cold   qps=     36.3  elapsed=  13.792s  majflt/q=     0.1  read_MB=     0.0  disk_act=  0.8%  disk_rd_MBps=   33.4  di_hash=755785502ac69e41  canon=f048d09e00da5f25
  warm0  qps=     40.0  elapsed=  12.510s  majflt/q=     0.0  read_MB=     0.0  disk_act=  0.0%  disk_rd_MBps=    0.0  di_hash=755785502ac69e41  canon=f048d09e00da5f25
  warm1  qps=     40.6  elapsed=  12.321s  majflt/q=     0.0  read_MB=     0.0  disk_act=  0.0%  disk_rd_MBps=    0.0  di_hash=755785502ac69e41  canon=f048d09e00da5f25
[bench] wrote /mnt/common/cvazquezperezdelacru/IOWARP/faiss/contrib/iowarp/benchmarks/results/performance_study/perf_study_exp1_nb500M_n8.json
[stats] searches=12000 lists_read=96942 GB_read=723.55 read_wait_s=66.78 scan_s=204.64 nodes=8
[97m/home/cvazquezperezdelacru/clio-core/context-runtime/src/ipc_manager.cc:2348 INFO 3633296 ClearClientPool [ClientPool] Clearing 0 persistent connections[0m
