[97m/home/cvazquezperezdelacru/clio-core/context-runtime/src/manager.cc:137 INFO 3479946 ClientInit RuntimeManager::ClientInit[0m
[97m/home/cvazquezperezdelacru/clio-core/context-runtime/src/config_manager.cc:144 INFO 3479946 ClientInit Config at: /home/cvazquezperezdelacru/.clio/clio.yaml[0m
[97m/home/cvazquezperezdelacru/clio-core/context-runtime/src/ipc_manager.cc:219 INFO 3479946 ClientInit IpcManager::ClientInit: IPC mode = SHM (auto-selected)[0m
[97m/home/cvazquezperezdelacru/clio-core/context-runtime/src/ipc_manager.cc:231 INFO 3479946 ClientInit IpcManager::ClientInit: retry_timeout = 1200s[0m
[97m/home/cvazquezperezdelacru/clio-core/context-runtime/src/ipc_manager.cc:239 INFO 3479946 ClientInit IpcManager::ClientInit: try_new_servers = 0[0m
[97m/home/cvazquezperezdelacru/clio-core/context-runtime/src/../../context-transport-primitives/include/clio_ctp/lightbeam/zmq_transport.h:152 INFO 3479946 GetSharedContext [ZeroMqTransport] Created shared context with 8 I/O threads[0m
[97m/home/cvazquezperezdelacru/clio-core/context-runtime/src/ipc_manager.cc:292 INFO 3479946 ClientInit IpcManager: DEALER transport connected to port 9416[0m
[97m/home/cvazquezperezdelacru/clio-core/context-runtime/src/ipc_manager.cc:322 INFO 3479946 ClientInit IpcManager: client response listener bound to port 38369[0m
[97m/home/cvazquezperezdelacru/clio-core/context-runtime/src/ipc_manager.cc:1388 INFO 3479946 WaitForLocalServer Waiting for runtime via lightbeam (timeout=120s)[0m
[97m/home/cvazquezperezdelacru/clio-core/context-runtime/src/ipc_manager.cc:1496 INFO 3479946 WaitForLocalServer Successfully connected to runtime (generation=707859691629365, server_pid=3476407, shm_in_shards=1)[0m
[97m/home/cvazquezperezdelacru/clio-core/context-runtime/src/ipc_manager.cc:1202 INFO 3479946 ClientInitShm ClientInitShm: attached metadata segment 'chi_metadata_segment_cvazquezperezdelacru_9413'[0m
[97m/home/cvazquezperezdelacru/clio-core/context-runtime/src/ipc_manager.cc:1228 INFO 3479946 ClientInitShm ClientInitShm: response SHM ring 'clio-3479946-shm-out' (1MB)[0m
[97m/home/cvazquezperezdelacru/clio-core/context-runtime/src/ipc_manager.cc:2447 INFO 3479946 IncreaseClientShm IpcManager::IncreaseClientShm: Creating clio_3479946_0 with size 570425344 (536870912 + 33554432 overhead)[0m
[97m/home/cvazquezperezdelacru/clio-core/context-runtime/src/ipc_manager.cc:2492 INFO 3479946 IncreaseClientShm IpcManager::IncreaseClientShm: Created allocator clio_3479946_0 with ID (3479946.0)[0m
[97m/home/cvazquezperezdelacru/clio-core/context-runtime/src/manager.cc:175 INFO 3479946 ClientInit ClientInit: Creating admin client with kAdminPoolId=PoolId(major:1, minor:0)[0m
[97m/home/cvazquezperezdelacru/clio-core/context-runtime/src/manager.cc:178 INFO 3479946 ClientInit ClientInit: Admin client created, pool_id_=PoolId(major:1, minor:0)[0m
[bench] volume=perf_nb185M_n2 nlist=16384 nprobe=256 nq=500 k=10 threads=8 route=owner inflight=1 ntotal=185000000
  cold   qps=     18.7  elapsed=  26.687s  majflt/q=     0.1  read_MB=     0.0  disk_act= 46.1%  disk_rd_MBps= 1083.1  di_hash=e48db7837809f442  canon=05ddd2195cab4d82
  warm0  qps=     22.1  elapsed=  22.662s  majflt/q=     0.0  read_MB=     0.0  disk_act= 27.7%  disk_rd_MBps=  948.7  di_hash=e48db7837809f442  canon=05ddd2195cab4d82
  warm1  qps=     23.2  elapsed=  21.556s  majflt/q=     0.0  read_MB=     0.1  disk_act= 26.3%  disk_rd_MBps=  919.6  di_hash=e48db7837809f442  canon=05ddd2195cab4d82
[bench] wrote /mnt/common/cvazquezperezdelacru/IOWARP/faiss/contrib/iowarp/benchmarks/results/performance_study/perf_study_exp1_nb185M_n2.json
[stats] searches=3000 lists_read=48867 GB_read=267.95 read_wait_s=51.29 scan_s=75.82 nodes=2
[97m/home/cvazquezperezdelacru/clio-core/context-runtime/src/ipc_manager.cc:2348 INFO 3479946 ClearClientPool [ClientPool] Clearing 0 persistent connections[0m
