[97m/home/cvazquezperezdelacru/clio-core/context-runtime/src/manager.cc:137 INFO 3857725 ClientInit RuntimeManager::ClientInit[0m
[97m/home/cvazquezperezdelacru/clio-core/context-runtime/src/config_manager.cc:144 INFO 3857725 ClientInit Config at: /home/cvazquezperezdelacru/.clio/clio.yaml[0m
[97m/home/cvazquezperezdelacru/clio-core/context-runtime/src/ipc_manager.cc:219 INFO 3857725 ClientInit IpcManager::ClientInit: IPC mode = SHM (auto-selected)[0m
[97m/home/cvazquezperezdelacru/clio-core/context-runtime/src/ipc_manager.cc:231 INFO 3857725 ClientInit IpcManager::ClientInit: retry_timeout = 1200s[0m
[97m/home/cvazquezperezdelacru/clio-core/context-runtime/src/ipc_manager.cc:239 INFO 3857725 ClientInit IpcManager::ClientInit: try_new_servers = 0[0m
[97m/home/cvazquezperezdelacru/clio-core/context-runtime/src/../../context-transport-primitives/include/clio_ctp/lightbeam/zmq_transport.h:152 INFO 3857725 GetSharedContext [ZeroMqTransport] Created shared context with 8 I/O threads[0m
[97m/home/cvazquezperezdelacru/clio-core/context-runtime/src/ipc_manager.cc:292 INFO 3857725 ClientInit IpcManager: DEALER transport connected to port 9416[0m
[97m/home/cvazquezperezdelacru/clio-core/context-runtime/src/ipc_manager.cc:322 INFO 3857725 ClientInit IpcManager: client response listener bound to port 35337[0m
[97m/home/cvazquezperezdelacru/clio-core/context-runtime/src/ipc_manager.cc:1388 INFO 3857725 WaitForLocalServer Waiting for runtime via lightbeam (timeout=120s)[0m
[97m/home/cvazquezperezdelacru/clio-core/context-runtime/src/ipc_manager.cc:1496 INFO 3857725 WaitForLocalServer Successfully connected to runtime (generation=1619583016109225, server_pid=3857117, shm_in_shards=1)[0m
[97m/home/cvazquezperezdelacru/clio-core/context-runtime/src/ipc_manager.cc:1202 INFO 3857725 ClientInitShm ClientInitShm: attached metadata segment 'chi_metadata_segment_cvazquezperezdelacru_9413'[0m
[97m/home/cvazquezperezdelacru/clio-core/context-runtime/src/ipc_manager.cc:1228 INFO 3857725 ClientInitShm ClientInitShm: response SHM ring 'clio-3857725-shm-out' (1MB)[0m
[97m/home/cvazquezperezdelacru/clio-core/context-runtime/src/ipc_manager.cc:2447 INFO 3857725 IncreaseClientShm IpcManager::IncreaseClientShm: Creating clio_3857725_0 with size 570425344 (536870912 + 33554432 overhead)[0m
[97m/home/cvazquezperezdelacru/clio-core/context-runtime/src/ipc_manager.cc:2492 INFO 3857725 IncreaseClientShm IpcManager::IncreaseClientShm: Created allocator clio_3857725_0 with ID (3857725.0)[0m
[97m/home/cvazquezperezdelacru/clio-core/context-runtime/src/manager.cc:175 INFO 3857725 ClientInit ClientInit: Creating admin client with kAdminPoolId=PoolId(major:1, minor:0)[0m
[97m/home/cvazquezperezdelacru/clio-core/context-runtime/src/manager.cc:178 INFO 3857725 ClientInit ClientInit: Admin client created, pool_id_=PoolId(major:1, minor:0)[0m
[mixed] volume=perf_nb44M_n4 nlist=8192 nprobe=128 nq=500 k=10 t_read=4 batch=2500000 wf=0.20 duration=3600s ntotal=44000000
  [baseline] cold   qps=    209.7 canon=15145ba6f5142bbd
  [baseline] warm0  qps=    220.8 canon=15145ba6f5142bbd
  [baseline] warm1  qps=    226.9 canon=15145ba6f5142bbd
[97m/home/cvazquezperezdelacru/clio-core/context-runtime/src/ipc_manager.cc:2447 INFO 3857725 IncreaseClientShm IpcManager::IncreaseClientShm: Creating clio_3857725_1 with size 778204672 (744650240 + 33554432 overhead)[0m
[97m/home/cvazquezperezdelacru/clio-core/context-runtime/src/ipc_manager.cc:2492 INFO 3857725 IncreaseClientShm IpcManager::IncreaseClientShm: Created allocator clio_3857725_1 with ID (3857725.1)[0m
[mixed] wrote 2500000 vecs in 9.8s (next window in 39s)
[mixed] wrote 2500000 vecs in 9.7s (next window in 39s)
[mixed] wrote 2500000 vecs in 10.0s (next window in 40s)
[mixed] wrote 2500000 vecs in 9.5s (next window in 38s)
[mixed] wrote 2500000 vecs in 9.4s (next window in 37s)
[mixed] wrote 2500000 vecs in 9.7s (next window in 39s)
[mixed] wrote 2500000 vecs in 9.4s (next window in 38s)
[mixed] wrote 2500000 vecs in 9.5s (next window in 38s)
[mixed] wrote 2500000 vecs in 9.6s (next window in 39s)
[mixed] wrote 2500000 vecs in 9.8s (next window in 39s)
[mixed] wrote 2500000 vecs in 9.6s (next window in 38s)
[mixed] wrote 2500000 vecs in 9.3s (next window in 37s)
[mixed] wrote 2500000 vecs in 9.7s (next window in 39s)
[mixed] wrote 2500000 vecs in 9.5s (next window in 38s)
[mixed] wrote 2500000 vecs in 10.0s (next window in 40s)
[mixed] wrote 2500000 vecs in 9.6s (next window in 38s)
[mixed] wrote 2500000 vecs in 9.9s (next window in 39s)
[mixed] wrote 2500000 vecs in 9.8s (next window in 39s)
