[97m/home/cvazquezperezdelacru/clio-core/context-runtime/src/manager.cc:137 INFO 3466361 ClientInit RuntimeManager::ClientInit[0m
[97m/home/cvazquezperezdelacru/clio-core/context-runtime/src/config_manager.cc:144 INFO 3466361 ClientInit Config at: /home/cvazquezperezdelacru/.clio/clio.yaml[0m
[97m/home/cvazquezperezdelacru/clio-core/context-runtime/src/ipc_manager.cc:219 INFO 3466361 ClientInit IpcManager::ClientInit: IPC mode = SHM (auto-selected)[0m
[97m/home/cvazquezperezdelacru/clio-core/context-runtime/src/ipc_manager.cc:231 INFO 3466361 ClientInit IpcManager::ClientInit: retry_timeout = 1200s[0m
[97m/home/cvazquezperezdelacru/clio-core/context-runtime/src/ipc_manager.cc:239 INFO 3466361 ClientInit IpcManager::ClientInit: try_new_servers = 0[0m
[97m/home/cvazquezperezdelacru/clio-core/context-runtime/src/../../context-transport-primitives/include/clio_ctp/lightbeam/zmq_transport.h:152 INFO 3466361 GetSharedContext [ZeroMqTransport] Created shared context with 8 I/O threads[0m
[97m/home/cvazquezperezdelacru/clio-core/context-runtime/src/ipc_manager.cc:292 INFO 3466361 ClientInit IpcManager: DEALER transport connected to port 9416[0m
[97m/home/cvazquezperezdelacru/clio-core/context-runtime/src/ipc_manager.cc:322 INFO 3466361 ClientInit IpcManager: client response listener bound to port 45273[0m
[97m/home/cvazquezperezdelacru/clio-core/context-runtime/src/ipc_manager.cc:1388 INFO 3466361 WaitForLocalServer Waiting for runtime via lightbeam (timeout=120s)[0m
[97m/home/cvazquezperezdelacru/clio-core/context-runtime/src/ipc_manager.cc:1496 INFO 3466361 WaitForLocalServer Successfully connected to runtime (generation=703380744214864, server_pid=3464733, shm_in_shards=1)[0m
[97m/home/cvazquezperezdelacru/clio-core/context-runtime/src/ipc_manager.cc:1202 INFO 3466361 ClientInitShm ClientInitShm: attached metadata segment 'chi_metadata_segment_cvazquezperezdelacru_9413'[0m
[97m/home/cvazquezperezdelacru/clio-core/context-runtime/src/ipc_manager.cc:1228 INFO 3466361 ClientInitShm ClientInitShm: response SHM ring 'clio-3466361-shm-out' (1MB)[0m
[97m/home/cvazquezperezdelacru/clio-core/context-runtime/src/ipc_manager.cc:2447 INFO 3466361 IncreaseClientShm IpcManager::IncreaseClientShm: Creating clio_3466361_0 with size 570425344 (536870912 + 33554432 overhead)[0m
[97m/home/cvazquezperezdelacru/clio-core/context-runtime/src/ipc_manager.cc:2492 INFO 3466361 IncreaseClientShm IpcManager::IncreaseClientShm: Created allocator clio_3466361_0 with ID (3466361.0)[0m
[97m/home/cvazquezperezdelacru/clio-core/context-runtime/src/manager.cc:175 INFO 3466361 ClientInit ClientInit: Creating admin client with kAdminPoolId=PoolId(major:1, minor:0)[0m
[97m/home/cvazquezperezdelacru/clio-core/context-runtime/src/manager.cc:178 INFO 3466361 ClientInit ClientInit: Admin client created, pool_id_=PoolId(major:1, minor:0)[0m
[mixed] volume=perf_nb130M_n2 nlist=16384 nprobe=256 nq=500 k=10 t_read=4 batch=2500000 wf=0.20 duration=3600s ntotal=130000000
  [baseline] cold   qps=     39.1 canon=167d8582f346baa0
  [baseline] warm0  qps=     41.3 canon=167d8582f346baa0
  [baseline] warm1  qps=     41.5 canon=167d8582f346baa0
[mixed] wrote 2500000 vecs in 9.7s (next window in 39s)
[mixed] wrote 2500000 vecs in 9.9s (next window in 40s)
[mixed] wrote 2500000 vecs in 9.7s (next window in 39s)
[mixed] wrote 2500000 vecs in 9.5s (next window in 38s)
[mixed] wrote 2500000 vecs in 9.6s (next window in 39s)
[mixed] wrote 2500000 vecs in 9.7s (next window in 39s)
[mixed] wrote 2500000 vecs in 11.1s (next window in 44s)
[mixed] wrote 2500000 vecs in 11.8s (next window in 47s)
[mixed] wrote 2500000 vecs in 11.0s (next window in 44s)
[mixed] wrote 2500000 vecs in 11.7s (next window in 47s)
[mixed] wrote 2500000 vecs in 12.4s (next window in 49s)
[mixed] wrote 2500000 vecs in 11.5s (next window in 46s)
[mixed] stage done: 3600s, 26520 completions, 12 writes, 30000000 vectors added, wf=0.035
  [postwrite] post_cold  qps=     37.6 canon=e72c42008b77881d
  [postwrite] post_warm0 qps=     37.2 canon=e72c42008b77881d
  [postwrite] post_warm1 qps=     37.4 canon=e72c42008b77881d
[97m/home/cvazquezperezdelacru/clio-core/context-runtime/src/ipc_manager.cc:2348 INFO 3466361 ClearClientPool [ClientPool] Clearing 0 persistent connections[0m
