[97m/home/cvazquezperezdelacru/clio-core/context-runtime/src/manager.cc:137 INFO 3616347 ClientInit RuntimeManager::ClientInit[0m
[97m/home/cvazquezperezdelacru/clio-core/context-runtime/src/config_manager.cc:144 INFO 3616347 ClientInit Config at: /home/cvazquezperezdelacru/.clio/clio.yaml[0m
[97m/home/cvazquezperezdelacru/clio-core/context-runtime/src/ipc_manager.cc:219 INFO 3616347 ClientInit IpcManager::ClientInit: IPC mode = SHM (auto-selected)[0m
[97m/home/cvazquezperezdelacru/clio-core/context-runtime/src/ipc_manager.cc:231 INFO 3616347 ClientInit IpcManager::ClientInit: retry_timeout = 1200s[0m
[97m/home/cvazquezperezdelacru/clio-core/context-runtime/src/ipc_manager.cc:239 INFO 3616347 ClientInit IpcManager::ClientInit: try_new_servers = 0[0m
[97m/home/cvazquezperezdelacru/clio-core/context-runtime/src/../../context-transport-primitives/include/clio_ctp/lightbeam/zmq_transport.h:152 INFO 3616347 GetSharedContext [ZeroMqTransport] Created shared context with 8 I/O threads[0m
[97m/home/cvazquezperezdelacru/clio-core/context-runtime/src/ipc_manager.cc:292 INFO 3616347 ClientInit IpcManager: DEALER transport connected to port 9416[0m
[97m/home/cvazquezperezdelacru/clio-core/context-runtime/src/ipc_manager.cc:322 INFO 3616347 ClientInit IpcManager: client response listener bound to port 43927[0m
[97m/home/cvazquezperezdelacru/clio-core/context-runtime/src/ipc_manager.cc:1388 INFO 3616347 WaitForLocalServer Waiting for runtime via lightbeam (timeout=120s)[0m
[97m/home/cvazquezperezdelacru/clio-core/context-runtime/src/ipc_manager.cc:1496 INFO 3616347 WaitForLocalServer Successfully connected to runtime (generation=755121729430265, server_pid=3613177, shm_in_shards=1)[0m
[97m/home/cvazquezperezdelacru/clio-core/context-runtime/src/ipc_manager.cc:1202 INFO 3616347 ClientInitShm ClientInitShm: attached metadata segment 'chi_metadata_segment_cvazquezperezdelacru_9413'[0m
[97m/home/cvazquezperezdelacru/clio-core/context-runtime/src/ipc_manager.cc:1228 INFO 3616347 ClientInitShm ClientInitShm: response SHM ring 'clio-3616347-shm-out' (1MB)[0m
[97m/home/cvazquezperezdelacru/clio-core/context-runtime/src/ipc_manager.cc:2447 INFO 3616347 IncreaseClientShm IpcManager::IncreaseClientShm: Creating clio_3616347_0 with size 570425344 (536870912 + 33554432 overhead)[0m
[97m/home/cvazquezperezdelacru/clio-core/context-runtime/src/ipc_manager.cc:2492 INFO 3616347 IncreaseClientShm IpcManager::IncreaseClientShm: Created allocator clio_3616347_0 with ID (3616347.0)[0m
[97m/home/cvazquezperezdelacru/clio-core/context-runtime/src/manager.cc:175 INFO 3616347 ClientInit ClientInit: Creating admin client with kAdminPoolId=PoolId(major:1, minor:0)[0m
[97m/home/cvazquezperezdelacru/clio-core/context-runtime/src/manager.cc:178 INFO 3616347 ClientInit ClientInit: Admin client created, pool_id_=PoolId(major:1, minor:0)[0m
[mixed] volume=perf_nb430M_n8 nlist=32768 nprobe=512 nq=500 k=10 t_read=4 batch=2500000 wf=0.20 duration=3600s ntotal=430000000
  [baseline] cold   qps=     43.0 canon=bfd773b42b9ecd95
  [baseline] warm0  qps=     46.1 canon=bfd773b42b9ecd95
  [baseline] warm1  qps=     47.9 canon=bfd773b42b9ecd95
[97m/home/cvazquezperezdelacru/clio-core/context-runtime/src/ipc_manager.cc:2447 INFO 3616347 IncreaseClientShm IpcManager::IncreaseClientShm: Creating clio_3616347_1 with size 778204672 (744650240 + 33554432 overhead)[0m
[97m/home/cvazquezperezdelacru/clio-core/context-runtime/src/ipc_manager.cc:2492 INFO 3616347 IncreaseClientShm IpcManager::IncreaseClientShm: Created allocator clio_3616347_1 with ID (3616347.1)[0m
[97m/home/cvazquezperezdelacru/clio-core/context-runtime/src/ipc_manager.cc:2447 INFO 3616347 IncreaseClientShm IpcManager::IncreaseClientShm: Creating clio_3616347_2 with size 778204672 (744650240 + 33554432 overhead)[0m
[97m/home/cvazquezperezdelacru/clio-core/context-runtime/src/ipc_manager.cc:2492 INFO 3616347 IncreaseClientShm IpcManager::IncreaseClientShm: Created allocator clio_3616347_2 with ID (3616347.2)[0m
[97m/home/cvazquezperezdelacru/clio-core/context-runtime/src/ipc_manager.cc:2447 INFO 3616347 IncreaseClientShm IpcManager::IncreaseClientShm: Creating clio_3616347_3 with size 778204672 (744650240 + 33554432 overhead)[0m
[97m/home/cvazquezperezdelacru/clio-core/context-runtime/src/ipc_manager.cc:2492 INFO 3616347 IncreaseClientShm IpcManager::IncreaseClientShm: Created allocator clio_3616347_3 with ID (3616347.3)[0m
[mixed] wrote 2500000 vecs in 11.4s (next window in 46s)
[mixed] wrote 2500000 vecs in 10.9s (next window in 44s)
[mixed] wrote 2500000 vecs in 11.0s (next window in 44s)
[mixed] wrote 2500000 vecs in 10.8s (next window in 43s)
[mixed] wrote 2500000 vecs in 10.8s (next window in 43s)
[mixed] wrote 2500000 vecs in 10.7s (next window in 43s)
[mixed] stage done: 3601s, 27562 completions, 6 writes, 15000000 vectors added, wf=0.018
  [postwrite] post_cold  qps=     46.4 canon=d3d1684134f96d3f
  [postwrite] post_warm0 qps=     46.9 canon=d3d1684134f96d3f
  [postwrite] post_warm1 qps=     47.1 canon=d3d1684134f96d3f
[97m/home/cvazquezperezdelacru/clio-core/context-runtime/src/ipc_manager.cc:2348 INFO 3616347 ClearClientPool [ClientPool] Clearing 0 persistent connections[0m
