[97m/home/cvazquezperezdelacru/clio-core/context-runtime/src/manager.cc:137 INFO 3524711 ClientInit RuntimeManager::ClientInit[0m
[97m/home/cvazquezperezdelacru/clio-core/context-runtime/src/config_manager.cc:144 INFO 3524711 ClientInit Config at: /home/cvazquezperezdelacru/.clio/clio.yaml[0m
[97m/home/cvazquezperezdelacru/clio-core/context-runtime/src/ipc_manager.cc:219 INFO 3524711 ClientInit IpcManager::ClientInit: IPC mode = SHM (auto-selected)[0m
[97m/home/cvazquezperezdelacru/clio-core/context-runtime/src/ipc_manager.cc:231 INFO 3524711 ClientInit IpcManager::ClientInit: retry_timeout = 1200s[0m
[97m/home/cvazquezperezdelacru/clio-core/context-runtime/src/ipc_manager.cc:239 INFO 3524711 ClientInit IpcManager::ClientInit: try_new_servers = 0[0m
[97m/home/cvazquezperezdelacru/clio-core/context-runtime/src/../../context-transport-primitives/include/clio_ctp/lightbeam/zmq_transport.h:152 INFO 3524711 GetSharedContext [ZeroMqTransport] Created shared context with 8 I/O threads[0m
[97m/home/cvazquezperezdelacru/clio-core/context-runtime/src/ipc_manager.cc:292 INFO 3524711 ClientInit IpcManager: DEALER transport connected to port 9416[0m
[97m/home/cvazquezperezdelacru/clio-core/context-runtime/src/ipc_manager.cc:322 INFO 3524711 ClientInit IpcManager: client response listener bound to port 35567[0m
[97m/home/cvazquezperezdelacru/clio-core/context-runtime/src/ipc_manager.cc:1388 INFO 3524711 WaitForLocalServer Waiting for runtime via lightbeam (timeout=120s)[0m
[97m/home/cvazquezperezdelacru/clio-core/context-runtime/src/ipc_manager.cc:1496 INFO 3524711 WaitForLocalServer Successfully connected to runtime (generation=725219371756044, server_pid=3524214, shm_in_shards=1)[0m
[97m/home/cvazquezperezdelacru/clio-core/context-runtime/src/ipc_manager.cc:1202 INFO 3524711 ClientInitShm ClientInitShm: attached metadata segment 'chi_metadata_segment_cvazquezperezdelacru_9413'[0m
[97m/home/cvazquezperezdelacru/clio-core/context-runtime/src/ipc_manager.cc:1228 INFO 3524711 ClientInitShm ClientInitShm: response SHM ring 'clio-3524711-shm-out' (1MB)[0m
[97m/home/cvazquezperezdelacru/clio-core/context-runtime/src/ipc_manager.cc:2447 INFO 3524711 IncreaseClientShm IpcManager::IncreaseClientShm: Creating clio_3524711_0 with size 570425344 (536870912 + 33554432 overhead)[0m
[97m/home/cvazquezperezdelacru/clio-core/context-runtime/src/ipc_manager.cc:2492 INFO 3524711 IncreaseClientShm IpcManager::IncreaseClientShm: Created allocator clio_3524711_0 with ID (3524711.0)[0m
[97m/home/cvazquezperezdelacru/clio-core/context-runtime/src/manager.cc:175 INFO 3524711 ClientInit ClientInit: Creating admin client with kAdminPoolId=PoolId(major:1, minor:0)[0m
[97m/home/cvazquezperezdelacru/clio-core/context-runtime/src/manager.cc:178 INFO 3524711 ClientInit ClientInit: Admin client created, pool_id_=PoolId(major:1, minor:0)[0m
[mixed] volume=perf_nb64M_n8 nlist=8192 nprobe=128 nq=500 k=10 t_read=4 batch=2500000 wf=0.20 duration=3600s ntotal=64000000
  [baseline] cold   qps=    257.2 canon=658a1443b4e7ade4
  [baseline] warm0  qps=    269.5 canon=658a1443b4e7ade4
  [baseline] warm1  qps=    280.0 canon=658a1443b4e7ade4
[97m/home/cvazquezperezdelacru/clio-core/context-runtime/src/ipc_manager.cc:2447 INFO 3524711 IncreaseClientShm IpcManager::IncreaseClientShm: Creating clio_3524711_1 with size 778204672 (744650240 + 33554432 overhead)[0m
[97m/home/cvazquezperezdelacru/clio-core/context-runtime/src/ipc_manager.cc:2492 INFO 3524711 IncreaseClientShm IpcManager::IncreaseClientShm: Created allocator clio_3524711_1 with ID (3524711.1)[0m
[97m/home/cvazquezperezdelacru/clio-core/context-runtime/src/ipc_manager.cc:2447 INFO 3524711 IncreaseClientShm IpcManager::IncreaseClientShm: Creating clio_3524711_2 with size 778204672 (744650240 + 33554432 overhead)[0m
[97m/home/cvazquezperezdelacru/clio-core/context-runtime/src/ipc_manager.cc:2492 INFO 3524711 IncreaseClientShm IpcManager::IncreaseClientShm: Created allocator clio_3524711_2 with ID (3524711.2)[0m
[97m/home/cvazquezperezdelacru/clio-core/context-runtime/src/ipc_manager.cc:2447 INFO 3524711 IncreaseClientShm IpcManager::IncreaseClientShm: Creating clio_3524711_3 with size 778204672 (744650240 + 33554432 overhead)[0m
[97m/home/cvazquezperezdelacru/clio-core/context-runtime/src/ipc_manager.cc:2492 INFO 3524711 IncreaseClientShm IpcManager::IncreaseClientShm: Created allocator clio_3524711_3 with ID (3524711.3)[0m
[mixed] wrote 2500000 vecs in 10.8s (next window in 43s)
[mixed] wrote 2500000 vecs in 10.3s (next window in 41s)
[mixed] wrote 2500000 vecs in 10.6s (next window in 42s)
[mixed] wrote 2500000 vecs in 10.7s (next window in 43s)
[mixed] wrote 2500000 vecs in 10.5s (next window in 42s)
[mixed] wrote 2500000 vecs in 10.5s (next window in 42s)
[mixed] wrote 2500000 vecs in 10.4s (next window in 42s)
[mixed] wrote 2500000 vecs in 10.6s (next window in 43s)
[mixed] wrote 2500000 vecs in 10.6s (next window in 42s)
[mixed] wrote 2500000 vecs in 10.4s (next window in 42s)
[mixed] wrote 2500000 vecs in 10.5s (next window in 42s)
[mixed] wrote 2500000 vecs in 10.4s (next window in 42s)
[mixed] wrote 2500000 vecs in 10.5s (next window in 42s)
[mixed] wrote 2500000 vecs in 10.5s (next window in 42s)
[mixed] wrote 2500000 vecs in 10.4s (next window in 42s)
[mixed] wrote 2500000 vecs in 10.6s (next window in 42s)
[mixed] wrote 2500000 vecs in 10.4s (next window in 41s)
[mixed] wrote 2500000 vecs in 10.7s (next window in 43s)
[mixed] wrote 2500000 vecs in 10.5s (next window in 42s)
[mixed] wrote 2500000 vecs in 10.8s (next window in 43s)
[mixed] wrote 2500000 vecs in 10.5s (next window in 42s)
[mixed] wrote 2500000 vecs in 10.8s (next window in 43s)
[mixed] wrote 2500000 vecs in 10.5s (next window in 42s)
[mixed] wrote 2500000 vecs in 10.3s (next window in 41s)
[mixed] stage done: 3600s, 127609 completions, 24 writes, 60000000 vectors added, wf=0.070
  [postwrite] post_cold  qps=    191.1 canon=8130bde0d66a758b
  [postwrite] post_warm0 qps=    190.8 canon=8130bde0d66a758b
  [postwrite] post_warm1 qps=    189.0 canon=8130bde0d66a758b
[97m/home/cvazquezperezdelacru/clio-core/context-runtime/src/ipc_manager.cc:2348 INFO 3524711 ClearClientPool [ClientPool] Clearing 0 persistent connections[0m
