[97m/home/cvazquezperezdelacru/clio-core/context-runtime/src/manager.cc:137 INFO 938654 ClientInit RuntimeManager::ClientInit[0m
[97m/home/cvazquezperezdelacru/clio-core/context-runtime/src/config_manager.cc:144 INFO 938654 ClientInit Config at: /home/cvazquezperezdelacru/.clio/clio.yaml[0m
[97m/home/cvazquezperezdelacru/clio-core/context-runtime/src/ipc_manager.cc:219 INFO 938654 ClientInit IpcManager::ClientInit: IPC mode = SHM (auto-selected)[0m
[97m/home/cvazquezperezdelacru/clio-core/context-runtime/src/ipc_manager.cc:231 INFO 938654 ClientInit IpcManager::ClientInit: retry_timeout = 1200s[0m
[97m/home/cvazquezperezdelacru/clio-core/context-runtime/src/ipc_manager.cc:239 INFO 938654 ClientInit IpcManager::ClientInit: try_new_servers = 0[0m
[97m/home/cvazquezperezdelacru/clio-core/context-runtime/src/../../context-transport-primitives/include/clio_ctp/lightbeam/zmq_transport.h:152 INFO 938654 GetSharedContext [ZeroMqTransport] Created shared context with 8 I/O threads[0m
[97m/home/cvazquezperezdelacru/clio-core/context-runtime/src/ipc_manager.cc:292 INFO 938654 ClientInit IpcManager: DEALER transport connected to port 9416[0m
[97m/home/cvazquezperezdelacru/clio-core/context-runtime/src/ipc_manager.cc:322 INFO 938654 ClientInit IpcManager: client response listener bound to port 42525[0m
[97m/home/cvazquezperezdelacru/clio-core/context-runtime/src/ipc_manager.cc:1388 INFO 938654 WaitForLocalServer Waiting for runtime via lightbeam (timeout=120s)[0m
[97m/home/cvazquezperezdelacru/clio-core/context-runtime/src/ipc_manager.cc:1496 INFO 938654 WaitForLocalServer Successfully connected to runtime (generation=1767856048821532, server_pid=937186, shm_in_shards=1)[0m
[97m/home/cvazquezperezdelacru/clio-core/context-runtime/src/ipc_manager.cc:1202 INFO 938654 ClientInitShm ClientInitShm: attached metadata segment 'chi_metadata_segment_cvazquezperezdelacru_9413'[0m
[97m/home/cvazquezperezdelacru/clio-core/context-runtime/src/ipc_manager.cc:1228 INFO 938654 ClientInitShm ClientInitShm: response SHM ring 'clio-938654-shm-out' (1MB)[0m
[97m/home/cvazquezperezdelacru/clio-core/context-runtime/src/ipc_manager.cc:2447 INFO 938654 IncreaseClientShm IpcManager::IncreaseClientShm: Creating clio_938654_0 with size 570425344 (536870912 + 33554432 overhead)[0m
[97m/home/cvazquezperezdelacru/clio-core/context-runtime/src/ipc_manager.cc:2492 INFO 938654 IncreaseClientShm IpcManager::IncreaseClientShm: Created allocator clio_938654_0 with ID (938654.0)[0m
[97m/home/cvazquezperezdelacru/clio-core/context-runtime/src/manager.cc:175 INFO 938654 ClientInit ClientInit: Creating admin client with kAdminPoolId=PoolId(major:1, minor:0)[0m
[97m/home/cvazquezperezdelacru/clio-core/context-runtime/src/manager.cc:178 INFO 938654 ClientInit ClientInit: Admin client created, pool_id_=PoolId(major:1, minor:0)[0m
[mixed] volume=perf_nb262M_n4 nlist=16384 nprobe=256 nq=500 k=10 t_read=4 batch=2500000 wf=0.20 duration=3600s ntotal=262000000
  [baseline] cold   qps=     19.6 canon=aab7af5a5b9793b0
  [baseline] warm0  qps=     40.5 canon=aab7af5a5b9793b0
  [baseline] warm1  qps=     40.1 canon=aab7af5a5b9793b0
[97m/home/cvazquezperezdelacru/clio-core/context-runtime/src/ipc_manager.cc:2447 INFO 938654 IncreaseClientShm IpcManager::IncreaseClientShm: Creating clio_938654_1 with size 778204672 (744650240 + 33554432 overhead)[0m
[97m/home/cvazquezperezdelacru/clio-core/context-runtime/src/ipc_manager.cc:2492 INFO 938654 IncreaseClientShm IpcManager::IncreaseClientShm: Created allocator clio_938654_1 with ID (938654.1)[0m
[mixed] wrote 2500000 vecs in 10.9s (next window in 44s)
[mixed] wrote 2500000 vecs in 10.4s (next window in 42s)
[mixed] wrote 2500000 vecs in 12.0s (next window in 48s)
