[97m/home/cvazquezperezdelacru/clio-core/context-runtime/src/manager.cc:137 INFO 3699436 ClientInit RuntimeManager::ClientInit[0m
[97m/home/cvazquezperezdelacru/clio-core/context-runtime/src/config_manager.cc:144 INFO 3699436 ClientInit Config at: /home/cvazquezperezdelacru/.clio/clio.yaml[0m
[97m/home/cvazquezperezdelacru/clio-core/context-runtime/src/ipc_manager.cc:219 INFO 3699436 ClientInit IpcManager::ClientInit: IPC mode = SHM (auto-selected)[0m
[97m/home/cvazquezperezdelacru/clio-core/context-runtime/src/ipc_manager.cc:231 INFO 3699436 ClientInit IpcManager::ClientInit: retry_timeout = 1200s[0m
[97m/home/cvazquezperezdelacru/clio-core/context-runtime/src/ipc_manager.cc:239 INFO 3699436 ClientInit IpcManager::ClientInit: try_new_servers = 0[0m
[97m/home/cvazquezperezdelacru/clio-core/context-runtime/src/../../context-transport-primitives/include/clio_ctp/lightbeam/zmq_transport.h:152 INFO 3699436 GetSharedContext [ZeroMqTransport] Created shared context with 8 I/O threads[0m
[97m/home/cvazquezperezdelacru/clio-core/context-runtime/src/ipc_manager.cc:292 INFO 3699436 ClientInit IpcManager: DEALER transport connected to port 9416[0m
[97m/home/cvazquezperezdelacru/clio-core/context-runtime/src/ipc_manager.cc:322 INFO 3699436 ClientInit IpcManager: client response listener bound to port 44055[0m
[97m/home/cvazquezperezdelacru/clio-core/context-runtime/src/ipc_manager.cc:1388 INFO 3699436 WaitForLocalServer Waiting for runtime via lightbeam (timeout=120s)[0m
[97m/home/cvazquezperezdelacru/clio-core/context-runtime/src/ipc_manager.cc:1496 INFO 3699436 WaitForLocalServer Successfully connected to runtime (generation=784553669513630, server_pid=3696669, shm_in_shards=1)[0m
[97m/home/cvazquezperezdelacru/clio-core/context-runtime/src/ipc_manager.cc:1202 INFO 3699436 ClientInitShm ClientInitShm: attached metadata segment 'chi_metadata_segment_cvazquezperezdelacru_9413'[0m
[97m/home/cvazquezperezdelacru/clio-core/context-runtime/src/ipc_manager.cc:1228 INFO 3699436 ClientInitShm ClientInitShm: response SHM ring 'clio-3699436-shm-out' (1MB)[0m
[97m/home/cvazquezperezdelacru/clio-core/context-runtime/src/ipc_manager.cc:2447 INFO 3699436 IncreaseClientShm IpcManager::IncreaseClientShm: Creating clio_3699436_0 with size 570425344 (536870912 + 33554432 overhead)[0m
[97m/home/cvazquezperezdelacru/clio-core/context-runtime/src/ipc_manager.cc:2492 INFO 3699436 IncreaseClientShm IpcManager::IncreaseClientShm: Created allocator clio_3699436_0 with ID (3699436.0)[0m
[97m/home/cvazquezperezdelacru/clio-core/context-runtime/src/manager.cc:175 INFO 3699436 ClientInit ClientInit: Creating admin client with kAdminPoolId=PoolId(major:1, minor:0)[0m
[97m/home/cvazquezperezdelacru/clio-core/context-runtime/src/manager.cc:178 INFO 3699436 ClientInit ClientInit: Admin client created, pool_id_=PoolId(major:1, minor:0)[0m
[mixed] volume=perf_nb185M_n2 nlist=16384 nprobe=256 nq=500 k=10 t_read=4 batch=2500000 wf=0.20 duration=7200s ntotal=185000000
  [baseline] cold   qps=     19.5 canon=05ddd2195cab4d82
  [baseline] warm0  qps=     23.8 canon=05ddd2195cab4d82
  [baseline] warm1  qps=     26.9 canon=05ddd2195cab4d82
[mixed] wrote 2500000 vecs in 10.8s (next window in 43s)
[mixed] wrote 2500000 vecs in 11.3s (next window in 45s)
[mixed] wrote 2500000 vecs in 12.6s (next window in 50s)
[mixed] wrote 2500000 vecs in 12.1s (next window in 48s)
[mixed] wrote 2500000 vecs in 12.1s (next window in 48s)
[mixed] wrote 2500000 vecs in 12.9s (next window in 52s)
[mixed] wrote 2500000 vecs in 12.0s (next window in 48s)
[mixed] wrote 2500000 vecs in 12.4s (next window in 50s)
[mixed] wrote 2500000 vecs in 13.0s (next window in 52s)
[mixed] wrote 2500000 vecs in 13.0s (next window in 52s)
[mixed] wrote 2500000 vecs in 13.3s (next window in 53s)
[mixed] wrote 2500000 vecs in 13.1s (next window in 52s)
[mixed] wrote 2500000 vecs in 13.3s (next window in 53s)
