[97m/home/cvazquezperezdelacru/clio-core/context-runtime/src/manager.cc:137 INFO 3564020 ClientInit RuntimeManager::ClientInit[0m
[97m/home/cvazquezperezdelacru/clio-core/context-runtime/src/config_manager.cc:144 INFO 3564020 ClientInit Config at: /home/cvazquezperezdelacru/.clio/clio.yaml[0m
[97m/home/cvazquezperezdelacru/clio-core/context-runtime/src/ipc_manager.cc:219 INFO 3564020 ClientInit IpcManager::ClientInit: IPC mode = SHM (auto-selected)[0m
[97m/home/cvazquezperezdelacru/clio-core/context-runtime/src/ipc_manager.cc:231 INFO 3564020 ClientInit IpcManager::ClientInit: retry_timeout = 1200s[0m
[97m/home/cvazquezperezdelacru/clio-core/context-runtime/src/ipc_manager.cc:239 INFO 3564020 ClientInit IpcManager::ClientInit: try_new_servers = 0[0m
[97m/home/cvazquezperezdelacru/clio-core/context-runtime/src/../../context-transport-primitives/include/clio_ctp/lightbeam/zmq_transport.h:152 INFO 3564020 GetSharedContext [ZeroMqTransport] Created shared context with 8 I/O threads[0m
[97m/home/cvazquezperezdelacru/clio-core/context-runtime/src/ipc_manager.cc:292 INFO 3564020 ClientInit IpcManager: DEALER transport connected to port 9416[0m
[97m/home/cvazquezperezdelacru/clio-core/context-runtime/src/ipc_manager.cc:322 INFO 3564020 ClientInit IpcManager: client response listener bound to port 38661[0m
[97m/home/cvazquezperezdelacru/clio-core/context-runtime/src/ipc_manager.cc:1388 INFO 3564020 WaitForLocalServer Waiting for runtime via lightbeam (timeout=120s)[0m
[97m/home/cvazquezperezdelacru/clio-core/context-runtime/src/ipc_manager.cc:1496 INFO 3564020 WaitForLocalServer Successfully connected to runtime (generation=737997437380064, server_pid=3562548, shm_in_shards=1)[0m
[97m/home/cvazquezperezdelacru/clio-core/context-runtime/src/ipc_manager.cc:1202 INFO 3564020 ClientInitShm ClientInitShm: attached metadata segment 'chi_metadata_segment_cvazquezperezdelacru_9413'[0m
[97m/home/cvazquezperezdelacru/clio-core/context-runtime/src/ipc_manager.cc:1228 INFO 3564020 ClientInitShm ClientInitShm: response SHM ring 'clio-3564020-shm-out' (1MB)[0m
[97m/home/cvazquezperezdelacru/clio-core/context-runtime/src/ipc_manager.cc:2447 INFO 3564020 IncreaseClientShm IpcManager::IncreaseClientShm: Creating clio_3564020_0 with size 570425344 (536870912 + 33554432 overhead)[0m
[97m/home/cvazquezperezdelacru/clio-core/context-runtime/src/ipc_manager.cc:2492 INFO 3564020 IncreaseClientShm IpcManager::IncreaseClientShm: Created allocator clio_3564020_0 with ID (3564020.0)[0m
[97m/home/cvazquezperezdelacru/clio-core/context-runtime/src/manager.cc:175 INFO 3564020 ClientInit ClientInit: Creating admin client with kAdminPoolId=PoolId(major:1, minor:0)[0m
[97m/home/cvazquezperezdelacru/clio-core/context-runtime/src/manager.cc:178 INFO 3564020 ClientInit ClientInit: Admin client created, pool_id_=PoolId(major:1, minor:0)[0m
[mixed] volume=perf_nb185M_n8 nlist=16384 nprobe=256 nq=500 k=10 t_read=4 batch=2500000 wf=0.20 duration=3600s ntotal=185000000
  [baseline] cold   qps=     98.7 canon=7fc15d3eefc034e1
  [baseline] warm0  qps=    104.8 canon=7fc15d3eefc034e1
  [baseline] warm1  qps=    107.7 canon=7fc15d3eefc034e1
[97m/home/cvazquezperezdelacru/clio-core/context-runtime/src/ipc_manager.cc:2447 INFO 3564020 IncreaseClientShm IpcManager::IncreaseClientShm: Creating clio_3564020_1 with size 778204672 (744650240 + 33554432 overhead)[0m
[97m/home/cvazquezperezdelacru/clio-core/context-runtime/src/ipc_manager.cc:2492 INFO 3564020 IncreaseClientShm IpcManager::IncreaseClientShm: Created allocator clio_3564020_1 with ID (3564020.1)[0m
[97m/home/cvazquezperezdelacru/clio-core/context-runtime/src/ipc_manager.cc:2447 INFO 3564020 IncreaseClientShm IpcManager::IncreaseClientShm: Creating clio_3564020_2 with size 778204672 (744650240 + 33554432 overhead)[0m
[97m/home/cvazquezperezdelacru/clio-core/context-runtime/src/ipc_manager.cc:2492 INFO 3564020 IncreaseClientShm IpcManager::IncreaseClientShm: Created allocator clio_3564020_2 with ID (3564020.2)[0m
[97m/home/cvazquezperezdelacru/clio-core/context-runtime/src/ipc_manager.cc:2447 INFO 3564020 IncreaseClientShm IpcManager::IncreaseClientShm: Creating clio_3564020_3 with size 778204672 (744650240 + 33554432 overhead)[0m
[97m/home/cvazquezperezdelacru/clio-core/context-runtime/src/ipc_manager.cc:2492 INFO 3564020 IncreaseClientShm IpcManager::IncreaseClientShm: Created allocator clio_3564020_3 with ID (3564020.3)[0m
[mixed] wrote 2500000 vecs in 10.9s (next window in 44s)
[mixed] wrote 2500000 vecs in 10.9s (next window in 43s)
[mixed] wrote 2500000 vecs in 10.6s (next window in 42s)
[mixed] wrote 2500000 vecs in 10.8s (next window in 43s)
[mixed] wrote 2500000 vecs in 10.5s (next window in 42s)
[mixed] wrote 2500000 vecs in 10.7s (next window in 43s)
[mixed] wrote 2500000 vecs in 10.8s (next window in 43s)
[mixed] wrote 2500000 vecs in 10.7s (next window in 43s)
[mixed] wrote 2500000 vecs in 10.6s (next window in 42s)
[mixed] wrote 2500000 vecs in 10.7s (next window in 43s)
[mixed] wrote 2500000 vecs in 10.7s (next window in 43s)
[mixed] wrote 2500000 vecs in 10.5s (next window in 42s)
[mixed] stage done: 3600s, 56997 completions, 12 writes, 30000000 vectors added, wf=0.036
  [postwrite] post_cold  qps=     93.4 canon=9986fa9d81b9123b
  [postwrite] post_warm0 qps=     93.1 canon=9986fa9d81b9123b
  [postwrite] post_warm1 qps=     93.5 canon=9986fa9d81b9123b
[97m/home/cvazquezperezdelacru/clio-core/context-runtime/src/ipc_manager.cc:2348 INFO 3564020 ClearClientPool [ClientPool] Clearing 0 persistent connections[0m
