[97m/home/cvazquezperezdelacru/clio-core/context-runtime/src/manager.cc:137 INFO 3225356 ClientInit RuntimeManager::ClientInit[0m
[97m/home/cvazquezperezdelacru/clio-core/context-runtime/src/config_manager.cc:144 INFO 3225356 ClientInit Config at: /home/cvazquezperezdelacru/.clio/clio.yaml[0m
[97m/home/cvazquezperezdelacru/clio-core/context-runtime/src/ipc_manager.cc:219 INFO 3225356 ClientInit IpcManager::ClientInit: IPC mode = SHM (auto-selected)[0m
[97m/home/cvazquezperezdelacru/clio-core/context-runtime/src/ipc_manager.cc:231 INFO 3225356 ClientInit IpcManager::ClientInit: retry_timeout = 1200s[0m
[97m/home/cvazquezperezdelacru/clio-core/context-runtime/src/ipc_manager.cc:239 INFO 3225356 ClientInit IpcManager::ClientInit: try_new_servers = 0[0m
[97m/home/cvazquezperezdelacru/clio-core/context-runtime/src/../../context-transport-primitives/include/clio_ctp/lightbeam/zmq_transport.h:152 INFO 3225356 GetSharedContext [ZeroMqTransport] Created shared context with 8 I/O threads[0m
[97m/home/cvazquezperezdelacru/clio-core/context-runtime/src/ipc_manager.cc:292 INFO 3225356 ClientInit IpcManager: DEALER transport connected to port 9416[0m
[97m/home/cvazquezperezdelacru/clio-core/context-runtime/src/ipc_manager.cc:322 INFO 3225356 ClientInit IpcManager: client response listener bound to port 35923[0m
[97m/home/cvazquezperezdelacru/clio-core/context-runtime/src/ipc_manager.cc:1388 INFO 3225356 WaitForLocalServer Waiting for runtime via lightbeam (timeout=120s)[0m
[97m/home/cvazquezperezdelacru/clio-core/context-runtime/src/ipc_manager.cc:1496 INFO 3225356 WaitForLocalServer Successfully connected to runtime (generation=613382954680259, server_pid=3224580, shm_in_shards=1)[0m
[97m/home/cvazquezperezdelacru/clio-core/context-runtime/src/ipc_manager.cc:1202 INFO 3225356 ClientInitShm ClientInitShm: attached metadata segment 'chi_metadata_segment_cvazquezperezdelacru_9413'[0m
[97m/home/cvazquezperezdelacru/clio-core/context-runtime/src/ipc_manager.cc:1228 INFO 3225356 ClientInitShm ClientInitShm: response SHM ring 'clio-3225356-shm-out' (1MB)[0m
[97m/home/cvazquezperezdelacru/clio-core/context-runtime/src/ipc_manager.cc:2447 INFO 3225356 IncreaseClientShm IpcManager::IncreaseClientShm: Creating clio_3225356_0 with size 570425344 (536870912 + 33554432 overhead)[0m
[97m/home/cvazquezperezdelacru/clio-core/context-runtime/src/ipc_manager.cc:2492 INFO 3225356 IncreaseClientShm IpcManager::IncreaseClientShm: Created allocator clio_3225356_0 with ID (3225356.0)[0m
[97m/home/cvazquezperezdelacru/clio-core/context-runtime/src/manager.cc:175 INFO 3225356 ClientInit ClientInit: Creating admin client with kAdminPoolId=PoolId(major:1, minor:0)[0m
[97m/home/cvazquezperezdelacru/clio-core/context-runtime/src/manager.cc:178 INFO 3225356 ClientInit ClientInit: Admin client created, pool_id_=PoolId(major:1, minor:0)[0m
[mixed] volume=perf_nb64M_n1 nlist=8192 nprobe=128 nq=500 k=10 t_read=4 batch=2500000 wf=0.20 duration=3600s ntotal=64000000
  [baseline] cold   qps=     44.3 canon=658a1443b4e7ade4
  [baseline] warm0  qps=     39.6 canon=658a1443b4e7ade4
  [baseline] warm1  qps=     38.9 canon=658a1443b4e7ade4
[mixed] wrote 2500000 vecs in 3.5s (next window in 14s)
[mixed] wrote 2500000 vecs in 4.2s (next window in 17s)
[mixed] wrote 2500000 vecs in 4.1s (next window in 17s)
[mixed] wrote 2500000 vecs in 4.1s (next window in 16s)
[mixed] wrote 2500000 vecs in 6.0s (next window in 24s)
[mixed] wrote 2500000 vecs in 6.2s (next window in 25s)
[mixed] wrote 2500000 vecs in 6.5s (next window in 26s)
[mixed] wrote 2500000 vecs in 7.2s (next window in 29s)
[mixed] wrote 2500000 vecs in 6.7s (next window in 27s)
[mixed] wrote 2500000 vecs in 6.7s (next window in 27s)
[mixed] wrote 2500000 vecs in 7.1s (next window in 29s)
[mixed] wrote 2500000 vecs in 7.1s (next window in 28s)
[mixed] wrote 2500000 vecs in 8.4s (next window in 34s)
[mixed] wrote 2500000 vecs in 7.6s (next window in 30s)
[mixed] wrote 2500000 vecs in 7.6s (next window in 30s)
[mixed] wrote 2500000 vecs in 7.8s (next window in 31s)
[mixed] wrote 2500000 vecs in 7.5s (next window in 30s)
[mixed] wrote 2500000 vecs in 7.8s (next window in 31s)
[mixed] wrote 2500000 vecs in 7.9s (next window in 31s)
[mixed] wrote 2500000 vecs in 8.8s (next window in 35s)
[mixed] wrote 2500000 vecs in 8.6s (next window in 34s)
[mixed] wrote 2500000 vecs in 9.0s (next window in 36s)
[mixed] wrote 2500000 vecs in 9.1s (next window in 37s)
[mixed] wrote 2500000 vecs in 8.9s (next window in 36s)
[mixed] stage done: 3601s, 20649 completions, 24 writes, 60000000 vectors added, wf=0.047
  [postwrite] post_cold  qps=     14.9 canon=8130bde0d66a758b
  [postwrite] post_warm0 qps=     14.4 canon=8130bde0d66a758b
  [postwrite] post_warm1 qps=     13.3 canon=8130bde0d66a758b
[97m/home/cvazquezperezdelacru/clio-core/context-runtime/src/ipc_manager.cc:2348 INFO 3225356 ClearClientPool [ClientPool] Clearing 0 persistent connections[0m
