[97m/home/cvazquezperezdelacru/clio-core/context-runtime/src/manager.cc:137 INFO 3215389 ClientInit RuntimeManager::ClientInit[0m
[97m/home/cvazquezperezdelacru/clio-core/context-runtime/src/config_manager.cc:144 INFO 3215389 ClientInit Config at: /home/cvazquezperezdelacru/.clio/clio.yaml[0m
[97m/home/cvazquezperezdelacru/clio-core/context-runtime/src/ipc_manager.cc:219 INFO 3215389 ClientInit IpcManager::ClientInit: IPC mode = SHM (auto-selected)[0m
[97m/home/cvazquezperezdelacru/clio-core/context-runtime/src/ipc_manager.cc:231 INFO 3215389 ClientInit IpcManager::ClientInit: retry_timeout = 1200s[0m
[97m/home/cvazquezperezdelacru/clio-core/context-runtime/src/ipc_manager.cc:239 INFO 3215389 ClientInit IpcManager::ClientInit: try_new_servers = 0[0m
[97m/home/cvazquezperezdelacru/clio-core/context-runtime/src/../../context-transport-primitives/include/clio_ctp/lightbeam/zmq_transport.h:152 INFO 3215389 GetSharedContext [ZeroMqTransport] Created shared context with 8 I/O threads[0m
[97m/home/cvazquezperezdelacru/clio-core/context-runtime/src/ipc_manager.cc:292 INFO 3215389 ClientInit IpcManager: DEALER transport connected to port 9416[0m
[97m/home/cvazquezperezdelacru/clio-core/context-runtime/src/ipc_manager.cc:322 INFO 3215389 ClientInit IpcManager: client response listener bound to port 45067[0m
[97m/home/cvazquezperezdelacru/clio-core/context-runtime/src/ipc_manager.cc:1388 INFO 3215389 WaitForLocalServer Waiting for runtime via lightbeam (timeout=120s)[0m
[97m/home/cvazquezperezdelacru/clio-core/context-runtime/src/ipc_manager.cc:1496 INFO 3215389 WaitForLocalServer Successfully connected to runtime (generation=609452414477892, server_pid=3214970, shm_in_shards=1)[0m
[97m/home/cvazquezperezdelacru/clio-core/context-runtime/src/ipc_manager.cc:1202 INFO 3215389 ClientInitShm ClientInitShm: attached metadata segment 'chi_metadata_segment_cvazquezperezdelacru_9413'[0m
[97m/home/cvazquezperezdelacru/clio-core/context-runtime/src/ipc_manager.cc:1228 INFO 3215389 ClientInitShm ClientInitShm: response SHM ring 'clio-3215389-shm-out' (1MB)[0m
[97m/home/cvazquezperezdelacru/clio-core/context-runtime/src/ipc_manager.cc:2447 INFO 3215389 IncreaseClientShm IpcManager::IncreaseClientShm: Creating clio_3215389_0 with size 570425344 (536870912 + 33554432 overhead)[0m
[97m/home/cvazquezperezdelacru/clio-core/context-runtime/src/ipc_manager.cc:2492 INFO 3215389 IncreaseClientShm IpcManager::IncreaseClientShm: Created allocator clio_3215389_0 with ID (3215389.0)[0m
[97m/home/cvazquezperezdelacru/clio-core/context-runtime/src/manager.cc:175 INFO 3215389 ClientInit ClientInit: Creating admin client with kAdminPoolId=PoolId(major:1, minor:0)[0m
[97m/home/cvazquezperezdelacru/clio-core/context-runtime/src/manager.cc:178 INFO 3215389 ClientInit ClientInit: Admin client created, pool_id_=PoolId(major:1, minor:0)[0m
[mixed] volume=perf_nb44M_n1 nlist=8192 nprobe=128 nq=500 k=10 t_read=4 batch=2500000 wf=0.20 duration=3600s ntotal=44000000
  [baseline] cold   qps=     61.4 canon=15145ba6f5142bbd
  [baseline] warm0  qps=     63.8 canon=15145ba6f5142bbd
  [baseline] warm1  qps=     64.6 canon=15145ba6f5142bbd
[mixed] wrote 2500000 vecs in 2.8s (next window in 11s)
[mixed] wrote 2500000 vecs in 2.4s (next window in 10s)
[mixed] wrote 2500000 vecs in 2.7s (next window in 11s)
[mixed] wrote 2500000 vecs in 2.5s (next window in 10s)
[mixed] wrote 2500000 vecs in 2.5s (next window in 10s)
[mixed] wrote 2500000 vecs in 2.5s (next window in 10s)
[mixed] wrote 2500000 vecs in 2.5s (next window in 10s)
[mixed] wrote 2500000 vecs in 3.4s (next window in 13s)
[mixed] wrote 2500000 vecs in 4.0s (next window in 16s)
[mixed] wrote 2500000 vecs in 4.6s (next window in 18s)
[mixed] wrote 2500000 vecs in 5.2s (next window in 21s)
[mixed] wrote 2500000 vecs in 4.2s (next window in 17s)
[mixed] wrote 2500000 vecs in 6.2s (next window in 25s)
[mixed] wrote 2500000 vecs in 6.4s (next window in 26s)
[mixed] wrote 2500000 vecs in 6.3s (next window in 25s)
[mixed] wrote 2500000 vecs in 7.1s (next window in 28s)
[mixed] wrote 2500000 vecs in 6.7s (next window in 27s)
[mixed] wrote 2500000 vecs in 7.2s (next window in 29s)
[mixed] wrote 2500000 vecs in 7.4s (next window in 30s)
[mixed] wrote 2500000 vecs in 8.2s (next window in 33s)
[mixed] wrote 2500000 vecs in 7.5s (next window in 30s)
[mixed] stage done: 3601s, 47278 completions, 21 writes, 52500000 vectors added, wf=0.028
  [postwrite] post_cold  qps=     20.6 canon=7a1bcaa87b3a8095
  [postwrite] post_warm0 qps=     22.6 canon=7a1bcaa87b3a8095
  [postwrite] post_warm1 qps=     22.5 canon=7a1bcaa87b3a8095
