[97m/home/cvazquezperezdelacru/clio-core/context-runtime/src/manager.cc:137 INFO 3578100 ClientInit RuntimeManager::ClientInit[0m
[97m/home/cvazquezperezdelacru/clio-core/context-runtime/src/config_manager.cc:144 INFO 3578100 ClientInit Config at: /home/cvazquezperezdelacru/.clio/clio.yaml[0m
[97m/home/cvazquezperezdelacru/clio-core/context-runtime/src/ipc_manager.cc:219 INFO 3578100 ClientInit IpcManager::ClientInit: IPC mode = SHM (auto-selected)[0m
[97m/home/cvazquezperezdelacru/clio-core/context-runtime/src/ipc_manager.cc:231 INFO 3578100 ClientInit IpcManager::ClientInit: retry_timeout = 1200s[0m
[97m/home/cvazquezperezdelacru/clio-core/context-runtime/src/ipc_manager.cc:239 INFO 3578100 ClientInit IpcManager::ClientInit: try_new_servers = 0[0m
[97m/home/cvazquezperezdelacru/clio-core/context-runtime/src/../../context-transport-primitives/include/clio_ctp/lightbeam/zmq_transport.h:152 INFO 3578100 GetSharedContext [ZeroMqTransport] Created shared context with 8 I/O threads[0m
[97m/home/cvazquezperezdelacru/clio-core/context-runtime/src/ipc_manager.cc:292 INFO 3578100 ClientInit IpcManager: DEALER transport connected to port 9416[0m
[97m/home/cvazquezperezdelacru/clio-core/context-runtime/src/ipc_manager.cc:322 INFO 3578100 ClientInit IpcManager: client response listener bound to port 34779[0m
[97m/home/cvazquezperezdelacru/clio-core/context-runtime/src/ipc_manager.cc:1388 INFO 3578100 WaitForLocalServer Waiting for runtime via lightbeam (timeout=120s)[0m
[97m/home/cvazquezperezdelacru/clio-core/context-runtime/src/ipc_manager.cc:1496 INFO 3578100 WaitForLocalServer Successfully connected to runtime (generation=742739606930632, server_pid=3576777, shm_in_shards=1)[0m
[97m/home/cvazquezperezdelacru/clio-core/context-runtime/src/ipc_manager.cc:1202 INFO 3578100 ClientInitShm ClientInitShm: attached metadata segment 'chi_metadata_segment_cvazquezperezdelacru_9413'[0m
[97m/home/cvazquezperezdelacru/clio-core/context-runtime/src/ipc_manager.cc:1228 INFO 3578100 ClientInitShm ClientInitShm: response SHM ring 'clio-3578100-shm-out' (1MB)[0m
[97m/home/cvazquezperezdelacru/clio-core/context-runtime/src/ipc_manager.cc:2447 INFO 3578100 IncreaseClientShm IpcManager::IncreaseClientShm: Creating clio_3578100_0 with size 570425344 (536870912 + 33554432 overhead)[0m
[97m/home/cvazquezperezdelacru/clio-core/context-runtime/src/ipc_manager.cc:2492 INFO 3578100 IncreaseClientShm IpcManager::IncreaseClientShm: Created allocator clio_3578100_0 with ID (3578100.0)[0m
[97m/home/cvazquezperezdelacru/clio-core/context-runtime/src/manager.cc:175 INFO 3578100 ClientInit ClientInit: Creating admin client with kAdminPoolId=PoolId(major:1, minor:0)[0m
[97m/home/cvazquezperezdelacru/clio-core/context-runtime/src/manager.cc:178 INFO 3578100 ClientInit ClientInit: Admin client created, pool_id_=PoolId(major:1, minor:0)[0m
[mixed] volume=perf_nb262M_n8 nlist=16384 nprobe=256 nq=500 k=10 t_read=4 batch=2500000 wf=0.20 duration=3600s ntotal=262000000
  [baseline] cold   qps=     68.4 canon=aab7af5a5b9793b0
  [baseline] warm0  qps=     74.6 canon=aab7af5a5b9793b0
  [baseline] warm1  qps=     77.4 canon=aab7af5a5b9793b0
[97m/home/cvazquezperezdelacru/clio-core/context-runtime/src/ipc_manager.cc:2447 INFO 3578100 IncreaseClientShm IpcManager::IncreaseClientShm: Creating clio_3578100_1 with size 778204672 (744650240 + 33554432 overhead)[0m
[97m/home/cvazquezperezdelacru/clio-core/context-runtime/src/ipc_manager.cc:2492 INFO 3578100 IncreaseClientShm IpcManager::IncreaseClientShm: Created allocator clio_3578100_1 with ID (3578100.1)[0m
[97m/home/cvazquezperezdelacru/clio-core/context-runtime/src/ipc_manager.cc:2447 INFO 3578100 IncreaseClientShm IpcManager::IncreaseClientShm: Creating clio_3578100_2 with size 778204672 (744650240 + 33554432 overhead)[0m
[97m/home/cvazquezperezdelacru/clio-core/context-runtime/src/ipc_manager.cc:2492 INFO 3578100 IncreaseClientShm IpcManager::IncreaseClientShm: Created allocator clio_3578100_2 with ID (3578100.2)[0m
[97m/home/cvazquezperezdelacru/clio-core/context-runtime/src/ipc_manager.cc:2447 INFO 3578100 IncreaseClientShm IpcManager::IncreaseClientShm: Creating clio_3578100_3 with size 778204672 (744650240 + 33554432 overhead)[0m
[97m/home/cvazquezperezdelacru/clio-core/context-runtime/src/ipc_manager.cc:2492 INFO 3578100 IncreaseClientShm IpcManager::IncreaseClientShm: Created allocator clio_3578100_3 with ID (3578100.3)[0m
[mixed] wrote 2500000 vecs in 10.9s (next window in 43s)
[mixed] wrote 2500000 vecs in 10.7s (next window in 43s)
[mixed] wrote 2500000 vecs in 10.7s (next window in 43s)
[mixed] wrote 2500000 vecs in 10.7s (next window in 43s)
[mixed] wrote 2500000 vecs in 10.5s (next window in 42s)
[mixed] wrote 2500000 vecs in 10.6s (next window in 42s)
[mixed] wrote 2500000 vecs in 10.8s (next window in 43s)
[mixed] wrote 2500000 vecs in 10.6s (next window in 42s)
[mixed] wrote 2500000 vecs in 10.5s (next window in 42s)
[mixed] wrote 2500000 vecs in 10.6s (next window in 43s)
[mixed] wrote 2500000 vecs in 10.6s (next window in 42s)
[mixed] wrote 2500000 vecs in 10.6s (next window in 42s)
[mixed] stage done: 3601s, 41510 completions, 12 writes, 30000000 vectors added, wf=0.035
  [postwrite] post_cold  qps=     69.6 canon=d1c991ee1f578504
  [postwrite] post_warm0 qps=     69.9 canon=d1c991ee1f578504
  [postwrite] post_warm1 qps=     70.2 canon=d1c991ee1f578504
[97m/home/cvazquezperezdelacru/clio-core/context-runtime/src/ipc_manager.cc:2348 INFO 3578100 ClearClientPool [ClientPool] Clearing 0 persistent connections[0m
