[97m/home/cvazquezperezdelacru/clio-core/context-runtime/src/manager.cc:137 INFO 2287865 ClientInit RuntimeManager::ClientInit[0m
[97m/home/cvazquezperezdelacru/clio-core/context-runtime/src/config_manager.cc:144 INFO 2287865 ClientInit Config at: /home/cvazquezperezdelacru/.clio/clio.yaml[0m
[97m/home/cvazquezperezdelacru/clio-core/context-runtime/src/ipc_manager.cc:219 INFO 2287865 ClientInit IpcManager::ClientInit: IPC mode = SHM (auto-selected)[0m
[97m/home/cvazquezperezdelacru/clio-core/context-runtime/src/ipc_manager.cc:231 INFO 2287865 ClientInit IpcManager::ClientInit: retry_timeout = 1200s[0m
[97m/home/cvazquezperezdelacru/clio-core/context-runtime/src/ipc_manager.cc:239 INFO 2287865 ClientInit IpcManager::ClientInit: try_new_servers = 0[0m
[97m/home/cvazquezperezdelacru/clio-core/context-runtime/src/../../context-transport-primitives/include/clio_ctp/lightbeam/zmq_transport.h:152 INFO 2287865 GetSharedContext [ZeroMqTransport] Created shared context with 8 I/O threads[0m
[97m/home/cvazquezperezdelacru/clio-core/context-runtime/src/ipc_manager.cc:292 INFO 2287865 ClientInit IpcManager: DEALER transport connected to port 9416[0m
[97m/home/cvazquezperezdelacru/clio-core/context-runtime/src/ipc_manager.cc:322 INFO 2287865 ClientInit IpcManager: client response listener bound to port 36087[0m
[97m/home/cvazquezperezdelacru/clio-core/context-runtime/src/ipc_manager.cc:1388 INFO 2287865 WaitForLocalServer Waiting for runtime via lightbeam (timeout=120s)[0m
[97m/home/cvazquezperezdelacru/clio-core/context-runtime/src/ipc_manager.cc:1496 INFO 2287865 WaitForLocalServer Successfully connected to runtime (generation=449653906748571, server_pid=2287404, shm_in_shards=1)[0m
[97m/home/cvazquezperezdelacru/clio-core/context-runtime/src/ipc_manager.cc:1202 INFO 2287865 ClientInitShm ClientInitShm: attached metadata segment 'chi_metadata_segment_cvazquezperezdelacru_9413'[0m
[97m/home/cvazquezperezdelacru/clio-core/context-runtime/src/ipc_manager.cc:1228 INFO 2287865 ClientInitShm ClientInitShm: response SHM ring 'clio-2287865-shm-out' (1MB)[0m
[97m/home/cvazquezperezdelacru/clio-core/context-runtime/src/ipc_manager.cc:2447 INFO 2287865 IncreaseClientShm IpcManager::IncreaseClientShm: Creating clio_2287865_0 with size 570425344 (536870912 + 33554432 overhead)[0m
[97m/home/cvazquezperezdelacru/clio-core/context-runtime/src/ipc_manager.cc:2492 INFO 2287865 IncreaseClientShm IpcManager::IncreaseClientShm: Created allocator clio_2287865_0 with ID (2287865.0)[0m
[97m/home/cvazquezperezdelacru/clio-core/context-runtime/src/manager.cc:175 INFO 2287865 ClientInit ClientInit: Creating admin client with kAdminPoolId=PoolId(major:1, minor:0)[0m
[97m/home/cvazquezperezdelacru/clio-core/context-runtime/src/manager.cc:178 INFO 2287865 ClientInit ClientInit: Admin client created, pool_id_=PoolId(major:1, minor:0)[0m
[bench] volume=ondisk_nb50M nlist=8192 nprobe=128 nq=500 k=10 threads=8 route=owner inflight=1 ntotal=50000000
  cold   qps=     53.1  elapsed=   9.417s  majflt/q=     0.1  read_MB=     0.0  di_hash=32085d09bb65391b  canon=b3e14dd79e32cd77
  warm0  qps=     55.5  elapsed=   9.004s  majflt/q=     0.0  read_MB=     0.0  di_hash=32085d09bb65391b  canon=b3e14dd79e32cd77
  warm1  qps=     56.1  elapsed=   8.913s  majflt/q=     0.0  read_MB=     0.0  di_hash=32085d09bb65391b  canon=b3e14dd79e32cd77
[stats] searches=1500 lists_read=24462 GB_read=72.38 read_wait_s=6.17 scan_s=20.40
[97m/home/cvazquezperezdelacru/clio-core/context-runtime/src/ipc_manager.cc:2348 INFO 2287865 ClearClientPool [ClientPool] Clearing 0 persistent connections[0m
