[97m/home/cvazquezperezdelacru/clio-core/context-runtime/src/manager.cc:137 INFO 2485858 ClientInit RuntimeManager::ClientInit[0m
[97m/home/cvazquezperezdelacru/clio-core/context-runtime/src/config_manager.cc:144 INFO 2485858 ClientInit Config at: /home/cvazquezperezdelacru/.clio/clio.yaml[0m
[97m/home/cvazquezperezdelacru/clio-core/context-runtime/src/ipc_manager.cc:219 INFO 2485858 ClientInit IpcManager::ClientInit: IPC mode = SHM (auto-selected)[0m
[97m/home/cvazquezperezdelacru/clio-core/context-runtime/src/ipc_manager.cc:231 INFO 2485858 ClientInit IpcManager::ClientInit: retry_timeout = 60s[0m
[97m/home/cvazquezperezdelacru/clio-core/context-runtime/src/ipc_manager.cc:239 INFO 2485858 ClientInit IpcManager::ClientInit: try_new_servers = 0[0m
[97m/home/cvazquezperezdelacru/clio-core/context-runtime/src/../../context-transport-primitives/include/clio_ctp/lightbeam/zmq_transport.h:152 INFO 2485858 GetSharedContext [ZeroMqTransport] Created shared context with 8 I/O threads[0m
[97m/home/cvazquezperezdelacru/clio-core/context-runtime/src/ipc_manager.cc:292 INFO 2485858 ClientInit IpcManager: DEALER transport connected to port 9416[0m
[97m/home/cvazquezperezdelacru/clio-core/context-runtime/src/ipc_manager.cc:322 INFO 2485858 ClientInit IpcManager: client response listener bound to port 38559[0m
[97m/home/cvazquezperezdelacru/clio-core/context-runtime/src/ipc_manager.cc:1388 INFO 2485858 WaitForLocalServer Waiting for runtime via lightbeam (timeout=30s)[0m
[97m/home/cvazquezperezdelacru/clio-core/context-runtime/src/ipc_manager.cc:1496 INFO 2485858 WaitForLocalServer Successfully connected to runtime (generation=752684251656884, server_pid=2485677, shm_in_shards=1)[0m
[97m/home/cvazquezperezdelacru/clio-core/context-runtime/src/ipc_manager.cc:1202 INFO 2485858 ClientInitShm ClientInitShm: attached metadata segment 'chi_metadata_segment_cvazquezperezdelacru_9413'[0m
[97m/home/cvazquezperezdelacru/clio-core/context-runtime/src/ipc_manager.cc:1228 INFO 2485858 ClientInitShm ClientInitShm: response SHM ring 'clio-2485858-shm-out' (1MB)[0m
[97m/home/cvazquezperezdelacru/clio-core/context-runtime/src/ipc_manager.cc:2440 INFO 2485858 IncreaseClientShm IpcManager::IncreaseClientShm: Creating clio_2485858_0 with size 570425344 (536870912 + 33554432 overhead)[0m
[97m/home/cvazquezperezdelacru/clio-core/context-runtime/src/ipc_manager.cc:2485 INFO 2485858 IncreaseClientShm IpcManager::IncreaseClientShm: Created allocator clio_2485858_0 with ID (2485858.0)[0m
[97m/home/cvazquezperezdelacru/clio-core/context-runtime/src/manager.cc:175 INFO 2485858 ClientInit ClientInit: Creating admin client with kAdminPoolId=PoolId(major:1, minor:0)[0m
[97m/home/cvazquezperezdelacru/clio-core/context-runtime/src/manager.cc:178 INFO 2485858 ClientInit ClientInit: Admin client created, pool_id_=PoolId(major:1, minor:0)[0m
[bench] volume=ondisk_nb10M nlist=4096 nprobe=64 nq=500 k=10 threads=8 ntotal=10000000
  cold   qps=    105.1  elapsed=   4.759s  majflt/q=     0.1  read_MB=     0.0  di_hash=0e04f8171f7d1898
  warm0  qps=    120.0  elapsed=   4.166s  majflt/q=     0.0  read_MB=     0.0  di_hash=0e04f8171f7d1898
  warm1  qps=    116.5  elapsed=   4.293s  majflt/q=     0.0  read_MB=     0.0  di_hash=0e04f8171f7d1898
[stats] searches=1500 lists_read=12252 GB_read=14.49 read_wait_s=8.46 scan_s=4.56
[97m/home/cvazquezperezdelacru/clio-core/context-runtime/src/ipc_manager.cc:2341 INFO 2485858 ClearClientPool [ClientPool] Clearing 0 persistent connections[0m
[97m/home/cvazquezperezdelacru/clio-core/context-runtime/src/manager.cc:137 INFO 2485913 ClientInit RuntimeManager::ClientInit[0m
[97m/home/cvazquezperezdelacru/clio-core/context-runtime/src/config_manager.cc:144 INFO 2485913 ClientInit Config at: /home/cvazquezperezdelacru/.clio/clio.yaml[0m
[97m/home/cvazquezperezdelacru/clio-core/context-runtime/src/ipc_manager.cc:219 INFO 2485913 ClientInit IpcManager::ClientInit: IPC mode = SHM (auto-selected)[0m
[97m/home/cvazquezperezdelacru/clio-core/context-runtime/src/ipc_manager.cc:231 INFO 2485913 ClientInit IpcManager::ClientInit: retry_timeout = 60s[0m
[97m/home/cvazquezperezdelacru/clio-core/context-runtime/src/ipc_manager.cc:239 INFO 2485913 ClientInit IpcManager::ClientInit: try_new_servers = 0[0m
[97m/home/cvazquezperezdelacru/clio-core/context-runtime/src/../../context-transport-primitives/include/clio_ctp/lightbeam/zmq_transport.h:152 INFO 2485913 GetSharedContext [ZeroMqTransport] Created shared context with 8 I/O threads[0m
[97m/home/cvazquezperezdelacru/clio-core/context-runtime/src/ipc_manager.cc:292 INFO 2485913 ClientInit IpcManager: DEALER transport connected to port 9416[0m
[97m/home/cvazquezperezdelacru/clio-core/context-runtime/src/ipc_manager.cc:322 INFO 2485913 ClientInit IpcManager: client response listener bound to port 40373[0m
[97m/home/cvazquezperezdelacru/clio-core/context-runtime/src/ipc_manager.cc:1388 INFO 2485913 WaitForLocalServer Waiting for runtime via lightbeam (timeout=30s)[0m
[97m/home/cvazquezperezdelacru/clio-core/context-runtime/src/ipc_manager.cc:1496 INFO 2485913 WaitForLocalServer Successfully connected to runtime (generation=752684251656884, server_pid=2485677, shm_in_shards=1)[0m
[97m/home/cvazquezperezdelacru/clio-core/context-runtime/src/ipc_manager.cc:1202 INFO 2485913 ClientInitShm ClientInitShm: attached metadata segment 'chi_metadata_segment_cvazquezperezdelacru_9413'[0m
[97m/home/cvazquezperezdelacru/clio-core/context-runtime/src/ipc_manager.cc:1228 INFO 2485913 ClientInitShm ClientInitShm: response SHM ring 'clio-2485913-shm-out' (1MB)[0m
[97m/home/cvazquezperezdelacru/clio-core/context-runtime/src/ipc_manager.cc:2440 INFO 2485913 IncreaseClientShm IpcManager::IncreaseClientShm: Creating clio_2485913_0 with size 570425344 (536870912 + 33554432 overhead)[0m
[97m/home/cvazquezperezdelacru/clio-core/context-runtime/src/ipc_manager.cc:2485 INFO 2485913 IncreaseClientShm IpcManager::IncreaseClientShm: Created allocator clio_2485913_0 with ID (2485913.0)[0m
[97m/home/cvazquezperezdelacru/clio-core/context-runtime/src/manager.cc:175 INFO 2485913 ClientInit ClientInit: Creating admin client with kAdminPoolId=PoolId(major:1, minor:0)[0m
[97m/home/cvazquezperezdelacru/clio-core/context-runtime/src/manager.cc:178 INFO 2485913 ClientInit ClientInit: Admin client created, pool_id_=PoolId(major:1, minor:0)[0m
[bench] volume=ondisk_nb10M nlist=4096 nprobe=64 nq=500 k=10 threads=8 ntotal=10000000
  cold   qps=    102.6  elapsed=   4.875s  majflt/q=     0.2  read_MB=     0.0  di_hash=0e04f8171f7d1898
  warm0  qps=     99.8  elapsed=   5.012s  majflt/q=     0.0  read_MB=     0.0  di_hash=0e04f8171f7d1898
  warm1  qps=     97.2  elapsed=   5.146s  majflt/q=     0.0  read_MB=     0.0  di_hash=0e04f8171f7d1898
[stats] searches=1500 lists_read=59733 GB_read=72.39 read_wait_s=67.76 scan_s=18.97
[97m/home/cvazquezperezdelacru/clio-core/context-runtime/src/ipc_manager.cc:2341 INFO 2485913 ClearClientPool [ClientPool] Clearing 0 persistent connections[0m
