[97m/home/cvazquezperezdelacru/clio-core/context-runtime/src/manager.cc:137 INFO 2489725 ClientInit RuntimeManager::ClientInit[0m
[97m/home/cvazquezperezdelacru/clio-core/context-runtime/src/config_manager.cc:144 INFO 2489725 ClientInit Config at: /home/cvazquezperezdelacru/.clio/clio.yaml[0m
[97m/home/cvazquezperezdelacru/clio-core/context-runtime/src/ipc_manager.cc:219 INFO 2489725 ClientInit IpcManager::ClientInit: IPC mode = SHM (auto-selected)[0m
[97m/home/cvazquezperezdelacru/clio-core/context-runtime/src/ipc_manager.cc:231 INFO 2489725 ClientInit IpcManager::ClientInit: retry_timeout = 60s[0m
[97m/home/cvazquezperezdelacru/clio-core/context-runtime/src/ipc_manager.cc:239 INFO 2489725 ClientInit IpcManager::ClientInit: try_new_servers = 0[0m
[97m/home/cvazquezperezdelacru/clio-core/context-runtime/src/../../context-transport-primitives/include/clio_ctp/lightbeam/zmq_transport.h:152 INFO 2489725 GetSharedContext [ZeroMqTransport] Created shared context with 8 I/O threads[0m
[97m/home/cvazquezperezdelacru/clio-core/context-runtime/src/ipc_manager.cc:292 INFO 2489725 ClientInit IpcManager: DEALER transport connected to port 9416[0m
[97m/home/cvazquezperezdelacru/clio-core/context-runtime/src/ipc_manager.cc:322 INFO 2489725 ClientInit IpcManager: client response listener bound to port 34917[0m
[97m/home/cvazquezperezdelacru/clio-core/context-runtime/src/ipc_manager.cc:1388 INFO 2489725 WaitForLocalServer Waiting for runtime via lightbeam (timeout=30s)[0m
[97m/home/cvazquezperezdelacru/clio-core/context-runtime/src/ipc_manager.cc:1496 INFO 2489725 WaitForLocalServer Successfully connected to runtime (generation=753829082229612, server_pid=2489543, shm_in_shards=1)[0m
[97m/home/cvazquezperezdelacru/clio-core/context-runtime/src/ipc_manager.cc:1202 INFO 2489725 ClientInitShm ClientInitShm: attached metadata segment 'chi_metadata_segment_cvazquezperezdelacru_9413'[0m
[97m/home/cvazquezperezdelacru/clio-core/context-runtime/src/ipc_manager.cc:1228 INFO 2489725 ClientInitShm ClientInitShm: response SHM ring 'clio-2489725-shm-out' (1MB)[0m
[97m/home/cvazquezperezdelacru/clio-core/context-runtime/src/ipc_manager.cc:2440 INFO 2489725 IncreaseClientShm IpcManager::IncreaseClientShm: Creating clio_2489725_0 with size 570425344 (536870912 + 33554432 overhead)[0m
[97m/home/cvazquezperezdelacru/clio-core/context-runtime/src/ipc_manager.cc:2485 INFO 2489725 IncreaseClientShm IpcManager::IncreaseClientShm: Created allocator clio_2489725_0 with ID (2489725.0)[0m
[97m/home/cvazquezperezdelacru/clio-core/context-runtime/src/manager.cc:175 INFO 2489725 ClientInit ClientInit: Creating admin client with kAdminPoolId=PoolId(major:1, minor:0)[0m
[97m/home/cvazquezperezdelacru/clio-core/context-runtime/src/manager.cc:178 INFO 2489725 ClientInit ClientInit: Admin client created, pool_id_=PoolId(major:1, minor:0)[0m
[bench] volume=ondisk_nb10M nlist=4096 nprobe=64 nq=500 k=10 threads=8 ntotal=10000000
  cold   qps=    181.0  elapsed=   2.763s  majflt/q=     0.1  read_MB=     0.0  di_hash=0e04f8171f7d1898
  warm0  qps=     94.8  elapsed=   5.273s  majflt/q=     0.0  read_MB=     0.0  di_hash=0e04f8171f7d1898
  warm1  qps=    142.2  elapsed=   3.516s  majflt/q=     0.0  read_MB=     0.0  di_hash=0e04f8171f7d1898
[stats] searches=1500 lists_read=12252 GB_read=14.49 read_wait_s=7.07 scan_s=4.29
[97m/home/cvazquezperezdelacru/clio-core/context-runtime/src/ipc_manager.cc:2341 INFO 2489725 ClearClientPool [ClientPool] Clearing 0 persistent connections[0m
