[97m/home/cvazquezperezdelacru/clio-core/context-runtime/src/manager.cc:137 INFO 2495558 ClientInit RuntimeManager::ClientInit[0m
[97m/home/cvazquezperezdelacru/clio-core/context-runtime/src/config_manager.cc:144 INFO 2495558 ClientInit Config at: /home/cvazquezperezdelacru/.clio/clio.yaml[0m
[97m/home/cvazquezperezdelacru/clio-core/context-runtime/src/ipc_manager.cc:219 INFO 2495558 ClientInit IpcManager::ClientInit: IPC mode = SHM (auto-selected)[0m
[97m/home/cvazquezperezdelacru/clio-core/context-runtime/src/ipc_manager.cc:231 INFO 2495558 ClientInit IpcManager::ClientInit: retry_timeout = 60s[0m
[97m/home/cvazquezperezdelacru/clio-core/context-runtime/src/ipc_manager.cc:239 INFO 2495558 ClientInit IpcManager::ClientInit: try_new_servers = 0[0m
[97m/home/cvazquezperezdelacru/clio-core/context-runtime/src/../../context-transport-primitives/include/clio_ctp/lightbeam/zmq_transport.h:152 INFO 2495558 GetSharedContext [ZeroMqTransport] Created shared context with 8 I/O threads[0m
[97m/home/cvazquezperezdelacru/clio-core/context-runtime/src/ipc_manager.cc:292 INFO 2495558 ClientInit IpcManager: DEALER transport connected to port 9416[0m
[97m/home/cvazquezperezdelacru/clio-core/context-runtime/src/ipc_manager.cc:322 INFO 2495558 ClientInit IpcManager: client response listener bound to port 44791[0m
[97m/home/cvazquezperezdelacru/clio-core/context-runtime/src/ipc_manager.cc:1388 INFO 2495558 WaitForLocalServer Waiting for runtime via lightbeam (timeout=30s)[0m
[97m/home/cvazquezperezdelacru/clio-core/context-runtime/src/ipc_manager.cc:1496 INFO 2495558 WaitForLocalServer Successfully connected to runtime (generation=755054431399002, server_pid=2495140, shm_in_shards=1)[0m
[97m/home/cvazquezperezdelacru/clio-core/context-runtime/src/ipc_manager.cc:1202 INFO 2495558 ClientInitShm ClientInitShm: attached metadata segment 'chi_metadata_segment_cvazquezperezdelacru_9413'[0m
[97m/home/cvazquezperezdelacru/clio-core/context-runtime/src/ipc_manager.cc:1228 INFO 2495558 ClientInitShm ClientInitShm: response SHM ring 'clio-2495558-shm-out' (1MB)[0m
[97m/home/cvazquezperezdelacru/clio-core/context-runtime/src/ipc_manager.cc:2440 INFO 2495558 IncreaseClientShm IpcManager::IncreaseClientShm: Creating clio_2495558_0 with size 570425344 (536870912 + 33554432 overhead)[0m
[97m/home/cvazquezperezdelacru/clio-core/context-runtime/src/ipc_manager.cc:2485 INFO 2495558 IncreaseClientShm IpcManager::IncreaseClientShm: Created allocator clio_2495558_0 with ID (2495558.0)[0m
[97m/home/cvazquezperezdelacru/clio-core/context-runtime/src/manager.cc:175 INFO 2495558 ClientInit ClientInit: Creating admin client with kAdminPoolId=PoolId(major:1, minor:0)[0m
[97m/home/cvazquezperezdelacru/clio-core/context-runtime/src/manager.cc:178 INFO 2495558 ClientInit ClientInit: Admin client created, pool_id_=PoolId(major:1, minor:0)[0m
[bench] volume=ondisk_nb50M nlist=8192 nprobe=128 nq=500 k=10 threads=8 ntotal=50000000
  cold   qps=     24.4  elapsed=  20.508s  majflt/q=     0.1  read_MB=     0.1  di_hash=32085d09bb65391b
  warm0  qps=     28.9  elapsed=  17.298s  majflt/q=     0.2  read_MB=     8.0  di_hash=32085d09bb65391b
  warm1  qps=     29.5  elapsed=  16.946s  majflt/q=     0.0  read_MB=     0.1  di_hash=32085d09bb65391b
[stats] searches=1500 lists_read=24462 GB_read=72.38 read_wait_s=32.72 scan_s=21.56
[97m/home/cvazquezperezdelacru/clio-core/context-runtime/src/ipc_manager.cc:2341 INFO 2495558 ClearClientPool [ClientPool] Clearing 0 persistent connections[0m
