[97m/home/cvazquezperezdelacru/clio-core/context-runtime/src/config_manager.cc:144 INFO 2739206 ClientInit Config at: /mnt/common/cvazquezperezdelacru/IOWARP/faiss/contrib/iowarp/benchmarks/results/ares_cte_rendered_20260730_160931.yaml[0m
[97m/home/cvazquezperezdelacru/clio-core/context-runtime/src/ipc_manager.cc:2865 INFO 2739206 ClearUserIpcs ClearUserIpcs: Removed 68 memfd symlinks from previous runs[0m
[33m/home/cvazquezperezdelacru/clio-core/context-runtime/src/ipc_manager.cc:906 WARNING 2739206 ServerInitShm Main segment: requested 50079715328 bytes exceeds half the memory budget (50079715328 bytes); clamping to 25039857664 bytes[0m
[97m/home/cvazquezperezdelacru/clio-core/context-runtime/src/ipc_manager.cc:931 INFO 2739206 ServerInitShm Initializing main shared memory segment: 25039857664 bytes (23879 MB)[0m
[97m/home/cvazquezperezdelacru/clio-core/context-runtime/src/ipc_manager.cc:952 INFO 2739206 ServerInitShm Initializing queue shared memory segment: 646224224 bytes (631078 KB)[0m
[33m/home/cvazquezperezdelacru/clio-core/context-runtime/src/ipc_manager.cc:1005 WARNING 2739206 ServerInitShm Metadata segment: requested 50079715328 bytes exceeds half the memory budget (50079715328 bytes); clamping to 25039857664 bytes[0m
[97m/home/cvazquezperezdelacru/clio-core/context-runtime/src/ipc_manager.cc:1039 INFO 2739206 ServerInitShm Initializing metadata shared memory segment: 25039857664 bytes (23879 MB), sparse/not pre-faulted[0m
[97m/home/cvazquezperezdelacru/clio-core/context-runtime/src/ipc_manager.cc:865 INFO 2739206 ExcludeFromCoreDump metadata segment: excluded 25039857664 bytes from core dumps[0m
[97m/home/cvazquezperezdelacru/clio-core/context-runtime/src/ipc_manager.cc:1072 INFO 2739206 ServerInitShm ServerInitShm: metadata directory at offset 68072[0m
[97m/home/cvazquezperezdelacru/clio-core/context-runtime/src/ipc_manager.cc:1127 INFO 2739206 ServerInitShm ServerInitShm: 8 inbound SHM ring(s) 'clio-2739206-shm-in-0..7' (16MB each)[0m
[97m/home/cvazquezperezdelacru/clio-core/context-runtime/src/ipc_manager.cc:1269 INFO 2739206 ServerInitQueues Initializing 16 worker queues with depth 1024 (last worker serves dual role)[0m
[97m/home/cvazquezperezdelacru/clio-core/context-runtime/src/ipc_manager.cc:1933 INFO 2739206 IdentifyThisHost SUCCESS: Main server started on 0.0.0.0:9413 (advertised as 0.0.0.0, node=0)[0m
[97m/home/cvazquezperezdelacru/clio-core/context-runtime/src/ipc_manager.cc:561 INFO 2739206 ServerInit IpcManager: TCP ROUTER transport bound on 0.0.0.0:9416[0m
[97m/home/cvazquezperezdelacru/clio-core/context-runtime/src/ipc_manager.cc:579 INFO 2739206 ServerInit IpcManager: IPC lightbeam server bound on /tmp/clio_cvazquezperezdelacru/clio_9413.ipc[0m
[97m/home/cvazquezperezdelacru/clio-core/context-runtime/src/module_manager.cc:137 INFO 2739206 LoadChiMod Loaded ChiMod: clio_cte_filesystem from /mnt/common/cvazquezperezdelacru/clio-core-dev-install/lib/libclio_cte_filesystem_runtime.so[0m
[97m/home/cvazquezperezdelacru/clio-core/context-runtime/src/module_manager.cc:137 INFO 2739206 LoadChiMod Loaded ChiMod: clio_MOD_NAME from /mnt/common/cvazquezperezdelacru/clio-core-dev-install/lib/libclio_MOD_NAME_runtime.so[0m
[97m/home/cvazquezperezdelacru/clio-core/context-runtime/src/module_manager.cc:137 INFO 2739206 LoadChiMod Loaded ChiMod: clio_admin from /mnt/common/cvazquezperezdelacru/clio-core-dev-install/lib/libclio_admin_runtime.so[0m
[97m/home/cvazquezperezdelacru/clio-core/context-runtime/src/module_manager.cc:137 INFO 2739206 LoadChiMod Loaded ChiMod: clio_bdev from /mnt/common/cvazquezperezdelacru/clio-core-dev-install/lib/libclio_bdev_runtime.so[0m
[97m/home/cvazquezperezdelacru/clio-core/context-runtime/src/module_manager.cc:137 INFO 2739206 LoadChiMod Loaded ChiMod: clio_safe_bdev from /mnt/common/cvazquezperezdelacru/clio-core-dev-install/lib/libclio_safe_bdev_runtime.so[0m
[97m/home/cvazquezperezdelacru/clio-core/context-runtime/src/module_manager.cc:137 INFO 2739206 LoadChiMod Loaded ChiMod: clio_cte_core from /mnt/common/cvazquezperezdelacru/clio-core-dev-install/lib/libclio_cte_core_runtime.so[0m
[97m/home/cvazquezperezdelacru/clio-core/context-runtime/src/module_manager.cc:137 INFO 2739206 LoadChiMod Loaded ChiMod: clio_faiss_ivf from /mnt/common/cvazquezperezdelacru/IOWARP/faiss/contrib/iowarp/build-dev/chimod/libclio_faiss_ivf_runtime.so[0m
[97m/home/cvazquezperezdelacru/clio-core/context-runtime/src/work_orchestrator.cc:94 INFO 2739206 Init Creating 8 workers (7 task + 1 dedicated network)[0m
[97m/home/cvazquezperezdelacru/clio-core/context-runtime/src/ipc_manager.cc:756 INFO 2739206 SetNumSchedQueues IpcManager: Updated num_sched_queues to 1[0m
[97m/home/cvazquezperezdelacru/clio-core/context-runtime/src/scheduler/default_sched.cc:139 INFO 2739206 DivideWorkers DefaultScheduler: 1 scheduler worker (0), 4 I/O workers, net_send_worker=6, net_recv_worker=7, gpu_worker=5[0m
[97m/home/cvazquezperezdelacru/clio-core/context-runtime/src/work_orchestrator.cc:271 INFO 2739206 SpawnWorkerThreads WorkOrchestrator: num_workers=8, num_lanes=16[0m
[97m/home/cvazquezperezdelacru/clio-core/context-runtime/src/work_orchestrator.cc:294 INFO 2739206 SpawnWorkerThreads WorkOrchestrator: Mapped worker 0 (ID 0) to lane 0[0m
[97m/home/cvazquezperezdelacru/clio-core/context-runtime/src/work_orchestrator.cc:294 INFO 2739206 SpawnWorkerThreads WorkOrchestrator: Mapped worker 1 (ID 1) to lane 1[0m
[97m/home/cvazquezperezdelacru/clio-core/context-runtime/src/work_orchestrator.cc:294 INFO 2739206 SpawnWorkerThreads WorkOrchestrator: Mapped worker 2 (ID 2) to lane 2[0m
[97m/home/cvazquezperezdelacru/clio-core/context-runtime/src/work_orchestrator.cc:294 INFO 2739206 SpawnWorkerThreads WorkOrchestrator: Mapped worker 3 (ID 3) to lane 3[0m
[97m/home/cvazquezperezdelacru/clio-core/context-runtime/src/work_orchestrator.cc:294 INFO 2739206 SpawnWorkerThreads WorkOrchestrator: Mapped worker 4 (ID 4) to lane 4[0m
[97m/home/cvazquezperezdelacru/clio-core/context-runtime/src/work_orchestrator.cc:294 INFO 2739206 SpawnWorkerThreads WorkOrchestrator: Mapped worker 5 (ID 5) to lane 5[0m
[97m/home/cvazquezperezdelacru/clio-core/context-runtime/src/work_orchestrator.cc:294 INFO 2739206 SpawnWorkerThreads WorkOrchestrator: Mapped worker 6 (ID 6) to lane 6[0m
[97m/home/cvazquezperezdelacru/clio-core/context-runtime/src/work_orchestrator.cc:294 INFO 2739206 SpawnWorkerThreads WorkOrchestrator: Mapped worker 7 (ID 7) to lane 7[0m
[97m/home/cvazquezperezdelacru/clio-core/context-runtime/src/pool_manager.cc:534 INFO 2739206 CreatePool PoolManager: Creating pool 'admin' with 1 containers (one per node)[0m
[33m/home/cvazquezperezdelacru/clio-core/context-runtime/modules/admin/include/clio_runtime/admin/admin_client.h:59 WARNING 2739206 Client AdminClient: Default constructor called - pool_id_ will be PoolId(0,0)[0m
[97m/home/cvazquezperezdelacru/clio-core/context-runtime/src/pool_manager.cc:615 INFO 2739206 CreatePool Creating container for pool PoolId(major:1, minor:0) on node 0 with container_id=0[0m
[97m/home/cvazquezperezdelacru/clio-core/context-runtime/src/pool_manager.cc:644 INFO 2739206 CreatePool Container initialized with pool ID PoolId(major:1, minor:0), name admin, and container ID 0[0m
[97m/home/cvazquezperezdelacru/clio-core/context-runtime/src/pool_manager.cc:663 INFO 2739206 CreatePool CreatePool: Running Create method for pool PoolId(major:1, minor:0)[0m
[97m/home/cvazquezperezdelacru/clio-core/context-runtime/src/ipc/ipc_run2run.cc:1166 INFO 2739237 operator() [ClientRecvThread] started[0m
[97m/home/cvazquezperezdelacru/clio-core/context-runtime/src/ipc/ipc_run2run.cc:1105 INFO 2739236 operator() [PeerRecvThread] started[0m
[97m/home/cvazquezperezdelacru/clio-core/context-runtime/src/pool_manager.cc:666 INFO 2739206 CreatePool CreatePool: Create method completed for pool PoolId(major:1, minor:0)[0m
[97m/home/cvazquezperezdelacru/clio-core/context-runtime/src/pool_manager.cc:700 INFO 2739206 CreatePool PoolManager: Created complete pool PoolId(major:1, minor:0) with ChiMod clio_admin (1 containers)[0m
[97m/home/cvazquezperezdelacru/clio-core/context-runtime/src/pool_manager.cc:125 INFO 2739206 ServerInit PoolManager: Admin chimod pool created successfully with PoolId PoolId(major:1, minor:0)[0m
[97m/home/cvazquezperezdelacru/clio-core/context-runtime/src/manager.cc:264 INFO 2739206 ServerInit Processing compose configuration with 3 pools[0m
[33m/home/cvazquezperezdelacru/clio-core/context-runtime/src/../modules/admin/include/clio_runtime/admin/admin_client.h:59 WARNING 2739206 Client AdminClient: Default constructor called - pool_id_ will be PoolId(0,0)[0m
[97m/home/cvazquezperezdelacru/clio-core/context-runtime/src/manager.cc:282 INFO 2739206 ServerInit Compose: Creating pool ram::chi_default_bdev (module: clio_bdev, restart: 0)[0m
[97m/home/cvazquezperezdelacru/clio-core/context-runtime/src/pool_manager.cc:534 INFO 2739231 CreatePool PoolManager: Creating pool 'ram::chi_default_bdev' with 1 containers (one per node)[0m
[97m/home/cvazquezperezdelacru/clio-core/context-runtime/src/pool_manager.cc:615 INFO 2739231 CreatePool Creating container for pool PoolId(major:301, minor:0) on node 0 with container_id=0[0m
[97m/home/cvazquezperezdelacru/clio-core/context-runtime/src/pool_manager.cc:644 INFO 2739231 CreatePool Container initialized with pool ID PoolId(major:301, minor:0), name ram::chi_default_bdev, and container ID 0[0m
[97m/home/cvazquezperezdelacru/clio-core/context-runtime/src/pool_manager.cc:663 INFO 2739231 CreatePool CreatePool: Running Create method for pool PoolId(major:301, minor:0)[0m
[97m/home/cvazquezperezdelacru/clio-core/context-runtime/modules/bdev/src/transports/mem_bdev_transport.cc:142 INFO 2739231 InitShmBacking [#783] RAM bdev 'clio_rambdev_2739206_301_0' is shared-memory backed (38655688704 of 38654705664 bytes mapped)[0m
[97m/home/cvazquezperezdelacru/clio-core/context-runtime/src/pool_manager.cc:666 INFO 2739231 CreatePool CreatePool: Create method completed for pool PoolId(major:301, minor:0)[0m
[97m/home/cvazquezperezdelacru/clio-core/context-runtime/src/pool_manager.cc:700 INFO 2739231 CreatePool PoolManager: Created complete pool PoolId(major:301, minor:0) with ChiMod clio_bdev (1 containers)[0m
[97m/home/cvazquezperezdelacru/clio-core/context-runtime/src/manager.cc:298 INFO 2739206 ServerInit Compose: Successfully created pool ram::chi_default_bdev (module: clio_bdev)[0m
[97m/home/cvazquezperezdelacru/clio-core/context-runtime/src/manager.cc:282 INFO 2739206 ServerInit Compose: Creating pool cte_main (module: clio_cte_core, restart: 0)[0m
[97m/home/cvazquezperezdelacru/clio-core/context-runtime/src/pool_manager.cc:534 INFO 2739228 CreatePool PoolManager: Creating pool 'cte_main' with 1 containers (one per node)[0m
[97m/home/cvazquezperezdelacru/clio-core/context-runtime/src/pool_manager.cc:615 INFO 2739228 CreatePool Creating container for pool PoolId(major:512, minor:0) on node 0 with container_id=0[0m
[97m/home/cvazquezperezdelacru/clio-core/context-runtime/src/pool_manager.cc:644 INFO 2739228 CreatePool Container initialized with pool ID PoolId(major:512, minor:0), name cte_main, and container ID 0[0m
[97m/home/cvazquezperezdelacru/clio-core/context-runtime/src/pool_manager.cc:663 INFO 2739228 CreatePool CreatePool: Running Create method for pool PoolId(major:512, minor:0)[0m
[97m/home/cvazquezperezdelacru/clio-core/context-transfer-engine/core/src/core_config.cc:618 INFO 2739228 ParseStorageConfig Parsed 2 storage devices[0m
[97m/home/cvazquezperezdelacru/clio-core/context-transfer-engine/core/src/core_config.cc:636 INFO 2739228 ParseDpeConfig Parsed DPE configuration: type=max_bw[0m
[97m/home/cvazquezperezdelacru/clio-core/context-transfer-engine/core/src/core_config.cc:111 INFO 2739228 LoadFromString Configuration loaded successfully from YAML string[0m
[97m/home/cvazquezperezdelacru/clio-core/context-transfer-engine/core/src/core_runtime.cc:545 INFO 2739228 Create CTE: shared-memory metadata cache enabled (tags=65536, blobs=262144, root_off=488)[0m
[97m/home/cvazquezperezdelacru/clio-core/context-runtime/src/pool_manager.cc:534 INFO 2739230 CreatePool PoolManager: Creating pool 'ram::cte_ram_tier_node0' with 1 containers (one per node)[0m
[97m/home/cvazquezperezdelacru/clio-core/context-runtime/src/pool_manager.cc:615 INFO 2739230 CreatePool Creating container for pool PoolId(major:512, minor:1) on node 0 with container_id=0[0m
[97m/home/cvazquezperezdelacru/clio-core/context-runtime/src/pool_manager.cc:644 INFO 2739230 CreatePool Container initialized with pool ID PoolId(major:512, minor:1), name ram::cte_ram_tier_node0, and container ID 0[0m
[97m/home/cvazquezperezdelacru/clio-core/context-runtime/src/pool_manager.cc:663 INFO 2739230 CreatePool CreatePool: Running Create method for pool PoolId(major:512, minor:1)[0m
[97m/home/cvazquezperezdelacru/clio-core/context-runtime/modules/bdev/src/transports/mem_bdev_transport.cc:142 INFO 2739230 InitShmBacking [#783] RAM bdev 'clio_rambdev_2739206_512_1' is shared-memory backed (32213237760 of 32212254720 bytes mapped)[0m
[97m/home/cvazquezperezdelacru/clio-core/context-runtime/src/pool_manager.cc:666 INFO 2739230 CreatePool CreatePool: Create method completed for pool PoolId(major:512, minor:1)[0m
[97m/home/cvazquezperezdelacru/clio-core/context-runtime/src/pool_manager.cc:700 INFO 2739230 CreatePool PoolManager: Created complete pool PoolId(major:512, minor:1) with ChiMod clio_bdev (1 containers)[0m
[97m/home/cvazquezperezdelacru/clio-core/context-runtime/src/pool_manager.cc:534 INFO 2739230 CreatePool PoolManager: Creating pool '/mnt/nvme/cvazquezperezdelacru/cte_tier_node0' with 1 containers (one per node)[0m
[97m/home/cvazquezperezdelacru/clio-core/context-runtime/src/pool_manager.cc:615 INFO 2739230 CreatePool Creating container for pool PoolId(major:513, minor:1) on node 0 with container_id=0[0m
[97m/home/cvazquezperezdelacru/clio-core/context-runtime/src/pool_manager.cc:644 INFO 2739230 CreatePool Container initialized with pool ID PoolId(major:513, minor:1), name /mnt/nvme/cvazquezperezdelacru/cte_tier_node0, and container ID 0[0m
[97m/home/cvazquezperezdelacru/clio-core/context-runtime/src/pool_manager.cc:663 INFO 2739230 CreatePool CreatePool: Running Create method for pool PoolId(major:513, minor:1)[0m
[97m/home/cvazquezperezdelacru/clio-core/context-runtime/src/pool_manager.cc:666 INFO 2739230 CreatePool CreatePool: Create method completed for pool PoolId(major:513, minor:1)[0m
[97m/home/cvazquezperezdelacru/clio-core/context-runtime/src/pool_manager.cc:700 INFO 2739230 CreatePool PoolManager: Created complete pool PoolId(major:513, minor:1) with ChiMod clio_bdev (1 containers)[0m
[97m/home/cvazquezperezdelacru/clio-core/context-transfer-engine/core/src/core_runtime.cc:663 INFO 2739228 Create CTE Core container created and initialized for pool: cte_main (ID: PoolId(major:512, minor:0))[0m
[97m/home/cvazquezperezdelacru/clio-core/context-transfer-engine/core/src/core_runtime.cc:667 INFO 2739228 Create Configuration: neighborhood=1, poll_period_ms=5000, stat_targets_period_ms=5000[0m
[97m/home/cvazquezperezdelacru/clio-core/context-transfer-engine/core/src/core_runtime.cc:709 INFO 2739228 Create Starting periodic StatTargets task with period 5000 ms[0m
[97m/home/cvazquezperezdelacru/clio-core/context-runtime/src/pool_manager.cc:666 INFO 2739228 CreatePool CreatePool: Create method completed for pool PoolId(major:512, minor:0)[0m
[97m/home/cvazquezperezdelacru/clio-core/context-runtime/src/pool_manager.cc:700 INFO 2739228 CreatePool PoolManager: Created complete pool PoolId(major:512, minor:0) with ChiMod clio_cte_core (1 containers)[0m
[97m/home/cvazquezperezdelacru/clio-core/context-runtime/src/manager.cc:298 INFO 2739206 ServerInit Compose: Successfully created pool cte_main (module: clio_cte_core)[0m
[97m/home/cvazquezperezdelacru/clio-core/context-runtime/src/manager.cc:282 INFO 2739206 ServerInit Compose: Creating pool faiss_ivf_main (module: clio_faiss_ivf, restart: 0)[0m
[97m/home/cvazquezperezdelacru/clio-core/context-runtime/src/pool_manager.cc:534 INFO 2739230 CreatePool PoolManager: Creating pool 'faiss_ivf_main' with 1 containers (one per node)[0m
[97m/home/cvazquezperezdelacru/clio-core/context-runtime/src/pool_manager.cc:615 INFO 2739230 CreatePool Creating container for pool PoolId(major:600, minor:0) on node 0 with container_id=0[0m
[97m/home/cvazquezperezdelacru/clio-core/context-runtime/src/pool_manager.cc:644 INFO 2739230 CreatePool Container initialized with pool ID PoolId(major:600, minor:0), name faiss_ivf_main, and container ID 0[0m
[97m/home/cvazquezperezdelacru/clio-core/context-runtime/src/pool_manager.cc:663 INFO 2739230 CreatePool CreatePool: Running Create method for pool PoolId(major:600, minor:0)[0m
[97m/home/cvazquezperezdelacru/clio-core/context-runtime/src/pool_manager.cc:666 INFO 2739230 CreatePool CreatePool: Create method completed for pool PoolId(major:600, minor:0)[0m
[97m/home/cvazquezperezdelacru/clio-core/context-runtime/src/pool_manager.cc:700 INFO 2739230 CreatePool PoolManager: Created complete pool PoolId(major:600, minor:0) with ChiMod clio_faiss_ivf (1 containers)[0m
[97m/home/cvazquezperezdelacru/clio-core/context-runtime/src/manager.cc:298 INFO 2739206 ServerInit Compose: Successfully created pool faiss_ivf_main (module: clio_faiss_ivf)[0m
[97m/home/cvazquezperezdelacru/clio-core/context-runtime/src/manager.cc:304 INFO 2739206 ServerInit Compose: All 3 pools created successfully[0m
[32m/home/cvazquezperezdelacru/clio-core/context-runtime/src/ipc_manager.cc:1368 SUCCESS 2739206 StartLocalServer Successfully started local server at 127.0.0.1:9414[0m
[97m/home/cvazquezperezdelacru/clio-core/context-runtime/src/manager.cc:137 INFO 2739206 ClientInit RuntimeManager::ClientInit[0m
[97m/home/cvazquezperezdelacru/clio-core/context-runtime/src/manager.cc:181 INFO 2739206 ClientInit ClientInit: g_admin already exists, pool_id_=PoolId(major:0, minor:0)[0m
[33m/home/cvazquezperezdelacru/clio-core/context-runtime/src/scheduler/default_sched.cc:430 WARNING 2739235 LoadBalance [#781 PDF] observed exec-time bins (cumulative): <10us=60087 <50us=462 <500us=9 <10ms=8 <50ms=0 <500ms=2 <1s=0 >=1s=0 | stalls_detected=0[0m
[33m/home/cvazquezperezdelacru/clio-core/context-runtime/src/scheduler/default_sched.cc:439 WARNING 2739235 LoadBalance [#785] lane rescues performed: 0[0m
[33m/home/cvazquezperezdelacru/clio-core/context-runtime/src/scheduler/default_sched.cc:430 WARNING 2739235 LoadBalance [#781 PDF] observed exec-time bins (cumulative): <10us=127053 <50us=715 <500us=15 <10ms=8 <50ms=0 <500ms=2 <1s=0 >=1s=0 | stalls_detected=0[0m
[33m/home/cvazquezperezdelacru/clio-core/context-runtime/src/scheduler/default_sched.cc:439 WARNING 2739235 LoadBalance [#785] lane rescues performed: 0[0m
[33m/home/cvazquezperezdelacru/clio-core/context-runtime/src/scheduler/default_sched.cc:430 WARNING 2739235 LoadBalance [#781 PDF] observed exec-time bins (cumulative): <10us=193734 <50us=1234 <500us=23 <10ms=11 <50ms=0 <500ms=2 <1s=0 >=1s=0 | stalls_detected=0[0m
[33m/home/cvazquezperezdelacru/clio-core/context-runtime/src/scheduler/default_sched.cc:439 WARNING 2739235 LoadBalance [#785] lane rescues performed: 0[0m
[97m/home/cvazquezperezdelacru/clio-core/context-runtime/src/ipc_manager.cc:2288 INFO 2739237 GetOrCreateClient [ClientPool] Creating new persistent connection to 127.0.0.1:46553[0m
[97m/home/cvazquezperezdelacru/clio-core/context-runtime/src/../../context-transport-primitives/include/clio_ctp/lightbeam/zmq_transport.h:152 INFO 2739237 GetSharedContext [ZeroMqTransport] Created shared context with 8 I/O threads[0m
[97m/home/cvazquezperezdelacru/clio-core/context-runtime/src/ipc_manager.cc:2308 INFO 2739237 GetOrCreateClient [ClientPool] Connection established to 127.0.0.1:46553[0m
[97m/home/cvazquezperezdelacru/clio-core/context-runtime/modules/admin/src/admin_runtime.cc:1191 INFO 2739227 RegisterMemory Admin::RegisterMemory: Registering CPU alloc_id (2739332.0)[0m
[97m/home/cvazquezperezdelacru/clio-core/context-runtime/src/ipc_manager.cc:2532 INFO 2739227 RegisterMemory IpcManager::RegisterMemory: Registering clio_2739332_0 from pid 2739332[0m
[97m/home/cvazquezperezdelacru/clio-core/context-runtime/src/ipc_manager.cc:2575 INFO 2739227 RegisterMemory IpcManager::RegisterMemory: Successfully registered clio_2739332_0[0m
[97m/home/cvazquezperezdelacru/clio-core/context-runtime/src/pool_manager.cc:534 INFO 2739231 CreatePool PoolManager: Creating pool 'clio_cte_core' with 1 containers (one per node)[0m
[97m/home/cvazquezperezdelacru/clio-core/context-runtime/src/pool_manager.cc:575 INFO 2739231 CreatePool PoolManager: Pool PoolId(major:512, minor:0) already exists by ID, returning existing pool[0m
[33m/home/cvazquezperezdelacru/clio-core/context-runtime/src/scheduler/default_sched.cc:430 WARNING 2739235 LoadBalance [#781 PDF] observed exec-time bins (cumulative): <10us=259275 <50us=3185 <500us=189 <10ms=256 <50ms=7 <500ms=8 <1s=0 >=1s=0 | stalls_detected=0[0m
[33m/home/cvazquezperezdelacru/clio-core/context-runtime/src/scheduler/default_sched.cc:439 WARNING 2739235 LoadBalance [#785] lane rescues performed: 0[0m
[97m/home/cvazquezperezdelacru/clio-core/context-runtime/modules/admin/src/admin_runtime.cc:1191 INFO 2739227 RegisterMemory Admin::RegisterMemory: Registering CPU alloc_id (2739332.1)[0m
[97m/home/cvazquezperezdelacru/clio-core/context-runtime/src/ipc_manager.cc:2532 INFO 2739227 RegisterMemory IpcManager::RegisterMemory: Registering clio_2739332_1 from pid 2739332[0m
[97m/home/cvazquezperezdelacru/clio-core/context-runtime/src/ipc_manager.cc:2575 INFO 2739227 RegisterMemory IpcManager::RegisterMemory: Successfully registered clio_2739332_1[0m
[97m/home/cvazquezperezdelacru/clio-core/context-runtime/modules/admin/src/admin_runtime.cc:1191 INFO 2739227 RegisterMemory Admin::RegisterMemory: Registering CPU alloc_id (2739332.2)[0m
[97m/home/cvazquezperezdelacru/clio-core/context-runtime/src/ipc_manager.cc:2532 INFO 2739227 RegisterMemory IpcManager::RegisterMemory: Registering clio_2739332_2 from pid 2739332[0m
[97m/home/cvazquezperezdelacru/clio-core/context-runtime/src/ipc_manager.cc:2575 INFO 2739227 RegisterMemory IpcManager::RegisterMemory: Successfully registered clio_2739332_2[0m
[97m/home/cvazquezperezdelacru/clio-core/context-runtime/modules/admin/src/admin_runtime.cc:1191 INFO 2739227 RegisterMemory Admin::RegisterMemory: Registering CPU alloc_id (2739332.3)[0m
[97m/home/cvazquezperezdelacru/clio-core/context-runtime/src/ipc_manager.cc:2532 INFO 2739227 RegisterMemory IpcManager::RegisterMemory: Registering clio_2739332_3 from pid 2739332[0m
[97m/home/cvazquezperezdelacru/clio-core/context-runtime/src/ipc_manager.cc:2575 INFO 2739227 RegisterMemory IpcManager::RegisterMemory: Successfully registered clio_2739332_3[0m
[97m/home/cvazquezperezdelacru/clio-core/context-runtime/modules/admin/src/admin_runtime.cc:1191 INFO 2739227 RegisterMemory Admin::RegisterMemory: Registering CPU alloc_id (2739332.4)[0m
[97m/home/cvazquezperezdelacru/clio-core/context-runtime/src/ipc_manager.cc:2532 INFO 2739227 RegisterMemory IpcManager::RegisterMemory: Registering clio_2739332_4 from pid 2739332[0m
[97m/home/cvazquezperezdelacru/clio-core/context-runtime/src/ipc_manager.cc:2575 INFO 2739227 RegisterMemory IpcManager::RegisterMemory: Successfully registered clio_2739332_4[0m
[33m/home/cvazquezperezdelacru/clio-core/context-runtime/src/scheduler/default_sched.cc:430 WARNING 2739235 LoadBalance [#781 PDF] observed exec-time bins (cumulative): <10us=324512 <50us=5937 <500us=429 <10ms=619 <50ms=14 <500ms=19 <1s=0 >=1s=0 | stalls_detected=0[0m
[33m/home/cvazquezperezdelacru/clio-core/context-runtime/src/scheduler/default_sched.cc:439 WARNING 2739235 LoadBalance [#785] lane rescues performed: 0[0m
[97m/home/cvazquezperezdelacru/clio-core/context-runtime/modules/admin/src/admin_runtime.cc:1191 INFO 2739230 RegisterMemory Admin::RegisterMemory: Registering CPU alloc_id (2739332.5)[0m
[97m/home/cvazquezperezdelacru/clio-core/context-runtime/src/ipc_manager.cc:2532 INFO 2739230 RegisterMemory IpcManager::RegisterMemory: Registering clio_2739332_5 from pid 2739332[0m
[97m/home/cvazquezperezdelacru/clio-core/context-runtime/src/ipc_manager.cc:2575 INFO 2739230 RegisterMemory IpcManager::RegisterMemory: Successfully registered clio_2739332_5[0m
[97m/home/cvazquezperezdelacru/clio-core/context-runtime/modules/admin/src/admin_runtime.cc:1191 INFO 2739230 RegisterMemory Admin::RegisterMemory: Registering CPU alloc_id (2739332.6)[0m
[97m/home/cvazquezperezdelacru/clio-core/context-runtime/src/ipc_manager.cc:2532 INFO 2739230 RegisterMemory IpcManager::RegisterMemory: Registering clio_2739332_6 from pid 2739332[0m
[97m/home/cvazquezperezdelacru/clio-core/context-runtime/src/ipc_manager.cc:2575 INFO 2739230 RegisterMemory IpcManager::RegisterMemory: Successfully registered clio_2739332_6[0m
[97m/home/cvazquezperezdelacru/clio-core/context-runtime/modules/admin/src/admin_runtime.cc:1191 INFO 2739231 RegisterMemory Admin::RegisterMemory: Registering CPU alloc_id (2739332.7)[0m
[97m/home/cvazquezperezdelacru/clio-core/context-runtime/src/ipc_manager.cc:2532 INFO 2739231 RegisterMemory IpcManager::RegisterMemory: Registering clio_2739332_7 from pid 2739332[0m
[97m/home/cvazquezperezdelacru/clio-core/context-runtime/src/ipc_manager.cc:2575 INFO 2739231 RegisterMemory IpcManager::RegisterMemory: Successfully registered clio_2739332_7[0m
[33m/home/cvazquezperezdelacru/clio-core/context-runtime/src/scheduler/default_sched.cc:430 WARNING 2739235 LoadBalance [#781 PDF] observed exec-time bins (cumulative): <10us=391758 <50us=6683 <500us=662 <10ms=952 <50ms=28 <500ms=22 <1s=0 >=1s=0 | stalls_detected=0[0m
[33m/home/cvazquezperezdelacru/clio-core/context-runtime/src/scheduler/default_sched.cc:439 WARNING 2739235 LoadBalance [#785] lane rescues performed: 0[0m
[97m/home/cvazquezperezdelacru/clio-core/context-runtime/modules/admin/src/admin_runtime.cc:1191 INFO 2739228 RegisterMemory Admin::RegisterMemory: Registering CPU alloc_id (2739332.8)[0m
[97m/home/cvazquezperezdelacru/clio-core/context-runtime/src/ipc_manager.cc:2532 INFO 2739228 RegisterMemory IpcManager::RegisterMemory: Registering clio_2739332_8 from pid 2739332[0m
[97m/home/cvazquezperezdelacru/clio-core/context-runtime/src/ipc_manager.cc:2575 INFO 2739228 RegisterMemory IpcManager::RegisterMemory: Successfully registered clio_2739332_8[0m
[97m/home/cvazquezperezdelacru/clio-core/context-runtime/modules/admin/src/admin_runtime.cc:1191 INFO 2739231 RegisterMemory Admin::RegisterMemory: Registering CPU alloc_id (2739332.9)[0m
[97m/home/cvazquezperezdelacru/clio-core/context-runtime/src/ipc_manager.cc:2532 INFO 2739231 RegisterMemory IpcManager::RegisterMemory: Registering clio_2739332_9 from pid 2739332[0m
[97m/home/cvazquezperezdelacru/clio-core/context-runtime/src/ipc_manager.cc:2575 INFO 2739231 RegisterMemory IpcManager::RegisterMemory: Successfully registered clio_2739332_9[0m
[97m/home/cvazquezperezdelacru/clio-core/context-runtime/modules/admin/src/admin_runtime.cc:1191 INFO 2739231 RegisterMemory Admin::RegisterMemory: Registering CPU alloc_id (2739332.10)[0m
[97m/home/cvazquezperezdelacru/clio-core/context-runtime/src/ipc_manager.cc:2532 INFO 2739231 RegisterMemory IpcManager::RegisterMemory: Registering clio_2739332_10 from pid 2739332[0m
[97m/home/cvazquezperezdelacru/clio-core/context-runtime/src/ipc_manager.cc:2575 INFO 2739231 RegisterMemory IpcManager::RegisterMemory: Successfully registered clio_2739332_10[0m
[97m/home/cvazquezperezdelacru/clio-core/context-runtime/modules/admin/src/admin_runtime.cc:1191 INFO 2739229 RegisterMemory Admin::RegisterMemory: Registering CPU alloc_id (2739332.11)[0m
[97m/home/cvazquezperezdelacru/clio-core/context-runtime/src/ipc_manager.cc:2532 INFO 2739229 RegisterMemory IpcManager::RegisterMemory: Registering clio_2739332_11 from pid 2739332[0m
[97m/home/cvazquezperezdelacru/clio-core/context-runtime/src/ipc_manager.cc:2575 INFO 2739229 RegisterMemory IpcManager::RegisterMemory: Successfully registered clio_2739332_11[0m
[97m/home/cvazquezperezdelacru/clio-core/context-runtime/modules/admin/src/admin_runtime.cc:1191 INFO 2739228 RegisterMemory Admin::RegisterMemory: Registering CPU alloc_id (2739332.12)[0m
[97m/home/cvazquezperezdelacru/clio-core/context-runtime/src/ipc_manager.cc:2532 INFO 2739228 RegisterMemory IpcManager::RegisterMemory: Registering clio_2739332_12 from pid 2739332[0m
[97m/home/cvazquezperezdelacru/clio-core/context-runtime/src/ipc_manager.cc:2575 INFO 2739228 RegisterMemory IpcManager::RegisterMemory: Successfully registered clio_2739332_12[0m
[33m/home/cvazquezperezdelacru/clio-core/context-runtime/src/scheduler/default_sched.cc:430 WARNING 2739235 LoadBalance [#781 PDF] observed exec-time bins (cumulative): <10us=458768 <50us=7743 <500us=909 <10ms=1277 <50ms=37 <500ms=30 <1s=0 >=1s=0 | stalls_detected=0[0m
[33m/home/cvazquezperezdelacru/clio-core/context-runtime/src/scheduler/default_sched.cc:439 WARNING 2739235 LoadBalance [#785] lane rescues performed: 0[0m
[97m/home/cvazquezperezdelacru/clio-core/context-runtime/modules/admin/src/admin_runtime.cc:1191 INFO 2739228 RegisterMemory Admin::RegisterMemory: Registering CPU alloc_id (2739332.13)[0m
[97m/home/cvazquezperezdelacru/clio-core/context-runtime/src/ipc_manager.cc:2532 INFO 2739228 RegisterMemory IpcManager::RegisterMemory: Registering clio_2739332_13 from pid 2739332[0m
[97m/home/cvazquezperezdelacru/clio-core/context-runtime/src/ipc_manager.cc:2575 INFO 2739228 RegisterMemory IpcManager::RegisterMemory: Successfully registered clio_2739332_13[0m
[97m/home/cvazquezperezdelacru/clio-core/context-runtime/modules/admin/src/admin_runtime.cc:1191 INFO 2739229 RegisterMemory Admin::RegisterMemory: Registering CPU alloc_id (2739332.14)[0m
[97m/home/cvazquezperezdelacru/clio-core/context-runtime/src/ipc_manager.cc:2532 INFO 2739229 RegisterMemory IpcManager::RegisterMemory: Registering clio_2739332_14 from pid 2739332[0m
[97m/home/cvazquezperezdelacru/clio-core/context-runtime/src/ipc_manager.cc:2575 INFO 2739229 RegisterMemory IpcManager::RegisterMemory: Successfully registered clio_2739332_14[0m
[97m/home/cvazquezperezdelacru/clio-core/context-runtime/modules/admin/src/admin_runtime.cc:1191 INFO 2739228 RegisterMemory Admin::RegisterMemory: Registering CPU alloc_id (2739332.15)[0m
[97m/home/cvazquezperezdelacru/clio-core/context-runtime/src/ipc_manager.cc:2532 INFO 2739228 RegisterMemory IpcManager::RegisterMemory: Registering clio_2739332_15 from pid 2739332[0m
[97m/home/cvazquezperezdelacru/clio-core/context-runtime/src/ipc_manager.cc:2575 INFO 2739228 RegisterMemory IpcManager::RegisterMemory: Successfully registered clio_2739332_15[0m
[97m/home/cvazquezperezdelacru/clio-core/context-runtime/modules/admin/src/admin_runtime.cc:1191 INFO 2739229 RegisterMemory Admin::RegisterMemory: Registering CPU alloc_id (2739332.16)[0m
[97m/home/cvazquezperezdelacru/clio-core/context-runtime/src/ipc_manager.cc:2532 INFO 2739229 RegisterMemory IpcManager::RegisterMemory: Registering clio_2739332_16 from pid 2739332[0m
[97m/home/cvazquezperezdelacru/clio-core/context-runtime/src/ipc_manager.cc:2575 INFO 2739229 RegisterMemory IpcManager::RegisterMemory: Successfully registered clio_2739332_16[0m
[97m/home/cvazquezperezdelacru/clio-core/context-runtime/modules/admin/src/admin_runtime.cc:1191 INFO 2739229 RegisterMemory Admin::RegisterMemory: Registering CPU alloc_id (2739332.17)[0m
[97m/home/cvazquezperezdelacru/clio-core/context-runtime/src/ipc_manager.cc:2532 INFO 2739229 RegisterMemory IpcManager::RegisterMemory: Registering clio_2739332_17 from pid 2739332[0m
[97m/home/cvazquezperezdelacru/clio-core/context-runtime/src/ipc_manager.cc:2575 INFO 2739229 RegisterMemory IpcManager::RegisterMemory: Successfully registered clio_2739332_17[0m
[33m/home/cvazquezperezdelacru/clio-core/context-runtime/src/scheduler/default_sched.cc:430 WARNING 2739235 LoadBalance [#781 PDF] observed exec-time bins (cumulative): <10us=527077 <50us=8350 <500us=1109 <10ms=1642 <50ms=51 <500ms=34 <1s=0 >=1s=0 | stalls_detected=0[0m
[33m/home/cvazquezperezdelacru/clio-core/context-runtime/src/scheduler/default_sched.cc:439 WARNING 2739235 LoadBalance [#785] lane rescues performed: 0[0m
[97m/home/cvazquezperezdelacru/clio-core/context-runtime/modules/admin/src/admin_runtime.cc:1191 INFO 2739229 RegisterMemory Admin::RegisterMemory: Registering CPU alloc_id (2739332.18)[0m
[97m/home/cvazquezperezdelacru/clio-core/context-runtime/src/ipc_manager.cc:2532 INFO 2739229 RegisterMemory IpcManager::RegisterMemory: Registering clio_2739332_18 from pid 2739332[0m
[97m/home/cvazquezperezdelacru/clio-core/context-runtime/src/ipc_manager.cc:2575 INFO 2739229 RegisterMemory IpcManager::RegisterMemory: Successfully registered clio_2739332_18[0m
[97m/home/cvazquezperezdelacru/clio-core/context-runtime/modules/admin/src/admin_runtime.cc:1191 INFO 2739229 RegisterMemory Admin::RegisterMemory: Registering CPU alloc_id (2739332.19)[0m
[97m/home/cvazquezperezdelacru/clio-core/context-runtime/src/ipc_manager.cc:2532 INFO 2739229 RegisterMemory IpcManager::RegisterMemory: Registering clio_2739332_19 from pid 2739332[0m
[97m/home/cvazquezperezdelacru/clio-core/context-runtime/src/ipc_manager.cc:2575 INFO 2739229 RegisterMemory IpcManager::RegisterMemory: Successfully registered clio_2739332_19[0m
[33m/home/cvazquezperezdelacru/clio-core/context-runtime/src/scheduler/default_sched.cc:430 WARNING 2739235 LoadBalance [#781 PDF] observed exec-time bins (cumulative): <10us=594634 <50us=9113 <500us=1341 <10ms=1998 <50ms=62 <500ms=41 <1s=0 >=1s=0 | stalls_detected=0[0m
[33m/home/cvazquezperezdelacru/clio-core/context-runtime/src/scheduler/default_sched.cc:439 WARNING 2739235 LoadBalance [#785] lane rescues performed: 0[0m
[97m/home/cvazquezperezdelacru/clio-core/context-runtime/modules/admin/src/admin_runtime.cc:1191 INFO 2739229 RegisterMemory Admin::RegisterMemory: Registering CPU alloc_id (2739332.20)[0m
[97m/home/cvazquezperezdelacru/clio-core/context-runtime/src/ipc_manager.cc:2532 INFO 2739229 RegisterMemory IpcManager::RegisterMemory: Registering clio_2739332_20 from pid 2739332[0m
[97m/home/cvazquezperezdelacru/clio-core/context-runtime/src/ipc_manager.cc:2575 INFO 2739229 RegisterMemory IpcManager::RegisterMemory: Successfully registered clio_2739332_20[0m
[97m/home/cvazquezperezdelacru/clio-core/context-runtime/modules/admin/src/admin_runtime.cc:1191 INFO 2739228 RegisterMemory Admin::RegisterMemory: Registering CPU alloc_id (2739332.21)[0m
[97m/home/cvazquezperezdelacru/clio-core/context-runtime/src/ipc_manager.cc:2532 INFO 2739228 RegisterMemory IpcManager::RegisterMemory: Registering clio_2739332_21 from pid 2739332[0m
[97m/home/cvazquezperezdelacru/clio-core/context-runtime/src/ipc_manager.cc:2575 INFO 2739228 RegisterMemory IpcManager::RegisterMemory: Successfully registered clio_2739332_21[0m
[97m/home/cvazquezperezdelacru/clio-core/context-runtime/modules/admin/src/admin_runtime.cc:1191 INFO 2739228 RegisterMemory Admin::RegisterMemory: Registering CPU alloc_id (2739332.22)[0m
[97m/home/cvazquezperezdelacru/clio-core/context-runtime/src/ipc_manager.cc:2532 INFO 2739228 RegisterMemory IpcManager::RegisterMemory: Registering clio_2739332_22 from pid 2739332[0m
[97m/home/cvazquezperezdelacru/clio-core/context-runtime/src/ipc_manager.cc:2575 INFO 2739228 RegisterMemory IpcManager::RegisterMemory: Successfully registered clio_2739332_22[0m
[33m/home/cvazquezperezdelacru/clio-core/context-runtime/src/scheduler/default_sched.cc:430 WARNING 2739235 LoadBalance [#781 PDF] observed exec-time bins (cumulative): <10us=661141 <50us=11893 <500us=1566 <10ms=2341 <50ms=70 <500ms=50 <1s=0 >=1s=0 | stalls_detected=0[0m
[33m/home/cvazquezperezdelacru/clio-core/context-runtime/src/scheduler/default_sched.cc:439 WARNING 2739235 LoadBalance [#785] lane rescues performed: 0[0m
[31m/home/cvazquezperezdelacru/clio-core/context-runtime/src/scheduler/default_sched.cc:726 ERROR 2739235 LoadBalance [HANGWATCH-HB] processed=7483 outstanding=3 (queued=3 blocked=0 retry=0 periodic=7) live=1 live_stalled=0[0m
[97m/home/cvazquezperezdelacru/clio-core/context-runtime/modules/admin/src/admin_runtime.cc:1191 INFO 2739228 RegisterMemory Admin::RegisterMemory: Registering CPU alloc_id (2739332.23)[0m
[97m/home/cvazquezperezdelacru/clio-core/context-runtime/src/ipc_manager.cc:2532 INFO 2739228 RegisterMemory IpcManager::RegisterMemory: Registering clio_2739332_23 from pid 2739332[0m
[97m/home/cvazquezperezdelacru/clio-core/context-runtime/src/ipc_manager.cc:2575 INFO 2739228 RegisterMemory IpcManager::RegisterMemory: Successfully registered clio_2739332_23[0m
[97m/home/cvazquezperezdelacru/clio-core/context-runtime/modules/admin/src/admin_runtime.cc:1191 INFO 2739229 RegisterMemory Admin::RegisterMemory: Registering CPU alloc_id (2739332.24)[0m
[97m/home/cvazquezperezdelacru/clio-core/context-runtime/src/ipc_manager.cc:2532 INFO 2739229 RegisterMemory IpcManager::RegisterMemory: Registering clio_2739332_24 from pid 2739332[0m
[97m/home/cvazquezperezdelacru/clio-core/context-runtime/src/ipc_manager.cc:2575 INFO 2739229 RegisterMemory IpcManager::RegisterMemory: Successfully registered clio_2739332_24[0m
[97m/home/cvazquezperezdelacru/clio-core/context-runtime/modules/admin/src/admin_runtime.cc:1191 INFO 2739228 RegisterMemory Admin::RegisterMemory: Registering CPU alloc_id (2739332.25)[0m
[97m/home/cvazquezperezdelacru/clio-core/context-runtime/src/ipc_manager.cc:2532 INFO 2739228 RegisterMemory IpcManager::RegisterMemory: Registering clio_2739332_25 from pid 2739332[0m
[97m/home/cvazquezperezdelacru/clio-core/context-runtime/src/ipc_manager.cc:2575 INFO 2739228 RegisterMemory IpcManager::RegisterMemory: Successfully registered clio_2739332_25[0m
[33m/home/cvazquezperezdelacru/clio-core/context-runtime/src/scheduler/default_sched.cc:430 WARNING 2739235 LoadBalance [#781 PDF] observed exec-time bins (cumulative): <10us=727607 <50us=14742 <500us=1896 <10ms=2604 <50ms=74 <500ms=63 <1s=0 >=1s=0 | stalls_detected=0[0m
[33m/home/cvazquezperezdelacru/clio-core/context-runtime/src/scheduler/default_sched.cc:439 WARNING 2739235 LoadBalance [#785] lane rescues performed: 0[0m
[97m/home/cvazquezperezdelacru/clio-core/context-runtime/modules/admin/src/admin_runtime.cc:1191 INFO 2739228 RegisterMemory Admin::RegisterMemory: Registering CPU alloc_id (2739332.26)[0m
[97m/home/cvazquezperezdelacru/clio-core/context-runtime/src/ipc_manager.cc:2532 INFO 2739228 RegisterMemory IpcManager::RegisterMemory: Registering clio_2739332_26 from pid 2739332[0m
[97m/home/cvazquezperezdelacru/clio-core/context-runtime/src/ipc_manager.cc:2575 INFO 2739228 RegisterMemory IpcManager::RegisterMemory: Successfully registered clio_2739332_26[0m
[97m/home/cvazquezperezdelacru/clio-core/context-runtime/modules/admin/src/admin_runtime.cc:1191 INFO 2739228 RegisterMemory Admin::RegisterMemory: Registering CPU alloc_id (2739332.27)[0m
[97m/home/cvazquezperezdelacru/clio-core/context-runtime/src/ipc_manager.cc:2532 INFO 2739228 RegisterMemory IpcManager::RegisterMemory: Registering clio_2739332_27 from pid 2739332[0m
[97m/home/cvazquezperezdelacru/clio-core/context-runtime/src/ipc_manager.cc:2575 INFO 2739228 RegisterMemory IpcManager::RegisterMemory: Successfully registered clio_2739332_27[0m
[97m/home/cvazquezperezdelacru/clio-core/context-runtime/modules/admin/src/admin_runtime.cc:1191 INFO 2739229 RegisterMemory Admin::RegisterMemory: Registering CPU alloc_id (2739332.28)[0m
[97m/home/cvazquezperezdelacru/clio-core/context-runtime/src/ipc_manager.cc:2532 INFO 2739229 RegisterMemory IpcManager::RegisterMemory: Registering clio_2739332_28 from pid 2739332[0m
[97m/home/cvazquezperezdelacru/clio-core/context-runtime/src/ipc_manager.cc:2575 INFO 2739229 RegisterMemory IpcManager::RegisterMemory: Successfully registered clio_2739332_28[0m
[97m/home/cvazquezperezdelacru/clio-core/context-runtime/modules/admin/src/admin_runtime.cc:1191 INFO 2739228 RegisterMemory Admin::RegisterMemory: Registering CPU alloc_id (2739332.29)[0m
[97m/home/cvazquezperezdelacru/clio-core/context-runtime/src/ipc_manager.cc:2532 INFO 2739228 RegisterMemory IpcManager::RegisterMemory: Registering clio_2739332_29 from pid 2739332[0m
[97m/home/cvazquezperezdelacru/clio-core/context-runtime/src/ipc_manager.cc:2575 INFO 2739228 RegisterMemory IpcManager::RegisterMemory: Successfully registered clio_2739332_29[0m
[33m/home/cvazquezperezdelacru/clio-core/context-runtime/src/scheduler/default_sched.cc:430 WARNING 2739235 LoadBalance [#781 PDF] observed exec-time bins (cumulative): <10us=793069 <50us=17887 <500us=2222 <10ms=2818 <50ms=74 <500ms=79 <1s=0 >=1s=0 | stalls_detected=0[0m
[33m/home/cvazquezperezdelacru/clio-core/context-runtime/src/scheduler/default_sched.cc:439 WARNING 2739235 LoadBalance [#785] lane rescues performed: 0[0m
[97m/home/cvazquezperezdelacru/clio-core/context-runtime/modules/admin/src/admin_runtime.cc:1191 INFO 2739228 RegisterMemory Admin::RegisterMemory: Registering CPU alloc_id (2739332.30)[0m
[97m/home/cvazquezperezdelacru/clio-core/context-runtime/src/ipc_manager.cc:2532 INFO 2739228 RegisterMemory IpcManager::RegisterMemory: Registering clio_2739332_30 from pid 2739332[0m
[97m/home/cvazquezperezdelacru/clio-core/context-runtime/src/ipc_manager.cc:2575 INFO 2739228 RegisterMemory IpcManager::RegisterMemory: Successfully registered clio_2739332_30[0m
[97m/home/cvazquezperezdelacru/clio-core/context-runtime/modules/admin/src/admin_runtime.cc:1191 INFO 2739230 RegisterMemory Admin::RegisterMemory: Registering CPU alloc_id (2739332.31)[0m
[97m/home/cvazquezperezdelacru/clio-core/context-runtime/src/ipc_manager.cc:2532 INFO 2739230 RegisterMemory IpcManager::RegisterMemory: Registering clio_2739332_31 from pid 2739332[0m
[97m/home/cvazquezperezdelacru/clio-core/context-runtime/src/ipc_manager.cc:2575 INFO 2739230 RegisterMemory IpcManager::RegisterMemory: Successfully registered clio_2739332_31[0m
[97m/home/cvazquezperezdelacru/clio-core/context-runtime/modules/admin/src/admin_runtime.cc:1191 INFO 2739228 RegisterMemory Admin::RegisterMemory: Registering CPU alloc_id (2739332.32)[0m
[97m/home/cvazquezperezdelacru/clio-core/context-runtime/src/ipc_manager.cc:2532 INFO 2739228 RegisterMemory IpcManager::RegisterMemory: Registering clio_2739332_32 from pid 2739332[0m
[97m/home/cvazquezperezdelacru/clio-core/context-runtime/src/ipc_manager.cc:2575 INFO 2739228 RegisterMemory IpcManager::RegisterMemory: Successfully registered clio_2739332_32[0m
[97m/home/cvazquezperezdelacru/clio-core/context-runtime/modules/admin/src/admin_runtime.cc:1191 INFO 2739228 RegisterMemory Admin::RegisterMemory: Registering CPU alloc_id (2739332.33)[0m
[97m/home/cvazquezperezdelacru/clio-core/context-runtime/src/ipc_manager.cc:2532 INFO 2739228 RegisterMemory IpcManager::RegisterMemory: Registering clio_2739332_33 from pid 2739332[0m
[97m/home/cvazquezperezdelacru/clio-core/context-runtime/src/ipc_manager.cc:2575 INFO 2739228 RegisterMemory IpcManager::RegisterMemory: Successfully registered clio_2739332_33[0m
[33m/home/cvazquezperezdelacru/clio-core/context-runtime/src/scheduler/default_sched.cc:430 WARNING 2739235 LoadBalance [#781 PDF] observed exec-time bins (cumulative): <10us=859787 <50us=19586 <500us=2527 <10ms=3074 <50ms=74 <500ms=96 <1s=0 >=1s=0 | stalls_detected=0[0m
[33m/home/cvazquezperezdelacru/clio-core/context-runtime/src/scheduler/default_sched.cc:439 WARNING 2739235 LoadBalance [#785] lane rescues performed: 0[0m
[97m/home/cvazquezperezdelacru/clio-core/context-runtime/modules/admin/src/admin_runtime.cc:1191 INFO 2739228 RegisterMemory Admin::RegisterMemory: Registering CPU alloc_id (2739332.34)[0m
[97m/home/cvazquezperezdelacru/clio-core/context-runtime/src/ipc_manager.cc:2532 INFO 2739228 RegisterMemory IpcManager::RegisterMemory: Registering clio_2739332_34 from pid 2739332[0m
[97m/home/cvazquezperezdelacru/clio-core/context-runtime/src/ipc_manager.cc:2575 INFO 2739228 RegisterMemory IpcManager::RegisterMemory: Successfully registered clio_2739332_34[0m
[97m/home/cvazquezperezdelacru/clio-core/context-runtime/modules/admin/src/admin_runtime.cc:1191 INFO 2739229 RegisterMemory Admin::RegisterMemory: Registering CPU alloc_id (2739332.35)[0m
[97m/home/cvazquezperezdelacru/clio-core/context-runtime/src/ipc_manager.cc:2532 INFO 2739229 RegisterMemory IpcManager::RegisterMemory: Registering clio_2739332_35 from pid 2739332[0m
[97m/home/cvazquezperezdelacru/clio-core/context-runtime/src/ipc_manager.cc:2575 INFO 2739229 RegisterMemory IpcManager::RegisterMemory: Successfully registered clio_2739332_35[0m
[97m/home/cvazquezperezdelacru/clio-core/context-runtime/modules/admin/src/admin_runtime.cc:1191 INFO 2739228 RegisterMemory Admin::RegisterMemory: Registering CPU alloc_id (2739332.36)[0m
[97m/home/cvazquezperezdelacru/clio-core/context-runtime/src/ipc_manager.cc:2532 INFO 2739228 RegisterMemory IpcManager::RegisterMemory: Registering clio_2739332_36 from pid 2739332[0m
[97m/home/cvazquezperezdelacru/clio-core/context-runtime/src/ipc_manager.cc:2575 INFO 2739228 RegisterMemory IpcManager::RegisterMemory: Successfully registered clio_2739332_36[0m
[33m/home/cvazquezperezdelacru/clio-core/context-runtime/src/scheduler/default_sched.cc:430 WARNING 2739235 LoadBalance [#781 PDF] observed exec-time bins (cumulative): <10us=927549 <50us=20375 <500us=2837 <10ms=3339 <50ms=74 <500ms=114 <1s=0 >=1s=0 | stalls_detected=0[0m
[33m/home/cvazquezperezdelacru/clio-core/context-runtime/src/scheduler/default_sched.cc:439 WARNING 2739235 LoadBalance [#785] lane rescues performed: 0[0m
[97m/home/cvazquezperezdelacru/clio-core/context-runtime/modules/admin/src/admin_runtime.cc:1191 INFO 2739228 RegisterMemory Admin::RegisterMemory: Registering CPU alloc_id (2739332.37)[0m
[97m/home/cvazquezperezdelacru/clio-core/context-runtime/src/ipc_manager.cc:2532 INFO 2739228 RegisterMemory IpcManager::RegisterMemory: Registering clio_2739332_37 from pid 2739332[0m
[97m/home/cvazquezperezdelacru/clio-core/context-runtime/src/ipc_manager.cc:2575 INFO 2739228 RegisterMemory IpcManager::RegisterMemory: Successfully registered clio_2739332_37[0m
[97m/home/cvazquezperezdelacru/clio-core/context-runtime/modules/admin/src/admin_runtime.cc:1191 INFO 2739228 RegisterMemory Admin::RegisterMemory: Registering CPU alloc_id (2739332.38)[0m
[97m/home/cvazquezperezdelacru/clio-core/context-runtime/src/ipc_manager.cc:2532 INFO 2739228 RegisterMemory IpcManager::RegisterMemory: Registering clio_2739332_38 from pid 2739332[0m
[97m/home/cvazquezperezdelacru/clio-core/context-runtime/src/ipc_manager.cc:2575 INFO 2739228 RegisterMemory IpcManager::RegisterMemory: Successfully registered clio_2739332_38[0m
[33m/home/cvazquezperezdelacru/clio-core/context-runtime/src/scheduler/default_sched.cc:430 WARNING 2739235 LoadBalance [#781 PDF] observed exec-time bins (cumulative): <10us=995391 <50us=21222 <500us=3192 <10ms=3600 <50ms=74 <500ms=135 <1s=0 >=1s=0 | stalls_detected=0[0m
[33m/home/cvazquezperezdelacru/clio-core/context-runtime/src/scheduler/default_sched.cc:439 WARNING 2739235 LoadBalance [#785] lane rescues performed: 0[0m
[97m/home/cvazquezperezdelacru/clio-core/context-runtime/modules/admin/src/admin_runtime.cc:1191 INFO 2739228 RegisterMemory Admin::RegisterMemory: Registering CPU alloc_id (2739332.39)[0m
[97m/home/cvazquezperezdelacru/clio-core/context-runtime/src/ipc_manager.cc:2532 INFO 2739228 RegisterMemory IpcManager::RegisterMemory: Registering clio_2739332_39 from pid 2739332[0m
[97m/home/cvazquezperezdelacru/clio-core/context-runtime/src/ipc_manager.cc:2575 INFO 2739228 RegisterMemory IpcManager::RegisterMemory: Successfully registered clio_2739332_39[0m
[97m/home/cvazquezperezdelacru/clio-core/context-runtime/modules/admin/src/admin_runtime.cc:1191 INFO 2739228 RegisterMemory Admin::RegisterMemory: Registering CPU alloc_id (2739332.40)[0m
[97m/home/cvazquezperezdelacru/clio-core/context-runtime/src/ipc_manager.cc:2532 INFO 2739228 RegisterMemory IpcManager::RegisterMemory: Registering clio_2739332_40 from pid 2739332[0m
[97m/home/cvazquezperezdelacru/clio-core/context-runtime/src/ipc_manager.cc:2575 INFO 2739228 RegisterMemory IpcManager::RegisterMemory: Successfully registered clio_2739332_40[0m
[31m/home/cvazquezperezdelacru/clio-core/context-runtime/src/scheduler/default_sched.cc:726 ERROR 2739235 LoadBalance [HANGWATCH-HB] processed=13384 outstanding=4 (queued=4 blocked=0 retry=0 periodic=7) live=1 live_stalled=0[0m
[97m/home/cvazquezperezdelacru/clio-core/context-runtime/modules/admin/src/admin_runtime.cc:1191 INFO 2739228 RegisterMemory Admin::RegisterMemory: Registering CPU alloc_id (2739332.41)[0m
[97m/home/cvazquezperezdelacru/clio-core/context-runtime/src/ipc_manager.cc:2532 INFO 2739228 RegisterMemory IpcManager::RegisterMemory: Registering clio_2739332_41 from pid 2739332[0m
[97m/home/cvazquezperezdelacru/clio-core/context-runtime/src/ipc_manager.cc:2575 INFO 2739228 RegisterMemory IpcManager::RegisterMemory: Successfully registered clio_2739332_41[0m
[97m/home/cvazquezperezdelacru/clio-core/context-runtime/modules/admin/src/admin_runtime.cc:1191 INFO 2739228 RegisterMemory Admin::RegisterMemory: Registering CPU alloc_id (2739332.42)[0m
[97m/home/cvazquezperezdelacru/clio-core/context-runtime/src/ipc_manager.cc:2532 INFO 2739228 RegisterMemory IpcManager::RegisterMemory: Registering clio_2739332_42 from pid 2739332[0m
[97m/home/cvazquezperezdelacru/clio-core/context-runtime/src/ipc_manager.cc:2575 INFO 2739228 RegisterMemory IpcManager::RegisterMemory: Successfully registered clio_2739332_42[0m
[97m/home/cvazquezperezdelacru/clio-core/context-runtime/modules/admin/src/admin_runtime.cc:1191 INFO 2739229 RegisterMemory Admin::RegisterMemory: Registering CPU alloc_id (2739332.43)[0m
[97m/home/cvazquezperezdelacru/clio-core/context-runtime/src/ipc_manager.cc:2532 INFO 2739229 RegisterMemory IpcManager::RegisterMemory: Registering clio_2739332_43 from pid 2739332[0m
[97m/home/cvazquezperezdelacru/clio-core/context-runtime/src/ipc_manager.cc:2575 INFO 2739229 RegisterMemory IpcManager::RegisterMemory: Successfully registered clio_2739332_43[0m
[33m/home/cvazquezperezdelacru/clio-core/context-runtime/src/scheduler/default_sched.cc:430 WARNING 2739235 LoadBalance [#781 PDF] observed exec-time bins (cumulative): <10us=1063510 <50us=21844 <500us=3499 <10ms=3873 <50ms=74 <500ms=152 <1s=0 >=1s=0 | stalls_detected=0[0m
[33m/home/cvazquezperezdelacru/clio-core/context-runtime/src/scheduler/default_sched.cc:439 WARNING 2739235 LoadBalance [#785] lane rescues performed: 0[0m
[31m/home/cvazquezperezdelacru/clio-core/context-runtime/src/scheduler/default_sched.cc:726 ERROR 2739235 LoadBalance [HANGWATCH-HB] processed=14389 outstanding=1 (queued=1 blocked=0 retry=0 periodic=6) live=2 live_stalled=0[0m
[97m/home/cvazquezperezdelacru/clio-core/context-runtime/modules/admin/src/admin_runtime.cc:1191 INFO 2739228 RegisterMemory Admin::RegisterMemory: Registering CPU alloc_id (2739332.44)[0m
[97m/home/cvazquezperezdelacru/clio-core/context-runtime/src/ipc_manager.cc:2532 INFO 2739228 RegisterMemory IpcManager::RegisterMemory: Registering clio_2739332_44 from pid 2739332[0m
[97m/home/cvazquezperezdelacru/clio-core/context-runtime/src/ipc_manager.cc:2575 INFO 2739228 RegisterMemory IpcManager::RegisterMemory: Successfully registered clio_2739332_44[0m
[97m/home/cvazquezperezdelacru/clio-core/context-runtime/modules/admin/src/admin_runtime.cc:1191 INFO 2739229 RegisterMemory Admin::RegisterMemory: Registering CPU alloc_id (2739332.45)[0m
[97m/home/cvazquezperezdelacru/clio-core/context-runtime/src/ipc_manager.cc:2532 INFO 2739229 RegisterMemory IpcManager::RegisterMemory: Registering clio_2739332_45 from pid 2739332[0m
[97m/home/cvazquezperezdelacru/clio-core/context-runtime/src/ipc_manager.cc:2575 INFO 2739229 RegisterMemory IpcManager::RegisterMemory: Successfully registered clio_2739332_45[0m
[33m/home/cvazquezperezdelacru/clio-core/context-runtime/src/scheduler/default_sched.cc:430 WARNING 2739235 LoadBalance [#781 PDF] observed exec-time bins (cumulative): <10us=1130969 <50us=22432 <500us=3853 <10ms=4119 <50ms=74 <500ms=171 <1s=0 >=1s=0 | stalls_detected=0[0m
[33m/home/cvazquezperezdelacru/clio-core/context-runtime/src/scheduler/default_sched.cc:439 WARNING 2739235 LoadBalance [#785] lane rescues performed: 0[0m
[97m/home/cvazquezperezdelacru/clio-core/context-runtime/modules/admin/src/admin_runtime.cc:1191 INFO 2739228 RegisterMemory Admin::RegisterMemory: Registering CPU alloc_id (2739332.46)[0m
[97m/home/cvazquezperezdelacru/clio-core/context-runtime/src/ipc_manager.cc:2532 INFO 2739228 RegisterMemory IpcManager::RegisterMemory: Registering clio_2739332_46 from pid 2739332[0m
[97m/home/cvazquezperezdelacru/clio-core/context-runtime/src/ipc_manager.cc:2575 INFO 2739228 RegisterMemory IpcManager::RegisterMemory: Successfully registered clio_2739332_46[0m
[31m/home/cvazquezperezdelacru/clio-core/context-runtime/src/scheduler/default_sched.cc:726 ERROR 2739235 LoadBalance [HANGWATCH-HB] processed=15965 outstanding=2 (queued=2 blocked=0 retry=0 periodic=6) live=2 live_stalled=0[0m
[97m/home/cvazquezperezdelacru/clio-core/context-runtime/modules/admin/src/admin_runtime.cc:1191 INFO 2739228 RegisterMemory Admin::RegisterMemory: Registering CPU alloc_id (2739332.47)[0m
[97m/home/cvazquezperezdelacru/clio-core/context-runtime/src/ipc_manager.cc:2532 INFO 2739228 RegisterMemory IpcManager::RegisterMemory: Registering clio_2739332_47 from pid 2739332[0m
[97m/home/cvazquezperezdelacru/clio-core/context-runtime/src/ipc_manager.cc:2575 INFO 2739228 RegisterMemory IpcManager::RegisterMemory: Successfully registered clio_2739332_47[0m
[33m/home/cvazquezperezdelacru/clio-core/context-runtime/src/scheduler/default_sched.cc:430 WARNING 2739235 LoadBalance [#781 PDF] observed exec-time bins (cumulative): <10us=1197899 <50us=23361 <500us=4236 <10ms=4348 <50ms=74 <500ms=188 <1s=0 >=1s=0 | stalls_detected=0[0m
[33m/home/cvazquezperezdelacru/clio-core/context-runtime/src/scheduler/default_sched.cc:439 WARNING 2739235 LoadBalance [#785] lane rescues performed: 0[0m
[97m/home/cvazquezperezdelacru/clio-core/context-runtime/modules/admin/src/admin_runtime.cc:1191 INFO 2739228 RegisterMemory Admin::RegisterMemory: Registering CPU alloc_id (2739332.48)[0m
[97m/home/cvazquezperezdelacru/clio-core/context-runtime/src/ipc_manager.cc:2532 INFO 2739228 RegisterMemory IpcManager::RegisterMemory: Registering clio_2739332_48 from pid 2739332[0m
[97m/home/cvazquezperezdelacru/clio-core/context-runtime/src/ipc_manager.cc:2575 INFO 2739228 RegisterMemory IpcManager::RegisterMemory: Successfully registered clio_2739332_48[0m
[97m/home/cvazquezperezdelacru/clio-core/context-runtime/modules/admin/src/admin_runtime.cc:1191 INFO 2739229 RegisterMemory Admin::RegisterMemory: Registering CPU alloc_id (2739332.49)[0m
[97m/home/cvazquezperezdelacru/clio-core/context-runtime/src/ipc_manager.cc:2532 INFO 2739229 RegisterMemory IpcManager::RegisterMemory: Registering clio_2739332_49 from pid 2739332[0m
[97m/home/cvazquezperezdelacru/clio-core/context-runtime/src/ipc_manager.cc:2575 INFO 2739229 RegisterMemory IpcManager::RegisterMemory: Successfully registered clio_2739332_49[0m
[97m/home/cvazquezperezdelacru/clio-core/context-runtime/modules/admin/src/admin_runtime.cc:1191 INFO 2739229 RegisterMemory Admin::RegisterMemory: Registering CPU alloc_id (2739332.50)[0m
[97m/home/cvazquezperezdelacru/clio-core/context-runtime/src/ipc_manager.cc:2532 INFO 2739229 RegisterMemory IpcManager::RegisterMemory: Registering clio_2739332_50 from pid 2739332[0m
[97m/home/cvazquezperezdelacru/clio-core/context-runtime/src/ipc_manager.cc:2575 INFO 2739229 RegisterMemory IpcManager::RegisterMemory: Successfully registered clio_2739332_50[0m
[33m/home/cvazquezperezdelacru/clio-core/context-runtime/src/scheduler/default_sched.cc:430 WARNING 2739235 LoadBalance [#781 PDF] observed exec-time bins (cumulative): <10us=1265203 <50us=24085 <500us=4616 <10ms=4583 <50ms=74 <500ms=207 <1s=0 >=1s=0 | stalls_detected=0[0m
[33m/home/cvazquezperezdelacru/clio-core/context-runtime/src/scheduler/default_sched.cc:439 WARNING 2739235 LoadBalance [#785] lane rescues performed: 0[0m
[97m/home/cvazquezperezdelacru/clio-core/context-runtime/modules/admin/src/admin_runtime.cc:1191 INFO 2739229 RegisterMemory Admin::RegisterMemory: Registering CPU alloc_id (2739332.51)[0m
[97m/home/cvazquezperezdelacru/clio-core/context-runtime/src/ipc_manager.cc:2532 INFO 2739229 RegisterMemory IpcManager::RegisterMemory: Registering clio_2739332_51 from pid 2739332[0m
[97m/home/cvazquezperezdelacru/clio-core/context-runtime/src/ipc_manager.cc:2575 INFO 2739229 RegisterMemory IpcManager::RegisterMemory: Successfully registered clio_2739332_51[0m
[97m/home/cvazquezperezdelacru/clio-core/context-runtime/modules/admin/src/admin_runtime.cc:1191 INFO 2739229 RegisterMemory Admin::RegisterMemory: Registering CPU alloc_id (2739332.52)[0m
[97m/home/cvazquezperezdelacru/clio-core/context-runtime/src/ipc_manager.cc:2532 INFO 2739229 RegisterMemory IpcManager::RegisterMemory: Registering clio_2739332_52 from pid 2739332[0m
[97m/home/cvazquezperezdelacru/clio-core/context-runtime/src/ipc_manager.cc:2575 INFO 2739229 RegisterMemory IpcManager::RegisterMemory: Successfully registered clio_2739332_52[0m
[97m/home/cvazquezperezdelacru/clio-core/context-runtime/modules/admin/src/admin_runtime.cc:1191 INFO 2739228 RegisterMemory Admin::RegisterMemory: Registering CPU alloc_id (2739332.53)[0m
[97m/home/cvazquezperezdelacru/clio-core/context-runtime/src/ipc_manager.cc:2532 INFO 2739228 RegisterMemory IpcManager::RegisterMemory: Registering clio_2739332_53 from pid 2739332[0m
[97m/home/cvazquezperezdelacru/clio-core/context-runtime/src/ipc_manager.cc:2575 INFO 2739228 RegisterMemory IpcManager::RegisterMemory: Successfully registered clio_2739332_53[0m
[33m/home/cvazquezperezdelacru/clio-core/context-runtime/src/scheduler/default_sched.cc:430 WARNING 2739235 LoadBalance [#781 PDF] observed exec-time bins (cumulative): <10us=1332332 <50us=26639 <500us=5007 <10ms=4824 <50ms=74 <500ms=226 <1s=0 >=1s=0 | stalls_detected=0[0m
[33m/home/cvazquezperezdelacru/clio-core/context-runtime/src/scheduler/default_sched.cc:439 WARNING 2739235 LoadBalance [#785] lane rescues performed: 0[0m
[97m/home/cvazquezperezdelacru/clio-core/context-runtime/modules/admin/src/admin_runtime.cc:1191 INFO 2739229 RegisterMemory Admin::RegisterMemory: Registering CPU alloc_id (2739332.54)[0m
[97m/home/cvazquezperezdelacru/clio-core/context-runtime/src/ipc_manager.cc:2532 INFO 2739229 RegisterMemory IpcManager::RegisterMemory: Registering clio_2739332_54 from pid 2739332[0m
[97m/home/cvazquezperezdelacru/clio-core/context-runtime/src/ipc_manager.cc:2575 INFO 2739229 RegisterMemory IpcManager::RegisterMemory: Successfully registered clio_2739332_54[0m
[31m/home/cvazquezperezdelacru/clio-core/context-runtime/src/scheduler/default_sched.cc:726 ERROR 2739235 LoadBalance [HANGWATCH-HB] processed=19324 outstanding=4 (queued=4 blocked=0 retry=0 periodic=7) live=1 live_stalled=0[0m
[97m/home/cvazquezperezdelacru/clio-core/context-runtime/modules/admin/src/admin_runtime.cc:1191 INFO 2739228 RegisterMemory Admin::RegisterMemory: Registering CPU alloc_id (2739332.55)[0m
[97m/home/cvazquezperezdelacru/clio-core/context-runtime/src/ipc_manager.cc:2532 INFO 2739228 RegisterMemory IpcManager::RegisterMemory: Registering clio_2739332_55 from pid 2739332[0m
[97m/home/cvazquezperezdelacru/clio-core/context-runtime/src/ipc_manager.cc:2575 INFO 2739228 RegisterMemory IpcManager::RegisterMemory: Successfully registered clio_2739332_55[0m
[33m/home/cvazquezperezdelacru/clio-core/context-runtime/src/scheduler/default_sched.cc:430 WARNING 2739235 LoadBalance [#781 PDF] observed exec-time bins (cumulative): <10us=1403007 <50us=28791 <500us=5360 <10ms=5114 <50ms=85 <500ms=236 <1s=0 >=1s=0 | stalls_detected=0[0m
[33m/home/cvazquezperezdelacru/clio-core/context-runtime/src/scheduler/default_sched.cc:439 WARNING 2739235 LoadBalance [#785] lane rescues performed: 0[0m
[97m/home/cvazquezperezdelacru/clio-core/context-runtime/modules/admin/src/admin_runtime.cc:1191 INFO 2739229 RegisterMemory Admin::RegisterMemory: Registering CPU alloc_id (2739332.56)[0m
[97m/home/cvazquezperezdelacru/clio-core/context-runtime/src/ipc_manager.cc:2532 INFO 2739229 RegisterMemory IpcManager::RegisterMemory: Registering clio_2739332_56 from pid 2739332[0m
[97m/home/cvazquezperezdelacru/clio-core/context-runtime/src/ipc_manager.cc:2575 INFO 2739229 RegisterMemory IpcManager::RegisterMemory: Successfully registered clio_2739332_56[0m
[97m/home/cvazquezperezdelacru/clio-core/context-runtime/modules/admin/src/admin_runtime.cc:1191 INFO 2739229 RegisterMemory Admin::RegisterMemory: Registering CPU alloc_id (2739332.57)[0m
[97m/home/cvazquezperezdelacru/clio-core/context-runtime/src/ipc_manager.cc:2532 INFO 2739229 RegisterMemory IpcManager::RegisterMemory: Registering clio_2739332_57 from pid 2739332[0m
[97m/home/cvazquezperezdelacru/clio-core/context-runtime/src/ipc_manager.cc:2575 INFO 2739229 RegisterMemory IpcManager::RegisterMemory: Successfully registered clio_2739332_57[0m
[97m/home/cvazquezperezdelacru/clio-core/context-runtime/modules/admin/src/admin_runtime.cc:1191 INFO 2739228 RegisterMemory Admin::RegisterMemory: Registering CPU alloc_id (2739332.58)[0m
[97m/home/cvazquezperezdelacru/clio-core/context-runtime/src/ipc_manager.cc:2532 INFO 2739228 RegisterMemory IpcManager::RegisterMemory: Registering clio_2739332_58 from pid 2739332[0m
[97m/home/cvazquezperezdelacru/clio-core/context-runtime/src/ipc_manager.cc:2575 INFO 2739228 RegisterMemory IpcManager::RegisterMemory: Successfully registered clio_2739332_58[0m
[33m/home/cvazquezperezdelacru/clio-core/context-runtime/src/scheduler/default_sched.cc:430 WARNING 2739235 LoadBalance [#781 PDF] observed exec-time bins (cumulative): <10us=1470718 <50us=30113 <500us=5643 <10ms=5438 <50ms=94 <500ms=244 <1s=0 >=1s=0 | stalls_detected=0[0m
[33m/home/cvazquezperezdelacru/clio-core/context-runtime/src/scheduler/default_sched.cc:439 WARNING 2739235 LoadBalance [#785] lane rescues performed: 0[0m
[31m/home/cvazquezperezdelacru/clio-core/context-runtime/src/scheduler/default_sched.cc:726 ERROR 2739235 LoadBalance [HANGWATCH-HB] processed=21295 outstanding=2 (queued=2 blocked=0 retry=0 periodic=7) live=1 live_stalled=0[0m
[97m/home/cvazquezperezdelacru/clio-core/context-runtime/modules/admin/src/admin_runtime.cc:1191 INFO 2739229 RegisterMemory Admin::RegisterMemory: Registering CPU alloc_id (2739332.59)[0m
[97m/home/cvazquezperezdelacru/clio-core/context-runtime/src/ipc_manager.cc:2532 INFO 2739229 RegisterMemory IpcManager::RegisterMemory: Registering clio_2739332_59 from pid 2739332[0m
[97m/home/cvazquezperezdelacru/clio-core/context-runtime/src/ipc_manager.cc:2575 INFO 2739229 RegisterMemory IpcManager::RegisterMemory: Successfully registered clio_2739332_59[0m
[97m/home/cvazquezperezdelacru/clio-core/context-runtime/modules/admin/src/admin_runtime.cc:1191 INFO 2739229 RegisterMemory Admin::RegisterMemory: Registering CPU alloc_id (2739332.60)[0m
[97m/home/cvazquezperezdelacru/clio-core/context-runtime/src/ipc_manager.cc:2532 INFO 2739229 RegisterMemory IpcManager::RegisterMemory: Registering clio_2739332_60 from pid 2739332[0m
[97m/home/cvazquezperezdelacru/clio-core/context-runtime/src/ipc_manager.cc:2575 INFO 2739229 RegisterMemory IpcManager::RegisterMemory: Successfully registered clio_2739332_60[0m
[97m/home/cvazquezperezdelacru/clio-core/context-runtime/modules/admin/src/admin_runtime.cc:1191 INFO 2739229 RegisterMemory Admin::RegisterMemory: Registering CPU alloc_id (2739332.61)[0m
[97m/home/cvazquezperezdelacru/clio-core/context-runtime/src/ipc_manager.cc:2532 INFO 2739229 RegisterMemory IpcManager::RegisterMemory: Registering clio_2739332_61 from pid 2739332[0m
[97m/home/cvazquezperezdelacru/clio-core/context-runtime/src/ipc_manager.cc:2575 INFO 2739229 RegisterMemory IpcManager::RegisterMemory: Successfully registered clio_2739332_61[0m
[97m/home/cvazquezperezdelacru/clio-core/context-runtime/modules/admin/src/admin_runtime.cc:1191 INFO 2739228 RegisterMemory Admin::RegisterMemory: Registering CPU alloc_id (2739332.62)[0m
[97m/home/cvazquezperezdelacru/clio-core/context-runtime/src/ipc_manager.cc:2532 INFO 2739228 RegisterMemory IpcManager::RegisterMemory: Registering clio_2739332_62 from pid 2739332[0m
[97m/home/cvazquezperezdelacru/clio-core/context-runtime/src/ipc_manager.cc:2575 INFO 2739228 RegisterMemory IpcManager::RegisterMemory: Successfully registered clio_2739332_62[0m
[33m/home/cvazquezperezdelacru/clio-core/context-runtime/src/scheduler/default_sched.cc:430 WARNING 2739235 LoadBalance [#781 PDF] observed exec-time bins (cumulative): <10us=1540698 <50us=31032 <500us=5926 <10ms=5756 <50ms=104 <500ms=252 <1s=0 >=1s=0 | stalls_detected=0[0m
[33m/home/cvazquezperezdelacru/clio-core/context-runtime/src/scheduler/default_sched.cc:439 WARNING 2739235 LoadBalance [#785] lane rescues performed: 0[0m
[97m/home/cvazquezperezdelacru/clio-core/context-runtime/modules/admin/src/admin_runtime.cc:1191 INFO 2739228 RegisterMemory Admin::RegisterMemory: Registering CPU alloc_id (2739332.63)[0m
[97m/home/cvazquezperezdelacru/clio-core/context-runtime/src/ipc_manager.cc:2532 INFO 2739228 RegisterMemory IpcManager::RegisterMemory: Registering clio_2739332_63 from pid 2739332[0m
[97m/home/cvazquezperezdelacru/clio-core/context-runtime/src/ipc_manager.cc:2575 INFO 2739228 RegisterMemory IpcManager::RegisterMemory: Successfully registered clio_2739332_63[0m
[97m/home/cvazquezperezdelacru/clio-core/context-runtime/modules/admin/src/admin_runtime.cc:1191 INFO 2739229 RegisterMemory Admin::RegisterMemory: Registering CPU alloc_id (2739332.64)[0m
[97m/home/cvazquezperezdelacru/clio-core/context-runtime/src/ipc_manager.cc:2532 INFO 2739229 RegisterMemory IpcManager::RegisterMemory: Registering clio_2739332_64 from pid 2739332[0m
[97m/home/cvazquezperezdelacru/clio-core/context-runtime/src/ipc_manager.cc:2575 INFO 2739229 RegisterMemory IpcManager::RegisterMemory: Successfully registered clio_2739332_64[0m
[33m/home/cvazquezperezdelacru/clio-core/context-runtime/src/scheduler/default_sched.cc:430 WARNING 2739235 LoadBalance [#781 PDF] observed exec-time bins (cumulative): <10us=1607747 <50us=32479 <500us=6233 <10ms=6087 <50ms=116 <500ms=260 <1s=0 >=1s=0 | stalls_detected=0[0m
[33m/home/cvazquezperezdelacru/clio-core/context-runtime/src/scheduler/default_sched.cc:439 WARNING 2739235 LoadBalance [#785] lane rescues performed: 0[0m
[97m/home/cvazquezperezdelacru/clio-core/context-runtime/modules/admin/src/admin_runtime.cc:1191 INFO 2739229 RegisterMemory Admin::RegisterMemory: Registering CPU alloc_id (2739332.65)[0m
[97m/home/cvazquezperezdelacru/clio-core/context-runtime/src/ipc_manager.cc:2532 INFO 2739229 RegisterMemory IpcManager::RegisterMemory: Registering clio_2739332_65 from pid 2739332[0m
[97m/home/cvazquezperezdelacru/clio-core/context-runtime/src/ipc_manager.cc:2575 INFO 2739229 RegisterMemory IpcManager::RegisterMemory: Successfully registered clio_2739332_65[0m
[31m/home/cvazquezperezdelacru/clio-core/context-runtime/src/scheduler/default_sched.cc:726 ERROR 2739235 LoadBalance [HANGWATCH-HB] processed=24248 outstanding=5 (queued=5 blocked=0 retry=0 periodic=6) live=2 live_stalled=0[0m
[97m/home/cvazquezperezdelacru/clio-core/context-runtime/modules/admin/src/admin_runtime.cc:1191 INFO 2739228 RegisterMemory Admin::RegisterMemory: Registering CPU alloc_id (2739332.66)[0m
[97m/home/cvazquezperezdelacru/clio-core/context-runtime/src/ipc_manager.cc:2532 INFO 2739228 RegisterMemory IpcManager::RegisterMemory: Registering clio_2739332_66 from pid 2739332[0m
[97m/home/cvazquezperezdelacru/clio-core/context-runtime/src/ipc_manager.cc:2575 INFO 2739228 RegisterMemory IpcManager::RegisterMemory: Successfully registered clio_2739332_66[0m
[97m/home/cvazquezperezdelacru/clio-core/context-runtime/modules/admin/src/admin_runtime.cc:1191 INFO 2739229 RegisterMemory Admin::RegisterMemory: Registering CPU alloc_id (2739332.67)[0m
[97m/home/cvazquezperezdelacru/clio-core/context-runtime/src/ipc_manager.cc:2532 INFO 2739229 RegisterMemory IpcManager::RegisterMemory: Registering clio_2739332_67 from pid 2739332[0m
[97m/home/cvazquezperezdelacru/clio-core/context-runtime/src/ipc_manager.cc:2575 INFO 2739229 RegisterMemory IpcManager::RegisterMemory: Successfully registered clio_2739332_67[0m
[33m/home/cvazquezperezdelacru/clio-core/context-runtime/src/scheduler/default_sched.cc:430 WARNING 2739235 LoadBalance [#781 PDF] observed exec-time bins (cumulative): <10us=1675648 <50us=33171 <500us=6518 <10ms=6363 <50ms=121 <500ms=272 <1s=0 >=1s=0 | stalls_detected=0[0m
[33m/home/cvazquezperezdelacru/clio-core/context-runtime/src/scheduler/default_sched.cc:439 WARNING 2739235 LoadBalance [#785] lane rescues performed: 0[0m
[97m/home/cvazquezperezdelacru/clio-core/context-runtime/src/ipc_manager.cc:2288 INFO 2739237 GetOrCreateClient [ClientPool] Creating new persistent connection to 127.0.0.1:45265[0m
[97m/home/cvazquezperezdelacru/clio-core/context-runtime/src/ipc_manager.cc:2308 INFO 2739237 GetOrCreateClient [ClientPool] Connection established to 127.0.0.1:45265[0m
[97m/home/cvazquezperezdelacru/clio-core/context-runtime/modules/admin/src/admin_runtime.cc:1191 INFO 2739229 RegisterMemory Admin::RegisterMemory: Registering CPU alloc_id (2739647.0)[0m
[97m/home/cvazquezperezdelacru/clio-core/context-runtime/src/ipc_manager.cc:2532 INFO 2739229 RegisterMemory IpcManager::RegisterMemory: Registering clio_2739647_0 from pid 2739647[0m
[97m/home/cvazquezperezdelacru/clio-core/context-runtime/src/ipc_manager.cc:2575 INFO 2739229 RegisterMemory IpcManager::RegisterMemory: Successfully registered clio_2739647_0[0m
[97m/home/cvazquezperezdelacru/clio-core/context-runtime/src/pool_manager.cc:534 INFO 2739229 CreatePool PoolManager: Creating pool 'clio_cte_core' with 1 containers (one per node)[0m
[97m/home/cvazquezperezdelacru/clio-core/context-runtime/src/pool_manager.cc:575 INFO 2739229 CreatePool PoolManager: Pool PoolId(major:512, minor:0) already exists by ID, returning existing pool[0m
[97m/home/cvazquezperezdelacru/clio-core/context-runtime/src/pool_manager.cc:534 INFO 2739229 CreatePool PoolManager: Creating pool 'faiss_ivf_bench' with 1 containers (one per node)[0m
[97m/home/cvazquezperezdelacru/clio-core/context-runtime/src/pool_manager.cc:575 INFO 2739229 CreatePool PoolManager: Pool PoolId(major:600, minor:0) already exists by ID, returning existing pool[0m
[97m/home/cvazquezperezdelacru/clio-core/context-runtime/src/ipc_manager.cc:2440 INFO 2739229 IncreaseClientShm IpcManager::IncreaseClientShm: Creating clio_2739206_4 with size 117604352 (84049920 + 33554432 overhead)[0m
[97m/home/cvazquezperezdelacru/clio-core/context-runtime/src/ipc_manager.cc:2485 INFO 2739229 IncreaseClientShm IpcManager::IncreaseClientShm: Created allocator clio_2739206_4 with ID (2739206.4)[0m
[97m/mnt/common/cvazquezperezdelacru/IOWARP/faiss/contrib/iowarp/chimod/src/faiss_ivf_runtime.cc:257 INFO 2739229 OpenIndex faiss_ivf: opened '/mnt/common/cvazquezperezdelacru/faiss/slurm_bench/work/ondisk_nb50M.index' (d=128, nlist=8192, ntotal=50000000, tag='faiss_ivf::ondisk_nb50M')[0m
[97m/mnt/common/cvazquezperezdelacru/IOWARP/faiss/contrib/iowarp/chimod/src/faiss_ivf_runtime.cc:328 INFO 2739229 Search faiss_ivf: Search nq=500 k=10 nprobe=128 unique_lists=8154[0m
[97m/home/cvazquezperezdelacru/clio-core/context-runtime/src/ipc_manager.cc:2440 INFO 2739229 IncreaseClientShm IpcManager::IncreaseClientShm: Creating clio_2739206_5 with size 124221312 (90666880 + 33554432 overhead)[0m
[97m/home/cvazquezperezdelacru/clio-core/context-runtime/src/ipc_manager.cc:2485 INFO 2739229 IncreaseClientShm IpcManager::IncreaseClientShm: Created allocator clio_2739206_5 with ID (2739206.5)[0m
[97m/home/cvazquezperezdelacru/clio-core/context-runtime/src/ipc_manager.cc:2440 INFO 2739229 IncreaseClientShm IpcManager::IncreaseClientShm: Creating clio_2739206_6 with size 141473616 (107919184 + 33554432 overhead)[0m
[97m/home/cvazquezperezdelacru/clio-core/context-runtime/src/ipc_manager.cc:2485 INFO 2739229 IncreaseClientShm IpcManager::IncreaseClientShm: Created allocator clio_2739206_6 with ID (2739206.6)[0m
[97m/home/cvazquezperezdelacru/clio-core/context-runtime/src/ipc_manager.cc:2440 INFO 2739229 IncreaseClientShm IpcManager::IncreaseClientShm: Creating clio_2739206_7 with size 155888016 (122333584 + 33554432 overhead)[0m
[97m/home/cvazquezperezdelacru/clio-core/context-runtime/src/ipc_manager.cc:2485 INFO 2739229 IncreaseClientShm IpcManager::IncreaseClientShm: Created allocator clio_2739206_7 with ID (2739206.7)[0m
[97m/home/cvazquezperezdelacru/clio-core/context-runtime/src/ipc_manager.cc:2440 INFO 2739229 IncreaseClientShm IpcManager::IncreaseClientShm: Creating clio_2739206_8 with size 135708112 (102153680 + 33554432 overhead)[0m
[97m/home/cvazquezperezdelacru/clio-core/context-runtime/src/ipc_manager.cc:2485 INFO 2739229 IncreaseClientShm IpcManager::IncreaseClientShm: Created allocator clio_2739206_8 with ID (2739206.8)[0m
[97m/home/cvazquezperezdelacru/clio-core/context-runtime/src/ipc_manager.cc:2440 INFO 2739229 IncreaseClientShm IpcManager::IncreaseClientShm: Creating clio_2739206_9 with size 135241408 (101686976 + 33554432 overhead)[0m
[97m/home/cvazquezperezdelacru/clio-core/context-runtime/src/ipc_manager.cc:2485 INFO 2739229 IncreaseClientShm IpcManager::IncreaseClientShm: Created allocator clio_2739206_9 with ID (2739206.9)[0m
[97m/home/cvazquezperezdelacru/clio-core/context-runtime/src/ipc_manager.cc:2440 INFO 2739229 IncreaseClientShm IpcManager::IncreaseClientShm: Creating clio_2739206_10 with size 134744816 (101190384 + 33554432 overhead)[0m
[97m/home/cvazquezperezdelacru/clio-core/context-runtime/src/ipc_manager.cc:2485 INFO 2739229 IncreaseClientShm IpcManager::IncreaseClientShm: Created allocator clio_2739206_10 with ID (2739206.10)[0m
[33m/home/cvazquezperezdelacru/clio-core/context-runtime/src/scheduler/default_sched.cc:430 WARNING 2739235 LoadBalance [#781 PDF] observed exec-time bins (cumulative): <10us=1733668 <50us=38598 <500us=7357 <10ms=6366 <50ms=122 <500ms=272 <1s=0 >=1s=0 | stalls_detected=0[0m
[33m/home/cvazquezperezdelacru/clio-core/context-runtime/src/scheduler/default_sched.cc:439 WARNING 2739235 LoadBalance [#785] lane rescues performed: 0[0m
[33m/home/cvazquezperezdelacru/clio-core/context-runtime/src/scheduler/default_sched.cc:455 WARNING 2739235 operator() [#781] worker 2 STALLED on one task (load_us=0 realtime_load_us=1.25117e+06 threshold_s=1)[0m
[33m/home/cvazquezperezdelacru/clio-core/context-runtime/src/worker.cc:370 WARNING 2739235 AdoptLane [#785] worker 2 adopted lane 0x7fee408b7368[0m
[33m/home/cvazquezperezdelacru/clio-core/context-runtime/src/work_orchestrator.cc:545 WARNING 2739235 SpawnAdditionalWorker [#785] spawned elastic worker 8 (pool now 9 workers)[0m
[33m/home/cvazquezperezdelacru/clio-core/context-runtime/src/scheduler/default_sched.cc:598 WARNING 2739235 operator() [#785] RESCUE: stalled worker 2 -> worker 8 (4 parked task(s) moved, 0 queued task(s) redistributed, rescues=1)[0m
[97m/home/cvazquezperezdelacru/clio-core/context-runtime/src/ipc_manager.cc:2440 INFO 2739229 IncreaseClientShm IpcManager::IncreaseClientShm: Creating clio_2739206_11 with size 129930912 (96376480 + 33554432 overhead)[0m
[97m/home/cvazquezperezdelacru/clio-core/context-runtime/src/ipc_manager.cc:2485 INFO 2739229 IncreaseClientShm IpcManager::IncreaseClientShm: Created allocator clio_2739206_11 with ID (2739206.11)[0m
[97m/home/cvazquezperezdelacru/clio-core/context-runtime/src/ipc_manager.cc:2440 INFO 2739229 IncreaseClientShm IpcManager::IncreaseClientShm: Creating clio_2739206_12 with size 132458112 (98903680 + 33554432 overhead)[0m
[97m/home/cvazquezperezdelacru/clio-core/context-runtime/src/ipc_manager.cc:2485 INFO 2739229 IncreaseClientShm IpcManager::IncreaseClientShm: Created allocator clio_2739206_12 with ID (2739206.12)[0m
[97m/home/cvazquezperezdelacru/clio-core/context-runtime/src/ipc_manager.cc:2440 INFO 2739229 IncreaseClientShm IpcManager::IncreaseClientShm: Creating clio_2739206_13 with size 131929008 (98374576 + 33554432 overhead)[0m
[97m/home/cvazquezperezdelacru/clio-core/context-runtime/src/ipc_manager.cc:2485 INFO 2739229 IncreaseClientShm IpcManager::IncreaseClientShm: Created allocator clio_2739206_13 with ID (2739206.13)[0m
[97m/home/cvazquezperezdelacru/clio-core/context-runtime/src/ipc_manager.cc:2440 INFO 2739229 IncreaseClientShm IpcManager::IncreaseClientShm: Creating clio_2739206_14 with size 128406016 (94851584 + 33554432 overhead)[0m
[97m/home/cvazquezperezdelacru/clio-core/context-runtime/src/ipc_manager.cc:2485 INFO 2739229 IncreaseClientShm IpcManager::IncreaseClientShm: Created allocator clio_2739206_14 with ID (2739206.14)[0m
[97m/home/cvazquezperezdelacru/clio-core/context-runtime/src/ipc_manager.cc:2440 INFO 2739229 IncreaseClientShm IpcManager::IncreaseClientShm: Creating clio_2739206_15 with size 138245712 (104691280 + 33554432 overhead)[0m
[97m/home/cvazquezperezdelacru/clio-core/context-runtime/src/ipc_manager.cc:2485 INFO 2739229 IncreaseClientShm IpcManager::IncreaseClientShm: Created allocator clio_2739206_15 with ID (2739206.15)[0m
[33m/home/cvazquezperezdelacru/clio-core/context-runtime/src/scheduler/default_sched.cc:455 WARNING 2739235 operator() [#781] worker 2 STALLED on one task (load_us=0 realtime_load_us=1.75343e+06 threshold_s=1)[0m
[33m/home/cvazquezperezdelacru/clio-core/context-runtime/src/worker.cc:370 WARNING 2739235 AdoptLane [#785] worker 2 adopted lane 0x7fee408b7368[0m
[33m/home/cvazquezperezdelacru/clio-core/context-runtime/src/scheduler/default_sched.cc:598 WARNING 2739235 operator() [#785] RESCUE: stalled worker 2 -> worker 8 (0 parked task(s) moved, 0 queued task(s) redistributed, rescues=2)[0m
[97m/home/cvazquezperezdelacru/clio-core/context-runtime/src/ipc_manager.cc:2440 INFO 2739229 IncreaseClientShm IpcManager::IncreaseClientShm: Creating clio_2739206_16 with size 129945216 (96390784 + 33554432 overhead)[0m
[97m/home/cvazquezperezdelacru/clio-core/context-runtime/src/ipc_manager.cc:2485 INFO 2739229 IncreaseClientShm IpcManager::IncreaseClientShm: Created allocator clio_2739206_16 with ID (2739206.16)[0m
[97m/home/cvazquezperezdelacru/clio-core/context-runtime/src/ipc_manager.cc:2440 INFO 2739229 IncreaseClientShm IpcManager::IncreaseClientShm: Creating clio_2739206_17 with size 131606608 (98052176 + 33554432 overhead)[0m
[97m/home/cvazquezperezdelacru/clio-core/context-runtime/src/ipc_manager.cc:2485 INFO 2739229 IncreaseClientShm IpcManager::IncreaseClientShm: Created allocator clio_2739206_17 with ID (2739206.17)[0m
[97m/home/cvazquezperezdelacru/clio-core/context-runtime/src/ipc_manager.cc:2440 INFO 2739229 IncreaseClientShm IpcManager::IncreaseClientShm: Creating clio_2739206_18 with size 132112312 (98557880 + 33554432 overhead)[0m
[97m/home/cvazquezperezdelacru/clio-core/context-runtime/src/ipc_manager.cc:2485 INFO 2739229 IncreaseClientShm IpcManager::IncreaseClientShm: Created allocator clio_2739206_18 with ID (2739206.18)[0m
[97m/home/cvazquezperezdelacru/clio-core/context-runtime/src/ipc_manager.cc:2440 INFO 2739229 IncreaseClientShm IpcManager::IncreaseClientShm: Creating clio_2739206_19 with size 133643712 (100089280 + 33554432 overhead)[0m
[97m/home/cvazquezperezdelacru/clio-core/context-runtime/src/ipc_manager.cc:2485 INFO 2739229 IncreaseClientShm IpcManager::IncreaseClientShm: Created allocator clio_2739206_19 with ID (2739206.19)[0m
[33m/home/cvazquezperezdelacru/clio-core/context-runtime/src/scheduler/default_sched.cc:455 WARNING 2739235 operator() [#781] worker 2 STALLED on one task (load_us=0 realtime_load_us=2.25418e+06 threshold_s=1)[0m
[33m/home/cvazquezperezdelacru/clio-core/context-runtime/src/worker.cc:370 WARNING 2739235 AdoptLane [#785] worker 2 adopted lane 0x7fee408b7368[0m
[33m/home/cvazquezperezdelacru/clio-core/context-runtime/src/scheduler/default_sched.cc:598 WARNING 2739235 operator() [#785] RESCUE: stalled worker 2 -> worker 8 (0 parked task(s) moved, 0 queued task(s) redistributed, rescues=3)[0m
[97m/home/cvazquezperezdelacru/clio-core/context-runtime/src/ipc_manager.cc:2440 INFO 2739229 IncreaseClientShm IpcManager::IncreaseClientShm: Creating clio_2739206_20 with size 136298312 (102743880 + 33554432 overhead)[0m
[97m/home/cvazquezperezdelacru/clio-core/context-runtime/src/ipc_manager.cc:2485 INFO 2739229 IncreaseClientShm IpcManager::IncreaseClientShm: Created allocator clio_2739206_20 with ID (2739206.20)[0m
[97m/home/cvazquezperezdelacru/clio-core/context-runtime/src/ipc_manager.cc:2440 INFO 2739229 IncreaseClientShm IpcManager::IncreaseClientShm: Creating clio_2739206_21 with size 142124912 (108570480 + 33554432 overhead)[0m
[97m/home/cvazquezperezdelacru/clio-core/context-runtime/src/ipc_manager.cc:2485 INFO 2739229 IncreaseClientShm IpcManager::IncreaseClientShm: Created allocator clio_2739206_21 with ID (2739206.21)[0m
[97m/home/cvazquezperezdelacru/clio-core/context-runtime/src/ipc_manager.cc:2440 INFO 2739229 IncreaseClientShm IpcManager::IncreaseClientShm: Creating clio_2739206_22 with size 134829312 (101274880 + 33554432 overhead)[0m
[97m/home/cvazquezperezdelacru/clio-core/context-runtime/src/ipc_manager.cc:2485 INFO 2739229 IncreaseClientShm IpcManager::IncreaseClientShm: Created allocator clio_2739206_22 with ID (2739206.22)[0m
[97m/home/cvazquezperezdelacru/clio-core/context-runtime/src/ipc_manager.cc:2440 INFO 2739229 IncreaseClientShm IpcManager::IncreaseClientShm: Creating clio_2739206_23 with size 141147312 (107592880 + 33554432 overhead)[0m
[97m/home/cvazquezperezdelacru/clio-core/context-runtime/src/ipc_manager.cc:2485 INFO 2739229 IncreaseClientShm IpcManager::IncreaseClientShm: Created allocator clio_2739206_23 with ID (2739206.23)[0m
[33m/home/cvazquezperezdelacru/clio-core/context-runtime/src/scheduler/default_sched.cc:455 WARNING 2739235 operator() [#781] worker 2 STALLED on one task (load_us=0 realtime_load_us=2.75481e+06 threshold_s=1)[0m
[33m/home/cvazquezperezdelacru/clio-core/context-runtime/src/worker.cc:370 WARNING 2739235 AdoptLane [#785] worker 2 adopted lane 0x7fee408b7368[0m
[33m/home/cvazquezperezdelacru/clio-core/context-runtime/src/scheduler/default_sched.cc:598 WARNING 2739235 operator() [#785] RESCUE: stalled worker 2 -> worker 8 (0 parked task(s) moved, 0 queued task(s) redistributed, rescues=4)[0m
[97m/home/cvazquezperezdelacru/clio-core/context-runtime/src/ipc_manager.cc:2440 INFO 2739229 IncreaseClientShm IpcManager::IncreaseClientShm: Creating clio_2739206_24 with size 133897216 (100342784 + 33554432 overhead)[0m
[97m/home/cvazquezperezdelacru/clio-core/context-runtime/src/ipc_manager.cc:2485 INFO 2739229 IncreaseClientShm IpcManager::IncreaseClientShm: Created allocator clio_2739206_24 with ID (2739206.24)[0m
[97m/home/cvazquezperezdelacru/clio-core/context-runtime/src/ipc_manager.cc:2440 INFO 2739229 IncreaseClientShm IpcManager::IncreaseClientShm: Creating clio_2739206_25 with size 139660112 (106105680 + 33554432 overhead)[0m
[97m/home/cvazquezperezdelacru/clio-core/context-runtime/src/ipc_manager.cc:2485 INFO 2739229 IncreaseClientShm IpcManager::IncreaseClientShm: Created allocator clio_2739206_25 with ID (2739206.25)[0m
[97m/home/cvazquezperezdelacru/clio-core/context-runtime/src/ipc_manager.cc:2440 INFO 2739229 IncreaseClientShm IpcManager::IncreaseClientShm: Creating clio_2739206_26 with size 146496816 (112942384 + 33554432 overhead)[0m
[97m/home/cvazquezperezdelacru/clio-core/context-runtime/src/ipc_manager.cc:2485 INFO 2739229 IncreaseClientShm IpcManager::IncreaseClientShm: Created allocator clio_2739206_26 with ID (2739206.26)[0m
[33m/home/cvazquezperezdelacru/clio-core/context-runtime/src/scheduler/default_sched.cc:455 WARNING 2739235 operator() [#781] worker 2 STALLED on one task (load_us=0 realtime_load_us=3.25555e+06 threshold_s=1)[0m
[33m/home/cvazquezperezdelacru/clio-core/context-runtime/src/worker.cc:370 WARNING 2739235 AdoptLane [#785] worker 2 adopted lane 0x7fee408b7368[0m
[33m/home/cvazquezperezdelacru/clio-core/context-runtime/src/scheduler/default_sched.cc:598 WARNING 2739235 operator() [#785] RESCUE: stalled worker 2 -> worker 8 (0 parked task(s) moved, 0 queued task(s) redistributed, rescues=5)[0m
[97m/home/cvazquezperezdelacru/clio-core/context-runtime/src/ipc_manager.cc:2440 INFO 2739229 IncreaseClientShm IpcManager::IncreaseClientShm: Creating clio_2739206_27 with size 138263912 (104709480 + 33554432 overhead)[0m
[97m/home/cvazquezperezdelacru/clio-core/context-runtime/src/ipc_manager.cc:2485 INFO 2739229 IncreaseClientShm IpcManager::IncreaseClientShm: Created allocator clio_2739206_27 with ID (2739206.27)[0m
[97m/home/cvazquezperezdelacru/clio-core/context-runtime/src/ipc_manager.cc:2440 INFO 2739229 IncreaseClientShm IpcManager::IncreaseClientShm: Creating clio_2739206_28 with size 141221408 (107666976 + 33554432 overhead)[0m
[97m/home/cvazquezperezdelacru/clio-core/context-runtime/src/ipc_manager.cc:2485 INFO 2739229 IncreaseClientShm IpcManager::IncreaseClientShm: Created allocator clio_2739206_28 with ID (2739206.28)[0m
[97m/home/cvazquezperezdelacru/clio-core/context-runtime/src/ipc_manager.cc:2440 INFO 2739229 IncreaseClientShm IpcManager::IncreaseClientShm: Creating clio_2739206_29 with size 137589216 (104034784 + 33554432 overhead)[0m
[97m/home/cvazquezperezdelacru/clio-core/context-runtime/src/ipc_manager.cc:2485 INFO 2739229 IncreaseClientShm IpcManager::IncreaseClientShm: Created allocator clio_2739206_29 with ID (2739206.29)[0m
[97m/home/cvazquezperezdelacru/clio-core/context-runtime/src/ipc_manager.cc:2440 INFO 2739229 IncreaseClientShm IpcManager::IncreaseClientShm: Creating clio_2739206_30 with size 157809408 (124254976 + 33554432 overhead)[0m
[97m/home/cvazquezperezdelacru/clio-core/context-runtime/src/ipc_manager.cc:2485 INFO 2739229 IncreaseClientShm IpcManager::IncreaseClientShm: Created allocator clio_2739206_30 with ID (2739206.30)[0m
[33m/home/cvazquezperezdelacru/clio-core/context-runtime/src/scheduler/default_sched.cc:455 WARNING 2739235 operator() [#781] worker 2 STALLED on one task (load_us=0 realtime_load_us=3.75631e+06 threshold_s=1)[0m
[33m/home/cvazquezperezdelacru/clio-core/context-runtime/src/worker.cc:370 WARNING 2739235 AdoptLane [#785] worker 2 adopted lane 0x7fee408b7368[0m
[33m/home/cvazquezperezdelacru/clio-core/context-runtime/src/scheduler/default_sched.cc:598 WARNING 2739235 operator() [#785] RESCUE: stalled worker 2 -> worker 8 (0 parked task(s) moved, 0 queued task(s) redistributed, rescues=6)[0m
[97m/home/cvazquezperezdelacru/clio-core/context-runtime/src/ipc_manager.cc:2440 INFO 2739229 IncreaseClientShm IpcManager::IncreaseClientShm: Creating clio_2739206_31 with size 136878112 (103323680 + 33554432 overhead)[0m
[97m/home/cvazquezperezdelacru/clio-core/context-runtime/src/ipc_manager.cc:2485 INFO 2739229 IncreaseClientShm IpcManager::IncreaseClientShm: Created allocator clio_2739206_31 with ID (2739206.31)[0m
[97m/home/cvazquezperezdelacru/clio-core/context-runtime/src/ipc_manager.cc:2440 INFO 2739229 IncreaseClientShm IpcManager::IncreaseClientShm: Creating clio_2739206_32 with size 144801616 (111247184 + 33554432 overhead)[0m
[97m/home/cvazquezperezdelacru/clio-core/context-runtime/src/ipc_manager.cc:2485 INFO 2739229 IncreaseClientShm IpcManager::IncreaseClientShm: Created allocator clio_2739206_32 with ID (2739206.32)[0m
[33m/home/cvazquezperezdelacru/clio-core/context-runtime/src/scheduler/default_sched.cc:455 WARNING 2739235 operator() [#781] worker 2 STALLED on one task (load_us=0 realtime_load_us=4.2599e+06 threshold_s=1)[0m
[33m/home/cvazquezperezdelacru/clio-core/context-runtime/src/worker.cc:370 WARNING 2739235 AdoptLane [#785] worker 2 adopted lane 0x7fee408b7368[0m
[33m/home/cvazquezperezdelacru/clio-core/context-runtime/src/scheduler/default_sched.cc:598 WARNING 2739235 operator() [#785] RESCUE: stalled worker 2 -> worker 8 (0 parked task(s) moved, 0 queued task(s) redistributed, rescues=7)[0m
[33m/home/cvazquezperezdelacru/clio-core/context-runtime/src/scheduler/default_sched.cc:455 WARNING 2739235 operator() [#781] worker 2 STALLED on one task (load_us=0 realtime_load_us=5.05468e+06 threshold_s=1)[0m
[97m/home/cvazquezperezdelacru/clio-core/context-runtime/src/ipc_manager.cc:2440 INFO 2739229 IncreaseClientShm IpcManager::IncreaseClientShm: Creating clio_2739206_33 with size 141312416 (107757984 + 33554432 overhead)[0m
[33m/home/cvazquezperezdelacru/clio-core/context-runtime/src/worker.cc:370 WARNING 2739235 AdoptLane [#785] worker 2 adopted lane 0x7fee408b7368[0m
[97m/home/cvazquezperezdelacru/clio-core/context-runtime/src/ipc_manager.cc:2485 INFO 2739229 IncreaseClientShm IpcManager::IncreaseClientShm: Created allocator clio_2739206_33 with ID (2739206.33)[0m
