[97m/home/cvazquezperezdelacru/clio-core/context-runtime/src/config_manager.cc:144 INFO 2922193 ClientInit Config at: /mnt/common/cvazquezperezdelacru/IOWARP/faiss/contrib/iowarp/benchmarks/results/ares_cte_rendered_20260731_112532.yaml[0m
[97m/home/cvazquezperezdelacru/clio-core/context-runtime/src/ipc_manager.cc:2865 INFO 2922193 ClearUserIpcs ClearUserIpcs: Removed 31 memfd symlinks from previous runs[0m
[33m/home/cvazquezperezdelacru/clio-core/context-runtime/src/ipc_manager.cc:906 WARNING 2922193 ServerInitShm Main segment: requested 50079715328 bytes exceeds half the memory budget (50079715328 bytes); clamping to 25039857664 bytes[0m
[97m/home/cvazquezperezdelacru/clio-core/context-runtime/src/ipc_manager.cc:931 INFO 2922193 ServerInitShm Initializing main shared memory segment: 25039857664 bytes (23879 MB)[0m
[97m/home/cvazquezperezdelacru/clio-core/context-runtime/src/ipc_manager.cc:952 INFO 2922193 ServerInitShm Initializing queue shared memory segment: 646224224 bytes (631078 KB)[0m
[33m/home/cvazquezperezdelacru/clio-core/context-runtime/src/ipc_manager.cc:1005 WARNING 2922193 ServerInitShm Metadata segment: requested 50079715328 bytes exceeds half the memory budget (50079715328 bytes); clamping to 25039857664 bytes[0m
[97m/home/cvazquezperezdelacru/clio-core/context-runtime/src/ipc_manager.cc:1039 INFO 2922193 ServerInitShm Initializing metadata shared memory segment: 25039857664 bytes (23879 MB), sparse/not pre-faulted[0m
[97m/home/cvazquezperezdelacru/clio-core/context-runtime/src/ipc_manager.cc:865 INFO 2922193 ExcludeFromCoreDump metadata segment: excluded 25039857664 bytes from core dumps[0m
[97m/home/cvazquezperezdelacru/clio-core/context-runtime/src/ipc_manager.cc:1072 INFO 2922193 ServerInitShm ServerInitShm: metadata directory at offset 68072[0m
[97m/home/cvazquezperezdelacru/clio-core/context-runtime/src/ipc_manager.cc:1127 INFO 2922193 ServerInitShm ServerInitShm: 8 inbound SHM ring(s) 'clio-2922193-shm-in-0..7' (16MB each)[0m
[97m/home/cvazquezperezdelacru/clio-core/context-runtime/src/ipc_manager.cc:1269 INFO 2922193 ServerInitQueues Initializing 16 worker queues with depth 1024 (last worker serves dual role)[0m
[97m/home/cvazquezperezdelacru/clio-core/context-runtime/src/ipc_manager.cc:1933 INFO 2922193 IdentifyThisHost SUCCESS: Main server started on 0.0.0.0:9413 (advertised as 0.0.0.0, node=0)[0m
[97m/home/cvazquezperezdelacru/clio-core/context-runtime/src/ipc_manager.cc:561 INFO 2922193 ServerInit IpcManager: TCP ROUTER transport bound on 0.0.0.0:9416[0m
[97m/home/cvazquezperezdelacru/clio-core/context-runtime/src/ipc_manager.cc:579 INFO 2922193 ServerInit IpcManager: IPC lightbeam server bound on /tmp/clio_cvazquezperezdelacru/clio_9413.ipc[0m
[97m/home/cvazquezperezdelacru/clio-core/context-runtime/src/module_manager.cc:137 INFO 2922193 LoadChiMod Loaded ChiMod: clio_cte_filesystem from /mnt/common/cvazquezperezdelacru/clio-core-dev-install/lib/libclio_cte_filesystem_runtime.so[0m
[97m/home/cvazquezperezdelacru/clio-core/context-runtime/src/module_manager.cc:137 INFO 2922193 LoadChiMod Loaded ChiMod: clio_MOD_NAME from /mnt/common/cvazquezperezdelacru/clio-core-dev-install/lib/libclio_MOD_NAME_runtime.so[0m
[97m/home/cvazquezperezdelacru/clio-core/context-runtime/src/module_manager.cc:137 INFO 2922193 LoadChiMod Loaded ChiMod: clio_admin from /mnt/common/cvazquezperezdelacru/clio-core-dev-install/lib/libclio_admin_runtime.so[0m
[97m/home/cvazquezperezdelacru/clio-core/context-runtime/src/module_manager.cc:137 INFO 2922193 LoadChiMod Loaded ChiMod: clio_bdev from /mnt/common/cvazquezperezdelacru/clio-core-dev-install/lib/libclio_bdev_runtime.so[0m
[97m/home/cvazquezperezdelacru/clio-core/context-runtime/src/module_manager.cc:137 INFO 2922193 LoadChiMod Loaded ChiMod: clio_safe_bdev from /mnt/common/cvazquezperezdelacru/clio-core-dev-install/lib/libclio_safe_bdev_runtime.so[0m
[97m/home/cvazquezperezdelacru/clio-core/context-runtime/src/module_manager.cc:137 INFO 2922193 LoadChiMod Loaded ChiMod: clio_cte_core from /mnt/common/cvazquezperezdelacru/clio-core-dev-install/lib/libclio_cte_core_runtime.so[0m
[97m/home/cvazquezperezdelacru/clio-core/context-runtime/src/module_manager.cc:137 INFO 2922193 LoadChiMod Loaded ChiMod: clio_faiss_ivf from /mnt/common/cvazquezperezdelacru/IOWARP/faiss/contrib/iowarp/build-dev/chimod/libclio_faiss_ivf_runtime.so[0m
[97m/home/cvazquezperezdelacru/clio-core/context-runtime/src/work_orchestrator.cc:94 INFO 2922193 Init Creating 8 workers (7 task + 1 dedicated network)[0m
[97m/home/cvazquezperezdelacru/clio-core/context-runtime/src/ipc_manager.cc:756 INFO 2922193 SetNumSchedQueues IpcManager: Updated num_sched_queues to 1[0m
[97m/home/cvazquezperezdelacru/clio-core/context-runtime/src/scheduler/default_sched.cc:139 INFO 2922193 DivideWorkers DefaultScheduler: 1 scheduler worker (0), 4 I/O workers, net_send_worker=6, net_recv_worker=7, gpu_worker=5[0m
[97m/home/cvazquezperezdelacru/clio-core/context-runtime/src/work_orchestrator.cc:271 INFO 2922193 SpawnWorkerThreads WorkOrchestrator: num_workers=8, num_lanes=16[0m
[97m/home/cvazquezperezdelacru/clio-core/context-runtime/src/work_orchestrator.cc:294 INFO 2922193 SpawnWorkerThreads WorkOrchestrator: Mapped worker 0 (ID 0) to lane 0[0m
[97m/home/cvazquezperezdelacru/clio-core/context-runtime/src/work_orchestrator.cc:294 INFO 2922193 SpawnWorkerThreads WorkOrchestrator: Mapped worker 1 (ID 1) to lane 1[0m
[97m/home/cvazquezperezdelacru/clio-core/context-runtime/src/work_orchestrator.cc:294 INFO 2922193 SpawnWorkerThreads WorkOrchestrator: Mapped worker 2 (ID 2) to lane 2[0m
[97m/home/cvazquezperezdelacru/clio-core/context-runtime/src/work_orchestrator.cc:294 INFO 2922193 SpawnWorkerThreads WorkOrchestrator: Mapped worker 3 (ID 3) to lane 3[0m
[97m/home/cvazquezperezdelacru/clio-core/context-runtime/src/work_orchestrator.cc:294 INFO 2922193 SpawnWorkerThreads WorkOrchestrator: Mapped worker 4 (ID 4) to lane 4[0m
[97m/home/cvazquezperezdelacru/clio-core/context-runtime/src/work_orchestrator.cc:294 INFO 2922193 SpawnWorkerThreads WorkOrchestrator: Mapped worker 5 (ID 5) to lane 5[0m
[97m/home/cvazquezperezdelacru/clio-core/context-runtime/src/work_orchestrator.cc:294 INFO 2922193 SpawnWorkerThreads WorkOrchestrator: Mapped worker 6 (ID 6) to lane 6[0m
[97m/home/cvazquezperezdelacru/clio-core/context-runtime/src/work_orchestrator.cc:294 INFO 2922193 SpawnWorkerThreads WorkOrchestrator: Mapped worker 7 (ID 7) to lane 7[0m
[97m/home/cvazquezperezdelacru/clio-core/context-runtime/src/pool_manager.cc:534 INFO 2922193 CreatePool PoolManager: Creating pool 'admin' with 1 containers (one per node)[0m
[33m/home/cvazquezperezdelacru/clio-core/context-runtime/modules/admin/include/clio_runtime/admin/admin_client.h:59 WARNING 2922193 Client AdminClient: Default constructor called - pool_id_ will be PoolId(0,0)[0m
[97m/home/cvazquezperezdelacru/clio-core/context-runtime/src/pool_manager.cc:615 INFO 2922193 CreatePool Creating container for pool PoolId(major:1, minor:0) on node 0 with container_id=0[0m
[97m/home/cvazquezperezdelacru/clio-core/context-runtime/src/pool_manager.cc:644 INFO 2922193 CreatePool Container initialized with pool ID PoolId(major:1, minor:0), name admin, and container ID 0[0m
[97m/home/cvazquezperezdelacru/clio-core/context-runtime/src/pool_manager.cc:663 INFO 2922193 CreatePool CreatePool: Running Create method for pool PoolId(major:1, minor:0)[0m
[97m/home/cvazquezperezdelacru/clio-core/context-runtime/src/ipc/ipc_run2run.cc:1105 INFO 2922223 operator() [PeerRecvThread] started[0m
[97m/home/cvazquezperezdelacru/clio-core/context-runtime/src/ipc/ipc_run2run.cc:1166 INFO 2922224 operator() [ClientRecvThread] started[0m
[97m/home/cvazquezperezdelacru/clio-core/context-runtime/src/pool_manager.cc:666 INFO 2922193 CreatePool CreatePool: Create method completed for pool PoolId(major:1, minor:0)[0m
[97m/home/cvazquezperezdelacru/clio-core/context-runtime/src/pool_manager.cc:700 INFO 2922193 CreatePool PoolManager: Created complete pool PoolId(major:1, minor:0) with ChiMod clio_admin (1 containers)[0m
[97m/home/cvazquezperezdelacru/clio-core/context-runtime/src/pool_manager.cc:125 INFO 2922193 ServerInit PoolManager: Admin chimod pool created successfully with PoolId PoolId(major:1, minor:0)[0m
[97m/home/cvazquezperezdelacru/clio-core/context-runtime/src/manager.cc:264 INFO 2922193 ServerInit Processing compose configuration with 3 pools[0m
[33m/home/cvazquezperezdelacru/clio-core/context-runtime/src/../modules/admin/include/clio_runtime/admin/admin_client.h:59 WARNING 2922193 Client AdminClient: Default constructor called - pool_id_ will be PoolId(0,0)[0m
[97m/home/cvazquezperezdelacru/clio-core/context-runtime/src/manager.cc:282 INFO 2922193 ServerInit Compose: Creating pool ram::chi_default_bdev (module: clio_bdev, restart: 0)[0m
[97m/home/cvazquezperezdelacru/clio-core/context-runtime/src/pool_manager.cc:534 INFO 2922218 CreatePool PoolManager: Creating pool 'ram::chi_default_bdev' with 1 containers (one per node)[0m
[97m/home/cvazquezperezdelacru/clio-core/context-runtime/src/pool_manager.cc:615 INFO 2922218 CreatePool Creating container for pool PoolId(major:301, minor:0) on node 0 with container_id=0[0m
[97m/home/cvazquezperezdelacru/clio-core/context-runtime/src/pool_manager.cc:644 INFO 2922218 CreatePool Container initialized with pool ID PoolId(major:301, minor:0), name ram::chi_default_bdev, and container ID 0[0m
[97m/home/cvazquezperezdelacru/clio-core/context-runtime/src/pool_manager.cc:663 INFO 2922218 CreatePool CreatePool: Running Create method for pool PoolId(major:301, minor:0)[0m
[97m/home/cvazquezperezdelacru/clio-core/context-runtime/modules/bdev/src/transports/mem_bdev_transport.cc:142 INFO 2922218 InitShmBacking [#783] RAM bdev 'clio_rambdev_2922193_301_0' is shared-memory backed (38655688704 of 38654705664 bytes mapped)[0m
[97m/home/cvazquezperezdelacru/clio-core/context-runtime/src/pool_manager.cc:666 INFO 2922218 CreatePool CreatePool: Create method completed for pool PoolId(major:301, minor:0)[0m
[97m/home/cvazquezperezdelacru/clio-core/context-runtime/src/pool_manager.cc:700 INFO 2922218 CreatePool PoolManager: Created complete pool PoolId(major:301, minor:0) with ChiMod clio_bdev (1 containers)[0m
[97m/home/cvazquezperezdelacru/clio-core/context-runtime/src/manager.cc:298 INFO 2922193 ServerInit Compose: Successfully created pool ram::chi_default_bdev (module: clio_bdev)[0m
[97m/home/cvazquezperezdelacru/clio-core/context-runtime/src/manager.cc:282 INFO 2922193 ServerInit Compose: Creating pool cte_main (module: clio_cte_core, restart: 0)[0m
[97m/home/cvazquezperezdelacru/clio-core/context-runtime/src/pool_manager.cc:534 INFO 2922215 CreatePool PoolManager: Creating pool 'cte_main' with 1 containers (one per node)[0m
[97m/home/cvazquezperezdelacru/clio-core/context-runtime/src/pool_manager.cc:615 INFO 2922215 CreatePool Creating container for pool PoolId(major:512, minor:0) on node 0 with container_id=0[0m
[97m/home/cvazquezperezdelacru/clio-core/context-runtime/src/pool_manager.cc:644 INFO 2922215 CreatePool Container initialized with pool ID PoolId(major:512, minor:0), name cte_main, and container ID 0[0m
[97m/home/cvazquezperezdelacru/clio-core/context-runtime/src/pool_manager.cc:663 INFO 2922215 CreatePool CreatePool: Running Create method for pool PoolId(major:512, minor:0)[0m
[97m/home/cvazquezperezdelacru/clio-core/context-transfer-engine/core/src/core_config.cc:618 INFO 2922215 ParseStorageConfig Parsed 1 storage devices[0m
[97m/home/cvazquezperezdelacru/clio-core/context-transfer-engine/core/src/core_config.cc:636 INFO 2922215 ParseDpeConfig Parsed DPE configuration: type=max_bw[0m
[97m/home/cvazquezperezdelacru/clio-core/context-transfer-engine/core/src/core_config.cc:111 INFO 2922215 LoadFromString Configuration loaded successfully from YAML string[0m
[97m/home/cvazquezperezdelacru/clio-core/context-transfer-engine/core/src/core_runtime.cc:545 INFO 2922215 Create CTE: shared-memory metadata cache enabled (tags=65536, blobs=262144, root_off=488)[0m
[97m/home/cvazquezperezdelacru/clio-core/context-runtime/src/pool_manager.cc:534 INFO 2922217 CreatePool PoolManager: Creating pool '/mnt/nvme/cvazquezperezdelacru/cte_tier_node0' with 1 containers (one per node)[0m
[97m/home/cvazquezperezdelacru/clio-core/context-runtime/src/pool_manager.cc:615 INFO 2922217 CreatePool Creating container for pool PoolId(major:512, minor:1) on node 0 with container_id=0[0m
[97m/home/cvazquezperezdelacru/clio-core/context-runtime/src/pool_manager.cc:644 INFO 2922217 CreatePool Container initialized with pool ID PoolId(major:512, minor:1), name /mnt/nvme/cvazquezperezdelacru/cte_tier_node0, and container ID 0[0m
[97m/home/cvazquezperezdelacru/clio-core/context-runtime/src/pool_manager.cc:663 INFO 2922217 CreatePool CreatePool: Running Create method for pool PoolId(major:512, minor:1)[0m
[97m/home/cvazquezperezdelacru/clio-core/context-runtime/src/pool_manager.cc:666 INFO 2922217 CreatePool CreatePool: Create method completed for pool PoolId(major:512, minor:1)[0m
[97m/home/cvazquezperezdelacru/clio-core/context-runtime/src/pool_manager.cc:700 INFO 2922217 CreatePool PoolManager: Created complete pool PoolId(major:512, minor:1) with ChiMod clio_bdev (1 containers)[0m
[97m/home/cvazquezperezdelacru/clio-core/context-transfer-engine/core/src/core_runtime.cc:663 INFO 2922215 Create CTE Core container created and initialized for pool: cte_main (ID: PoolId(major:512, minor:0))[0m
[97m/home/cvazquezperezdelacru/clio-core/context-transfer-engine/core/src/core_runtime.cc:667 INFO 2922215 Create Configuration: neighborhood=1, poll_period_ms=5000, stat_targets_period_ms=5000[0m
[97m/home/cvazquezperezdelacru/clio-core/context-transfer-engine/core/src/core_runtime.cc:709 INFO 2922215 Create Starting periodic StatTargets task with period 5000 ms[0m
[97m/home/cvazquezperezdelacru/clio-core/context-runtime/src/pool_manager.cc:666 INFO 2922215 CreatePool CreatePool: Create method completed for pool PoolId(major:512, minor:0)[0m
[97m/home/cvazquezperezdelacru/clio-core/context-runtime/src/pool_manager.cc:700 INFO 2922215 CreatePool PoolManager: Created complete pool PoolId(major:512, minor:0) with ChiMod clio_cte_core (1 containers)[0m
[97m/home/cvazquezperezdelacru/clio-core/context-runtime/src/manager.cc:298 INFO 2922193 ServerInit Compose: Successfully created pool cte_main (module: clio_cte_core)[0m
[97m/home/cvazquezperezdelacru/clio-core/context-runtime/src/manager.cc:282 INFO 2922193 ServerInit Compose: Creating pool faiss_ivf_main (module: clio_faiss_ivf, restart: 0)[0m
[97m/home/cvazquezperezdelacru/clio-core/context-runtime/src/pool_manager.cc:534 INFO 2922218 CreatePool PoolManager: Creating pool 'faiss_ivf_main' with 1 containers (one per node)[0m
[97m/home/cvazquezperezdelacru/clio-core/context-runtime/src/pool_manager.cc:615 INFO 2922218 CreatePool Creating container for pool PoolId(major:600, minor:0) on node 0 with container_id=0[0m
[97m/home/cvazquezperezdelacru/clio-core/context-runtime/src/pool_manager.cc:644 INFO 2922218 CreatePool Container initialized with pool ID PoolId(major:600, minor:0), name faiss_ivf_main, and container ID 0[0m
[97m/home/cvazquezperezdelacru/clio-core/context-runtime/src/pool_manager.cc:663 INFO 2922218 CreatePool CreatePool: Running Create method for pool PoolId(major:600, minor:0)[0m
[97m/home/cvazquezperezdelacru/clio-core/context-runtime/src/pool_manager.cc:666 INFO 2922218 CreatePool CreatePool: Create method completed for pool PoolId(major:600, minor:0)[0m
[97m/home/cvazquezperezdelacru/clio-core/context-runtime/src/pool_manager.cc:700 INFO 2922218 CreatePool PoolManager: Created complete pool PoolId(major:600, minor:0) with ChiMod clio_faiss_ivf (1 containers)[0m
[97m/home/cvazquezperezdelacru/clio-core/context-runtime/src/manager.cc:298 INFO 2922193 ServerInit Compose: Successfully created pool faiss_ivf_main (module: clio_faiss_ivf)[0m
[97m/home/cvazquezperezdelacru/clio-core/context-runtime/src/manager.cc:304 INFO 2922193 ServerInit Compose: All 3 pools created successfully[0m
[32m/home/cvazquezperezdelacru/clio-core/context-runtime/src/ipc_manager.cc:1368 SUCCESS 2922193 StartLocalServer Successfully started local server at 127.0.0.1:9414[0m
[97m/home/cvazquezperezdelacru/clio-core/context-runtime/src/manager.cc:137 INFO 2922193 ClientInit RuntimeManager::ClientInit[0m
[97m/home/cvazquezperezdelacru/clio-core/context-runtime/src/manager.cc:181 INFO 2922193 ClientInit ClientInit: g_admin already exists, pool_id_=PoolId(major:0, minor:0)[0m
[33m/home/cvazquezperezdelacru/clio-core/context-runtime/src/scheduler/default_sched.cc:430 WARNING 2922222 LoadBalance [#781 PDF] observed exec-time bins (cumulative): <10us=60760 <50us=231 <500us=6 <10ms=5 <50ms=0 <500ms=2 <1s=0 >=1s=0 | stalls_detected=0[0m
[33m/home/cvazquezperezdelacru/clio-core/context-runtime/src/scheduler/default_sched.cc:439 WARNING 2922222 LoadBalance [#785] lane rescues performed: 0[0m
[33m/home/cvazquezperezdelacru/clio-core/context-runtime/src/scheduler/default_sched.cc:430 WARNING 2922222 LoadBalance [#781 PDF] observed exec-time bins (cumulative): <10us=127586 <50us=557 <500us=11 <10ms=6 <50ms=0 <500ms=2 <1s=0 >=1s=0 | stalls_detected=0[0m
[33m/home/cvazquezperezdelacru/clio-core/context-runtime/src/scheduler/default_sched.cc:439 WARNING 2922222 LoadBalance [#785] lane rescues performed: 0[0m
[33m/home/cvazquezperezdelacru/clio-core/context-runtime/src/scheduler/default_sched.cc:430 WARNING 2922222 LoadBalance [#781 PDF] observed exec-time bins (cumulative): <10us=194639 <50us=756 <500us=19 <10ms=7 <50ms=0 <500ms=2 <1s=0 >=1s=0 | stalls_detected=0[0m
[33m/home/cvazquezperezdelacru/clio-core/context-runtime/src/scheduler/default_sched.cc:439 WARNING 2922222 LoadBalance [#785] lane rescues performed: 0[0m
[97m/home/cvazquezperezdelacru/clio-core/context-runtime/src/ipc_manager.cc:2288 INFO 2922224 GetOrCreateClient [ClientPool] Creating new persistent connection to 127.0.0.1:33075[0m
[97m/home/cvazquezperezdelacru/clio-core/context-runtime/src/../../context-transport-primitives/include/clio_ctp/lightbeam/zmq_transport.h:152 INFO 2922224 GetSharedContext [ZeroMqTransport] Created shared context with 8 I/O threads[0m
[97m/home/cvazquezperezdelacru/clio-core/context-runtime/src/ipc_manager.cc:2308 INFO 2922224 GetOrCreateClient [ClientPool] Connection established to 127.0.0.1:33075[0m
[97m/home/cvazquezperezdelacru/clio-core/context-runtime/modules/admin/src/admin_runtime.cc:1191 INFO 2922214 RegisterMemory Admin::RegisterMemory: Registering CPU alloc_id (2922311.0)[0m
[97m/home/cvazquezperezdelacru/clio-core/context-runtime/src/ipc_manager.cc:2532 INFO 2922214 RegisterMemory IpcManager::RegisterMemory: Registering clio_2922311_0 from pid 2922311[0m
[97m/home/cvazquezperezdelacru/clio-core/context-runtime/src/ipc_manager.cc:2575 INFO 2922214 RegisterMemory IpcManager::RegisterMemory: Successfully registered clio_2922311_0[0m
[97m/home/cvazquezperezdelacru/clio-core/context-runtime/src/pool_manager.cc:534 INFO 2922218 CreatePool PoolManager: Creating pool 'clio_cte_core' with 1 containers (one per node)[0m
[97m/home/cvazquezperezdelacru/clio-core/context-runtime/src/pool_manager.cc:575 INFO 2922218 CreatePool PoolManager: Pool PoolId(major:512, minor:0) already exists by ID, returning existing pool[0m
[33m/home/cvazquezperezdelacru/clio-core/context-runtime/src/scheduler/default_sched.cc:430 WARNING 2922222 LoadBalance [#781 PDF] observed exec-time bins (cumulative): <10us=262557 <50us=3033 <500us=138 <10ms=239 <50ms=2 <500ms=2 <1s=0 >=1s=0 | stalls_detected=0[0m
[33m/home/cvazquezperezdelacru/clio-core/context-runtime/src/scheduler/default_sched.cc:439 WARNING 2922222 LoadBalance [#785] lane rescues performed: 0[0m
[33m/home/cvazquezperezdelacru/clio-core/context-runtime/src/scheduler/default_sched.cc:430 WARNING 2922222 LoadBalance [#781 PDF] observed exec-time bins (cumulative): <10us=325793 <50us=6028 <500us=235 <10ms=629 <50ms=6 <500ms=2 <1s=0 >=1s=0 | stalls_detected=0[0m
[33m/home/cvazquezperezdelacru/clio-core/context-runtime/src/scheduler/default_sched.cc:439 WARNING 2922222 LoadBalance [#785] lane rescues performed: 0[0m
[33m/home/cvazquezperezdelacru/clio-core/context-runtime/src/scheduler/default_sched.cc:430 WARNING 2922222 LoadBalance [#781 PDF] observed exec-time bins (cumulative): <10us=391327 <50us=8835 <500us=352 <10ms=935 <50ms=8 <500ms=2 <1s=0 >=1s=0 | stalls_detected=0[0m
[33m/home/cvazquezperezdelacru/clio-core/context-runtime/src/scheduler/default_sched.cc:439 WARNING 2922222 LoadBalance [#785] lane rescues performed: 0[0m
[31m/home/cvazquezperezdelacru/clio-core/context-runtime/src/scheduler/default_sched.cc:726 ERROR 2922222 LoadBalance [HANGWATCH-HB] processed=3381 outstanding=1 (queued=1 blocked=0 retry=0 periodic=7) live=0 live_stalled=0[0m
[33m/home/cvazquezperezdelacru/clio-core/context-runtime/src/scheduler/default_sched.cc:430 WARNING 2922222 LoadBalance [#781 PDF] observed exec-time bins (cumulative): <10us=458027 <50us=10981 <500us=459 <10ms=1243 <50ms=11 <500ms=2 <1s=0 >=1s=0 | stalls_detected=0[0m
[33m/home/cvazquezperezdelacru/clio-core/context-runtime/src/scheduler/default_sched.cc:439 WARNING 2922222 LoadBalance [#785] lane rescues performed: 0[0m
[33m/home/cvazquezperezdelacru/clio-core/context-runtime/src/scheduler/default_sched.cc:430 WARNING 2922222 LoadBalance [#781 PDF] observed exec-time bins (cumulative): <10us=525911 <50us=12958 <500us=571 <10ms=1447 <50ms=12 <500ms=2 <1s=0 >=1s=0 | stalls_detected=0[0m
[33m/home/cvazquezperezdelacru/clio-core/context-runtime/src/scheduler/default_sched.cc:439 WARNING 2922222 LoadBalance [#785] lane rescues performed: 0[0m
[33m/home/cvazquezperezdelacru/clio-core/context-runtime/src/scheduler/default_sched.cc:430 WARNING 2922222 LoadBalance [#781 PDF] observed exec-time bins (cumulative): <10us=591078 <50us=14634 <500us=689 <10ms=1557 <50ms=14 <500ms=2 <1s=0 >=1s=0 | stalls_detected=0[0m
[33m/home/cvazquezperezdelacru/clio-core/context-runtime/src/scheduler/default_sched.cc:439 WARNING 2922222 LoadBalance [#785] lane rescues performed: 0[0m
[33m/home/cvazquezperezdelacru/clio-core/context-runtime/src/scheduler/default_sched.cc:430 WARNING 2922222 LoadBalance [#781 PDF] observed exec-time bins (cumulative): <10us=656700 <50us=16509 <500us=813 <10ms=1746 <50ms=16 <500ms=2 <1s=0 >=1s=0 | stalls_detected=0[0m
[33m/home/cvazquezperezdelacru/clio-core/context-runtime/src/scheduler/default_sched.cc:439 WARNING 2922222 LoadBalance [#785] lane rescues performed: 0[0m
[33m/home/cvazquezperezdelacru/clio-core/context-runtime/src/scheduler/default_sched.cc:430 WARNING 2922222 LoadBalance [#781 PDF] observed exec-time bins (cumulative): <10us=720941 <50us=22191 <500us=928 <10ms=2006 <50ms=18 <500ms=2 <1s=0 >=1s=0 | stalls_detected=0[0m
[33m/home/cvazquezperezdelacru/clio-core/context-runtime/src/scheduler/default_sched.cc:439 WARNING 2922222 LoadBalance [#785] lane rescues performed: 0[0m
[33m/home/cvazquezperezdelacru/clio-core/context-runtime/src/scheduler/default_sched.cc:430 WARNING 2922222 LoadBalance [#781 PDF] observed exec-time bins (cumulative): <10us=791484 <50us=24579 <500us=1056 <10ms=2270 <50ms=22 <500ms=2 <1s=0 >=1s=0 | stalls_detected=0[0m
[33m/home/cvazquezperezdelacru/clio-core/context-runtime/src/scheduler/default_sched.cc:439 WARNING 2922222 LoadBalance [#785] lane rescues performed: 0[0m
[33m/home/cvazquezperezdelacru/clio-core/context-runtime/src/scheduler/default_sched.cc:430 WARNING 2922222 LoadBalance [#781 PDF] observed exec-time bins (cumulative): <10us=861612 <50us=26741 <500us=1178 <10ms=2561 <50ms=23 <500ms=2 <1s=0 >=1s=0 | stalls_detected=0[0m
[33m/home/cvazquezperezdelacru/clio-core/context-runtime/src/scheduler/default_sched.cc:439 WARNING 2922222 LoadBalance [#785] lane rescues performed: 0[0m
[33m/home/cvazquezperezdelacru/clio-core/context-runtime/src/scheduler/default_sched.cc:430 WARNING 2922222 LoadBalance [#781 PDF] observed exec-time bins (cumulative): <10us=923517 <50us=30755 <500us=1307 <10ms=2857 <50ms=24 <500ms=3 <1s=0 >=1s=0 | stalls_detected=0[0m
[33m/home/cvazquezperezdelacru/clio-core/context-runtime/src/scheduler/default_sched.cc:439 WARNING 2922222 LoadBalance [#785] lane rescues performed: 0[0m
[33m/home/cvazquezperezdelacru/clio-core/context-runtime/src/scheduler/default_sched.cc:430 WARNING 2922222 LoadBalance [#781 PDF] observed exec-time bins (cumulative): <10us=983639 <50us=36306 <500us=1404 <10ms=3191 <50ms=25 <500ms=3 <1s=0 >=1s=0 | stalls_detected=0[0m
[33m/home/cvazquezperezdelacru/clio-core/context-runtime/src/scheduler/default_sched.cc:439 WARNING 2922222 LoadBalance [#785] lane rescues performed: 0[0m
[33m/home/cvazquezperezdelacru/clio-core/context-runtime/src/scheduler/default_sched.cc:430 WARNING 2922222 LoadBalance [#781 PDF] observed exec-time bins (cumulative): <10us=1050094 <50us=37478 <500us=1524 <10ms=3476 <50ms=29 <500ms=3 <1s=0 >=1s=0 | stalls_detected=0[0m
[33m/home/cvazquezperezdelacru/clio-core/context-runtime/src/scheduler/default_sched.cc:439 WARNING 2922222 LoadBalance [#785] lane rescues performed: 0[0m
[33m/home/cvazquezperezdelacru/clio-core/context-runtime/src/scheduler/default_sched.cc:430 WARNING 2922222 LoadBalance [#781 PDF] observed exec-time bins (cumulative): <10us=1116338 <50us=38823 <500us=1636 <10ms=3770 <50ms=30 <500ms=3 <1s=0 >=1s=0 | stalls_detected=0[0m
[33m/home/cvazquezperezdelacru/clio-core/context-runtime/src/scheduler/default_sched.cc:439 WARNING 2922222 LoadBalance [#785] lane rescues performed: 0[0m
[33m/home/cvazquezperezdelacru/clio-core/context-runtime/src/scheduler/default_sched.cc:430 WARNING 2922222 LoadBalance [#781 PDF] observed exec-time bins (cumulative): <10us=1181474 <50us=41235 <500us=1750 <10ms=4056 <50ms=32 <500ms=3 <1s=0 >=1s=0 | stalls_detected=0[0m
[33m/home/cvazquezperezdelacru/clio-core/context-runtime/src/scheduler/default_sched.cc:439 WARNING 2922222 LoadBalance [#785] lane rescues performed: 0[0m
[33m/home/cvazquezperezdelacru/clio-core/context-runtime/src/scheduler/default_sched.cc:430 WARNING 2922222 LoadBalance [#781 PDF] observed exec-time bins (cumulative): <10us=1246985 <50us=43833 <500us=1855 <10ms=4299 <50ms=34 <500ms=3 <1s=0 >=1s=0 | stalls_detected=0[0m
[33m/home/cvazquezperezdelacru/clio-core/context-runtime/src/scheduler/default_sched.cc:439 WARNING 2922222 LoadBalance [#785] lane rescues performed: 0[0m
[33m/home/cvazquezperezdelacru/clio-core/context-runtime/src/scheduler/default_sched.cc:430 WARNING 2922222 LoadBalance [#781 PDF] observed exec-time bins (cumulative): <10us=1314724 <50us=46409 <500us=1995 <10ms=4588 <50ms=35 <500ms=4 <1s=0 >=1s=0 | stalls_detected=0[0m
[33m/home/cvazquezperezdelacru/clio-core/context-runtime/src/scheduler/default_sched.cc:439 WARNING 2922222 LoadBalance [#785] lane rescues performed: 0[0m
[33m/home/cvazquezperezdelacru/clio-core/context-runtime/src/scheduler/default_sched.cc:430 WARNING 2922222 LoadBalance [#781 PDF] observed exec-time bins (cumulative): <10us=1388456 <50us=49370 <500us=2131 <10ms=4910 <50ms=38 <500ms=4 <1s=0 >=1s=0 | stalls_detected=0[0m
[33m/home/cvazquezperezdelacru/clio-core/context-runtime/src/scheduler/default_sched.cc:439 WARNING 2922222 LoadBalance [#785] lane rescues performed: 0[0m
[33m/home/cvazquezperezdelacru/clio-core/context-runtime/src/scheduler/default_sched.cc:430 WARNING 2922222 LoadBalance [#781 PDF] observed exec-time bins (cumulative): <10us=1457944 <50us=53170 <500us=2241 <10ms=5221 <50ms=45 <500ms=4 <1s=0 >=1s=0 | stalls_detected=0[0m
[33m/home/cvazquezperezdelacru/clio-core/context-runtime/src/scheduler/default_sched.cc:439 WARNING 2922222 LoadBalance [#785] lane rescues performed: 0[0m
[33m/home/cvazquezperezdelacru/clio-core/context-runtime/src/scheduler/default_sched.cc:430 WARNING 2922222 LoadBalance [#781 PDF] observed exec-time bins (cumulative): <10us=1529927 <50us=56120 <500us=2360 <10ms=5559 <50ms=47 <500ms=4 <1s=0 >=1s=0 | stalls_detected=0[0m
[33m/home/cvazquezperezdelacru/clio-core/context-runtime/src/scheduler/default_sched.cc:439 WARNING 2922222 LoadBalance [#785] lane rescues performed: 0[0m
[33m/home/cvazquezperezdelacru/clio-core/context-runtime/src/scheduler/default_sched.cc:430 WARNING 2922222 LoadBalance [#781 PDF] observed exec-time bins (cumulative): <10us=1596879 <50us=59335 <500us=2458 <10ms=5863 <50ms=49 <500ms=4 <1s=0 >=1s=0 | stalls_detected=0[0m
[33m/home/cvazquezperezdelacru/clio-core/context-runtime/src/scheduler/default_sched.cc:439 WARNING 2922222 LoadBalance [#785] lane rescues performed: 0[0m
[33m/home/cvazquezperezdelacru/clio-core/context-runtime/src/scheduler/default_sched.cc:430 WARNING 2922222 LoadBalance [#781 PDF] observed exec-time bins (cumulative): <10us=1659181 <50us=63923 <500us=2560 <10ms=6166 <50ms=50 <500ms=5 <1s=0 >=1s=0 | stalls_detected=0[0m
[33m/home/cvazquezperezdelacru/clio-core/context-runtime/src/scheduler/default_sched.cc:439 WARNING 2922222 LoadBalance [#785] lane rescues performed: 0[0m
[33m/home/cvazquezperezdelacru/clio-core/context-runtime/src/scheduler/default_sched.cc:430 WARNING 2922222 LoadBalance [#781 PDF] observed exec-time bins (cumulative): <10us=1727848 <50us=67655 <500us=2677 <10ms=6455 <50ms=52 <500ms=5 <1s=0 >=1s=0 | stalls_detected=0[0m
[33m/home/cvazquezperezdelacru/clio-core/context-runtime/src/scheduler/default_sched.cc:439 WARNING 2922222 LoadBalance [#785] lane rescues performed: 0[0m
[33m/home/cvazquezperezdelacru/clio-core/context-runtime/src/scheduler/default_sched.cc:430 WARNING 2922222 LoadBalance [#781 PDF] observed exec-time bins (cumulative): <10us=1795661 <50us=70607 <500us=2792 <10ms=6772 <50ms=56 <500ms=5 <1s=0 >=1s=0 | stalls_detected=0[0m
[33m/home/cvazquezperezdelacru/clio-core/context-runtime/src/scheduler/default_sched.cc:439 WARNING 2922222 LoadBalance [#785] lane rescues performed: 0[0m
[33m/home/cvazquezperezdelacru/clio-core/context-runtime/src/scheduler/default_sched.cc:430 WARNING 2922222 LoadBalance [#781 PDF] observed exec-time bins (cumulative): <10us=1867523 <50us=73816 <500us=2901 <10ms=7102 <50ms=59 <500ms=5 <1s=0 >=1s=0 | stalls_detected=0[0m
[33m/home/cvazquezperezdelacru/clio-core/context-runtime/src/scheduler/default_sched.cc:439 WARNING 2922222 LoadBalance [#785] lane rescues performed: 0[0m
[33m/home/cvazquezperezdelacru/clio-core/context-runtime/src/scheduler/default_sched.cc:430 WARNING 2922222 LoadBalance [#781 PDF] observed exec-time bins (cumulative): <10us=1937677 <50us=76167 <500us=2987 <10ms=7436 <50ms=62 <500ms=5 <1s=0 >=1s=0 | stalls_detected=0[0m
[33m/home/cvazquezperezdelacru/clio-core/context-runtime/src/scheduler/default_sched.cc:439 WARNING 2922222 LoadBalance [#785] lane rescues performed: 0[0m
[33m/home/cvazquezperezdelacru/clio-core/context-runtime/src/scheduler/default_sched.cc:430 WARNING 2922222 LoadBalance [#781 PDF] observed exec-time bins (cumulative): <10us=2002370 <50us=80236 <500us=3090 <10ms=7760 <50ms=64 <500ms=5 <1s=0 >=1s=0 | stalls_detected=0[0m
[33m/home/cvazquezperezdelacru/clio-core/context-runtime/src/scheduler/default_sched.cc:439 WARNING 2922222 LoadBalance [#785] lane rescues performed: 0[0m
[33m/home/cvazquezperezdelacru/clio-core/context-runtime/src/scheduler/default_sched.cc:430 WARNING 2922222 LoadBalance [#781 PDF] observed exec-time bins (cumulative): <10us=2066572 <50us=83927 <500us=3184 <10ms=8079 <50ms=65 <500ms=7 <1s=0 >=1s=0 | stalls_detected=0[0m
[33m/home/cvazquezperezdelacru/clio-core/context-runtime/src/scheduler/default_sched.cc:439 WARNING 2922222 LoadBalance [#785] lane rescues performed: 0[0m
[33m/home/cvazquezperezdelacru/clio-core/context-runtime/src/scheduler/default_sched.cc:430 WARNING 2922222 LoadBalance [#781 PDF] observed exec-time bins (cumulative): <10us=2131142 <50us=87306 <500us=3297 <10ms=8396 <50ms=67 <500ms=7 <1s=0 >=1s=0 | stalls_detected=0[0m
[33m/home/cvazquezperezdelacru/clio-core/context-runtime/src/scheduler/default_sched.cc:439 WARNING 2922222 LoadBalance [#785] lane rescues performed: 0[0m
[33m/home/cvazquezperezdelacru/clio-core/context-runtime/src/scheduler/default_sched.cc:430 WARNING 2922222 LoadBalance [#781 PDF] observed exec-time bins (cumulative): <10us=2195416 <50us=90784 <500us=3408 <10ms=8684 <50ms=68 <500ms=7 <1s=0 >=1s=0 | stalls_detected=0[0m
[33m/home/cvazquezperezdelacru/clio-core/context-runtime/src/scheduler/default_sched.cc:439 WARNING 2922222 LoadBalance [#785] lane rescues performed: 0[0m
[33m/home/cvazquezperezdelacru/clio-core/context-runtime/src/scheduler/default_sched.cc:430 WARNING 2922222 LoadBalance [#781 PDF] observed exec-time bins (cumulative): <10us=2265542 <50us=92471 <500us=3538 <10ms=8977 <50ms=72 <500ms=7 <1s=0 >=1s=0 | stalls_detected=0[0m
[33m/home/cvazquezperezdelacru/clio-core/context-runtime/src/scheduler/default_sched.cc:439 WARNING 2922222 LoadBalance [#785] lane rescues performed: 0[0m
[33m/home/cvazquezperezdelacru/clio-core/context-runtime/src/scheduler/default_sched.cc:430 WARNING 2922222 LoadBalance [#781 PDF] observed exec-time bins (cumulative): <10us=2329620 <50us=96631 <500us=3632 <10ms=9297 <50ms=75 <500ms=7 <1s=0 >=1s=0 | stalls_detected=0[0m
[33m/home/cvazquezperezdelacru/clio-core/context-runtime/src/scheduler/default_sched.cc:439 WARNING 2922222 LoadBalance [#785] lane rescues performed: 0[0m
[33m/home/cvazquezperezdelacru/clio-core/context-runtime/src/scheduler/default_sched.cc:430 WARNING 2922222 LoadBalance [#781 PDF] observed exec-time bins (cumulative): <10us=2395450 <50us=98317 <500us=3732 <10ms=9610 <50ms=77 <500ms=7 <1s=0 >=1s=0 | stalls_detected=0[0m
[33m/home/cvazquezperezdelacru/clio-core/context-runtime/src/scheduler/default_sched.cc:439 WARNING 2922222 LoadBalance [#785] lane rescues performed: 0[0m
[33m/home/cvazquezperezdelacru/clio-core/context-runtime/src/scheduler/default_sched.cc:430 WARNING 2922222 LoadBalance [#781 PDF] observed exec-time bins (cumulative): <10us=2460218 <50us=100603 <500us=3865 <10ms=9908 <50ms=82 <500ms=7 <1s=0 >=1s=0 | stalls_detected=0[0m
[33m/home/cvazquezperezdelacru/clio-core/context-runtime/src/scheduler/default_sched.cc:439 WARNING 2922222 LoadBalance [#785] lane rescues performed: 0[0m
[31m/home/cvazquezperezdelacru/clio-core/context-runtime/src/scheduler/default_sched.cc:726 ERROR 2922222 LoadBalance [HANGWATCH-HB] processed=30268 outstanding=1 (queued=1 blocked=0 retry=0 periodic=7) live=0 live_stalled=0[0m
[33m/home/cvazquezperezdelacru/clio-core/context-runtime/src/scheduler/default_sched.cc:430 WARNING 2922222 LoadBalance [#781 PDF] observed exec-time bins (cumulative): <10us=2526139 <50us=102519 <500us=3961 <10ms=10232 <50ms=84 <500ms=9 <1s=0 >=1s=0 | stalls_detected=0[0m
[33m/home/cvazquezperezdelacru/clio-core/context-runtime/src/scheduler/default_sched.cc:439 WARNING 2922222 LoadBalance [#785] lane rescues performed: 0[0m
[33m/home/cvazquezperezdelacru/clio-core/context-runtime/src/scheduler/default_sched.cc:430 WARNING 2922222 LoadBalance [#781 PDF] observed exec-time bins (cumulative): <10us=2591535 <50us=104621 <500us=4050 <10ms=10549 <50ms=86 <500ms=9 <1s=0 >=1s=0 | stalls_detected=0[0m
[33m/home/cvazquezperezdelacru/clio-core/context-runtime/src/scheduler/default_sched.cc:439 WARNING 2922222 LoadBalance [#785] lane rescues performed: 0[0m
[33m/home/cvazquezperezdelacru/clio-core/context-runtime/src/scheduler/default_sched.cc:430 WARNING 2922222 LoadBalance [#781 PDF] observed exec-time bins (cumulative): <10us=2659473 <50us=108229 <500us=4137 <10ms=10839 <50ms=89 <500ms=9 <1s=0 >=1s=0 | stalls_detected=0[0m
[33m/home/cvazquezperezdelacru/clio-core/context-runtime/src/scheduler/default_sched.cc:439 WARNING 2922222 LoadBalance [#785] lane rescues performed: 0[0m
[33m/home/cvazquezperezdelacru/clio-core/context-runtime/src/scheduler/default_sched.cc:430 WARNING 2922222 LoadBalance [#781 PDF] observed exec-time bins (cumulative): <10us=2727396 <50us=109049 <500us=4228 <10ms=11093 <50ms=91 <500ms=9 <1s=0 >=1s=0 | stalls_detected=0[0m
[33m/home/cvazquezperezdelacru/clio-core/context-runtime/src/scheduler/default_sched.cc:439 WARNING 2922222 LoadBalance [#785] lane rescues performed: 0[0m
[33m/home/cvazquezperezdelacru/clio-core/context-runtime/src/scheduler/default_sched.cc:430 WARNING 2922222 LoadBalance [#781 PDF] observed exec-time bins (cumulative): <10us=2799918 <50us=109842 <500us=4303 <10ms=11438 <50ms=95 <500ms=9 <1s=0 >=1s=0 | stalls_detected=0[0m
[33m/home/cvazquezperezdelacru/clio-core/context-runtime/src/scheduler/default_sched.cc:439 WARNING 2922222 LoadBalance [#785] lane rescues performed: 0[0m
[33m/home/cvazquezperezdelacru/clio-core/context-runtime/src/scheduler/default_sched.cc:430 WARNING 2922222 LoadBalance [#781 PDF] observed exec-time bins (cumulative): <10us=2869581 <50us=111436 <500us=4409 <10ms=11755 <50ms=97 <500ms=10 <1s=0 >=1s=0 | stalls_detected=0[0m
[33m/home/cvazquezperezdelacru/clio-core/context-runtime/src/scheduler/default_sched.cc:439 WARNING 2922222 LoadBalance [#785] lane rescues performed: 0[0m
[33m/home/cvazquezperezdelacru/clio-core/context-runtime/src/scheduler/default_sched.cc:430 WARNING 2922222 LoadBalance [#781 PDF] observed exec-time bins (cumulative): <10us=2938971 <50us=113134 <500us=4534 <10ms=11993 <50ms=97 <500ms=11 <1s=0 >=1s=0 | stalls_detected=0[0m
[33m/home/cvazquezperezdelacru/clio-core/context-runtime/src/scheduler/default_sched.cc:439 WARNING 2922222 LoadBalance [#785] lane rescues performed: 0[0m
[33m/home/cvazquezperezdelacru/clio-core/context-runtime/src/scheduler/default_sched.cc:430 WARNING 2922222 LoadBalance [#781 PDF] observed exec-time bins (cumulative): <10us=3013664 <50us=114066 <500us=4635 <10ms=12318 <50ms=101 <500ms=11 <1s=0 >=1s=0 | stalls_detected=0[0m
[33m/home/cvazquezperezdelacru/clio-core/context-runtime/src/scheduler/default_sched.cc:439 WARNING 2922222 LoadBalance [#785] lane rescues performed: 0[0m
[31m/home/cvazquezperezdelacru/clio-core/context-runtime/src/scheduler/default_sched.cc:726 ERROR 2922222 LoadBalance [HANGWATCH-HB] processed=37841 outstanding=1 (queued=1 blocked=0 retry=0 periodic=6) live=2 live_stalled=0[0m
[33m/home/cvazquezperezdelacru/clio-core/context-runtime/src/scheduler/default_sched.cc:430 WARNING 2922222 LoadBalance [#781 PDF] observed exec-time bins (cumulative): <10us=3088957 <50us=114977 <500us=4722 <10ms=12645 <50ms=101 <500ms=12 <1s=0 >=1s=0 | stalls_detected=0[0m
[33m/home/cvazquezperezdelacru/clio-core/context-runtime/src/scheduler/default_sched.cc:439 WARNING 2922222 LoadBalance [#785] lane rescues performed: 0[0m
[33m/home/cvazquezperezdelacru/clio-core/context-runtime/src/scheduler/default_sched.cc:430 WARNING 2922222 LoadBalance [#781 PDF] observed exec-time bins (cumulative): <10us=3159874 <50us=116628 <500us=4819 <10ms=12955 <50ms=104 <500ms=14 <1s=0 >=1s=0 | stalls_detected=0[0m
[33m/home/cvazquezperezdelacru/clio-core/context-runtime/src/scheduler/default_sched.cc:439 WARNING 2922222 LoadBalance [#785] lane rescues performed: 0[0m
[33m/home/cvazquezperezdelacru/clio-core/context-runtime/src/scheduler/default_sched.cc:430 WARNING 2922222 LoadBalance [#781 PDF] observed exec-time bins (cumulative): <10us=3224913 <50us=119680 <500us=4922 <10ms=13279 <50ms=108 <500ms=14 <1s=0 >=1s=0 | stalls_detected=0[0m
[33m/home/cvazquezperezdelacru/clio-core/context-runtime/src/scheduler/default_sched.cc:439 WARNING 2922222 LoadBalance [#785] lane rescues performed: 0[0m
[33m/home/cvazquezperezdelacru/clio-core/context-runtime/src/scheduler/default_sched.cc:430 WARNING 2922222 LoadBalance [#781 PDF] observed exec-time bins (cumulative): <10us=3289623 <50us=121997 <500us=5044 <10ms=13514 <50ms=109 <500ms=14 <1s=0 >=1s=0 | stalls_detected=0[0m
[33m/home/cvazquezperezdelacru/clio-core/context-runtime/src/scheduler/default_sched.cc:439 WARNING 2922222 LoadBalance [#785] lane rescues performed: 0[0m
[33m/home/cvazquezperezdelacru/clio-core/context-runtime/src/scheduler/default_sched.cc:430 WARNING 2922222 LoadBalance [#781 PDF] observed exec-time bins (cumulative): <10us=3353859 <50us=124459 <500us=5162 <10ms=13687 <50ms=111 <500ms=14 <1s=0 >=1s=0 | stalls_detected=0[0m
[33m/home/cvazquezperezdelacru/clio-core/context-runtime/src/scheduler/default_sched.cc:439 WARNING 2922222 LoadBalance [#785] lane rescues performed: 0[0m
[33m/home/cvazquezperezdelacru/clio-core/context-runtime/src/scheduler/default_sched.cc:430 WARNING 2922222 LoadBalance [#781 PDF] observed exec-time bins (cumulative): <10us=3419178 <50us=127040 <500us=5253 <10ms=13964 <50ms=112 <500ms=14 <1s=0 >=1s=0 | stalls_detected=0[0m
[33m/home/cvazquezperezdelacru/clio-core/context-runtime/src/scheduler/default_sched.cc:439 WARNING 2922222 LoadBalance [#785] lane rescues performed: 0[0m
[33m/home/cvazquezperezdelacru/clio-core/context-runtime/src/scheduler/default_sched.cc:430 WARNING 2922222 LoadBalance [#781 PDF] observed exec-time bins (cumulative): <10us=3486697 <50us=128646 <500us=5366 <10ms=14259 <50ms=115 <500ms=15 <1s=0 >=1s=0 | stalls_detected=0[0m
[33m/home/cvazquezperezdelacru/clio-core/context-runtime/src/scheduler/default_sched.cc:439 WARNING 2922222 LoadBalance [#785] lane rescues performed: 0[0m
[31m/home/cvazquezperezdelacru/clio-core/context-runtime/src/scheduler/default_sched.cc:726 ERROR 2922222 LoadBalance [HANGWATCH-HB] processed=44140 outstanding=1 (queued=1 blocked=0 retry=0 periodic=7) live=0 live_stalled=0[0m
[33m/home/cvazquezperezdelacru/clio-core/context-runtime/src/scheduler/default_sched.cc:430 WARNING 2922222 LoadBalance [#781 PDF] observed exec-time bins (cumulative): <10us=3560497 <50us=129857 <500us=5472 <10ms=14591 <50ms=117 <500ms=17 <1s=0 >=1s=0 | stalls_detected=0[0m
[33m/home/cvazquezperezdelacru/clio-core/context-runtime/src/scheduler/default_sched.cc:439 WARNING 2922222 LoadBalance [#785] lane rescues performed: 0[0m
[33m/home/cvazquezperezdelacru/clio-core/context-runtime/src/scheduler/default_sched.cc:430 WARNING 2922222 LoadBalance [#781 PDF] observed exec-time bins (cumulative): <10us=3632626 <50us=130560 <500us=5585 <10ms=14877 <50ms=119 <500ms=17 <1s=0 >=1s=0 | stalls_detected=0[0m
[33m/home/cvazquezperezdelacru/clio-core/context-runtime/src/scheduler/default_sched.cc:439 WARNING 2922222 LoadBalance [#785] lane rescues performed: 0[0m
[31m/home/cvazquezperezdelacru/clio-core/context-runtime/src/scheduler/default_sched.cc:726 ERROR 2922222 LoadBalance [HANGWATCH-HB] processed=45480 outstanding=1 (queued=1 blocked=0 retry=0 periodic=7) live=0 live_stalled=0[0m
[33m/home/cvazquezperezdelacru/clio-core/context-runtime/src/scheduler/default_sched.cc:430 WARNING 2922222 LoadBalance [#781 PDF] observed exec-time bins (cumulative): <10us=3705820 <50us=131377 <500us=5700 <10ms=15155 <50ms=120 <500ms=19 <1s=0 >=1s=0 | stalls_detected=0[0m
[33m/home/cvazquezperezdelacru/clio-core/context-runtime/src/scheduler/default_sched.cc:439 WARNING 2922222 LoadBalance [#785] lane rescues performed: 0[0m
[33m/home/cvazquezperezdelacru/clio-core/context-runtime/src/scheduler/default_sched.cc:430 WARNING 2922222 LoadBalance [#781 PDF] observed exec-time bins (cumulative): <10us=3778186 <50us=132313 <500us=5826 <10ms=15451 <50ms=124 <500ms=19 <1s=0 >=1s=0 | stalls_detected=0[0m
[33m/home/cvazquezperezdelacru/clio-core/context-runtime/src/scheduler/default_sched.cc:439 WARNING 2922222 LoadBalance [#785] lane rescues performed: 0[0m
[33m/home/cvazquezperezdelacru/clio-core/context-runtime/src/scheduler/default_sched.cc:430 WARNING 2922222 LoadBalance [#781 PDF] observed exec-time bins (cumulative): <10us=3846725 <50us=133121 <500us=5933 <10ms=15755 <50ms=126 <500ms=19 <1s=0 >=1s=0 | stalls_detected=0[0m
[33m/home/cvazquezperezdelacru/clio-core/context-runtime/src/scheduler/default_sched.cc:439 WARNING 2922222 LoadBalance [#785] lane rescues performed: 0[0m
[33m/home/cvazquezperezdelacru/clio-core/context-runtime/src/scheduler/default_sched.cc:430 WARNING 2922222 LoadBalance [#781 PDF] observed exec-time bins (cumulative): <10us=3916961 <50us=134059 <500us=6048 <10ms=16080 <50ms=128 <500ms=20 <1s=0 >=1s=0 | stalls_detected=0[0m
[33m/home/cvazquezperezdelacru/clio-core/context-runtime/src/scheduler/default_sched.cc:439 WARNING 2922222 LoadBalance [#785] lane rescues performed: 0[0m
[33m/home/cvazquezperezdelacru/clio-core/context-runtime/src/scheduler/default_sched.cc:430 WARNING 2922222 LoadBalance [#781 PDF] observed exec-time bins (cumulative): <10us=3985130 <50us=134679 <500us=6099 <10ms=16244 <50ms=131 <500ms=20 <1s=0 >=1s=0 | stalls_detected=0[0m
[33m/home/cvazquezperezdelacru/clio-core/context-runtime/src/scheduler/default_sched.cc:439 WARNING 2922222 LoadBalance [#785] lane rescues performed: 0[0m
[33m/home/cvazquezperezdelacru/clio-core/context-runtime/src/scheduler/default_sched.cc:430 WARNING 2922222 LoadBalance [#781 PDF] observed exec-time bins (cumulative): <10us=4052284 <50us=134916 <500us=6104 <10ms=16244 <50ms=131 <500ms=20 <1s=0 >=1s=0 | stalls_detected=0[0m
[33m/home/cvazquezperezdelacru/clio-core/context-runtime/src/scheduler/default_sched.cc:439 WARNING 2922222 LoadBalance [#785] lane rescues performed: 0[0m
[97m/home/cvazquezperezdelacru/clio-core/context-runtime/src/ipc_manager.cc:2288 INFO 2922224 GetOrCreateClient [ClientPool] Creating new persistent connection to 127.0.0.1:46147[0m
[97m/home/cvazquezperezdelacru/clio-core/context-runtime/src/ipc_manager.cc:2308 INFO 2922224 GetOrCreateClient [ClientPool] Connection established to 127.0.0.1:46147[0m
[97m/home/cvazquezperezdelacru/clio-core/context-runtime/modules/admin/src/admin_runtime.cc:1191 INFO 2922214 RegisterMemory Admin::RegisterMemory: Registering CPU alloc_id (2923077.0)[0m
[97m/home/cvazquezperezdelacru/clio-core/context-runtime/src/ipc_manager.cc:2532 INFO 2922214 RegisterMemory IpcManager::RegisterMemory: Registering clio_2923077_0 from pid 2923077[0m
[97m/home/cvazquezperezdelacru/clio-core/context-runtime/src/ipc_manager.cc:2575 INFO 2922214 RegisterMemory IpcManager::RegisterMemory: Successfully registered clio_2923077_0[0m
[97m/home/cvazquezperezdelacru/clio-core/context-runtime/src/pool_manager.cc:534 INFO 2922215 CreatePool PoolManager: Creating pool 'clio_cte_core' with 1 containers (one per node)[0m
[97m/home/cvazquezperezdelacru/clio-core/context-runtime/src/pool_manager.cc:575 INFO 2922215 CreatePool PoolManager: Pool PoolId(major:512, minor:0) already exists by ID, returning existing pool[0m
[97m/home/cvazquezperezdelacru/clio-core/context-runtime/src/pool_manager.cc:534 INFO 2922215 CreatePool PoolManager: Creating pool 'faiss_ivf_bench' with 1 containers (one per node)[0m
[97m/home/cvazquezperezdelacru/clio-core/context-runtime/src/pool_manager.cc:575 INFO 2922215 CreatePool PoolManager: Pool PoolId(major:600, minor:0) already exists by ID, returning existing pool[0m
[97m/home/cvazquezperezdelacru/clio-core/context-runtime/src/ipc_manager.cc:2440 INFO 2922214 IncreaseClientShm IpcManager::IncreaseClientShm: Creating clio_2922193_4 with size 117768192 (84213760 + 33554432 overhead)[0m
[97m/home/cvazquezperezdelacru/clio-core/context-runtime/src/ipc_manager.cc:2485 INFO 2922214 IncreaseClientShm IpcManager::IncreaseClientShm: Created allocator clio_2922193_4 with ID (2922193.4)[0m
[97m/mnt/common/cvazquezperezdelacru/IOWARP/faiss/contrib/iowarp/chimod/src/faiss_ivf_runtime.cc:258 INFO 2922214 OpenIndex faiss_ivf: opened '/mnt/common/cvazquezperezdelacru/faiss/slurm_bench/work/ondisk_step3_nb178M.index' (d=128, nlist=16384, ntotal=178000000, tag='faiss_ivf::ondisk_step3_nb178M')[0m
[97m/mnt/common/cvazquezperezdelacru/IOWARP/faiss/contrib/iowarp/chimod/src/faiss_ivf_runtime.cc:329 INFO 2922214 Search faiss_ivf: Search nq=500 k=10 nprobe=256 unique_lists=16289[0m
[97m/home/cvazquezperezdelacru/clio-core/context-runtime/src/ipc_manager.cc:2440 INFO 2922214 IncreaseClientShm IpcManager::IncreaseClientShm: Creating clio_2922193_5 with size 228912912 (195358480 + 33554432 overhead)[0m
[97m/home/cvazquezperezdelacru/clio-core/context-runtime/src/ipc_manager.cc:2485 INFO 2922214 IncreaseClientShm IpcManager::IncreaseClientShm: Created allocator clio_2922193_5 with ID (2922193.5)[0m
[97m/home/cvazquezperezdelacru/clio-core/context-runtime/src/ipc_manager.cc:2440 INFO 2922214 IncreaseClientShm IpcManager::IncreaseClientShm: Creating clio_2922193_6 with size 228912912 (195358480 + 33554432 overhead)[0m
[97m/home/cvazquezperezdelacru/clio-core/context-runtime/src/ipc_manager.cc:2485 INFO 2922214 IncreaseClientShm IpcManager::IncreaseClientShm: Created allocator clio_2922193_6 with ID (2922193.6)[0m
[97m/home/cvazquezperezdelacru/clio-core/context-runtime/src/ipc_manager.cc:2440 INFO 2922214 IncreaseClientShm IpcManager::IncreaseClientShm: Creating clio_2922193_7 with size 228912912 (195358480 + 33554432 overhead)[0m
[97m/home/cvazquezperezdelacru/clio-core/context-runtime/src/ipc_manager.cc:2485 INFO 2922214 IncreaseClientShm IpcManager::IncreaseClientShm: Created allocator clio_2922193_7 with ID (2922193.7)[0m
[97m/home/cvazquezperezdelacru/clio-core/context-runtime/src/ipc_manager.cc:2440 INFO 2922214 IncreaseClientShm IpcManager::IncreaseClientShm: Creating clio_2922193_8 with size 228912912 (195358480 + 33554432 overhead)[0m
[97m/home/cvazquezperezdelacru/clio-core/context-runtime/src/ipc_manager.cc:2485 INFO 2922214 IncreaseClientShm IpcManager::IncreaseClientShm: Created allocator clio_2922193_8 with ID (2922193.8)[0m
[97m/home/cvazquezperezdelacru/clio-core/context-runtime/src/ipc_manager.cc:2440 INFO 2922214 IncreaseClientShm IpcManager::IncreaseClientShm: Creating clio_2922193_9 with size 228912912 (195358480 + 33554432 overhead)[0m
[97m/home/cvazquezperezdelacru/clio-core/context-runtime/src/ipc_manager.cc:2485 INFO 2922214 IncreaseClientShm IpcManager::IncreaseClientShm: Created allocator clio_2922193_9 with ID (2922193.9)[0m
[97m/home/cvazquezperezdelacru/clio-core/context-runtime/src/ipc_manager.cc:2440 INFO 2922214 IncreaseClientShm IpcManager::IncreaseClientShm: Creating clio_2922193_10 with size 228912912 (195358480 + 33554432 overhead)[0m
[97m/home/cvazquezperezdelacru/clio-core/context-runtime/src/ipc_manager.cc:2485 INFO 2922214 IncreaseClientShm IpcManager::IncreaseClientShm: Created allocator clio_2922193_10 with ID (2922193.10)[0m
[97m/home/cvazquezperezdelacru/clio-core/context-runtime/src/ipc_manager.cc:2440 INFO 2922214 IncreaseClientShm IpcManager::IncreaseClientShm: Creating clio_2922193_11 with size 228912912 (195358480 + 33554432 overhead)[0m
[97m/home/cvazquezperezdelacru/clio-core/context-runtime/src/ipc_manager.cc:2485 INFO 2922214 IncreaseClientShm IpcManager::IncreaseClientShm: Created allocator clio_2922193_11 with ID (2922193.11)[0m
[97m/home/cvazquezperezdelacru/clio-core/context-runtime/src/ipc_manager.cc:2440 INFO 2922214 IncreaseClientShm IpcManager::IncreaseClientShm: Creating clio_2922193_12 with size 228912912 (195358480 + 33554432 overhead)[0m
[97m/home/cvazquezperezdelacru/clio-core/context-runtime/src/ipc_manager.cc:2485 INFO 2922214 IncreaseClientShm IpcManager::IncreaseClientShm: Created allocator clio_2922193_12 with ID (2922193.12)[0m
[97m/home/cvazquezperezdelacru/clio-core/context-runtime/src/ipc_manager.cc:2440 INFO 2922214 IncreaseClientShm IpcManager::IncreaseClientShm: Creating clio_2922193_13 with size 228912912 (195358480 + 33554432 overhead)[0m
[97m/home/cvazquezperezdelacru/clio-core/context-runtime/src/ipc_manager.cc:2485 INFO 2922214 IncreaseClientShm IpcManager::IncreaseClientShm: Created allocator clio_2922193_13 with ID (2922193.13)[0m
[97m/home/cvazquezperezdelacru/clio-core/context-runtime/src/ipc_manager.cc:2440 INFO 2922214 IncreaseClientShm IpcManager::IncreaseClientShm: Creating clio_2922193_14 with size 228912912 (195358480 + 33554432 overhead)[0m
[97m/home/cvazquezperezdelacru/clio-core/context-runtime/src/ipc_manager.cc:2485 INFO 2922214 IncreaseClientShm IpcManager::IncreaseClientShm: Created allocator clio_2922193_14 with ID (2922193.14)[0m
[97m/home/cvazquezperezdelacru/clio-core/context-runtime/src/ipc_manager.cc:2440 INFO 2922214 IncreaseClientShm IpcManager::IncreaseClientShm: Creating clio_2922193_15 with size 228912912 (195358480 + 33554432 overhead)[0m
[97m/home/cvazquezperezdelacru/clio-core/context-runtime/src/ipc_manager.cc:2485 INFO 2922214 IncreaseClientShm IpcManager::IncreaseClientShm: Created allocator clio_2922193_15 with ID (2922193.15)[0m
[97m/home/cvazquezperezdelacru/clio-core/context-runtime/src/ipc_manager.cc:2440 INFO 2922214 IncreaseClientShm IpcManager::IncreaseClientShm: Creating clio_2922193_16 with size 228912912 (195358480 + 33554432 overhead)[0m
[97m/home/cvazquezperezdelacru/clio-core/context-runtime/src/ipc_manager.cc:2485 INFO 2922214 IncreaseClientShm IpcManager::IncreaseClientShm: Created allocator clio_2922193_16 with ID (2922193.16)[0m
[97m/home/cvazquezperezdelacru/clio-core/context-runtime/src/ipc_manager.cc:2440 INFO 2922214 IncreaseClientShm IpcManager::IncreaseClientShm: Creating clio_2922193_17 with size 228912912 (195358480 + 33554432 overhead)[0m
[97m/home/cvazquezperezdelacru/clio-core/context-runtime/src/ipc_manager.cc:2485 INFO 2922214 IncreaseClientShm IpcManager::IncreaseClientShm: Created allocator clio_2922193_17 with ID (2922193.17)[0m
[33m/home/cvazquezperezdelacru/clio-core/context-runtime/src/scheduler/default_sched.cc:430 WARNING 2922222 LoadBalance [#781 PDF] observed exec-time bins (cumulative): <10us=4121116 <50us=136251 <500us=6144 <10ms=16438 <50ms=180 <500ms=21 <1s=0 >=1s=0 | stalls_detected=0[0m
[33m/home/cvazquezperezdelacru/clio-core/context-runtime/src/scheduler/default_sched.cc:439 WARNING 2922222 LoadBalance [#785] lane rescues performed: 0[0m
[31m/home/cvazquezperezdelacru/clio-core/context-runtime/src/scheduler/default_sched.cc:726 ERROR 2922222 LoadBalance [HANGWATCH-HB] processed=50131 outstanding=42 (queued=42 blocked=0 retry=0 periodic=28) live=1 live_stalled=0[0m
[31m/home/cvazquezperezdelacru/clio-core/context-runtime/src/scheduler/default_sched.cc:726 ERROR 2922222 LoadBalance [HANGWATCH-HB] processed=51174 outstanding=14 (queued=14 blocked=0 retry=0 periodic=55) live=2 live_stalled=0[0m
[31m/home/cvazquezperezdelacru/clio-core/context-runtime/src/scheduler/default_sched.cc:726 ERROR 2922222 LoadBalance [HANGWATCH-HB] processed=52267 outstanding=23 (queued=23 blocked=0 retry=0 periodic=44) live=2 live_stalled=0[0m
[33m/home/cvazquezperezdelacru/clio-core/context-runtime/src/scheduler/default_sched.cc:430 WARNING 2922222 LoadBalance [#781 PDF] observed exec-time bins (cumulative): <10us=4196897 <50us=138396 <500us=6191 <10ms=17484 <50ms=307 <500ms=23 <1s=0 >=1s=0 | stalls_detected=0[0m
[33m/home/cvazquezperezdelacru/clio-core/context-runtime/src/scheduler/default_sched.cc:439 WARNING 2922222 LoadBalance [#785] lane rescues performed: 0[0m
[31m/home/cvazquezperezdelacru/clio-core/context-runtime/src/scheduler/default_sched.cc:726 ERROR 2922222 LoadBalance [HANGWATCH-HB] processed=53355 outstanding=17 (queued=17 blocked=0 retry=0 periodic=52) live=1 live_stalled=0[0m
[31m/home/cvazquezperezdelacru/clio-core/context-runtime/src/scheduler/default_sched.cc:726 ERROR 2922222 LoadBalance [HANGWATCH-HB] processed=54445 outstanding=47 (queued=47 blocked=0 retry=0 periodic=23) live=1 live_stalled=0[0m
[33m/home/cvazquezperezdelacru/clio-core/context-runtime/src/scheduler/default_sched.cc:430 WARNING 2922222 LoadBalance [#781 PDF] observed exec-time bins (cumulative): <10us=4266209 <50us=140400 <500us=6235 <10ms=18516 <50ms=411 <500ms=24 <1s=0 >=1s=0 | stalls_detected=0[0m
[33m/home/cvazquezperezdelacru/clio-core/context-runtime/src/scheduler/default_sched.cc:439 WARNING 2922222 LoadBalance [#785] lane rescues performed: 0[0m
[31m/home/cvazquezperezdelacru/clio-core/context-runtime/src/scheduler/default_sched.cc:726 ERROR 2922222 LoadBalance [HANGWATCH-HB] processed=55453 outstanding=15 (queued=15 blocked=0 retry=0 periodic=12) live=4 live_stalled=0[0m
[31m/home/cvazquezperezdelacru/clio-core/context-runtime/src/scheduler/default_sched.cc:726 ERROR 2922222 LoadBalance [HANGWATCH-HB] processed=56313 outstanding=3 (queued=3 blocked=0 retry=0 periodic=66) live=1 live_stalled=0[0m
[31m/home/cvazquezperezdelacru/clio-core/context-runtime/src/scheduler/default_sched.cc:726 ERROR 2922222 LoadBalance [HANGWATCH-HB] processed=57392 outstanding=42 (queued=42 blocked=0 retry=0 periodic=17) live=2 live_stalled=0[0m
[33m/home/cvazquezperezdelacru/clio-core/context-runtime/src/scheduler/default_sched.cc:430 WARNING 2922222 LoadBalance [#781 PDF] observed exec-time bins (cumulative): <10us=4334635 <50us=142961 <500us=6279 <10ms=19415 <50ms=547 <500ms=25 <1s=0 >=1s=0 | stalls_detected=0[0m
[33m/home/cvazquezperezdelacru/clio-core/context-runtime/src/scheduler/default_sched.cc:439 WARNING 2922222 LoadBalance [#785] lane rescues performed: 0[0m
[31m/home/cvazquezperezdelacru/clio-core/context-runtime/src/scheduler/default_sched.cc:726 ERROR 2922222 LoadBalance [HANGWATCH-HB] processed=58256 outstanding=36 (queued=36 blocked=0 retry=0 periodic=9) live=4 live_stalled=0[0m
[31m/home/cvazquezperezdelacru/clio-core/context-runtime/src/scheduler/default_sched.cc:726 ERROR 2922222 LoadBalance [HANGWATCH-HB] processed=59199 outstanding=28 (queued=28 blocked=0 retry=0 periodic=12) live=1 live_stalled=0[0m
[33m/home/cvazquezperezdelacru/clio-core/context-runtime/src/scheduler/default_sched.cc:430 WARNING 2922222 LoadBalance [#781 PDF] observed exec-time bins (cumulative): <10us=4408866 <50us=145003 <500us=6315 <10ms=20251 <50ms=718 <500ms=25 <1s=0 >=1s=0 | stalls_detected=0[0m
[33m/home/cvazquezperezdelacru/clio-core/context-runtime/src/scheduler/default_sched.cc:439 WARNING 2922222 LoadBalance [#785] lane rescues performed: 0[0m
[31m/home/cvazquezperezdelacru/clio-core/context-runtime/src/scheduler/default_sched.cc:726 ERROR 2922222 LoadBalance [HANGWATCH-HB] processed=60193 outstanding=41 (queued=41 blocked=0 retry=0 periodic=29) live=1 live_stalled=0[0m
[31m/home/cvazquezperezdelacru/clio-core/context-runtime/src/scheduler/default_sched.cc:726 ERROR 2922222 LoadBalance [HANGWATCH-HB] processed=61193 outstanding=39 (queued=39 blocked=0 retry=0 periodic=24) live=2 live_stalled=0[0m
[31m/home/cvazquezperezdelacru/clio-core/context-runtime/src/scheduler/default_sched.cc:726 ERROR 2922222 LoadBalance [HANGWATCH-HB] processed=62118 outstanding=25 (queued=25 blocked=0 retry=0 periodic=44) live=2 live_stalled=0[0m
[33m/home/cvazquezperezdelacru/clio-core/context-runtime/src/scheduler/default_sched.cc:430 WARNING 2922222 LoadBalance [#781 PDF] observed exec-time bins (cumulative): <10us=4485550 <50us=146490 <500us=6334 <10ms=21127 <50ms=857 <500ms=25 <1s=0 >=1s=0 | stalls_detected=0[0m
[33m/home/cvazquezperezdelacru/clio-core/context-runtime/src/scheduler/default_sched.cc:439 WARNING 2922222 LoadBalance [#785] lane rescues performed: 0[0m
[31m/home/cvazquezperezdelacru/clio-core/context-runtime/src/scheduler/default_sched.cc:726 ERROR 2922222 LoadBalance [HANGWATCH-HB] processed=63046 outstanding=31 (queued=31 blocked=0 retry=0 periodic=39) live=1 live_stalled=0[0m
[31m/home/cvazquezperezdelacru/clio-core/context-runtime/src/scheduler/default_sched.cc:726 ERROR 2922222 LoadBalance [HANGWATCH-HB] processed=64061 outstanding=44 (queued=44 blocked=0 retry=0 periodic=19) live=3 live_stalled=0[0m
[33m/home/cvazquezperezdelacru/clio-core/context-runtime/src/scheduler/default_sched.cc:430 WARNING 2922222 LoadBalance [#781 PDF] observed exec-time bins (cumulative): <10us=4555364 <50us=148825 <500us=6366 <10ms=21939 <50ms=1036 <500ms=25 <1s=0 >=1s=0 | stalls_detected=0[0m
[33m/home/cvazquezperezdelacru/clio-core/context-runtime/src/scheduler/default_sched.cc:439 WARNING 2922222 LoadBalance [#785] lane rescues performed: 0[0m
[31m/home/cvazquezperezdelacru/clio-core/context-runtime/src/scheduler/default_sched.cc:726 ERROR 2922222 LoadBalance [HANGWATCH-HB] processed=64901 outstanding=21 (queued=21 blocked=0 retry=0 periodic=49) live=2 live_stalled=0[0m
[31m/home/cvazquezperezdelacru/clio-core/context-runtime/src/scheduler/default_sched.cc:726 ERROR 2922222 LoadBalance [HANGWATCH-HB] processed=66431 outstanding=16 (queued=16 blocked=0 retry=0 periodic=48) live=3 live_stalled=0[0m
[31m/home/cvazquezperezdelacru/clio-core/context-runtime/src/scheduler/default_sched.cc:726 ERROR 2922222 LoadBalance [HANGWATCH-HB] processed=68011 outstanding=20 (queued=20 blocked=0 retry=0 periodic=34) live=5 live_stalled=0[0m
[33m/home/cvazquezperezdelacru/clio-core/context-runtime/src/scheduler/default_sched.cc:430 WARNING 2922222 LoadBalance [#781 PDF] observed exec-time bins (cumulative): <10us=4621085 <50us=151403 <500us=6408 <10ms=23396 <50ms=1356 <500ms=29 <1s=0 >=1s=0 | stalls_detected=0[0m
[33m/home/cvazquezperezdelacru/clio-core/context-runtime/src/scheduler/default_sched.cc:439 WARNING 2922222 LoadBalance [#785] lane rescues performed: 0[0m
[31m/home/cvazquezperezdelacru/clio-core/context-runtime/src/scheduler/default_sched.cc:726 ERROR 2922222 LoadBalance [HANGWATCH-HB] processed=69618 outstanding=15 (queued=15 blocked=0 retry=0 periodic=28) live=5 live_stalled=0[0m
[31m/home/cvazquezperezdelacru/clio-core/context-runtime/src/scheduler/default_sched.cc:726 ERROR 2922222 LoadBalance [HANGWATCH-HB] processed=70999 outstanding=15 (queued=15 blocked=0 retry=0 periodic=20) live=2 live_stalled=0[0m
[33m/home/cvazquezperezdelacru/clio-core/context-runtime/src/scheduler/default_sched.cc:430 WARNING 2922222 LoadBalance [#781 PDF] observed exec-time bins (cumulative): <10us=4686279 <50us=154569 <500us=6446 <10ms=24758 <50ms=1720 <500ms=32 <1s=0 >=1s=0 | stalls_detected=0[0m
[33m/home/cvazquezperezdelacru/clio-core/context-runtime/src/scheduler/default_sched.cc:439 WARNING 2922222 LoadBalance [#785] lane rescues performed: 0[0m
[31m/home/cvazquezperezdelacru/clio-core/context-runtime/src/scheduler/default_sched.cc:726 ERROR 2922222 LoadBalance [HANGWATCH-HB] processed=72316 outstanding=25 (queued=25 blocked=0 retry=0 periodic=31) live=3 live_stalled=0[0m
[31m/home/cvazquezperezdelacru/clio-core/context-runtime/src/scheduler/default_sched.cc:726 ERROR 2922222 LoadBalance [HANGWATCH-HB] processed=73607 outstanding=12 (queued=12 blocked=0 retry=0 periodic=51) live=2 live_stalled=0[0m
[31m/home/cvazquezperezdelacru/clio-core/context-runtime/src/scheduler/default_sched.cc:726 ERROR 2922222 LoadBalance [HANGWATCH-HB] processed=74839 outstanding=39 (queued=39 blocked=0 retry=0 periodic=20) live=3 live_stalled=0[0m
[33m/home/cvazquezperezdelacru/clio-core/context-runtime/src/scheduler/default_sched.cc:430 WARNING 2922222 LoadBalance [#781 PDF] observed exec-time bins (cumulative): <10us=4753142 <50us=156380 <500us=6467 <10ms=25912 <50ms=2066 <500ms=36 <1s=0 >=1s=0 | stalls_detected=0[0m
[33m/home/cvazquezperezdelacru/clio-core/context-runtime/src/scheduler/default_sched.cc:439 WARNING 2922222 LoadBalance [#785] lane rescues performed: 0[0m
[31m/home/cvazquezperezdelacru/clio-core/context-runtime/src/scheduler/default_sched.cc:726 ERROR 2922222 LoadBalance [HANGWATCH-HB] processed=76082 outstanding=23 (queued=23 blocked=0 retry=0 periodic=35) live=4 live_stalled=0[0m
[31m/home/cvazquezperezdelacru/clio-core/context-runtime/src/scheduler/default_sched.cc:726 ERROR 2922222 LoadBalance [HANGWATCH-HB] processed=77424 outstanding=33 (queued=33 blocked=0 retry=0 periodic=7) live=2 live_stalled=0[0m
[33m/home/cvazquezperezdelacru/clio-core/context-runtime/src/scheduler/default_sched.cc:430 WARNING 2922222 LoadBalance [#781 PDF] observed exec-time bins (cumulative): <10us=4820469 <50us=158385 <500us=6490 <10ms=27186 <50ms=2422 <500ms=39 <1s=0 >=1s=0 | stalls_detected=0[0m
[33m/home/cvazquezperezdelacru/clio-core/context-runtime/src/scheduler/default_sched.cc:439 WARNING 2922222 LoadBalance [#785] lane rescues performed: 0[0m
[31m/home/cvazquezperezdelacru/clio-core/context-runtime/src/scheduler/default_sched.cc:726 ERROR 2922222 LoadBalance [HANGWATCH-HB] processed=78696 outstanding=18 (queued=18 blocked=0 retry=0 periodic=39) live=4 live_stalled=0[0m
[31m/home/cvazquezperezdelacru/clio-core/context-runtime/src/scheduler/default_sched.cc:726 ERROR 2922222 LoadBalance [HANGWATCH-HB] processed=79836 outstanding=12 (queued=12 blocked=0 retry=0 periodic=56) live=2 live_stalled=0[0m
[31m/home/cvazquezperezdelacru/clio-core/context-runtime/src/scheduler/default_sched.cc:726 ERROR 2922222 LoadBalance [HANGWATCH-HB] processed=81290 outstanding=15 (queued=15 blocked=0 retry=0 periodic=50) live=2 live_stalled=0[0m
[33m/home/cvazquezperezdelacru/clio-core/context-runtime/src/scheduler/default_sched.cc:430 WARNING 2922222 LoadBalance [#781 PDF] observed exec-time bins (cumulative): <10us=4886782 <50us=160872 <500us=6526 <10ms=28373 <50ms=2748 <500ms=43 <1s=0 >=1s=0 | stalls_detected=0[0m
[33m/home/cvazquezperezdelacru/clio-core/context-runtime/src/scheduler/default_sched.cc:439 WARNING 2922222 LoadBalance [#785] lane rescues performed: 0[0m
[97m/mnt/common/cvazquezperezdelacru/IOWARP/faiss/contrib/iowarp/chimod/src/faiss_ivf_runtime.cc:329 INFO 2922216 Search faiss_ivf: Search nq=500 k=10 nprobe=256 unique_lists=16289[0m
[31m/home/cvazquezperezdelacru/clio-core/context-runtime/src/scheduler/default_sched.cc:726 ERROR 2922222 LoadBalance [HANGWATCH-HB] processed=82427 outstanding=6 (queued=6 blocked=0 retry=0 periodic=60) live=3 live_stalled=0[0m
[31m/home/cvazquezperezdelacru/clio-core/context-runtime/src/scheduler/default_sched.cc:726 ERROR 2922222 LoadBalance [HANGWATCH-HB] processed=83446 outstanding=1 (queued=1 blocked=0 retry=0 periodic=61) live=2 live_stalled=0[0m
[33m/home/cvazquezperezdelacru/clio-core/context-runtime/src/scheduler/default_sched.cc:430 WARNING 2922222 LoadBalance [#781 PDF] observed exec-time bins (cumulative): <10us=4961107 <50us=162807 <500us=6550 <10ms=29327 <50ms=2995 <500ms=43 <1s=0 >=1s=1 | stalls_detected=0[0m
[33m/home/cvazquezperezdelacru/clio-core/context-runtime/src/scheduler/default_sched.cc:439 WARNING 2922222 LoadBalance [#785] lane rescues performed: 0[0m
[31m/home/cvazquezperezdelacru/clio-core/context-runtime/src/scheduler/default_sched.cc:726 ERROR 2922222 LoadBalance [HANGWATCH-HB] processed=84412 outstanding=5 (queued=5 blocked=0 retry=0 periodic=56) live=1 live_stalled=0[0m
[31m/home/cvazquezperezdelacru/clio-core/context-runtime/src/scheduler/default_sched.cc:726 ERROR 2922222 LoadBalance [HANGWATCH-HB] processed=85397 outstanding=38 (queued=38 blocked=0 retry=0 periodic=28) live=2 live_stalled=0[0m
[33m/home/cvazquezperezdelacru/clio-core/context-runtime/src/scheduler/default_sched.cc:430 WARNING 2922222 LoadBalance [#781 PDF] observed exec-time bins (cumulative): <10us=5034242 <50us=164646 <500us=6591 <10ms=30236 <50ms=3206 <500ms=43 <1s=0 >=1s=1 | stalls_detected=0[0m
[33m/home/cvazquezperezdelacru/clio-core/context-runtime/src/scheduler/default_sched.cc:439 WARNING 2922222 LoadBalance [#785] lane rescues performed: 0[0m
[31m/home/cvazquezperezdelacru/clio-core/context-runtime/src/scheduler/default_sched.cc:726 ERROR 2922222 LoadBalance [HANGWATCH-HB] processed=86443 outstanding=39 (queued=39 blocked=0 retry=0 periodic=28) live=2 live_stalled=0[0m
[31m/home/cvazquezperezdelacru/clio-core/context-runtime/src/scheduler/default_sched.cc:726 ERROR 2922222 LoadBalance [HANGWATCH-HB] processed=87321 outstanding=13 (queued=13 blocked=0 retry=0 periodic=56) live=2 live_stalled=0[0m
[31m/home/cvazquezperezdelacru/clio-core/context-runtime/src/scheduler/default_sched.cc:726 ERROR 2922222 LoadBalance [HANGWATCH-HB] processed=88324 outstanding=8 (queued=8 blocked=0 retry=0 periodic=59) live=4 live_stalled=0[0m
[33m/home/cvazquezperezdelacru/clio-core/context-runtime/src/scheduler/default_sched.cc:430 WARNING 2922222 LoadBalance [#781 PDF] observed exec-time bins (cumulative): <10us=5105908 <50us=166427 <500us=6625 <10ms=31179 <50ms=3418 <500ms=44 <1s=0 >=1s=1 | stalls_detected=0[0m
[33m/home/cvazquezperezdelacru/clio-core/context-runtime/src/scheduler/default_sched.cc:439 WARNING 2922222 LoadBalance [#785] lane rescues performed: 0[0m
[31m/home/cvazquezperezdelacru/clio-core/context-runtime/src/scheduler/default_sched.cc:726 ERROR 2922222 LoadBalance [HANGWATCH-HB] processed=89222 outstanding=1 (queued=1 blocked=0 retry=0 periodic=64) live=1 live_stalled=0[0m
[31m/home/cvazquezperezdelacru/clio-core/context-runtime/src/scheduler/default_sched.cc:726 ERROR 2922222 LoadBalance [HANGWATCH-HB] processed=90361 outstanding=11 (queued=11 blocked=0 retry=0 periodic=47) live=2 live_stalled=0[0m
[33m/home/cvazquezperezdelacru/clio-core/context-runtime/src/scheduler/default_sched.cc:430 WARNING 2922222 LoadBalance [#781 PDF] observed exec-time bins (cumulative): <10us=5175425 <50us=167820 <500us=6703 <10ms=32006 <50ms=3632 <500ms=44 <1s=0 >=1s=1 | stalls_detected=0[0m
[33m/home/cvazquezperezdelacru/clio-core/context-runtime/src/scheduler/default_sched.cc:439 WARNING 2922222 LoadBalance [#785] lane rescues performed: 0[0m
[31m/home/cvazquezperezdelacru/clio-core/context-runtime/src/scheduler/default_sched.cc:726 ERROR 2922222 LoadBalance [HANGWATCH-HB] processed=91239 outstanding=49 (queued=49 blocked=0 retry=0 periodic=16) live=2 live_stalled=0[0m
[31m/home/cvazquezperezdelacru/clio-core/context-runtime/src/scheduler/default_sched.cc:726 ERROR 2922222 LoadBalance [HANGWATCH-HB] processed=91981 outstanding=2 (queued=2 blocked=0 retry=0 periodic=58) live=1 live_stalled=0[0m
[33m/home/cvazquezperezdelacru/clio-core/context-runtime/src/scheduler/default_sched.cc:430 WARNING 2922222 LoadBalance [#781 PDF] observed exec-time bins (cumulative): <10us=5240944 <50us=169738 <500us=6732 <10ms=32814 <50ms=3887 <500ms=44 <1s=0 >=1s=1 | stalls_detected=0[0m
[33m/home/cvazquezperezdelacru/clio-core/context-runtime/src/scheduler/default_sched.cc:439 WARNING 2922222 LoadBalance [#785] lane rescues performed: 0[0m
[31m/home/cvazquezperezdelacru/clio-core/context-runtime/src/scheduler/default_sched.cc:726 ERROR 2922222 LoadBalance [HANGWATCH-HB] processed=92888 outstanding=1 (queued=1 blocked=0 retry=0 periodic=58) live=1 live_stalled=0[0m
[31m/home/cvazquezperezdelacru/clio-core/context-runtime/src/scheduler/default_sched.cc:726 ERROR 2922222 LoadBalance [HANGWATCH-HB] processed=93797 outstanding=23 (queued=23 blocked=0 retry=0 periodic=40) live=3 live_stalled=0[0m
[31m/home/cvazquezperezdelacru/clio-core/context-runtime/src/scheduler/default_sched.cc:726 ERROR 2922222 LoadBalance [HANGWATCH-HB] processed=94669 outstanding=8 (queued=8 blocked=0 retry=0 periodic=61) live=2 live_stalled=0[0m
[33m/home/cvazquezperezdelacru/clio-core/context-runtime/src/scheduler/default_sched.cc:430 WARNING 2922222 LoadBalance [#781 PDF] observed exec-time bins (cumulative): <10us=5306654 <50us=171465 <500us=6808 <10ms=33778 <50ms=4062 <500ms=44 <1s=0 >=1s=1 | stalls_detected=0[0m
[33m/home/cvazquezperezdelacru/clio-core/context-runtime/src/scheduler/default_sched.cc:439 WARNING 2922222 LoadBalance [#785] lane rescues performed: 0[0m
[31m/home/cvazquezperezdelacru/clio-core/context-runtime/src/scheduler/default_sched.cc:726 ERROR 2922222 LoadBalance [HANGWATCH-HB] processed=95627 outstanding=19 (queued=19 blocked=0 retry=0 periodic=34) live=1 live_stalled=0[0m
[31m/home/cvazquezperezdelacru/clio-core/context-runtime/src/scheduler/default_sched.cc:726 ERROR 2922222 LoadBalance [HANGWATCH-HB] processed=96409 outstanding=10 (queued=10 blocked=0 retry=0 periodic=59) live=2 live_stalled=0[0m
[33m/home/cvazquezperezdelacru/clio-core/context-runtime/src/scheduler/default_sched.cc:430 WARNING 2922222 LoadBalance [#781 PDF] observed exec-time bins (cumulative): <10us=5373542 <50us=173018 <500us=6854 <10ms=34638 <50ms=4240 <500ms=44 <1s=0 >=1s=1 | stalls_detected=0[0m
[33m/home/cvazquezperezdelacru/clio-core/context-runtime/src/scheduler/default_sched.cc:439 WARNING 2922222 LoadBalance [#785] lane rescues performed: 0[0m
[31m/home/cvazquezperezdelacru/clio-core/context-runtime/src/scheduler/default_sched.cc:726 ERROR 2922222 LoadBalance [HANGWATCH-HB] processed=97316 outstanding=12 (queued=12 blocked=0 retry=0 periodic=45) live=2 live_stalled=0[0m
[31m/home/cvazquezperezdelacru/clio-core/context-runtime/src/scheduler/default_sched.cc:726 ERROR 2922222 LoadBalance [HANGWATCH-HB] processed=98158 outstanding=12 (queued=12 blocked=0 retry=0 periodic=57) live=2 live_stalled=0[0m
[31m/home/cvazquezperezdelacru/clio-core/context-runtime/src/scheduler/default_sched.cc:726 ERROR 2922222 LoadBalance [HANGWATCH-HB] processed=99047 outstanding=16 (queued=16 blocked=0 retry=0 periodic=52) live=2 live_stalled=0[0m
[33m/home/cvazquezperezdelacru/clio-core/context-runtime/src/scheduler/default_sched.cc:430 WARNING 2922222 LoadBalance [#781 PDF] observed exec-time bins (cumulative): <10us=5445742 <50us=174640 <500us=6905 <10ms=35469 <50ms=4452 <500ms=44 <1s=0 >=1s=1 | stalls_detected=0[0m
[33m/home/cvazquezperezdelacru/clio-core/context-runtime/src/scheduler/default_sched.cc:439 WARNING 2922222 LoadBalance [#785] lane rescues performed: 0[0m
[31m/home/cvazquezperezdelacru/clio-core/context-runtime/src/scheduler/default_sched.cc:726 ERROR 2922222 LoadBalance [HANGWATCH-HB] processed=99871 outstanding=6 (queued=6 blocked=0 retry=0 periodic=62) live=1 live_stalled=0[0m
[31m/home/cvazquezperezdelacru/clio-core/context-runtime/src/scheduler/default_sched.cc:726 ERROR 2922222 LoadBalance [HANGWATCH-HB] processed=101248 outstanding=28 (queued=28 blocked=0 retry=0 periodic=24) live=3 live_stalled=0[0m
[33m/home/cvazquezperezdelacru/clio-core/context-runtime/src/scheduler/default_sched.cc:430 WARNING 2922222 LoadBalance [#781 PDF] observed exec-time bins (cumulative): <10us=5511196 <50us=176486 <500us=6931 <10ms=36318 <50ms=4654 <500ms=44 <1s=0 >=1s=1 | stalls_detected=0[0m
[33m/home/cvazquezperezdelacru/clio-core/context-runtime/src/scheduler/default_sched.cc:439 WARNING 2922222 LoadBalance [#785] lane rescues performed: 0[0m
[31m/home/cvazquezperezdelacru/clio-core/context-runtime/src/scheduler/default_sched.cc:726 ERROR 2922222 LoadBalance [HANGWATCH-HB] processed=102036 outstanding=18 (queued=18 blocked=0 retry=0 periodic=32) live=3 live_stalled=0[0m
[31m/home/cvazquezperezdelacru/clio-core/context-runtime/src/scheduler/default_sched.cc:726 ERROR 2922222 LoadBalance [HANGWATCH-HB] processed=102802 outstanding=6 (queued=6 blocked=0 retry=0 periodic=62) live=3 live_stalled=0[0m
[33m/home/cvazquezperezdelacru/clio-core/context-runtime/src/scheduler/default_sched.cc:430 WARNING 2922222 LoadBalance [#781 PDF] observed exec-time bins (cumulative): <10us=5580203 <50us=178097 <500us=6972 <10ms=37127 <50ms=4857 <500ms=44 <1s=0 >=1s=1 | stalls_detected=0[0m
[33m/home/cvazquezperezdelacru/clio-core/context-runtime/src/scheduler/default_sched.cc:439 WARNING 2922222 LoadBalance [#785] lane rescues performed: 0[0m
[31m/home/cvazquezperezdelacru/clio-core/context-runtime/src/scheduler/default_sched.cc:726 ERROR 2922222 LoadBalance [HANGWATCH-HB] processed=103619 outstanding=7 (queued=7 blocked=0 retry=0 periodic=56) live=1 live_stalled=0[0m
[31m/home/cvazquezperezdelacru/clio-core/context-runtime/src/scheduler/default_sched.cc:726 ERROR 2922222 LoadBalance [HANGWATCH-HB] processed=104471 outstanding=6 (queued=6 blocked=0 retry=0 periodic=54) live=2 live_stalled=0[0m
[31m/home/cvazquezperezdelacru/clio-core/context-runtime/src/scheduler/default_sched.cc:726 ERROR 2922222 LoadBalance [HANGWATCH-HB] processed=105300 outstanding=7 (queued=7 blocked=0 retry=0 periodic=47) live=1 live_stalled=0[0m
[33m/home/cvazquezperezdelacru/clio-core/context-runtime/src/scheduler/default_sched.cc:430 WARNING 2922222 LoadBalance [#781 PDF] observed exec-time bins (cumulative): <10us=5650450 <50us=179868 <500us=7005 <10ms=37909 <50ms=5090 <500ms=44 <1s=0 >=1s=1 | stalls_detected=0[0m
[33m/home/cvazquezperezdelacru/clio-core/context-runtime/src/scheduler/default_sched.cc:439 WARNING 2922222 LoadBalance [#785] lane rescues performed: 0[0m
[31m/home/cvazquezperezdelacru/clio-core/context-runtime/src/scheduler/default_sched.cc:726 ERROR 2922222 LoadBalance [HANGWATCH-HB] processed=106190 outstanding=39 (queued=39 blocked=0 retry=0 periodic=20) live=2 live_stalled=0[0m
[31m/home/cvazquezperezdelacru/clio-core/context-runtime/src/scheduler/default_sched.cc:726 ERROR 2922222 LoadBalance [HANGWATCH-HB] processed=106965 outstanding=10 (queued=10 blocked=0 retry=0 periodic=43) live=2 live_stalled=0[0m
[33m/home/cvazquezperezdelacru/clio-core/context-runtime/src/scheduler/default_sched.cc:430 WARNING 2922222 LoadBalance [#781 PDF] observed exec-time bins (cumulative): <10us=5716663 <50us=181545 <500us=7055 <10ms=38719 <50ms=5283 <500ms=44 <1s=0 >=1s=1 | stalls_detected=0[0m
[33m/home/cvazquezperezdelacru/clio-core/context-runtime/src/scheduler/default_sched.cc:439 WARNING 2922222 LoadBalance [#785] lane rescues performed: 0[0m
[31m/home/cvazquezperezdelacru/clio-core/context-runtime/src/scheduler/default_sched.cc:726 ERROR 2922222 LoadBalance [HANGWATCH-HB] processed=107701 outstanding=6 (queued=6 blocked=0 retry=0 periodic=57) live=1 live_stalled=0[0m
[31m/home/cvazquezperezdelacru/clio-core/context-runtime/src/scheduler/default_sched.cc:726 ERROR 2922222 LoadBalance [HANGWATCH-HB] processed=108525 outstanding=1 (queued=1 blocked=0 retry=0 periodic=60) live=3 live_stalled=0[0m
[31m/home/cvazquezperezdelacru/clio-core/context-runtime/src/scheduler/default_sched.cc:726 ERROR 2922222 LoadBalance [HANGWATCH-HB] processed=109316 outstanding=4 (queued=4 blocked=0 retry=0 periodic=64) live=3 live_stalled=0[0m
[33m/home/cvazquezperezdelacru/clio-core/context-runtime/src/scheduler/default_sched.cc:430 WARNING 2922222 LoadBalance [#781 PDF] observed exec-time bins (cumulative): <10us=5781862 <50us=184292 <500us=7087 <10ms=39587 <50ms=5463 <500ms=44 <1s=0 >=1s=1 | stalls_detected=0[0m
[33m/home/cvazquezperezdelacru/clio-core/context-runtime/src/scheduler/default_sched.cc:439 WARNING 2922222 LoadBalance [#785] lane rescues performed: 0[0m
[31m/home/cvazquezperezdelacru/clio-core/context-runtime/src/scheduler/default_sched.cc:726 ERROR 2922222 LoadBalance [HANGWATCH-HB] processed=110218 outstanding=25 (queued=25 blocked=0 retry=0 periodic=28) live=2 live_stalled=0[0m
[31m/home/cvazquezperezdelacru/clio-core/context-runtime/src/scheduler/default_sched.cc:726 ERROR 2922222 LoadBalance [HANGWATCH-HB] processed=110962 outstanding=6 (queued=6 blocked=0 retry=0 periodic=58) live=1 live_stalled=0[0m
[33m/home/cvazquezperezdelacru/clio-core/context-runtime/src/scheduler/default_sched.cc:430 WARNING 2922222 LoadBalance [#781 PDF] observed exec-time bins (cumulative): <10us=5847610 <50us=186377 <500us=7151 <10ms=40343 <50ms=5656 <500ms=44 <1s=0 >=1s=1 | stalls_detected=0[0m
[33m/home/cvazquezperezdelacru/clio-core/context-runtime/src/scheduler/default_sched.cc:439 WARNING 2922222 LoadBalance [#785] lane rescues performed: 0[0m
[31m/home/cvazquezperezdelacru/clio-core/context-runtime/src/scheduler/default_sched.cc:726 ERROR 2922222 LoadBalance [HANGWATCH-HB] processed=111759 outstanding=30 (queued=30 blocked=0 retry=0 periodic=26) live=2 live_stalled=0[0m
[31m/home/cvazquezperezdelacru/clio-core/context-runtime/src/scheduler/default_sched.cc:726 ERROR 2922222 LoadBalance [HANGWATCH-HB] processed=112497 outstanding=11 (queued=11 blocked=0 retry=0 periodic=54) live=1 live_stalled=0[0m
[31m/home/cvazquezperezdelacru/clio-core/context-runtime/src/scheduler/default_sched.cc:726 ERROR 2922222 LoadBalance [HANGWATCH-HB] processed=113639 outstanding=14 (queued=14 blocked=0 retry=0 periodic=47) live=1 live_stalled=0[0m
[33m/home/cvazquezperezdelacru/clio-core/context-runtime/src/scheduler/default_sched.cc:430 WARNING 2922222 LoadBalance [#781 PDF] observed exec-time bins (cumulative): <10us=5912289 <50us=188967 <500us=7193 <10ms=41157 <50ms=5844 <500ms=45 <1s=0 >=1s=1 | stalls_detected=0[0m
[33m/home/cvazquezperezdelacru/clio-core/context-runtime/src/scheduler/default_sched.cc:439 WARNING 2922222 LoadBalance [#785] lane rescues performed: 0[0m
[97m/mnt/common/cvazquezperezdelacru/IOWARP/faiss/contrib/iowarp/chimod/src/faiss_ivf_runtime.cc:329 INFO 2922216 Search faiss_ivf: Search nq=500 k=10 nprobe=256 unique_lists=16289[0m
[31m/home/cvazquezperezdelacru/clio-core/context-runtime/src/scheduler/default_sched.cc:726 ERROR 2922222 LoadBalance [HANGWATCH-HB] processed=114659 outstanding=45 (queued=45 blocked=0 retry=0 periodic=21) live=2 live_stalled=0[0m
[31m/home/cvazquezperezdelacru/clio-core/context-runtime/src/scheduler/default_sched.cc:726 ERROR 2922222 LoadBalance [HANGWATCH-HB] processed=115456 outstanding=14 (queued=14 blocked=0 retry=0 periodic=52) live=2 live_stalled=0[0m
[33m/home/cvazquezperezdelacru/clio-core/context-runtime/src/scheduler/default_sched.cc:430 WARNING 2922222 LoadBalance [#781 PDF] observed exec-time bins (cumulative): <10us=5986735 <50us=190438 <500us=7233 <10ms=42004 <50ms=6029 <500ms=46 <1s=0 >=1s=2 | stalls_detected=0[0m
[33m/home/cvazquezperezdelacru/clio-core/context-runtime/src/scheduler/default_sched.cc:439 WARNING 2922222 LoadBalance [#785] lane rescues performed: 0[0m
[31m/home/cvazquezperezdelacru/clio-core/context-runtime/src/scheduler/default_sched.cc:726 ERROR 2922222 LoadBalance [HANGWATCH-HB] processed=116434 outstanding=9 (queued=9 blocked=0 retry=0 periodic=34) live=3 live_stalled=0[0m
[31m/home/cvazquezperezdelacru/clio-core/context-runtime/src/scheduler/default_sched.cc:726 ERROR 2922222 LoadBalance [HANGWATCH-HB] processed=117360 outstanding=13 (queued=13 blocked=0 retry=0 periodic=46) live=1 live_stalled=0[0m
[33m/home/cvazquezperezdelacru/clio-core/context-runtime/src/scheduler/default_sched.cc:430 WARNING 2922222 LoadBalance [#781 PDF] observed exec-time bins (cumulative): <10us=6061302 <50us=192209 <500us=7272 <10ms=42926 <50ms=6265 <500ms=46 <1s=0 >=1s=2 | stalls_detected=0[0m
[33m/home/cvazquezperezdelacru/clio-core/context-runtime/src/scheduler/default_sched.cc:439 WARNING 2922222 LoadBalance [#785] lane rescues performed: 0[0m
[31m/home/cvazquezperezdelacru/clio-core/context-runtime/src/scheduler/default_sched.cc:726 ERROR 2922222 LoadBalance [HANGWATCH-HB] processed=118267 outstanding=24 (queued=24 blocked=0 retry=0 periodic=31) live=1 live_stalled=0[0m
[31m/home/cvazquezperezdelacru/clio-core/context-runtime/src/scheduler/default_sched.cc:726 ERROR 2922222 LoadBalance [HANGWATCH-HB] processed=119174 outstanding=42 (queued=42 blocked=0 retry=0 periodic=13) live=3 live_stalled=0[0m
[31m/home/cvazquezperezdelacru/clio-core/context-runtime/src/scheduler/default_sched.cc:726 ERROR 2922222 LoadBalance [HANGWATCH-HB] processed=120030 outstanding=5 (queued=5 blocked=0 retry=0 periodic=61) live=2 live_stalled=0[0m
[33m/home/cvazquezperezdelacru/clio-core/context-runtime/src/scheduler/default_sched.cc:430 WARNING 2922222 LoadBalance [#781 PDF] observed exec-time bins (cumulative): <10us=6134279 <50us=193981 <500us=7324 <10ms=43853 <50ms=6468 <500ms=46 <1s=0 >=1s=2 | stalls_detected=0[0m
[33m/home/cvazquezperezdelacru/clio-core/context-runtime/src/scheduler/default_sched.cc:439 WARNING 2922222 LoadBalance [#785] lane rescues performed: 0[0m
[31m/home/cvazquezperezdelacru/clio-core/context-runtime/src/scheduler/default_sched.cc:726 ERROR 2922222 LoadBalance [HANGWATCH-HB] processed=121152 outstanding=13 (queued=13 blocked=0 retry=0 periodic=55) live=2 live_stalled=0[0m
[31m/home/cvazquezperezdelacru/clio-core/context-runtime/src/scheduler/default_sched.cc:726 ERROR 2922222 LoadBalance [HANGWATCH-HB] processed=122080 outstanding=12 (queued=12 blocked=0 retry=0 periodic=47) live=1 live_stalled=0[0m
[33m/home/cvazquezperezdelacru/clio-core/context-runtime/src/scheduler/default_sched.cc:430 WARNING 2922222 LoadBalance [#781 PDF] observed exec-time bins (cumulative): <10us=6206706 <50us=195905 <500us=7369 <10ms=44691 <50ms=6687 <500ms=46 <1s=0 >=1s=2 | stalls_detected=0[0m
[33m/home/cvazquezperezdelacru/clio-core/context-runtime/src/scheduler/default_sched.cc:439 WARNING 2922222 LoadBalance [#785] lane rescues performed: 0[0m
[31m/home/cvazquezperezdelacru/clio-core/context-runtime/src/scheduler/default_sched.cc:726 ERROR 2922222 LoadBalance [HANGWATCH-HB] processed=123345 outstanding=5 (queued=5 blocked=0 retry=0 periodic=60) live=3 live_stalled=0[0m
[31m/home/cvazquezperezdelacru/clio-core/context-runtime/src/scheduler/default_sched.cc:726 ERROR 2922222 LoadBalance [HANGWATCH-HB] processed=124436 outstanding=11 (queued=11 blocked=0 retry=0 periodic=57) live=2 live_stalled=0[0m
[33m/home/cvazquezperezdelacru/clio-core/context-runtime/src/scheduler/default_sched.cc:430 WARNING 2922222 LoadBalance [#781 PDF] observed exec-time bins (cumulative): <10us=6273936 <50us=197245 <500us=7414 <10ms=45571 <50ms=6884 <500ms=46 <1s=0 >=1s=2 | stalls_detected=0[0m
[33m/home/cvazquezperezdelacru/clio-core/context-runtime/src/scheduler/default_sched.cc:439 WARNING 2922222 LoadBalance [#785] lane rescues performed: 0[0m
[31m/home/cvazquezperezdelacru/clio-core/context-runtime/src/scheduler/default_sched.cc:726 ERROR 2922222 LoadBalance [HANGWATCH-HB] processed=125644 outstanding=23 (queued=23 blocked=0 retry=0 periodic=30) live=2 live_stalled=0[0m
[31m/home/cvazquezperezdelacru/clio-core/context-runtime/src/scheduler/default_sched.cc:726 ERROR 2922222 LoadBalance [HANGWATCH-HB] processed=126498 outstanding=11 (queued=11 blocked=0 retry=0 periodic=55) live=2 live_stalled=0[0m
[33m/home/cvazquezperezdelacru/clio-core/context-runtime/src/scheduler/default_sched.cc:430 WARNING 2922222 LoadBalance [#781 PDF] observed exec-time bins (cumulative): <10us=6341768 <50us=199329 <500us=7455 <10ms=46494 <50ms=7108 <500ms=46 <1s=0 >=1s=2 | stalls_detected=0[0m
[33m/home/cvazquezperezdelacru/clio-core/context-runtime/src/scheduler/default_sched.cc:439 WARNING 2922222 LoadBalance [#785] lane rescues performed: 0[0m
[31m/home/cvazquezperezdelacru/clio-core/context-runtime/src/scheduler/default_sched.cc:726 ERROR 2922222 LoadBalance [HANGWATCH-HB] processed=127411 outstanding=29 (queued=29 blocked=0 retry=0 periodic=39) live=1 live_stalled=0[0m
[31m/home/cvazquezperezdelacru/clio-core/context-runtime/src/scheduler/default_sched.cc:726 ERROR 2922222 LoadBalance [HANGWATCH-HB] processed=128186 outstanding=7 (queued=7 blocked=0 retry=0 periodic=57) live=3 live_stalled=0[0m
[31m/home/cvazquezperezdelacru/clio-core/context-runtime/src/scheduler/default_sched.cc:726 ERROR 2922222 LoadBalance [HANGWATCH-HB] processed=129032 outstanding=12 (queued=12 blocked=0 retry=0 periodic=52) live=2 live_stalled=0[0m
[33m/home/cvazquezperezdelacru/clio-core/context-runtime/src/scheduler/default_sched.cc:430 WARNING 2922222 LoadBalance [#781 PDF] observed exec-time bins (cumulative): <10us=6404610 <50us=203705 <500us=7488 <10ms=47264 <50ms=7331 <500ms=47 <1s=0 >=1s=2 | stalls_detected=0[0m
[33m/home/cvazquezperezdelacru/clio-core/context-runtime/src/scheduler/default_sched.cc:439 WARNING 2922222 LoadBalance [#785] lane rescues performed: 0[0m
[31m/home/cvazquezperezdelacru/clio-core/context-runtime/src/scheduler/default_sched.cc:726 ERROR 2922222 LoadBalance [HANGWATCH-HB] processed=129954 outstanding=10 (queued=10 blocked=0 retry=0 periodic=51) live=1 live_stalled=0[0m
[31m/home/cvazquezperezdelacru/clio-core/context-runtime/src/scheduler/default_sched.cc:726 ERROR 2922222 LoadBalance [HANGWATCH-HB] processed=130902 outstanding=35 (queued=35 blocked=0 retry=0 periodic=26) live=3 live_stalled=0[0m
[33m/home/cvazquezperezdelacru/clio-core/context-runtime/src/scheduler/default_sched.cc:430 WARNING 2922222 LoadBalance [#781 PDF] observed exec-time bins (cumulative): <10us=6468837 <50us=208277 <500us=7525 <10ms=48230 <50ms=7536 <500ms=47 <1s=0 >=1s=2 | stalls_detected=0[0m
[33m/home/cvazquezperezdelacru/clio-core/context-runtime/src/scheduler/default_sched.cc:439 WARNING 2922222 LoadBalance [#785] lane rescues performed: 0[0m
[31m/home/cvazquezperezdelacru/clio-core/context-runtime/src/scheduler/default_sched.cc:726 ERROR 2922222 LoadBalance [HANGWATCH-HB] processed=131817 outstanding=47 (queued=47 blocked=0 retry=0 periodic=20) live=3 live_stalled=0[0m
[31m/home/cvazquezperezdelacru/clio-core/context-runtime/src/scheduler/default_sched.cc:726 ERROR 2922222 LoadBalance [HANGWATCH-HB] processed=132690 outstanding=44 (queued=44 blocked=0 retry=0 periodic=19) live=2 live_stalled=0[0m
[31m/home/cvazquezperezdelacru/clio-core/context-runtime/src/scheduler/default_sched.cc:726 ERROR 2922222 LoadBalance [HANGWATCH-HB] processed=133498 outstanding=5 (queued=5 blocked=0 retry=0 periodic=58) live=3 live_stalled=0[0m
[33m/home/cvazquezperezdelacru/clio-core/context-runtime/src/scheduler/default_sched.cc:430 WARNING 2922222 LoadBalance [#781 PDF] observed exec-time bins (cumulative): <10us=6540472 <50us=209847 <500us=7565 <10ms=49077 <50ms=7737 <500ms=47 <1s=0 >=1s=2 | stalls_detected=0[0m
[33m/home/cvazquezperezdelacru/clio-core/context-runtime/src/scheduler/default_sched.cc:439 WARNING 2922222 LoadBalance [#785] lane rescues performed: 0[0m
[31m/home/cvazquezperezdelacru/clio-core/context-runtime/src/scheduler/default_sched.cc:726 ERROR 2922222 LoadBalance [HANGWATCH-HB] processed=134494 outstanding=31 (queued=31 blocked=0 retry=0 periodic=22) live=1 live_stalled=0[0m
[31m/home/cvazquezperezdelacru/clio-core/context-runtime/src/scheduler/default_sched.cc:726 ERROR 2922222 LoadBalance [HANGWATCH-HB] processed=135410 outstanding=48 (queued=48 blocked=0 retry=0 periodic=12) live=1 live_stalled=0[0m
[33m/home/cvazquezperezdelacru/clio-core/context-runtime/src/scheduler/default_sched.cc:430 WARNING 2922222 LoadBalance [#781 PDF] observed exec-time bins (cumulative): <10us=6614441 <50us=211514 <500us=7616 <10ms=50051 <50ms=7940 <500ms=47 <1s=0 >=1s=2 | stalls_detected=0[0m
[33m/home/cvazquezperezdelacru/clio-core/context-runtime/src/scheduler/default_sched.cc:439 WARNING 2922222 LoadBalance [#785] lane rescues performed: 0[0m
[31m/home/cvazquezperezdelacru/clio-core/context-runtime/src/scheduler/default_sched.cc:726 ERROR 2922222 LoadBalance [HANGWATCH-HB] processed=136329 outstanding=22 (queued=22 blocked=0 retry=0 periodic=23) live=1 live_stalled=0[0m
[31m/home/cvazquezperezdelacru/clio-core/context-runtime/src/scheduler/default_sched.cc:726 ERROR 2922222 LoadBalance [HANGWATCH-HB] processed=137081 outstanding=4 (queued=4 blocked=0 retry=0 periodic=65) live=1 live_stalled=0[0m
[33m/home/cvazquezperezdelacru/clio-core/context-runtime/src/scheduler/default_sched.cc:430 WARNING 2922222 LoadBalance [#781 PDF] observed exec-time bins (cumulative): <10us=6687799 <50us=213070 <500us=7649 <10ms=50871 <50ms=8105 <500ms=48 <1s=0 >=1s=2 | stalls_detected=0[0m
[33m/home/cvazquezperezdelacru/clio-core/context-runtime/src/scheduler/default_sched.cc:439 WARNING 2922222 LoadBalance [#785] lane rescues performed: 0[0m
[31m/home/cvazquezperezdelacru/clio-core/context-runtime/src/scheduler/default_sched.cc:726 ERROR 2922222 LoadBalance [HANGWATCH-HB] processed=138160 outstanding=1 (queued=1 blocked=0 retry=0 periodic=61) live=2 live_stalled=0[0m
[31m/home/cvazquezperezdelacru/clio-core/context-runtime/src/scheduler/default_sched.cc:726 ERROR 2922222 LoadBalance [HANGWATCH-HB] processed=139254 outstanding=4 (queued=4 blocked=0 retry=0 periodic=51) live=3 live_stalled=0[0m
[31m/home/cvazquezperezdelacru/clio-core/context-runtime/src/scheduler/default_sched.cc:726 ERROR 2922222 LoadBalance [HANGWATCH-HB] processed=140095 outstanding=24 (queued=24 blocked=0 retry=0 periodic=35) live=3 live_stalled=0[0m
[33m/home/cvazquezperezdelacru/clio-core/context-runtime/src/scheduler/default_sched.cc:430 WARNING 2922222 LoadBalance [#781 PDF] observed exec-time bins (cumulative): <10us=6759405 <50us=214691 <500us=7684 <10ms=51727 <50ms=8286 <500ms=48 <1s=0 >=1s=2 | stalls_detected=0[0m
[33m/home/cvazquezperezdelacru/clio-core/context-runtime/src/scheduler/default_sched.cc:439 WARNING 2922222 LoadBalance [#785] lane rescues performed: 0[0m
[31m/home/cvazquezperezdelacru/clio-core/context-runtime/src/scheduler/default_sched.cc:726 ERROR 2922222 LoadBalance [HANGWATCH-HB] processed=140929 outstanding=31 (queued=31 blocked=0 retry=0 periodic=30) live=2 live_stalled=0[0m
[31m/home/cvazquezperezdelacru/clio-core/context-runtime/src/scheduler/default_sched.cc:726 ERROR 2922222 LoadBalance [HANGWATCH-HB] processed=141645 outstanding=2 (queued=2 blocked=0 retry=0 periodic=59) live=1 live_stalled=0[0m
[33m/home/cvazquezperezdelacru/clio-core/context-runtime/src/scheduler/default_sched.cc:430 WARNING 2922222 LoadBalance [#781 PDF] observed exec-time bins (cumulative): <10us=6830603 <50us=216258 <500us=7717 <10ms=52498 <50ms=8490 <500ms=48 <1s=0 >=1s=2 | stalls_detected=0[0m
[33m/home/cvazquezperezdelacru/clio-core/context-runtime/src/scheduler/default_sched.cc:439 WARNING 2922222 LoadBalance [#785] lane rescues performed: 0[0m
[31m/home/cvazquezperezdelacru/clio-core/context-runtime/src/scheduler/default_sched.cc:726 ERROR 2922222 LoadBalance [HANGWATCH-HB] processed=142412 outstanding=6 (queued=6 blocked=0 retry=0 periodic=61) live=2 live_stalled=0[0m
[31m/home/cvazquezperezdelacru/clio-core/context-runtime/src/scheduler/default_sched.cc:726 ERROR 2922222 LoadBalance [HANGWATCH-HB] processed=143294 outstanding=18 (queued=18 blocked=0 retry=0 periodic=46) live=1 live_stalled=0[0m
[33m/home/cvazquezperezdelacru/clio-core/context-runtime/src/scheduler/default_sched.cc:430 WARNING 2922222 LoadBalance [#781 PDF] observed exec-time bins (cumulative): <10us=6901995 <50us=217793 <500us=7809 <10ms=53337 <50ms=8669 <500ms=49 <1s=0 >=1s=2 | stalls_detected=0[0m
[33m/home/cvazquezperezdelacru/clio-core/context-runtime/src/scheduler/default_sched.cc:439 WARNING 2922222 LoadBalance [#785] lane rescues performed: 0[0m
[31m/home/cvazquezperezdelacru/clio-core/context-runtime/src/scheduler/default_sched.cc:726 ERROR 2922222 LoadBalance [HANGWATCH-HB] processed=144433 outstanding=21 (queued=21 blocked=0 retry=0 periodic=37) live=1 live_stalled=0[0m
[31m/home/cvazquezperezdelacru/clio-core/context-runtime/src/scheduler/default_sched.cc:726 ERROR 2922222 LoadBalance [HANGWATCH-HB] processed=145441 outstanding=3 (queued=3 blocked=0 retry=0 periodic=60) live=1 live_stalled=0[0m
[33m/home/cvazquezperezdelacru/clio-core/context-runtime/src/scheduler/default_sched.cc:430 WARNING 2922222 LoadBalance [#781 PDF] observed exec-time bins (cumulative): <10us=6967978 <50us=219362 <500us=7846 <10ms=54181 <50ms=8822 <500ms=50 <1s=0 >=1s=2 | stalls_detected=0[0m
[33m/home/cvazquezperezdelacru/clio-core/context-runtime/src/scheduler/default_sched.cc:439 WARNING 2922222 LoadBalance [#785] lane rescues performed: 0[0m
[31m/home/cvazquezperezdelacru/clio-core/context-runtime/src/scheduler/default_sched.cc:726 ERROR 2922222 LoadBalance [HANGWATCH-HB] processed=146812 outstanding=38 (queued=38 blocked=0 retry=0 periodic=20) live=4 live_stalled=0[0m
[97m/home/cvazquezperezdelacru/clio-core/context-runtime/src/pool_manager.cc:431 INFO 2922193 DestroyLocalPool PoolManager: Destroyed local pool PoolId(major:1, minor:0)[0m
[31m/home/cvazquezperezdelacru/clio-core/context-runtime/src/ipc_manager.cc:3849 ERROR 2922221 RouteTask RouteTask: RouteLocal returned 4 for pool=PoolId(major:1, minor:0) method=21, worker=7[0m
[31m/home/cvazquezperezdelacru/clio-core/context-runtime/src/ipc_manager.cc:3849 ERROR 2922220 RouteTask RouteTask: RouteLocal returned 4 for pool=PoolId(major:1, minor:0) method=14, worker=6[0m
[31m/home/cvazquezperezdelacru/clio-core/context-runtime/src/ipc_manager.cc:3849 ERROR 2922220 RouteTask RouteTask: RouteLocal returned 4 for pool=PoolId(major:1, minor:0) method=14, worker=6[0m
[31m/home/cvazquezperezdelacru/clio-core/context-runtime/src/ipc_manager.cc:3849 ERROR 2922221 RouteTask RouteTask: RouteLocal returned 4 for pool=PoolId(major:1, minor:0) method=21, worker=7[0m
