[97m/home/cvazquezperezdelacru/clio-core/context-runtime/src/config_manager.cc:144 INFO 2744073 ClientInit Config at: /mnt/common/cvazquezperezdelacru/IOWARP/faiss/contrib/iowarp/benchmarks/results/ares_cte_rendered_20260730_163740.yaml[0m
[97m/home/cvazquezperezdelacru/clio-core/context-runtime/src/ipc_manager.cc:2865 INFO 2744073 ClearUserIpcs ClearUserIpcs: Removed 114 memfd symlinks from previous runs[0m
[33m/home/cvazquezperezdelacru/clio-core/context-runtime/src/ipc_manager.cc:906 WARNING 2744073 ServerInitShm Main segment: requested 50079715328 bytes exceeds half the memory budget (50079715328 bytes); clamping to 25039857664 bytes[0m
[97m/home/cvazquezperezdelacru/clio-core/context-runtime/src/ipc_manager.cc:931 INFO 2744073 ServerInitShm Initializing main shared memory segment: 25039857664 bytes (23879 MB)[0m
[97m/home/cvazquezperezdelacru/clio-core/context-runtime/src/ipc_manager.cc:952 INFO 2744073 ServerInitShm Initializing queue shared memory segment: 646224224 bytes (631078 KB)[0m
[33m/home/cvazquezperezdelacru/clio-core/context-runtime/src/ipc_manager.cc:1005 WARNING 2744073 ServerInitShm Metadata segment: requested 50079715328 bytes exceeds half the memory budget (50079715328 bytes); clamping to 25039857664 bytes[0m
[97m/home/cvazquezperezdelacru/clio-core/context-runtime/src/ipc_manager.cc:1039 INFO 2744073 ServerInitShm Initializing metadata shared memory segment: 25039857664 bytes (23879 MB), sparse/not pre-faulted[0m
[97m/home/cvazquezperezdelacru/clio-core/context-runtime/src/ipc_manager.cc:865 INFO 2744073 ExcludeFromCoreDump metadata segment: excluded 25039857664 bytes from core dumps[0m
[97m/home/cvazquezperezdelacru/clio-core/context-runtime/src/ipc_manager.cc:1072 INFO 2744073 ServerInitShm ServerInitShm: metadata directory at offset 68072[0m
[97m/home/cvazquezperezdelacru/clio-core/context-runtime/src/ipc_manager.cc:1127 INFO 2744073 ServerInitShm ServerInitShm: 8 inbound SHM ring(s) 'clio-2744073-shm-in-0..7' (16MB each)[0m
[97m/home/cvazquezperezdelacru/clio-core/context-runtime/src/ipc_manager.cc:1269 INFO 2744073 ServerInitQueues Initializing 16 worker queues with depth 1024 (last worker serves dual role)[0m
[97m/home/cvazquezperezdelacru/clio-core/context-runtime/src/ipc_manager.cc:1933 INFO 2744073 IdentifyThisHost SUCCESS: Main server started on 0.0.0.0:9413 (advertised as 0.0.0.0, node=0)[0m
[97m/home/cvazquezperezdelacru/clio-core/context-runtime/src/ipc_manager.cc:561 INFO 2744073 ServerInit IpcManager: TCP ROUTER transport bound on 0.0.0.0:9416[0m
[97m/home/cvazquezperezdelacru/clio-core/context-runtime/src/ipc_manager.cc:579 INFO 2744073 ServerInit IpcManager: IPC lightbeam server bound on /tmp/clio_cvazquezperezdelacru/clio_9413.ipc[0m
[97m/home/cvazquezperezdelacru/clio-core/context-runtime/src/module_manager.cc:137 INFO 2744073 LoadChiMod Loaded ChiMod: clio_cte_filesystem from /mnt/common/cvazquezperezdelacru/clio-core-dev-install/lib/libclio_cte_filesystem_runtime.so[0m
[97m/home/cvazquezperezdelacru/clio-core/context-runtime/src/module_manager.cc:137 INFO 2744073 LoadChiMod Loaded ChiMod: clio_MOD_NAME from /mnt/common/cvazquezperezdelacru/clio-core-dev-install/lib/libclio_MOD_NAME_runtime.so[0m
[97m/home/cvazquezperezdelacru/clio-core/context-runtime/src/module_manager.cc:137 INFO 2744073 LoadChiMod Loaded ChiMod: clio_admin from /mnt/common/cvazquezperezdelacru/clio-core-dev-install/lib/libclio_admin_runtime.so[0m
[97m/home/cvazquezperezdelacru/clio-core/context-runtime/src/module_manager.cc:137 INFO 2744073 LoadChiMod Loaded ChiMod: clio_bdev from /mnt/common/cvazquezperezdelacru/clio-core-dev-install/lib/libclio_bdev_runtime.so[0m
[97m/home/cvazquezperezdelacru/clio-core/context-runtime/src/module_manager.cc:137 INFO 2744073 LoadChiMod Loaded ChiMod: clio_safe_bdev from /mnt/common/cvazquezperezdelacru/clio-core-dev-install/lib/libclio_safe_bdev_runtime.so[0m
[97m/home/cvazquezperezdelacru/clio-core/context-runtime/src/module_manager.cc:137 INFO 2744073 LoadChiMod Loaded ChiMod: clio_cte_core from /mnt/common/cvazquezperezdelacru/clio-core-dev-install/lib/libclio_cte_core_runtime.so[0m
[97m/home/cvazquezperezdelacru/clio-core/context-runtime/src/module_manager.cc:137 INFO 2744073 LoadChiMod Loaded ChiMod: clio_faiss_ivf from /mnt/common/cvazquezperezdelacru/IOWARP/faiss/contrib/iowarp/build-dev/chimod/libclio_faiss_ivf_runtime.so[0m
[97m/home/cvazquezperezdelacru/clio-core/context-runtime/src/work_orchestrator.cc:94 INFO 2744073 Init Creating 8 workers (7 task + 1 dedicated network)[0m
[97m/home/cvazquezperezdelacru/clio-core/context-runtime/src/ipc_manager.cc:756 INFO 2744073 SetNumSchedQueues IpcManager: Updated num_sched_queues to 1[0m
[97m/home/cvazquezperezdelacru/clio-core/context-runtime/src/scheduler/default_sched.cc:139 INFO 2744073 DivideWorkers DefaultScheduler: 1 scheduler worker (0), 4 I/O workers, net_send_worker=6, net_recv_worker=7, gpu_worker=5[0m
[97m/home/cvazquezperezdelacru/clio-core/context-runtime/src/work_orchestrator.cc:271 INFO 2744073 SpawnWorkerThreads WorkOrchestrator: num_workers=8, num_lanes=16[0m
[97m/home/cvazquezperezdelacru/clio-core/context-runtime/src/work_orchestrator.cc:294 INFO 2744073 SpawnWorkerThreads WorkOrchestrator: Mapped worker 0 (ID 0) to lane 0[0m
[97m/home/cvazquezperezdelacru/clio-core/context-runtime/src/work_orchestrator.cc:294 INFO 2744073 SpawnWorkerThreads WorkOrchestrator: Mapped worker 1 (ID 1) to lane 1[0m
[97m/home/cvazquezperezdelacru/clio-core/context-runtime/src/work_orchestrator.cc:294 INFO 2744073 SpawnWorkerThreads WorkOrchestrator: Mapped worker 2 (ID 2) to lane 2[0m
[97m/home/cvazquezperezdelacru/clio-core/context-runtime/src/work_orchestrator.cc:294 INFO 2744073 SpawnWorkerThreads WorkOrchestrator: Mapped worker 3 (ID 3) to lane 3[0m
[97m/home/cvazquezperezdelacru/clio-core/context-runtime/src/work_orchestrator.cc:294 INFO 2744073 SpawnWorkerThreads WorkOrchestrator: Mapped worker 4 (ID 4) to lane 4[0m
[97m/home/cvazquezperezdelacru/clio-core/context-runtime/src/work_orchestrator.cc:294 INFO 2744073 SpawnWorkerThreads WorkOrchestrator: Mapped worker 5 (ID 5) to lane 5[0m
[97m/home/cvazquezperezdelacru/clio-core/context-runtime/src/work_orchestrator.cc:294 INFO 2744073 SpawnWorkerThreads WorkOrchestrator: Mapped worker 6 (ID 6) to lane 6[0m
[97m/home/cvazquezperezdelacru/clio-core/context-runtime/src/work_orchestrator.cc:294 INFO 2744073 SpawnWorkerThreads WorkOrchestrator: Mapped worker 7 (ID 7) to lane 7[0m
[97m/home/cvazquezperezdelacru/clio-core/context-runtime/src/pool_manager.cc:534 INFO 2744073 CreatePool PoolManager: Creating pool 'admin' with 1 containers (one per node)[0m
[33m/home/cvazquezperezdelacru/clio-core/context-runtime/modules/admin/include/clio_runtime/admin/admin_client.h:59 WARNING 2744073 Client AdminClient: Default constructor called - pool_id_ will be PoolId(0,0)[0m
[97m/home/cvazquezperezdelacru/clio-core/context-runtime/src/pool_manager.cc:615 INFO 2744073 CreatePool Creating container for pool PoolId(major:1, minor:0) on node 0 with container_id=0[0m
[97m/home/cvazquezperezdelacru/clio-core/context-runtime/src/pool_manager.cc:644 INFO 2744073 CreatePool Container initialized with pool ID PoolId(major:1, minor:0), name admin, and container ID 0[0m
[97m/home/cvazquezperezdelacru/clio-core/context-runtime/src/pool_manager.cc:663 INFO 2744073 CreatePool CreatePool: Running Create method for pool PoolId(major:1, minor:0)[0m
[97m/home/cvazquezperezdelacru/clio-core/context-runtime/src/ipc/ipc_run2run.cc:1105 INFO 2744103 operator() [PeerRecvThread] started[0m
[97m/home/cvazquezperezdelacru/clio-core/context-runtime/src/ipc/ipc_run2run.cc:1166 INFO 2744104 operator() [ClientRecvThread] started[0m
[97m/home/cvazquezperezdelacru/clio-core/context-runtime/src/pool_manager.cc:666 INFO 2744073 CreatePool CreatePool: Create method completed for pool PoolId(major:1, minor:0)[0m
[97m/home/cvazquezperezdelacru/clio-core/context-runtime/src/pool_manager.cc:700 INFO 2744073 CreatePool PoolManager: Created complete pool PoolId(major:1, minor:0) with ChiMod clio_admin (1 containers)[0m
[97m/home/cvazquezperezdelacru/clio-core/context-runtime/src/pool_manager.cc:125 INFO 2744073 ServerInit PoolManager: Admin chimod pool created successfully with PoolId PoolId(major:1, minor:0)[0m
[97m/home/cvazquezperezdelacru/clio-core/context-runtime/src/manager.cc:264 INFO 2744073 ServerInit Processing compose configuration with 3 pools[0m
[33m/home/cvazquezperezdelacru/clio-core/context-runtime/src/../modules/admin/include/clio_runtime/admin/admin_client.h:59 WARNING 2744073 Client AdminClient: Default constructor called - pool_id_ will be PoolId(0,0)[0m
[97m/home/cvazquezperezdelacru/clio-core/context-runtime/src/manager.cc:282 INFO 2744073 ServerInit Compose: Creating pool ram::chi_default_bdev (module: clio_bdev, restart: 0)[0m
[97m/home/cvazquezperezdelacru/clio-core/context-runtime/src/pool_manager.cc:534 INFO 2744098 CreatePool PoolManager: Creating pool 'ram::chi_default_bdev' with 1 containers (one per node)[0m
[97m/home/cvazquezperezdelacru/clio-core/context-runtime/src/pool_manager.cc:615 INFO 2744098 CreatePool Creating container for pool PoolId(major:301, minor:0) on node 0 with container_id=0[0m
[97m/home/cvazquezperezdelacru/clio-core/context-runtime/src/pool_manager.cc:644 INFO 2744098 CreatePool Container initialized with pool ID PoolId(major:301, minor:0), name ram::chi_default_bdev, and container ID 0[0m
[97m/home/cvazquezperezdelacru/clio-core/context-runtime/src/pool_manager.cc:663 INFO 2744098 CreatePool CreatePool: Running Create method for pool PoolId(major:301, minor:0)[0m
[97m/home/cvazquezperezdelacru/clio-core/context-runtime/modules/bdev/src/transports/mem_bdev_transport.cc:142 INFO 2744098 InitShmBacking [#783] RAM bdev 'clio_rambdev_2744073_301_0' is shared-memory backed (38655688704 of 38654705664 bytes mapped)[0m
[97m/home/cvazquezperezdelacru/clio-core/context-runtime/src/pool_manager.cc:666 INFO 2744098 CreatePool CreatePool: Create method completed for pool PoolId(major:301, minor:0)[0m
[97m/home/cvazquezperezdelacru/clio-core/context-runtime/src/pool_manager.cc:700 INFO 2744098 CreatePool PoolManager: Created complete pool PoolId(major:301, minor:0) with ChiMod clio_bdev (1 containers)[0m
[97m/home/cvazquezperezdelacru/clio-core/context-runtime/src/manager.cc:298 INFO 2744073 ServerInit Compose: Successfully created pool ram::chi_default_bdev (module: clio_bdev)[0m
[97m/home/cvazquezperezdelacru/clio-core/context-runtime/src/manager.cc:282 INFO 2744073 ServerInit Compose: Creating pool cte_main (module: clio_cte_core, restart: 0)[0m
[97m/home/cvazquezperezdelacru/clio-core/context-runtime/src/pool_manager.cc:534 INFO 2744095 CreatePool PoolManager: Creating pool 'cte_main' with 1 containers (one per node)[0m
[97m/home/cvazquezperezdelacru/clio-core/context-runtime/src/pool_manager.cc:615 INFO 2744095 CreatePool Creating container for pool PoolId(major:512, minor:0) on node 0 with container_id=0[0m
[97m/home/cvazquezperezdelacru/clio-core/context-runtime/src/pool_manager.cc:644 INFO 2744095 CreatePool Container initialized with pool ID PoolId(major:512, minor:0), name cte_main, and container ID 0[0m
[97m/home/cvazquezperezdelacru/clio-core/context-runtime/src/pool_manager.cc:663 INFO 2744095 CreatePool CreatePool: Running Create method for pool PoolId(major:512, minor:0)[0m
[97m/home/cvazquezperezdelacru/clio-core/context-transfer-engine/core/src/core_config.cc:618 INFO 2744095 ParseStorageConfig Parsed 2 storage devices[0m
[97m/home/cvazquezperezdelacru/clio-core/context-transfer-engine/core/src/core_config.cc:636 INFO 2744095 ParseDpeConfig Parsed DPE configuration: type=max_bw[0m
[97m/home/cvazquezperezdelacru/clio-core/context-transfer-engine/core/src/core_config.cc:111 INFO 2744095 LoadFromString Configuration loaded successfully from YAML string[0m
[97m/home/cvazquezperezdelacru/clio-core/context-transfer-engine/core/src/core_runtime.cc:545 INFO 2744095 Create CTE: shared-memory metadata cache enabled (tags=65536, blobs=262144, root_off=488)[0m
[97m/home/cvazquezperezdelacru/clio-core/context-runtime/src/pool_manager.cc:534 INFO 2744097 CreatePool PoolManager: Creating pool 'ram::cte_ram_tier_node0' with 1 containers (one per node)[0m
[97m/home/cvazquezperezdelacru/clio-core/context-runtime/src/pool_manager.cc:615 INFO 2744097 CreatePool Creating container for pool PoolId(major:512, minor:1) on node 0 with container_id=0[0m
[97m/home/cvazquezperezdelacru/clio-core/context-runtime/src/pool_manager.cc:644 INFO 2744097 CreatePool Container initialized with pool ID PoolId(major:512, minor:1), name ram::cte_ram_tier_node0, and container ID 0[0m
[97m/home/cvazquezperezdelacru/clio-core/context-runtime/src/pool_manager.cc:663 INFO 2744097 CreatePool CreatePool: Running Create method for pool PoolId(major:512, minor:1)[0m
[97m/home/cvazquezperezdelacru/clio-core/context-runtime/modules/bdev/src/transports/mem_bdev_transport.cc:142 INFO 2744097 InitShmBacking [#783] RAM bdev 'clio_rambdev_2744073_512_1' is shared-memory backed (32213237760 of 32212254720 bytes mapped)[0m
[97m/home/cvazquezperezdelacru/clio-core/context-runtime/src/pool_manager.cc:666 INFO 2744097 CreatePool CreatePool: Create method completed for pool PoolId(major:512, minor:1)[0m
[97m/home/cvazquezperezdelacru/clio-core/context-runtime/src/pool_manager.cc:700 INFO 2744097 CreatePool PoolManager: Created complete pool PoolId(major:512, minor:1) with ChiMod clio_bdev (1 containers)[0m
[97m/home/cvazquezperezdelacru/clio-core/context-runtime/src/pool_manager.cc:534 INFO 2744097 CreatePool PoolManager: Creating pool '/mnt/nvme/cvazquezperezdelacru/cte_tier_node0' with 1 containers (one per node)[0m
[97m/home/cvazquezperezdelacru/clio-core/context-runtime/src/pool_manager.cc:615 INFO 2744097 CreatePool Creating container for pool PoolId(major:513, minor:1) on node 0 with container_id=0[0m
[97m/home/cvazquezperezdelacru/clio-core/context-runtime/src/pool_manager.cc:644 INFO 2744097 CreatePool Container initialized with pool ID PoolId(major:513, minor:1), name /mnt/nvme/cvazquezperezdelacru/cte_tier_node0, and container ID 0[0m
[97m/home/cvazquezperezdelacru/clio-core/context-runtime/src/pool_manager.cc:663 INFO 2744097 CreatePool CreatePool: Running Create method for pool PoolId(major:513, minor:1)[0m
[97m/home/cvazquezperezdelacru/clio-core/context-runtime/src/pool_manager.cc:666 INFO 2744097 CreatePool CreatePool: Create method completed for pool PoolId(major:513, minor:1)[0m
[97m/home/cvazquezperezdelacru/clio-core/context-runtime/src/pool_manager.cc:700 INFO 2744097 CreatePool PoolManager: Created complete pool PoolId(major:513, minor:1) with ChiMod clio_bdev (1 containers)[0m
[97m/home/cvazquezperezdelacru/clio-core/context-transfer-engine/core/src/core_runtime.cc:663 INFO 2744095 Create CTE Core container created and initialized for pool: cte_main (ID: PoolId(major:512, minor:0))[0m
[97m/home/cvazquezperezdelacru/clio-core/context-transfer-engine/core/src/core_runtime.cc:667 INFO 2744095 Create Configuration: neighborhood=1, poll_period_ms=5000, stat_targets_period_ms=5000[0m
[97m/home/cvazquezperezdelacru/clio-core/context-transfer-engine/core/src/core_runtime.cc:709 INFO 2744095 Create Starting periodic StatTargets task with period 5000 ms[0m
[97m/home/cvazquezperezdelacru/clio-core/context-runtime/src/pool_manager.cc:666 INFO 2744095 CreatePool CreatePool: Create method completed for pool PoolId(major:512, minor:0)[0m
[97m/home/cvazquezperezdelacru/clio-core/context-runtime/src/pool_manager.cc:700 INFO 2744095 CreatePool PoolManager: Created complete pool PoolId(major:512, minor:0) with ChiMod clio_cte_core (1 containers)[0m
[97m/home/cvazquezperezdelacru/clio-core/context-runtime/src/manager.cc:298 INFO 2744073 ServerInit Compose: Successfully created pool cte_main (module: clio_cte_core)[0m
[97m/home/cvazquezperezdelacru/clio-core/context-runtime/src/manager.cc:282 INFO 2744073 ServerInit Compose: Creating pool faiss_ivf_main (module: clio_faiss_ivf, restart: 0)[0m
[97m/home/cvazquezperezdelacru/clio-core/context-runtime/src/pool_manager.cc:534 INFO 2744098 CreatePool PoolManager: Creating pool 'faiss_ivf_main' with 1 containers (one per node)[0m
[97m/home/cvazquezperezdelacru/clio-core/context-runtime/src/pool_manager.cc:615 INFO 2744098 CreatePool Creating container for pool PoolId(major:600, minor:0) on node 0 with container_id=0[0m
[97m/home/cvazquezperezdelacru/clio-core/context-runtime/src/pool_manager.cc:644 INFO 2744098 CreatePool Container initialized with pool ID PoolId(major:600, minor:0), name faiss_ivf_main, and container ID 0[0m
[97m/home/cvazquezperezdelacru/clio-core/context-runtime/src/pool_manager.cc:663 INFO 2744098 CreatePool CreatePool: Running Create method for pool PoolId(major:600, minor:0)[0m
[97m/home/cvazquezperezdelacru/clio-core/context-runtime/src/pool_manager.cc:666 INFO 2744098 CreatePool CreatePool: Create method completed for pool PoolId(major:600, minor:0)[0m
[97m/home/cvazquezperezdelacru/clio-core/context-runtime/src/pool_manager.cc:700 INFO 2744098 CreatePool PoolManager: Created complete pool PoolId(major:600, minor:0) with ChiMod clio_faiss_ivf (1 containers)[0m
[97m/home/cvazquezperezdelacru/clio-core/context-runtime/src/manager.cc:298 INFO 2744073 ServerInit Compose: Successfully created pool faiss_ivf_main (module: clio_faiss_ivf)[0m
[97m/home/cvazquezperezdelacru/clio-core/context-runtime/src/manager.cc:304 INFO 2744073 ServerInit Compose: All 3 pools created successfully[0m
[32m/home/cvazquezperezdelacru/clio-core/context-runtime/src/ipc_manager.cc:1368 SUCCESS 2744073 StartLocalServer Successfully started local server at 127.0.0.1:9414[0m
[97m/home/cvazquezperezdelacru/clio-core/context-runtime/src/manager.cc:137 INFO 2744073 ClientInit RuntimeManager::ClientInit[0m
[97m/home/cvazquezperezdelacru/clio-core/context-runtime/src/manager.cc:181 INFO 2744073 ClientInit ClientInit: g_admin already exists, pool_id_=PoolId(major:0, minor:0)[0m
[33m/home/cvazquezperezdelacru/clio-core/context-runtime/src/scheduler/default_sched.cc:430 WARNING 2744102 LoadBalance [#781 PDF] observed exec-time bins (cumulative): <10us=60132 <50us=352 <500us=9 <10ms=6 <50ms=0 <500ms=2 <1s=0 >=1s=0 | stalls_detected=0[0m
[33m/home/cvazquezperezdelacru/clio-core/context-runtime/src/scheduler/default_sched.cc:439 WARNING 2744102 LoadBalance [#785] lane rescues performed: 0[0m
[33m/home/cvazquezperezdelacru/clio-core/context-runtime/src/scheduler/default_sched.cc:430 WARNING 2744102 LoadBalance [#781 PDF] observed exec-time bins (cumulative): <10us=127116 <50us=646 <500us=16 <10ms=7 <50ms=0 <500ms=2 <1s=0 >=1s=0 | stalls_detected=0[0m
[33m/home/cvazquezperezdelacru/clio-core/context-runtime/src/scheduler/default_sched.cc:439 WARNING 2744102 LoadBalance [#785] lane rescues performed: 0[0m
[33m/home/cvazquezperezdelacru/clio-core/context-runtime/src/scheduler/default_sched.cc:430 WARNING 2744102 LoadBalance [#781 PDF] observed exec-time bins (cumulative): <10us=194352 <50us=843 <500us=25 <10ms=9 <50ms=0 <500ms=2 <1s=0 >=1s=0 | stalls_detected=0[0m
[33m/home/cvazquezperezdelacru/clio-core/context-runtime/src/scheduler/default_sched.cc:439 WARNING 2744102 LoadBalance [#785] lane rescues performed: 0[0m
[97m/home/cvazquezperezdelacru/clio-core/context-runtime/src/ipc_manager.cc:2288 INFO 2744104 GetOrCreateClient [ClientPool] Creating new persistent connection to 127.0.0.1:34047[0m
[97m/home/cvazquezperezdelacru/clio-core/context-runtime/src/../../context-transport-primitives/include/clio_ctp/lightbeam/zmq_transport.h:152 INFO 2744104 GetSharedContext [ZeroMqTransport] Created shared context with 8 I/O threads[0m
[97m/home/cvazquezperezdelacru/clio-core/context-runtime/src/ipc_manager.cc:2308 INFO 2744104 GetOrCreateClient [ClientPool] Connection established to 127.0.0.1:34047[0m
[97m/home/cvazquezperezdelacru/clio-core/context-runtime/modules/admin/src/admin_runtime.cc:1191 INFO 2744094 RegisterMemory Admin::RegisterMemory: Registering CPU alloc_id (2744194.0)[0m
[97m/home/cvazquezperezdelacru/clio-core/context-runtime/src/ipc_manager.cc:2532 INFO 2744094 RegisterMemory IpcManager::RegisterMemory: Registering clio_2744194_0 from pid 2744194[0m
[97m/home/cvazquezperezdelacru/clio-core/context-runtime/src/ipc_manager.cc:2575 INFO 2744094 RegisterMemory IpcManager::RegisterMemory: Successfully registered clio_2744194_0[0m
[97m/home/cvazquezperezdelacru/clio-core/context-runtime/src/pool_manager.cc:534 INFO 2744098 CreatePool PoolManager: Creating pool 'clio_cte_core' with 1 containers (one per node)[0m
[97m/home/cvazquezperezdelacru/clio-core/context-runtime/src/pool_manager.cc:575 INFO 2744098 CreatePool PoolManager: Pool PoolId(major:512, minor:0) already exists by ID, returning existing pool[0m
[33m/home/cvazquezperezdelacru/clio-core/context-runtime/src/scheduler/default_sched.cc:430 WARNING 2744102 LoadBalance [#781 PDF] observed exec-time bins (cumulative): <10us=261473 <50us=1428 <500us=286 <10ms=255 <50ms=6 <500ms=11 <1s=0 >=1s=0 | stalls_detected=0[0m
[33m/home/cvazquezperezdelacru/clio-core/context-runtime/src/scheduler/default_sched.cc:439 WARNING 2744102 LoadBalance [#785] lane rescues performed: 0[0m
[33m/home/cvazquezperezdelacru/clio-core/context-runtime/src/scheduler/default_sched.cc:430 WARNING 2744102 LoadBalance [#781 PDF] observed exec-time bins (cumulative): <10us=328839 <50us=1998 <500us=566 <10ms=679 <50ms=23 <500ms=16 <1s=0 >=1s=0 | stalls_detected=0[0m
[33m/home/cvazquezperezdelacru/clio-core/context-runtime/src/scheduler/default_sched.cc:439 WARNING 2744102 LoadBalance [#785] lane rescues performed: 0[0m
[33m/home/cvazquezperezdelacru/clio-core/context-runtime/src/scheduler/default_sched.cc:430 WARNING 2744102 LoadBalance [#781 PDF] observed exec-time bins (cumulative): <10us=395709 <50us=2585 <500us=877 <10ms=1071 <50ms=36 <500ms=23 <1s=0 >=1s=0 | stalls_detected=0[0m
[33m/home/cvazquezperezdelacru/clio-core/context-runtime/src/scheduler/default_sched.cc:439 WARNING 2744102 LoadBalance [#785] lane rescues performed: 0[0m
[33m/home/cvazquezperezdelacru/clio-core/context-runtime/src/scheduler/default_sched.cc:430 WARNING 2744102 LoadBalance [#781 PDF] observed exec-time bins (cumulative): <10us=462534 <50us=3109 <500us=1179 <10ms=1449 <50ms=46 <500ms=31 <1s=0 >=1s=0 | stalls_detected=0[0m
[33m/home/cvazquezperezdelacru/clio-core/context-runtime/src/scheduler/default_sched.cc:439 WARNING 2744102 LoadBalance [#785] lane rescues performed: 0[0m
[33m/home/cvazquezperezdelacru/clio-core/context-runtime/src/scheduler/default_sched.cc:430 WARNING 2744102 LoadBalance [#781 PDF] observed exec-time bins (cumulative): <10us=529255 <50us=3702 <500us=1452 <10ms=1844 <50ms=57 <500ms=41 <1s=0 >=1s=0 | stalls_detected=0[0m
[33m/home/cvazquezperezdelacru/clio-core/context-runtime/src/scheduler/default_sched.cc:439 WARNING 2744102 LoadBalance [#785] lane rescues performed: 0[0m
[31m/home/cvazquezperezdelacru/clio-core/context-runtime/src/scheduler/default_sched.cc:726 ERROR 2744102 LoadBalance [HANGWATCH-HB] processed=6179 outstanding=2 (queued=2 blocked=0 retry=0 periodic=5) live=3 live_stalled=0[0m
[33m/home/cvazquezperezdelacru/clio-core/context-runtime/src/scheduler/default_sched.cc:430 WARNING 2744102 LoadBalance [#781 PDF] observed exec-time bins (cumulative): <10us=596197 <50us=4226 <500us=1762 <10ms=2241 <50ms=71 <500ms=48 <1s=0 >=1s=0 | stalls_detected=0[0m
[33m/home/cvazquezperezdelacru/clio-core/context-runtime/src/scheduler/default_sched.cc:439 WARNING 2744102 LoadBalance [#785] lane rescues performed: 0[0m
[33m/home/cvazquezperezdelacru/clio-core/context-runtime/src/scheduler/default_sched.cc:430 WARNING 2744102 LoadBalance [#781 PDF] observed exec-time bins (cumulative): <10us=659806 <50us=8264 <500us=2091 <10ms=2644 <50ms=87 <500ms=52 <1s=0 >=1s=0 | stalls_detected=0[0m
[33m/home/cvazquezperezdelacru/clio-core/context-runtime/src/scheduler/default_sched.cc:439 WARNING 2744102 LoadBalance [#785] lane rescues performed: 0[0m
[31m/home/cvazquezperezdelacru/clio-core/context-runtime/src/scheduler/default_sched.cc:726 ERROR 2744102 LoadBalance [HANGWATCH-HB] processed=9866 outstanding=1 (queued=1 blocked=0 retry=0 periodic=7) live=1 live_stalled=0[0m
[33m/home/cvazquezperezdelacru/clio-core/context-runtime/src/scheduler/default_sched.cc:430 WARNING 2744102 LoadBalance [#781 PDF] observed exec-time bins (cumulative): <10us=722631 <50us=13609 <500us=2392 <10ms=3039 <50ms=100 <500ms=60 <1s=0 >=1s=0 | stalls_detected=0[0m
[33m/home/cvazquezperezdelacru/clio-core/context-runtime/src/scheduler/default_sched.cc:439 WARNING 2744102 LoadBalance [#785] lane rescues performed: 0[0m
[33m/home/cvazquezperezdelacru/clio-core/context-runtime/src/scheduler/default_sched.cc:430 WARNING 2744102 LoadBalance [#781 PDF] observed exec-time bins (cumulative): <10us=785076 <50us=19814 <500us=2782 <10ms=3366 <50ms=110 <500ms=71 <1s=0 >=1s=0 | stalls_detected=0[0m
[33m/home/cvazquezperezdelacru/clio-core/context-runtime/src/scheduler/default_sched.cc:439 WARNING 2744102 LoadBalance [#785] lane rescues performed: 0[0m
[33m/home/cvazquezperezdelacru/clio-core/context-runtime/src/scheduler/default_sched.cc:430 WARNING 2744102 LoadBalance [#781 PDF] observed exec-time bins (cumulative): <10us=849614 <50us=22706 <500us=3367 <10ms=3485 <50ms=110 <500ms=93 <1s=0 >=1s=0 | stalls_detected=0[0m
[33m/home/cvazquezperezdelacru/clio-core/context-runtime/src/scheduler/default_sched.cc:439 WARNING 2744102 LoadBalance [#785] lane rescues performed: 0[0m
[31m/home/cvazquezperezdelacru/clio-core/context-runtime/src/scheduler/default_sched.cc:726 ERROR 2744102 LoadBalance [HANGWATCH-HB] processed=13967 outstanding=3 (queued=3 blocked=0 retry=0 periodic=6) live=1 live_stalled=0[0m
[33m/home/cvazquezperezdelacru/clio-core/context-runtime/src/scheduler/default_sched.cc:430 WARNING 2744102 LoadBalance [#781 PDF] observed exec-time bins (cumulative): <10us=913302 <50us=27188 <500us=3991 <10ms=3606 <50ms=110 <500ms=116 <1s=0 >=1s=0 | stalls_detected=0[0m
[33m/home/cvazquezperezdelacru/clio-core/context-runtime/src/scheduler/default_sched.cc:439 WARNING 2744102 LoadBalance [#785] lane rescues performed: 0[0m
[33m/home/cvazquezperezdelacru/clio-core/context-runtime/src/scheduler/default_sched.cc:430 WARNING 2744102 LoadBalance [#781 PDF] observed exec-time bins (cumulative): <10us=978812 <50us=29307 <500us=4614 <10ms=3715 <50ms=110 <500ms=136 <1s=0 >=1s=0 | stalls_detected=0[0m
[33m/home/cvazquezperezdelacru/clio-core/context-runtime/src/scheduler/default_sched.cc:439 WARNING 2744102 LoadBalance [#785] lane rescues performed: 0[0m
[31m/home/cvazquezperezdelacru/clio-core/context-runtime/src/scheduler/default_sched.cc:726 ERROR 2744102 LoadBalance [HANGWATCH-HB] processed=15915 outstanding=5 (queued=5 blocked=0 retry=0 periodic=6) live=2 live_stalled=0[0m
[33m/home/cvazquezperezdelacru/clio-core/context-runtime/src/scheduler/default_sched.cc:430 WARNING 2744102 LoadBalance [#781 PDF] observed exec-time bins (cumulative): <10us=1043998 <50us=31600 <500us=5141 <10ms=3847 <50ms=110 <500ms=154 <1s=0 >=1s=0 | stalls_detected=0[0m
[33m/home/cvazquezperezdelacru/clio-core/context-runtime/src/scheduler/default_sched.cc:439 WARNING 2744102 LoadBalance [#785] lane rescues performed: 0[0m
[33m/home/cvazquezperezdelacru/clio-core/context-runtime/src/scheduler/default_sched.cc:430 WARNING 2744102 LoadBalance [#781 PDF] observed exec-time bins (cumulative): <10us=1108266 <50us=34804 <500us=5750 <10ms=3949 <50ms=110 <500ms=174 <1s=0 >=1s=0 | stalls_detected=0[0m
[33m/home/cvazquezperezdelacru/clio-core/context-runtime/src/scheduler/default_sched.cc:439 WARNING 2744102 LoadBalance [#785] lane rescues performed: 0[0m
[31m/home/cvazquezperezdelacru/clio-core/context-runtime/src/scheduler/default_sched.cc:726 ERROR 2744102 LoadBalance [HANGWATCH-HB] processed=18604 outstanding=5 (queued=5 blocked=0 retry=0 periodic=6) live=2 live_stalled=0[0m
[33m/home/cvazquezperezdelacru/clio-core/context-runtime/src/scheduler/default_sched.cc:430 WARNING 2744102 LoadBalance [#781 PDF] observed exec-time bins (cumulative): <10us=1174861 <50us=36244 <500us=6201 <10ms=4071 <50ms=110 <500ms=190 <1s=0 >=1s=1 | stalls_detected=0[0m
[33m/home/cvazquezperezdelacru/clio-core/context-runtime/src/scheduler/default_sched.cc:439 WARNING 2744102 LoadBalance [#785] lane rescues performed: 0[0m
[33m/home/cvazquezperezdelacru/clio-core/context-runtime/src/scheduler/default_sched.cc:430 WARNING 2744102 LoadBalance [#781 PDF] observed exec-time bins (cumulative): <10us=1239521 <50us=38790 <500us=6613 <10ms=4305 <50ms=112 <500ms=205 <1s=0 >=1s=1 | stalls_detected=0[0m
[33m/home/cvazquezperezdelacru/clio-core/context-runtime/src/scheduler/default_sched.cc:439 WARNING 2744102 LoadBalance [#785] lane rescues performed: 0[0m
[31m/home/cvazquezperezdelacru/clio-core/context-runtime/src/scheduler/default_sched.cc:726 ERROR 2744102 LoadBalance [HANGWATCH-HB] processed=20070 outstanding=4 (queued=4 blocked=0 retry=0 periodic=7) live=1 live_stalled=0[0m
[31m/home/cvazquezperezdelacru/clio-core/context-runtime/src/scheduler/default_sched.cc:726 ERROR 2744102 LoadBalance [HANGWATCH-HB] processed=21233 outstanding=1 (queued=1 blocked=0 retry=0 periodic=5) live=2 live_stalled=0[0m
[33m/home/cvazquezperezdelacru/clio-core/context-runtime/src/scheduler/default_sched.cc:430 WARNING 2744102 LoadBalance [#781 PDF] observed exec-time bins (cumulative): <10us=1304604 <50us=41286 <500us=7088 <10ms=4575 <50ms=114 <500ms=224 <1s=0 >=1s=1 | stalls_detected=0[0m
[33m/home/cvazquezperezdelacru/clio-core/context-runtime/src/scheduler/default_sched.cc:439 WARNING 2744102 LoadBalance [#785] lane rescues performed: 0[0m
[33m/home/cvazquezperezdelacru/clio-core/context-runtime/src/scheduler/default_sched.cc:430 WARNING 2744102 LoadBalance [#781 PDF] observed exec-time bins (cumulative): <10us=1368743 <50us=44196 <500us=7513 <10ms=4808 <50ms=116 <500ms=240 <1s=0 >=1s=1 | stalls_detected=0[0m
[33m/home/cvazquezperezdelacru/clio-core/context-runtime/src/scheduler/default_sched.cc:439 WARNING 2744102 LoadBalance [#785] lane rescues performed: 0[0m
[31m/home/cvazquezperezdelacru/clio-core/context-runtime/src/scheduler/default_sched.cc:726 ERROR 2744102 LoadBalance [HANGWATCH-HB] processed=23679 outstanding=5 (queued=5 blocked=0 retry=0 periodic=7) live=1 live_stalled=0[0m
[33m/home/cvazquezperezdelacru/clio-core/context-runtime/src/scheduler/default_sched.cc:430 WARNING 2744102 LoadBalance [#781 PDF] observed exec-time bins (cumulative): <10us=1432087 <50us=48336 <500us=7993 <10ms=5075 <50ms=122 <500ms=255 <1s=0 >=1s=1 | stalls_detected=0[0m
[33m/home/cvazquezperezdelacru/clio-core/context-runtime/src/scheduler/default_sched.cc:439 WARNING 2744102 LoadBalance [#785] lane rescues performed: 0[0m
[33m/home/cvazquezperezdelacru/clio-core/context-runtime/src/scheduler/default_sched.cc:430 WARNING 2744102 LoadBalance [#781 PDF] observed exec-time bins (cumulative): <10us=1496510 <50us=50776 <500us=8288 <10ms=5240 <50ms=126 <500ms=264 <1s=0 >=1s=1 | stalls_detected=0[0m
[33m/home/cvazquezperezdelacru/clio-core/context-runtime/src/scheduler/default_sched.cc:439 WARNING 2744102 LoadBalance [#785] lane rescues performed: 0[0m
[97m/home/cvazquezperezdelacru/clio-core/context-runtime/src/ipc_manager.cc:2288 INFO 2744104 GetOrCreateClient [ClientPool] Creating new persistent connection to 127.0.0.1:43583[0m
[97m/home/cvazquezperezdelacru/clio-core/context-runtime/src/ipc_manager.cc:2308 INFO 2744104 GetOrCreateClient [ClientPool] Connection established to 127.0.0.1:43583[0m
[97m/home/cvazquezperezdelacru/clio-core/context-runtime/modules/admin/src/admin_runtime.cc:1191 INFO 2744096 RegisterMemory Admin::RegisterMemory: Registering CPU alloc_id (2744469.0)[0m
[97m/home/cvazquezperezdelacru/clio-core/context-runtime/src/ipc_manager.cc:2532 INFO 2744096 RegisterMemory IpcManager::RegisterMemory: Registering clio_2744469_0 from pid 2744469[0m
[97m/home/cvazquezperezdelacru/clio-core/context-runtime/src/ipc_manager.cc:2575 INFO 2744096 RegisterMemory IpcManager::RegisterMemory: Successfully registered clio_2744469_0[0m
[97m/home/cvazquezperezdelacru/clio-core/context-runtime/src/pool_manager.cc:534 INFO 2744096 CreatePool PoolManager: Creating pool 'clio_cte_core' with 1 containers (one per node)[0m
[97m/home/cvazquezperezdelacru/clio-core/context-runtime/src/pool_manager.cc:575 INFO 2744096 CreatePool PoolManager: Pool PoolId(major:512, minor:0) already exists by ID, returning existing pool[0m
[97m/home/cvazquezperezdelacru/clio-core/context-runtime/src/pool_manager.cc:534 INFO 2744096 CreatePool PoolManager: Creating pool 'faiss_ivf_bench' with 1 containers (one per node)[0m
[97m/home/cvazquezperezdelacru/clio-core/context-runtime/src/pool_manager.cc:575 INFO 2744096 CreatePool PoolManager: Pool PoolId(major:600, minor:0) already exists by ID, returning existing pool[0m
[97m/home/cvazquezperezdelacru/clio-core/context-runtime/src/ipc_manager.cc:2440 INFO 2744096 IncreaseClientShm IpcManager::IncreaseClientShm: Creating clio_2744073_4 with size 117604352 (84049920 + 33554432 overhead)[0m
[97m/home/cvazquezperezdelacru/clio-core/context-runtime/src/ipc_manager.cc:2485 INFO 2744096 IncreaseClientShm IpcManager::IncreaseClientShm: Created allocator clio_2744073_4 with ID (2744073.4)[0m
[97m/mnt/common/cvazquezperezdelacru/IOWARP/faiss/contrib/iowarp/chimod/src/faiss_ivf_runtime.cc:257 INFO 2744096 OpenIndex faiss_ivf: opened '/mnt/common/cvazquezperezdelacru/faiss/slurm_bench/work/ondisk_nb50M.index' (d=128, nlist=8192, ntotal=50000000, tag='faiss_ivf::ondisk_nb50M')[0m
[97m/mnt/common/cvazquezperezdelacru/IOWARP/faiss/contrib/iowarp/chimod/src/faiss_ivf_runtime.cc:328 INFO 2744096 Search faiss_ivf: Search nq=500 k=10 nprobe=128 unique_lists=8154[0m
[97m/home/cvazquezperezdelacru/clio-core/context-runtime/src/ipc_manager.cc:2440 INFO 2744096 IncreaseClientShm IpcManager::IncreaseClientShm: Creating clio_2744073_5 with size 124221312 (90666880 + 33554432 overhead)[0m
[97m/home/cvazquezperezdelacru/clio-core/context-runtime/src/ipc_manager.cc:2485 INFO 2744096 IncreaseClientShm IpcManager::IncreaseClientShm: Created allocator clio_2744073_5 with ID (2744073.5)[0m
[97m/home/cvazquezperezdelacru/clio-core/context-runtime/src/ipc_manager.cc:2440 INFO 2744096 IncreaseClientShm IpcManager::IncreaseClientShm: Creating clio_2744073_6 with size 141473616 (107919184 + 33554432 overhead)[0m
[97m/home/cvazquezperezdelacru/clio-core/context-runtime/src/ipc_manager.cc:2485 INFO 2744096 IncreaseClientShm IpcManager::IncreaseClientShm: Created allocator clio_2744073_6 with ID (2744073.6)[0m
[97m/home/cvazquezperezdelacru/clio-core/context-runtime/src/ipc_manager.cc:2440 INFO 2744096 IncreaseClientShm IpcManager::IncreaseClientShm: Creating clio_2744073_7 with size 155888016 (122333584 + 33554432 overhead)[0m
[97m/home/cvazquezperezdelacru/clio-core/context-runtime/src/ipc_manager.cc:2485 INFO 2744096 IncreaseClientShm IpcManager::IncreaseClientShm: Created allocator clio_2744073_7 with ID (2744073.7)[0m
[97m/home/cvazquezperezdelacru/clio-core/context-runtime/src/ipc_manager.cc:2440 INFO 2744096 IncreaseClientShm IpcManager::IncreaseClientShm: Creating clio_2744073_8 with size 135708112 (102153680 + 33554432 overhead)[0m
[97m/home/cvazquezperezdelacru/clio-core/context-runtime/src/ipc_manager.cc:2485 INFO 2744096 IncreaseClientShm IpcManager::IncreaseClientShm: Created allocator clio_2744073_8 with ID (2744073.8)[0m
[97m/home/cvazquezperezdelacru/clio-core/context-runtime/src/ipc_manager.cc:2440 INFO 2744096 IncreaseClientShm IpcManager::IncreaseClientShm: Creating clio_2744073_9 with size 135241408 (101686976 + 33554432 overhead)[0m
[97m/home/cvazquezperezdelacru/clio-core/context-runtime/src/ipc_manager.cc:2485 INFO 2744096 IncreaseClientShm IpcManager::IncreaseClientShm: Created allocator clio_2744073_9 with ID (2744073.9)[0m
[97m/home/cvazquezperezdelacru/clio-core/context-runtime/src/ipc_manager.cc:2440 INFO 2744096 IncreaseClientShm IpcManager::IncreaseClientShm: Creating clio_2744073_10 with size 134744816 (101190384 + 33554432 overhead)[0m
[97m/home/cvazquezperezdelacru/clio-core/context-runtime/src/ipc_manager.cc:2485 INFO 2744096 IncreaseClientShm IpcManager::IncreaseClientShm: Created allocator clio_2744073_10 with ID (2744073.10)[0m
[97m/home/cvazquezperezdelacru/clio-core/context-runtime/src/ipc_manager.cc:2440 INFO 2744096 IncreaseClientShm IpcManager::IncreaseClientShm: Creating clio_2744073_11 with size 129930912 (96376480 + 33554432 overhead)[0m
[97m/home/cvazquezperezdelacru/clio-core/context-runtime/src/ipc_manager.cc:2485 INFO 2744096 IncreaseClientShm IpcManager::IncreaseClientShm: Created allocator clio_2744073_11 with ID (2744073.11)[0m
[97m/home/cvazquezperezdelacru/clio-core/context-runtime/src/ipc_manager.cc:2440 INFO 2744096 IncreaseClientShm IpcManager::IncreaseClientShm: Creating clio_2744073_12 with size 132458112 (98903680 + 33554432 overhead)[0m
[97m/home/cvazquezperezdelacru/clio-core/context-runtime/src/ipc_manager.cc:2485 INFO 2744096 IncreaseClientShm IpcManager::IncreaseClientShm: Created allocator clio_2744073_12 with ID (2744073.12)[0m
[33m/home/cvazquezperezdelacru/clio-core/context-runtime/src/scheduler/default_sched.cc:455 WARNING 2744102 operator() [#781] worker 2 STALLED on one task (load_us=0 realtime_load_us=1.39277e+06 threshold_s=1)[0m
[33m/home/cvazquezperezdelacru/clio-core/context-runtime/src/worker.cc:370 WARNING 2744102 AdoptLane [#785] worker 2 adopted lane 0x7f29b30d8368[0m
[33m/home/cvazquezperezdelacru/clio-core/context-runtime/src/work_orchestrator.cc:545 WARNING 2744102 SpawnAdditionalWorker [#785] spawned elastic worker 8 (pool now 9 workers)[0m
[33m/home/cvazquezperezdelacru/clio-core/context-runtime/src/scheduler/default_sched.cc:598 WARNING 2744102 operator() [#785] RESCUE: stalled worker 2 -> worker 8 (4 parked task(s) moved, 0 queued task(s) redistributed, rescues=1)[0m
[97m/home/cvazquezperezdelacru/clio-core/context-runtime/src/ipc_manager.cc:2440 INFO 2744096 IncreaseClientShm IpcManager::IncreaseClientShm: Creating clio_2744073_13 with size 131929008 (98374576 + 33554432 overhead)[0m
[97m/home/cvazquezperezdelacru/clio-core/context-runtime/src/ipc_manager.cc:2485 INFO 2744096 IncreaseClientShm IpcManager::IncreaseClientShm: Created allocator clio_2744073_13 with ID (2744073.13)[0m
[97m/home/cvazquezperezdelacru/clio-core/context-runtime/src/ipc_manager.cc:2440 INFO 2744096 IncreaseClientShm IpcManager::IncreaseClientShm: Creating clio_2744073_14 with size 128406016 (94851584 + 33554432 overhead)[0m
[97m/home/cvazquezperezdelacru/clio-core/context-runtime/src/ipc_manager.cc:2485 INFO 2744096 IncreaseClientShm IpcManager::IncreaseClientShm: Created allocator clio_2744073_14 with ID (2744073.14)[0m
[97m/home/cvazquezperezdelacru/clio-core/context-runtime/src/ipc_manager.cc:2440 INFO 2744096 IncreaseClientShm IpcManager::IncreaseClientShm: Creating clio_2744073_15 with size 138245712 (104691280 + 33554432 overhead)[0m
[97m/home/cvazquezperezdelacru/clio-core/context-runtime/src/ipc_manager.cc:2485 INFO 2744096 IncreaseClientShm IpcManager::IncreaseClientShm: Created allocator clio_2744073_15 with ID (2744073.15)[0m
[97m/home/cvazquezperezdelacru/clio-core/context-runtime/src/ipc_manager.cc:2440 INFO 2744096 IncreaseClientShm IpcManager::IncreaseClientShm: Creating clio_2744073_16 with size 129945216 (96390784 + 33554432 overhead)[0m
[97m/home/cvazquezperezdelacru/clio-core/context-runtime/src/ipc_manager.cc:2485 INFO 2744096 IncreaseClientShm IpcManager::IncreaseClientShm: Created allocator clio_2744073_16 with ID (2744073.16)[0m
[33m/home/cvazquezperezdelacru/clio-core/context-runtime/src/scheduler/default_sched.cc:430 WARNING 2744102 LoadBalance [#781 PDF] observed exec-time bins (cumulative): <10us=1561261 <50us=53130 <500us=8306 <10ms=5242 <50ms=127 <500ms=264 <1s=0 >=1s=1 | stalls_detected=1[0m
[33m/home/cvazquezperezdelacru/clio-core/context-runtime/src/scheduler/default_sched.cc:439 WARNING 2744102 LoadBalance [#785] lane rescues performed: 1[0m
[33m/home/cvazquezperezdelacru/clio-core/context-runtime/src/scheduler/default_sched.cc:455 WARNING 2744102 operator() [#781] worker 2 STALLED on one task (load_us=0 realtime_load_us=1.89445e+06 threshold_s=1)[0m
[33m/home/cvazquezperezdelacru/clio-core/context-runtime/src/worker.cc:370 WARNING 2744102 AdoptLane [#785] worker 2 adopted lane 0x7f29b30d8368[0m
[33m/home/cvazquezperezdelacru/clio-core/context-runtime/src/scheduler/default_sched.cc:598 WARNING 2744102 operator() [#785] RESCUE: stalled worker 2 -> worker 8 (0 parked task(s) moved, 0 queued task(s) redistributed, rescues=2)[0m
[97m/home/cvazquezperezdelacru/clio-core/context-runtime/src/ipc_manager.cc:2440 INFO 2744096 IncreaseClientShm IpcManager::IncreaseClientShm: Creating clio_2744073_17 with size 131606608 (98052176 + 33554432 overhead)[0m
[97m/home/cvazquezperezdelacru/clio-core/context-runtime/src/ipc_manager.cc:2485 INFO 2744096 IncreaseClientShm IpcManager::IncreaseClientShm: Created allocator clio_2744073_17 with ID (2744073.17)[0m
[97m/home/cvazquezperezdelacru/clio-core/context-runtime/src/ipc_manager.cc:2440 INFO 2744096 IncreaseClientShm IpcManager::IncreaseClientShm: Creating clio_2744073_18 with size 132112312 (98557880 + 33554432 overhead)[0m
[97m/home/cvazquezperezdelacru/clio-core/context-runtime/src/ipc_manager.cc:2485 INFO 2744096 IncreaseClientShm IpcManager::IncreaseClientShm: Created allocator clio_2744073_18 with ID (2744073.18)[0m
[97m/home/cvazquezperezdelacru/clio-core/context-runtime/src/ipc_manager.cc:2440 INFO 2744096 IncreaseClientShm IpcManager::IncreaseClientShm: Creating clio_2744073_19 with size 133643712 (100089280 + 33554432 overhead)[0m
[97m/home/cvazquezperezdelacru/clio-core/context-runtime/src/ipc_manager.cc:2485 INFO 2744096 IncreaseClientShm IpcManager::IncreaseClientShm: Created allocator clio_2744073_19 with ID (2744073.19)[0m
[97m/home/cvazquezperezdelacru/clio-core/context-runtime/src/ipc_manager.cc:2440 INFO 2744096 IncreaseClientShm IpcManager::IncreaseClientShm: Creating clio_2744073_20 with size 136298312 (102743880 + 33554432 overhead)[0m
[97m/home/cvazquezperezdelacru/clio-core/context-runtime/src/ipc_manager.cc:2485 INFO 2744096 IncreaseClientShm IpcManager::IncreaseClientShm: Created allocator clio_2744073_20 with ID (2744073.20)[0m
[33m/home/cvazquezperezdelacru/clio-core/context-runtime/src/scheduler/default_sched.cc:455 WARNING 2744102 operator() [#781] worker 2 STALLED on one task (load_us=0 realtime_load_us=2.39529e+06 threshold_s=1)[0m
[33m/home/cvazquezperezdelacru/clio-core/context-runtime/src/worker.cc:370 WARNING 2744102 AdoptLane [#785] worker 2 adopted lane 0x7f29b30d8368[0m
[33m/home/cvazquezperezdelacru/clio-core/context-runtime/src/scheduler/default_sched.cc:598 WARNING 2744102 operator() [#785] RESCUE: stalled worker 2 -> worker 8 (0 parked task(s) moved, 0 queued task(s) redistributed, rescues=3)[0m
[97m/home/cvazquezperezdelacru/clio-core/context-runtime/src/ipc_manager.cc:2440 INFO 2744096 IncreaseClientShm IpcManager::IncreaseClientShm: Creating clio_2744073_21 with size 142124912 (108570480 + 33554432 overhead)[0m
[97m/home/cvazquezperezdelacru/clio-core/context-runtime/src/ipc_manager.cc:2485 INFO 2744096 IncreaseClientShm IpcManager::IncreaseClientShm: Created allocator clio_2744073_21 with ID (2744073.21)[0m
[97m/home/cvazquezperezdelacru/clio-core/context-runtime/src/ipc_manager.cc:2440 INFO 2744096 IncreaseClientShm IpcManager::IncreaseClientShm: Creating clio_2744073_22 with size 134829312 (101274880 + 33554432 overhead)[0m
[97m/home/cvazquezperezdelacru/clio-core/context-runtime/src/ipc_manager.cc:2485 INFO 2744096 IncreaseClientShm IpcManager::IncreaseClientShm: Created allocator clio_2744073_22 with ID (2744073.22)[0m
[97m/home/cvazquezperezdelacru/clio-core/context-runtime/src/ipc_manager.cc:2440 INFO 2744096 IncreaseClientShm IpcManager::IncreaseClientShm: Creating clio_2744073_23 with size 141147312 (107592880 + 33554432 overhead)[0m
[97m/home/cvazquezperezdelacru/clio-core/context-runtime/src/ipc_manager.cc:2485 INFO 2744096 IncreaseClientShm IpcManager::IncreaseClientShm: Created allocator clio_2744073_23 with ID (2744073.23)[0m
[33m/home/cvazquezperezdelacru/clio-core/context-runtime/src/scheduler/default_sched.cc:455 WARNING 2744102 operator() [#781] worker 2 STALLED on one task (load_us=0 realtime_load_us=2.8959e+06 threshold_s=1)[0m
[33m/home/cvazquezperezdelacru/clio-core/context-runtime/src/worker.cc:370 WARNING 2744102 AdoptLane [#785] worker 2 adopted lane 0x7f29b30d8368[0m
[33m/home/cvazquezperezdelacru/clio-core/context-runtime/src/scheduler/default_sched.cc:598 WARNING 2744102 operator() [#785] RESCUE: stalled worker 2 -> worker 8 (0 parked task(s) moved, 0 queued task(s) redistributed, rescues=4)[0m
[97m/home/cvazquezperezdelacru/clio-core/context-runtime/src/ipc_manager.cc:2440 INFO 2744096 IncreaseClientShm IpcManager::IncreaseClientShm: Creating clio_2744073_24 with size 133897216 (100342784 + 33554432 overhead)[0m
[97m/home/cvazquezperezdelacru/clio-core/context-runtime/src/ipc_manager.cc:2485 INFO 2744096 IncreaseClientShm IpcManager::IncreaseClientShm: Created allocator clio_2744073_24 with ID (2744073.24)[0m
[97m/home/cvazquezperezdelacru/clio-core/context-runtime/src/ipc_manager.cc:2440 INFO 2744096 IncreaseClientShm IpcManager::IncreaseClientShm: Creating clio_2744073_25 with size 139660112 (106105680 + 33554432 overhead)[0m
[97m/home/cvazquezperezdelacru/clio-core/context-runtime/src/ipc_manager.cc:2485 INFO 2744096 IncreaseClientShm IpcManager::IncreaseClientShm: Created allocator clio_2744073_25 with ID (2744073.25)[0m
[97m/home/cvazquezperezdelacru/clio-core/context-runtime/src/ipc_manager.cc:2440 INFO 2744096 IncreaseClientShm IpcManager::IncreaseClientShm: Creating clio_2744073_26 with size 146496816 (112942384 + 33554432 overhead)[0m
[97m/home/cvazquezperezdelacru/clio-core/context-runtime/src/ipc_manager.cc:2485 INFO 2744096 IncreaseClientShm IpcManager::IncreaseClientShm: Created allocator clio_2744073_26 with ID (2744073.26)[0m
[97m/home/cvazquezperezdelacru/clio-core/context-runtime/src/ipc_manager.cc:2440 INFO 2744096 IncreaseClientShm IpcManager::IncreaseClientShm: Creating clio_2744073_27 with size 138263912 (104709480 + 33554432 overhead)[0m
[97m/home/cvazquezperezdelacru/clio-core/context-runtime/src/ipc_manager.cc:2485 INFO 2744096 IncreaseClientShm IpcManager::IncreaseClientShm: Created allocator clio_2744073_27 with ID (2744073.27)[0m
[33m/home/cvazquezperezdelacru/clio-core/context-runtime/src/scheduler/default_sched.cc:455 WARNING 2744102 operator() [#781] worker 2 STALLED on one task (load_us=0 realtime_load_us=3.3965e+06 threshold_s=1)[0m
[33m/home/cvazquezperezdelacru/clio-core/context-runtime/src/worker.cc:370 WARNING 2744102 AdoptLane [#785] worker 2 adopted lane 0x7f29b30d8368[0m
[33m/home/cvazquezperezdelacru/clio-core/context-runtime/src/scheduler/default_sched.cc:598 WARNING 2744102 operator() [#785] RESCUE: stalled worker 2 -> worker 8 (0 parked task(s) moved, 0 queued task(s) redistributed, rescues=5)[0m
[97m/home/cvazquezperezdelacru/clio-core/context-runtime/src/ipc_manager.cc:2440 INFO 2744096 IncreaseClientShm IpcManager::IncreaseClientShm: Creating clio_2744073_28 with size 141221408 (107666976 + 33554432 overhead)[0m
[97m/home/cvazquezperezdelacru/clio-core/context-runtime/src/ipc_manager.cc:2485 INFO 2744096 IncreaseClientShm IpcManager::IncreaseClientShm: Created allocator clio_2744073_28 with ID (2744073.28)[0m
[97m/home/cvazquezperezdelacru/clio-core/context-runtime/src/ipc_manager.cc:2440 INFO 2744096 IncreaseClientShm IpcManager::IncreaseClientShm: Creating clio_2744073_29 with size 137589216 (104034784 + 33554432 overhead)[0m
[97m/home/cvazquezperezdelacru/clio-core/context-runtime/src/ipc_manager.cc:2485 INFO 2744096 IncreaseClientShm IpcManager::IncreaseClientShm: Created allocator clio_2744073_29 with ID (2744073.29)[0m
[97m/home/cvazquezperezdelacru/clio-core/context-runtime/src/ipc_manager.cc:2440 INFO 2744096 IncreaseClientShm IpcManager::IncreaseClientShm: Creating clio_2744073_30 with size 157809408 (124254976 + 33554432 overhead)[0m
[97m/home/cvazquezperezdelacru/clio-core/context-runtime/src/ipc_manager.cc:2485 INFO 2744096 IncreaseClientShm IpcManager::IncreaseClientShm: Created allocator clio_2744073_30 with ID (2744073.30)[0m
[33m/home/cvazquezperezdelacru/clio-core/context-runtime/src/scheduler/default_sched.cc:455 WARNING 2744102 operator() [#781] worker 2 STALLED on one task (load_us=0 realtime_load_us=3.89717e+06 threshold_s=1)[0m
[33m/home/cvazquezperezdelacru/clio-core/context-runtime/src/worker.cc:370 WARNING 2744102 AdoptLane [#785] worker 2 adopted lane 0x7f29b30d8368[0m
[33m/home/cvazquezperezdelacru/clio-core/context-runtime/src/scheduler/default_sched.cc:598 WARNING 2744102 operator() [#785] RESCUE: stalled worker 2 -> worker 8 (0 parked task(s) moved, 0 queued task(s) redistributed, rescues=6)[0m
[97m/home/cvazquezperezdelacru/clio-core/context-runtime/src/ipc_manager.cc:2440 INFO 2744096 IncreaseClientShm IpcManager::IncreaseClientShm: Creating clio_2744073_31 with size 136878112 (103323680 + 33554432 overhead)[0m
[97m/home/cvazquezperezdelacru/clio-core/context-runtime/src/ipc_manager.cc:2485 INFO 2744096 IncreaseClientShm IpcManager::IncreaseClientShm: Created allocator clio_2744073_31 with ID (2744073.31)[0m
[97m/home/cvazquezperezdelacru/clio-core/context-runtime/src/ipc_manager.cc:2440 INFO 2744096 IncreaseClientShm IpcManager::IncreaseClientShm: Creating clio_2744073_32 with size 144801616 (111247184 + 33554432 overhead)[0m
[97m/home/cvazquezperezdelacru/clio-core/context-runtime/src/ipc_manager.cc:2485 INFO 2744096 IncreaseClientShm IpcManager::IncreaseClientShm: Created allocator clio_2744073_32 with ID (2744073.32)[0m
[97m/home/cvazquezperezdelacru/clio-core/context-runtime/src/ipc_manager.cc:2440 INFO 2744096 IncreaseClientShm IpcManager::IncreaseClientShm: Creating clio_2744073_33 with size 141312416 (107757984 + 33554432 overhead)[0m
[97m/home/cvazquezperezdelacru/clio-core/context-runtime/src/ipc_manager.cc:2485 INFO 2744096 IncreaseClientShm IpcManager::IncreaseClientShm: Created allocator clio_2744073_33 with ID (2744073.33)[0m
[33m/home/cvazquezperezdelacru/clio-core/context-runtime/src/scheduler/default_sched.cc:455 WARNING 2744102 operator() [#781] worker 2 STALLED on one task (load_us=0 realtime_load_us=4.39784e+06 threshold_s=1)[0m
[33m/home/cvazquezperezdelacru/clio-core/context-runtime/src/worker.cc:370 WARNING 2744102 AdoptLane [#785] worker 2 adopted lane 0x7f29b30d8368[0m
[33m/home/cvazquezperezdelacru/clio-core/context-runtime/src/scheduler/default_sched.cc:598 WARNING 2744102 operator() [#785] RESCUE: stalled worker 2 -> worker 8 (0 parked task(s) moved, 0 queued task(s) redistributed, rescues=7)[0m
[97m/home/cvazquezperezdelacru/clio-core/context-runtime/src/ipc_manager.cc:2440 INFO 2744096 IncreaseClientShm IpcManager::IncreaseClientShm: Creating clio_2744073_34 with size 139680912 (106126480 + 33554432 overhead)[0m
[97m/home/cvazquezperezdelacru/clio-core/context-runtime/src/ipc_manager.cc:2485 INFO 2744096 IncreaseClientShm IpcManager::IncreaseClientShm: Created allocator clio_2744073_34 with ID (2744073.34)[0m
[97m/home/cvazquezperezdelacru/clio-core/context-runtime/src/ipc_manager.cc:2440 INFO 2744096 IncreaseClientShm IpcManager::IncreaseClientShm: Creating clio_2744073_35 with size 139389712 (105835280 + 33554432 overhead)[0m
[97m/home/cvazquezperezdelacru/clio-core/context-runtime/src/ipc_manager.cc:2485 INFO 2744096 IncreaseClientShm IpcManager::IncreaseClientShm: Created allocator clio_2744073_35 with ID (2744073.35)[0m
[97m/home/cvazquezperezdelacru/clio-core/context-runtime/src/ipc_manager.cc:2440 INFO 2744096 IncreaseClientShm IpcManager::IncreaseClientShm: Creating clio_2744073_36 with size 139418312 (105863880 + 33554432 overhead)[0m
[97m/home/cvazquezperezdelacru/clio-core/context-runtime/src/ipc_manager.cc:2485 INFO 2744096 IncreaseClientShm IpcManager::IncreaseClientShm: Created allocator clio_2744073_36 with ID (2744073.36)[0m
[33m/home/cvazquezperezdelacru/clio-core/context-runtime/src/scheduler/default_sched.cc:455 WARNING 2744102 operator() [#781] worker 2 STALLED on one task (load_us=0 realtime_load_us=4.89849e+06 threshold_s=1)[0m
[33m/home/cvazquezperezdelacru/clio-core/context-runtime/src/worker.cc:370 WARNING 2744102 AdoptLane [#785] worker 2 adopted lane 0x7f29b30d8368[0m
[33m/home/cvazquezperezdelacru/clio-core/context-runtime/src/scheduler/default_sched.cc:598 WARNING 2744102 operator() [#785] RESCUE: stalled worker 2 -> worker 8 (0 parked task(s) moved, 0 queued task(s) redistributed, rescues=8)[0m
[97m/home/cvazquezperezdelacru/clio-core/context-runtime/src/ipc_manager.cc:2440 INFO 2744096 IncreaseClientShm IpcManager::IncreaseClientShm: Creating clio_2744073_37 with size 138098816 (104544384 + 33554432 overhead)[0m
[97m/home/cvazquezperezdelacru/clio-core/context-runtime/src/ipc_manager.cc:2485 INFO 2744096 IncreaseClientShm IpcManager::IncreaseClientShm: Created allocator clio_2744073_37 with ID (2744073.37)[0m
[97m/home/cvazquezperezdelacru/clio-core/context-runtime/src/ipc_manager.cc:2440 INFO 2744096 IncreaseClientShm IpcManager::IncreaseClientShm: Creating clio_2744073_38 with size 135948608 (102394176 + 33554432 overhead)[0m
[97m/home/cvazquezperezdelacru/clio-core/context-runtime/src/ipc_manager.cc:2485 INFO 2744096 IncreaseClientShm IpcManager::IncreaseClientShm: Created allocator clio_2744073_38 with ID (2744073.38)[0m
[97m/home/cvazquezperezdelacru/clio-core/context-runtime/src/ipc_manager.cc:2440 INFO 2744096 IncreaseClientShm IpcManager::IncreaseClientShm: Creating clio_2744073_39 with size 146078208 (112523776 + 33554432 overhead)[0m
[97m/home/cvazquezperezdelacru/clio-core/context-runtime/src/ipc_manager.cc:2485 INFO 2744096 IncreaseClientShm IpcManager::IncreaseClientShm: Created allocator clio_2744073_39 with ID (2744073.39)[0m
[97m/home/cvazquezperezdelacru/clio-core/context-runtime/src/ipc_manager.cc:2440 INFO 2744096 IncreaseClientShm IpcManager::IncreaseClientShm: Creating clio_2744073_40 with size 140562312 (107007880 + 33554432 overhead)[0m
[97m/home/cvazquezperezdelacru/clio-core/context-runtime/src/ipc_manager.cc:2485 INFO 2744096 IncreaseClientShm IpcManager::IncreaseClientShm: Created allocator clio_2744073_40 with ID (2744073.40)[0m
[33m/home/cvazquezperezdelacru/clio-core/context-runtime/src/scheduler/default_sched.cc:455 WARNING 2744102 operator() [#781] worker 2 STALLED on one task (load_us=0 realtime_load_us=5.39916e+06 threshold_s=1)[0m
[33m/home/cvazquezperezdelacru/clio-core/context-runtime/src/worker.cc:370 WARNING 2744102 AdoptLane [#785] worker 2 adopted lane 0x7f29b30d8368[0m
[33m/home/cvazquezperezdelacru/clio-core/context-runtime/src/scheduler/default_sched.cc:598 WARNING 2744102 operator() [#785] RESCUE: stalled worker 2 -> worker 8 (0 parked task(s) moved, 0 queued task(s) redistributed, rescues=9)[0m
[97m/home/cvazquezperezdelacru/clio-core/context-runtime/src/ipc_manager.cc:2440 INFO 2744096 IncreaseClientShm IpcManager::IncreaseClientShm: Creating clio_2744073_41 with size 131897808 (98343376 + 33554432 overhead)[0m
[97m/home/cvazquezperezdelacru/clio-core/context-runtime/src/ipc_manager.cc:2485 INFO 2744096 IncreaseClientShm IpcManager::IncreaseClientShm: Created allocator clio_2744073_41 with ID (2744073.41)[0m
[97m/home/cvazquezperezdelacru/clio-core/context-runtime/src/ipc_manager.cc:2440 INFO 2744096 IncreaseClientShm IpcManager::IncreaseClientShm: Creating clio_2744073_42 with size 142647512 (109093080 + 33554432 overhead)[0m
[97m/home/cvazquezperezdelacru/clio-core/context-runtime/src/ipc_manager.cc:2485 INFO 2744096 IncreaseClientShm IpcManager::IncreaseClientShm: Created allocator clio_2744073_42 with ID (2744073.42)[0m
[97m/home/cvazquezperezdelacru/clio-core/context-runtime/src/ipc_manager.cc:2440 INFO 2744096 IncreaseClientShm IpcManager::IncreaseClientShm: Creating clio_2744073_43 with size 131366112 (97811680 + 33554432 overhead)[0m
[97m/home/cvazquezperezdelacru/clio-core/context-runtime/src/ipc_manager.cc:2485 INFO 2744096 IncreaseClientShm IpcManager::IncreaseClientShm: Created allocator clio_2744073_43 with ID (2744073.43)[0m
[33m/home/cvazquezperezdelacru/clio-core/context-runtime/src/scheduler/default_sched.cc:455 WARNING 2744102 operator() [#781] worker 2 STALLED on one task (load_us=0 realtime_load_us=5.89986e+06 threshold_s=1)[0m
[33m/home/cvazquezperezdelacru/clio-core/context-runtime/src/worker.cc:370 WARNING 2744102 AdoptLane [#785] worker 2 adopted lane 0x7f29b30d8368[0m
[33m/home/cvazquezperezdelacru/clio-core/context-runtime/src/scheduler/default_sched.cc:598 WARNING 2744102 operator() [#785] RESCUE: stalled worker 2 -> worker 8 (0 parked task(s) moved, 0 queued task(s) redistributed, rescues=10)[0m
[97m/home/cvazquezperezdelacru/clio-core/context-runtime/src/ipc_manager.cc:2440 INFO 2744096 IncreaseClientShm IpcManager::IncreaseClientShm: Creating clio_2744073_44 with size 137758208 (104203776 + 33554432 overhead)[0m
[97m/home/cvazquezperezdelacru/clio-core/context-runtime/src/ipc_manager.cc:2485 INFO 2744096 IncreaseClientShm IpcManager::IncreaseClientShm: Created allocator clio_2744073_44 with ID (2744073.44)[0m
[97m/home/cvazquezperezdelacru/clio-core/context-runtime/src/ipc_manager.cc:2440 INFO 2744096 IncreaseClientShm IpcManager::IncreaseClientShm: Creating clio_2744073_45 with size 143630312 (110075880 + 33554432 overhead)[0m
[97m/home/cvazquezperezdelacru/clio-core/context-runtime/src/ipc_manager.cc:2485 INFO 2744096 IncreaseClientShm IpcManager::IncreaseClientShm: Created allocator clio_2744073_45 with ID (2744073.45)[0m
[97m/home/cvazquezperezdelacru/clio-core/context-runtime/src/ipc_manager.cc:2440 INFO 2744096 IncreaseClientShm IpcManager::IncreaseClientShm: Creating clio_2744073_46 with size 156167512 (122613080 + 33554432 overhead)[0m
[97m/home/cvazquezperezdelacru/clio-core/context-runtime/src/ipc_manager.cc:2485 INFO 2744096 IncreaseClientShm IpcManager::IncreaseClientShm: Created allocator clio_2744073_46 with ID (2744073.46)[0m
[33m/home/cvazquezperezdelacru/clio-core/context-runtime/src/scheduler/default_sched.cc:455 WARNING 2744102 operator() [#781] worker 2 STALLED on one task (load_us=0 realtime_load_us=6.40055e+06 threshold_s=1)[0m
[33m/home/cvazquezperezdelacru/clio-core/context-runtime/src/worker.cc:370 WARNING 2744102 AdoptLane [#785] worker 2 adopted lane 0x7f29b30d8368[0m
[33m/home/cvazquezperezdelacru/clio-core/context-runtime/src/scheduler/default_sched.cc:598 WARNING 2744102 operator() [#785] RESCUE: stalled worker 2 -> worker 8 (0 parked task(s) moved, 0 queued task(s) redistributed, rescues=11)[0m
[97m/home/cvazquezperezdelacru/clio-core/context-runtime/src/ipc_manager.cc:2440 INFO 2744096 IncreaseClientShm IpcManager::IncreaseClientShm: Creating clio_2744073_47 with size 135366208 (101811776 + 33554432 overhead)[0m
[97m/home/cvazquezperezdelacru/clio-core/context-runtime/src/ipc_manager.cc:2485 INFO 2744096 IncreaseClientShm IpcManager::IncreaseClientShm: Created allocator clio_2744073_47 with ID (2744073.47)[0m
[97m/home/cvazquezperezdelacru/clio-core/context-runtime/src/ipc_manager.cc:2440 INFO 2744096 IncreaseClientShm IpcManager::IncreaseClientShm: Creating clio_2744073_48 with size 140428416 (106873984 + 33554432 overhead)[0m
[97m/home/cvazquezperezdelacru/clio-core/context-runtime/src/ipc_manager.cc:2485 INFO 2744096 IncreaseClientShm IpcManager::IncreaseClientShm: Created allocator clio_2744073_48 with ID (2744073.48)[0m
[33m/home/cvazquezperezdelacru/clio-core/context-runtime/src/scheduler/default_sched.cc:430 WARNING 2744102 LoadBalance [#781 PDF] observed exec-time bins (cumulative): <10us=1623435 <50us=57546 <500us=8315 <10ms=5245 <50ms=127 <500ms=264 <1s=0 >=1s=1 | stalls_detected=11[0m
[33m/home/cvazquezperezdelacru/clio-core/context-runtime/src/scheduler/default_sched.cc:439 WARNING 2744102 LoadBalance [#785] lane rescues performed: 11[0m
[33m/home/cvazquezperezdelacru/clio-core/context-runtime/src/scheduler/default_sched.cc:455 WARNING 2744102 operator() [#781] worker 2 STALLED on one task (load_us=0 realtime_load_us=6.90123e+06 threshold_s=1)[0m
[33m/home/cvazquezperezdelacru/clio-core/context-runtime/src/worker.cc:370 WARNING 2744102 AdoptLane [#785] worker 2 adopted lane 0x7f29b30d8368[0m
[33m/home/cvazquezperezdelacru/clio-core/context-runtime/src/scheduler/default_sched.cc:598 WARNING 2744102 operator() [#785] RESCUE: stalled worker 2 -> worker 8 (0 parked task(s) moved, 0 queued task(s) redistributed, rescues=12)[0m
[97m/home/cvazquezperezdelacru/clio-core/context-runtime/src/ipc_manager.cc:2440 INFO 2744096 IncreaseClientShm IpcManager::IncreaseClientShm: Creating clio_2744073_49 with size 139485912 (105931480 + 33554432 overhead)[0m
[97m/home/cvazquezperezdelacru/clio-core/context-runtime/src/ipc_manager.cc:2485 INFO 2744096 IncreaseClientShm IpcManager::IncreaseClientShm: Created allocator clio_2744073_49 with ID (2744073.49)[0m
[97m/home/cvazquezperezdelacru/clio-core/context-runtime/src/ipc_manager.cc:2440 INFO 2744096 IncreaseClientShm IpcManager::IncreaseClientShm: Creating clio_2744073_50 with size 140212608 (106658176 + 33554432 overhead)[0m
[97m/home/cvazquezperezdelacru/clio-core/context-runtime/src/ipc_manager.cc:2485 INFO 2744096 IncreaseClientShm IpcManager::IncreaseClientShm: Created allocator clio_2744073_50 with ID (2744073.50)[0m
[97m/home/cvazquezperezdelacru/clio-core/context-runtime/src/ipc_manager.cc:2440 INFO 2744096 IncreaseClientShm IpcManager::IncreaseClientShm: Creating clio_2744073_51 with size 136631112 (103076680 + 33554432 overhead)[0m
[97m/home/cvazquezperezdelacru/clio-core/context-runtime/src/ipc_manager.cc:2485 INFO 2744096 IncreaseClientShm IpcManager::IncreaseClientShm: Created allocator clio_2744073_51 with ID (2744073.51)[0m
[33m/home/cvazquezperezdelacru/clio-core/context-runtime/src/scheduler/default_sched.cc:455 WARNING 2744102 operator() [#781] worker 2 STALLED on one task (load_us=0 realtime_load_us=7.40191e+06 threshold_s=1)[0m
[33m/home/cvazquezperezdelacru/clio-core/context-runtime/src/worker.cc:370 WARNING 2744102 AdoptLane [#785] worker 2 adopted lane 0x7f29b30d8368[0m
[33m/home/cvazquezperezdelacru/clio-core/context-runtime/src/scheduler/default_sched.cc:598 WARNING 2744102 operator() [#785] RESCUE: stalled worker 2 -> worker 8 (0 parked task(s) moved, 0 queued task(s) redistributed, rescues=13)[0m
[97m/home/cvazquezperezdelacru/clio-core/context-runtime/src/ipc_manager.cc:2440 INFO 2744096 IncreaseClientShm IpcManager::IncreaseClientShm: Creating clio_2744073_52 with size 146507216 (112952784 + 33554432 overhead)[0m
[97m/home/cvazquezperezdelacru/clio-core/context-runtime/src/ipc_manager.cc:2485 INFO 2744096 IncreaseClientShm IpcManager::IncreaseClientShm: Created allocator clio_2744073_52 with ID (2744073.52)[0m
[97m/home/cvazquezperezdelacru/clio-core/context-runtime/src/ipc_manager.cc:2440 INFO 2744096 IncreaseClientShm IpcManager::IncreaseClientShm: Creating clio_2744073_53 with size 134651216 (101096784 + 33554432 overhead)[0m
[97m/home/cvazquezperezdelacru/clio-core/context-runtime/src/ipc_manager.cc:2485 INFO 2744096 IncreaseClientShm IpcManager::IncreaseClientShm: Created allocator clio_2744073_53 with ID (2744073.53)[0m
[97m/home/cvazquezperezdelacru/clio-core/context-runtime/src/ipc_manager.cc:2440 INFO 2744096 IncreaseClientShm IpcManager::IncreaseClientShm: Creating clio_2744073_54 with size 132933912 (99379480 + 33554432 overhead)[0m
[97m/home/cvazquezperezdelacru/clio-core/context-runtime/src/ipc_manager.cc:2485 INFO 2744096 IncreaseClientShm IpcManager::IncreaseClientShm: Created allocator clio_2744073_54 with ID (2744073.54)[0m
[97m/home/cvazquezperezdelacru/clio-core/context-runtime/src/ipc_manager.cc:2440 INFO 2744096 IncreaseClientShm IpcManager::IncreaseClientShm: Creating clio_2744073_55 with size 134608312 (101053880 + 33554432 overhead)[0m
[97m/home/cvazquezperezdelacru/clio-core/context-runtime/src/ipc_manager.cc:2485 INFO 2744096 IncreaseClientShm IpcManager::IncreaseClientShm: Created allocator clio_2744073_55 with ID (2744073.55)[0m
[33m/home/cvazquezperezdelacru/clio-core/context-runtime/src/scheduler/default_sched.cc:455 WARNING 2744102 operator() [#781] worker 2 STALLED on one task (load_us=0 realtime_load_us=7.90253e+06 threshold_s=1)[0m
[33m/home/cvazquezperezdelacru/clio-core/context-runtime/src/worker.cc:370 WARNING 2744102 AdoptLane [#785] worker 2 adopted lane 0x7f29b30d8368[0m
[33m/home/cvazquezperezdelacru/clio-core/context-runtime/src/scheduler/default_sched.cc:598 WARNING 2744102 operator() [#785] RESCUE: stalled worker 2 -> worker 8 (0 parked task(s) moved, 0 queued task(s) redistributed, rescues=14)[0m
[97m/home/cvazquezperezdelacru/clio-core/context-runtime/src/ipc_manager.cc:2440 INFO 2744096 IncreaseClientShm IpcManager::IncreaseClientShm: Creating clio_2744073_56 with size 134746112 (101191680 + 33554432 overhead)[0m
[97m/home/cvazquezperezdelacru/clio-core/context-runtime/src/ipc_manager.cc:2485 INFO 2744096 IncreaseClientShm IpcManager::IncreaseClientShm: Created allocator clio_2744073_56 with ID (2744073.56)[0m
[97m/home/cvazquezperezdelacru/clio-core/context-runtime/src/ipc_manager.cc:2440 INFO 2744096 IncreaseClientShm IpcManager::IncreaseClientShm: Creating clio_2744073_57 with size 141125216 (107570784 + 33554432 overhead)[0m
[97m/home/cvazquezperezdelacru/clio-core/context-runtime/src/ipc_manager.cc:2485 INFO 2744096 IncreaseClientShm IpcManager::IncreaseClientShm: Created allocator clio_2744073_57 with ID (2744073.57)[0m
[33m/home/cvazquezperezdelacru/clio-core/context-runtime/src/scheduler/default_sched.cc:455 WARNING 2744102 operator() [#781] worker 2 STALLED on one task (load_us=0 realtime_load_us=8.40318e+06 threshold_s=1)[0m
[33m/home/cvazquezperezdelacru/clio-core/context-runtime/src/worker.cc:370 WARNING 2744102 AdoptLane [#785] worker 2 adopted lane 0x7f29b30d8368[0m
[33m/home/cvazquezperezdelacru/clio-core/context-runtime/src/scheduler/default_sched.cc:598 WARNING 2744102 operator() [#785] RESCUE: stalled worker 2 -> worker 8 (0 parked task(s) moved, 0 queued task(s) redistributed, rescues=15)[0m
[97m/home/cvazquezperezdelacru/clio-core/context-runtime/src/ipc_manager.cc:2440 INFO 2744096 IncreaseClientShm IpcManager::IncreaseClientShm: Creating clio_2744073_58 with size 134466608 (100912176 + 33554432 overhead)[0m
[97m/home/cvazquezperezdelacru/clio-core/context-runtime/src/ipc_manager.cc:2485 INFO 2744096 IncreaseClientShm IpcManager::IncreaseClientShm: Created allocator clio_2744073_58 with ID (2744073.58)[0m
[97m/home/cvazquezperezdelacru/clio-core/context-runtime/src/ipc_manager.cc:2440 INFO 2744096 IncreaseClientShm IpcManager::IncreaseClientShm: Creating clio_2744073_59 with size 148345408 (114790976 + 33554432 overhead)[0m
[97m/home/cvazquezperezdelacru/clio-core/context-runtime/src/ipc_manager.cc:2485 INFO 2744096 IncreaseClientShm IpcManager::IncreaseClientShm: Created allocator clio_2744073_59 with ID (2744073.59)[0m
[97m/home/cvazquezperezdelacru/clio-core/context-runtime/src/ipc_manager.cc:2440 INFO 2744096 IncreaseClientShm IpcManager::IncreaseClientShm: Creating clio_2744073_60 with size 134685008 (101130576 + 33554432 overhead)[0m
[97m/home/cvazquezperezdelacru/clio-core/context-runtime/src/ipc_manager.cc:2485 INFO 2744096 IncreaseClientShm IpcManager::IncreaseClientShm: Created allocator clio_2744073_60 with ID (2744073.60)[0m
[33m/home/cvazquezperezdelacru/clio-core/context-runtime/src/scheduler/default_sched.cc:455 WARNING 2744102 operator() [#781] worker 2 STALLED on one task (load_us=0 realtime_load_us=8.90379e+06 threshold_s=1)[0m
[33m/home/cvazquezperezdelacru/clio-core/context-runtime/src/worker.cc:370 WARNING 2744102 AdoptLane [#785] worker 2 adopted lane 0x7f29b30d8368[0m
[33m/home/cvazquezperezdelacru/clio-core/context-runtime/src/scheduler/default_sched.cc:598 WARNING 2744102 operator() [#785] RESCUE: stalled worker 2 -> worker 8 (0 parked task(s) moved, 0 queued task(s) redistributed, rescues=16)[0m
[97m/home/cvazquezperezdelacru/clio-core/context-runtime/src/ipc_manager.cc:2440 INFO 2744096 IncreaseClientShm IpcManager::IncreaseClientShm: Creating clio_2744073_61 with size 141081008 (107526576 + 33554432 overhead)[0m
[97m/home/cvazquezperezdelacru/clio-core/context-runtime/src/ipc_manager.cc:2485 INFO 2744096 IncreaseClientShm IpcManager::IncreaseClientShm: Created allocator clio_2744073_61 with ID (2744073.61)[0m
[97m/home/cvazquezperezdelacru/clio-core/context-runtime/src/ipc_manager.cc:2440 INFO 2744096 IncreaseClientShm IpcManager::IncreaseClientShm: Creating clio_2744073_62 with size 147495216 (113940784 + 33554432 overhead)[0m
[97m/home/cvazquezperezdelacru/clio-core/context-runtime/src/ipc_manager.cc:2485 INFO 2744096 IncreaseClientShm IpcManager::IncreaseClientShm: Created allocator clio_2744073_62 with ID (2744073.62)[0m
[33m/home/cvazquezperezdelacru/clio-core/context-runtime/src/scheduler/default_sched.cc:455 WARNING 2744102 operator() [#781] worker 2 STALLED on one task (load_us=0 realtime_load_us=9.40438e+06 threshold_s=1)[0m
[33m/home/cvazquezperezdelacru/clio-core/context-runtime/src/worker.cc:370 WARNING 2744102 AdoptLane [#785] worker 2 adopted lane 0x7f29b30d8368[0m
[33m/home/cvazquezperezdelacru/clio-core/context-runtime/src/scheduler/default_sched.cc:598 WARNING 2744102 operator() [#785] RESCUE: stalled worker 2 -> worker 8 (0 parked task(s) moved, 0 queued task(s) redistributed, rescues=17)[0m
[97m/home/cvazquezperezdelacru/clio-core/context-runtime/src/ipc_manager.cc:2440 INFO 2744096 IncreaseClientShm IpcManager::IncreaseClientShm: Creating clio_2744073_63 with size 133191312 (99636880 + 33554432 overhead)[0m
[97m/home/cvazquezperezdelacru/clio-core/context-runtime/src/ipc_manager.cc:2485 INFO 2744096 IncreaseClientShm IpcManager::IncreaseClientShm: Created allocator clio_2744073_63 with ID (2744073.63)[0m
[97m/home/cvazquezperezdelacru/clio-core/context-runtime/src/ipc_manager.cc:2440 INFO 2744096 IncreaseClientShm IpcManager::IncreaseClientShm: Creating clio_2744073_64 with size 138565512 (105011080 + 33554432 overhead)[0m
[97m/home/cvazquezperezdelacru/clio-core/context-runtime/src/ipc_manager.cc:2485 INFO 2744096 IncreaseClientShm IpcManager::IncreaseClientShm: Created allocator clio_2744073_64 with ID (2744073.64)[0m
[97m/home/cvazquezperezdelacru/clio-core/context-runtime/src/ipc_manager.cc:2440 INFO 2744096 IncreaseClientShm IpcManager::IncreaseClientShm: Creating clio_2744073_65 with size 133586512 (100032080 + 33554432 overhead)[0m
[97m/home/cvazquezperezdelacru/clio-core/context-runtime/src/ipc_manager.cc:2485 INFO 2744096 IncreaseClientShm IpcManager::IncreaseClientShm: Created allocator clio_2744073_65 with ID (2744073.65)[0m
[33m/home/cvazquezperezdelacru/clio-core/context-runtime/src/scheduler/default_sched.cc:455 WARNING 2744102 operator() [#781] worker 2 STALLED on one task (load_us=0 realtime_load_us=9.90499e+06 threshold_s=1)[0m
[33m/home/cvazquezperezdelacru/clio-core/context-runtime/src/worker.cc:370 WARNING 2744102 AdoptLane [#785] worker 2 adopted lane 0x7f29b30d8368[0m
[33m/home/cvazquezperezdelacru/clio-core/context-runtime/src/scheduler/default_sched.cc:598 WARNING 2744102 operator() [#785] RESCUE: stalled worker 2 -> worker 8 (0 parked task(s) moved, 0 queued task(s) redistributed, rescues=18)[0m
[97m/home/cvazquezperezdelacru/clio-core/context-runtime/src/ipc_manager.cc:2440 INFO 2744096 IncreaseClientShm IpcManager::IncreaseClientShm: Creating clio_2744073_66 with size 141135616 (107581184 + 33554432 overhead)[0m
[97m/home/cvazquezperezdelacru/clio-core/context-runtime/src/ipc_manager.cc:2485 INFO 2744096 IncreaseClientShm IpcManager::IncreaseClientShm: Created allocator clio_2744073_66 with ID (2744073.66)[0m
[97m/home/cvazquezperezdelacru/clio-core/context-runtime/src/ipc_manager.cc:2440 INFO 2744096 IncreaseClientShm IpcManager::IncreaseClientShm: Creating clio_2744073_67 with size 144684608 (111130176 + 33554432 overhead)[0m
[97m/home/cvazquezperezdelacru/clio-core/context-runtime/src/ipc_manager.cc:2485 INFO 2744096 IncreaseClientShm IpcManager::IncreaseClientShm: Created allocator clio_2744073_67 with ID (2744073.67)[0m
[97m/home/cvazquezperezdelacru/clio-core/context-runtime/src/ipc_manager.cc:2440 INFO 2744096 IncreaseClientShm IpcManager::IncreaseClientShm: Creating clio_2744073_68 with size 147808512 (114254080 + 33554432 overhead)[0m
[97m/home/cvazquezperezdelacru/clio-core/context-runtime/src/ipc_manager.cc:2485 INFO 2744096 IncreaseClientShm IpcManager::IncreaseClientShm: Created allocator clio_2744073_68 with ID (2744073.68)[0m
[33m/home/cvazquezperezdelacru/clio-core/context-runtime/src/scheduler/default_sched.cc:455 WARNING 2744102 operator() [#781] worker 2 STALLED on one task (load_us=0 realtime_load_us=1.04056e+07 threshold_s=1)[0m
[33m/home/cvazquezperezdelacru/clio-core/context-runtime/src/worker.cc:370 WARNING 2744102 AdoptLane [#785] worker 2 adopted lane 0x7f29b30d8368[0m
[33m/home/cvazquezperezdelacru/clio-core/context-runtime/src/scheduler/default_sched.cc:598 WARNING 2744102 operator() [#785] RESCUE: stalled worker 2 -> worker 8 (0 parked task(s) moved, 0 queued task(s) redistributed, rescues=19)[0m
[97m/home/cvazquezperezdelacru/clio-core/context-runtime/src/ipc_manager.cc:2440 INFO 2744096 IncreaseClientShm IpcManager::IncreaseClientShm: Creating clio_2744073_69 with size 132881912 (99327480 + 33554432 overhead)[0m
[97m/home/cvazquezperezdelacru/clio-core/context-runtime/src/ipc_manager.cc:2485 INFO 2744096 IncreaseClientShm IpcManager::IncreaseClientShm: Created allocator clio_2744073_69 with ID (2744073.69)[0m
[97m/home/cvazquezperezdelacru/clio-core/context-runtime/src/ipc_manager.cc:2440 INFO 2744096 IncreaseClientShm IpcManager::IncreaseClientShm: Creating clio_2744073_70 with size 135727616 (102173184 + 33554432 overhead)[0m
[97m/home/cvazquezperezdelacru/clio-core/context-runtime/src/ipc_manager.cc:2485 INFO 2744096 IncreaseClientShm IpcManager::IncreaseClientShm: Created allocator clio_2744073_70 with ID (2744073.70)[0m
[97m/home/cvazquezperezdelacru/clio-core/context-runtime/src/ipc_manager.cc:2440 INFO 2744096 IncreaseClientShm IpcManager::IncreaseClientShm: Creating clio_2744073_71 with size 136277512 (102723080 + 33554432 overhead)[0m
[97m/home/cvazquezperezdelacru/clio-core/context-runtime/src/ipc_manager.cc:2485 INFO 2744096 IncreaseClientShm IpcManager::IncreaseClientShm: Created allocator clio_2744073_71 with ID (2744073.71)[0m
[33m/home/cvazquezperezdelacru/clio-core/context-runtime/src/scheduler/default_sched.cc:455 WARNING 2744102 operator() [#781] worker 2 STALLED on one task (load_us=0 realtime_load_us=1.09062e+07 threshold_s=1)[0m
[33m/home/cvazquezperezdelacru/clio-core/context-runtime/src/worker.cc:370 WARNING 2744102 AdoptLane [#785] worker 2 adopted lane 0x7f29b30d8368[0m
[33m/home/cvazquezperezdelacru/clio-core/context-runtime/src/scheduler/default_sched.cc:598 WARNING 2744102 operator() [#785] RESCUE: stalled worker 2 -> worker 8 (0 parked task(s) moved, 0 queued task(s) redistributed, rescues=20)[0m
[97m/home/cvazquezperezdelacru/clio-core/context-runtime/src/ipc_manager.cc:2440 INFO 2744096 IncreaseClientShm IpcManager::IncreaseClientShm: Creating clio_2744073_72 with size 144537712 (110983280 + 33554432 overhead)[0m
[97m/home/cvazquezperezdelacru/clio-core/context-runtime/src/ipc_manager.cc:2485 INFO 2744096 IncreaseClientShm IpcManager::IncreaseClientShm: Created allocator clio_2744073_72 with ID (2744073.72)[0m
[97m/home/cvazquezperezdelacru/clio-core/context-runtime/src/ipc_manager.cc:2440 INFO 2744096 IncreaseClientShm IpcManager::IncreaseClientShm: Creating clio_2744073_73 with size 145867616 (112313184 + 33554432 overhead)[0m
[97m/home/cvazquezperezdelacru/clio-core/context-runtime/src/ipc_manager.cc:2485 INFO 2744096 IncreaseClientShm IpcManager::IncreaseClientShm: Created allocator clio_2744073_73 with ID (2744073.73)[0m
[97m/home/cvazquezperezdelacru/clio-core/context-runtime/src/ipc_manager.cc:2440 INFO 2744096 IncreaseClientShm IpcManager::IncreaseClientShm: Creating clio_2744073_74 with size 137513808 (103959376 + 33554432 overhead)[0m
[97m/home/cvazquezperezdelacru/clio-core/context-runtime/src/ipc_manager.cc:2485 INFO 2744096 IncreaseClientShm IpcManager::IncreaseClientShm: Created allocator clio_2744073_74 with ID (2744073.74)[0m
[97m/home/cvazquezperezdelacru/clio-core/context-runtime/src/ipc_manager.cc:2440 INFO 2744096 IncreaseClientShm IpcManager::IncreaseClientShm: Creating clio_2744073_75 with size 134306712 (100752280 + 33554432 overhead)[0m
[97m/home/cvazquezperezdelacru/clio-core/context-runtime/src/ipc_manager.cc:2485 INFO 2744096 IncreaseClientShm IpcManager::IncreaseClientShm: Created allocator clio_2744073_75 with ID (2744073.75)[0m
[33m/home/cvazquezperezdelacru/clio-core/context-runtime/src/scheduler/default_sched.cc:455 WARNING 2744102 operator() [#781] worker 2 STALLED on one task (load_us=0 realtime_load_us=1.14068e+07 threshold_s=1)[0m
[33m/home/cvazquezperezdelacru/clio-core/context-runtime/src/worker.cc:370 WARNING 2744102 AdoptLane [#785] worker 2 adopted lane 0x7f29b30d8368[0m
[33m/home/cvazquezperezdelacru/clio-core/context-runtime/src/scheduler/default_sched.cc:598 WARNING 2744102 operator() [#785] RESCUE: stalled worker 2 -> worker 8 (0 parked task(s) moved, 0 queued task(s) redistributed, rescues=21)[0m
[97m/home/cvazquezperezdelacru/clio-core/context-runtime/src/ipc_manager.cc:2440 INFO 2744096 IncreaseClientShm IpcManager::IncreaseClientShm: Creating clio_2744073_76 with size 136051312 (102496880 + 33554432 overhead)[0m
[97m/home/cvazquezperezdelacru/clio-core/context-runtime/src/ipc_manager.cc:2485 INFO 2744096 IncreaseClientShm IpcManager::IncreaseClientShm: Created allocator clio_2744073_76 with ID (2744073.76)[0m
[97m/home/cvazquezperezdelacru/clio-core/context-runtime/src/ipc_manager.cc:2440 INFO 2744096 IncreaseClientShm IpcManager::IncreaseClientShm: Creating clio_2744073_77 with size 149614208 (116059776 + 33554432 overhead)[0m
[97m/home/cvazquezperezdelacru/clio-core/context-runtime/src/ipc_manager.cc:2485 INFO 2744096 IncreaseClientShm IpcManager::IncreaseClientShm: Created allocator clio_2744073_77 with ID (2744073.77)[0m
[97m/home/cvazquezperezdelacru/clio-core/context-runtime/src/ipc_manager.cc:2440 INFO 2744096 IncreaseClientShm IpcManager::IncreaseClientShm: Creating clio_2744073_78 with size 146177008 (112622576 + 33554432 overhead)[0m
[97m/home/cvazquezperezdelacru/clio-core/context-runtime/src/ipc_manager.cc:2485 INFO 2744096 IncreaseClientShm IpcManager::IncreaseClientShm: Created allocator clio_2744073_78 with ID (2744073.78)[0m
[33m/home/cvazquezperezdelacru/clio-core/context-runtime/src/scheduler/default_sched.cc:430 WARNING 2744102 LoadBalance [#781 PDF] observed exec-time bins (cumulative): <10us=1690577 <50us=60550 <500us=8321 <10ms=5247 <50ms=127 <500ms=264 <1s=0 >=1s=2 | stalls_detected=21[0m
[33m/home/cvazquezperezdelacru/clio-core/context-runtime/src/scheduler/default_sched.cc:439 WARNING 2744102 LoadBalance [#785] lane rescues performed: 21[0m
[97m/mnt/common/cvazquezperezdelacru/IOWARP/faiss/contrib/iowarp/chimod/src/faiss_ivf_runtime.cc:328 INFO 2744095 Search faiss_ivf: Search nq=500 k=10 nprobe=128 unique_lists=8154[0m
[97m/home/cvazquezperezdelacru/clio-core/context-runtime/src/ipc_manager.cc:2440 INFO 2744095 IncreaseClientShm IpcManager::IncreaseClientShm: Creating clio_2744073_79 with size 142109312 (108554880 + 33554432 overhead)[0m
[97m/home/cvazquezperezdelacru/clio-core/context-runtime/src/ipc_manager.cc:2485 INFO 2744095 IncreaseClientShm IpcManager::IncreaseClientShm: Created allocator clio_2744073_79 with ID (2744073.79)[0m
[97m/home/cvazquezperezdelacru/clio-core/context-runtime/src/ipc_manager.cc:2440 INFO 2744095 IncreaseClientShm IpcManager::IncreaseClientShm: Creating clio_2744073_80 with size 155888016 (122333584 + 33554432 overhead)[0m
[97m/home/cvazquezperezdelacru/clio-core/context-runtime/src/ipc_manager.cc:2485 INFO 2744095 IncreaseClientShm IpcManager::IncreaseClientShm: Created allocator clio_2744073_80 with ID (2744073.80)[0m
[97m/home/cvazquezperezdelacru/clio-core/context-runtime/src/ipc_manager.cc:2440 INFO 2744095 IncreaseClientShm IpcManager::IncreaseClientShm: Creating clio_2744073_81 with size 138131312 (104576880 + 33554432 overhead)[0m
[97m/home/cvazquezperezdelacru/clio-core/context-runtime/src/ipc_manager.cc:2485 INFO 2744095 IncreaseClientShm IpcManager::IncreaseClientShm: Created allocator clio_2744073_81 with ID (2744073.81)[0m
[97m/home/cvazquezperezdelacru/clio-core/context-runtime/src/ipc_manager.cc:2440 INFO 2744095 IncreaseClientShm IpcManager::IncreaseClientShm: Creating clio_2744073_82 with size 139307808 (105753376 + 33554432 overhead)[0m
[97m/home/cvazquezperezdelacru/clio-core/context-runtime/src/ipc_manager.cc:2485 INFO 2744095 IncreaseClientShm IpcManager::IncreaseClientShm: Created allocator clio_2744073_82 with ID (2744073.82)[0m
[33m/home/cvazquezperezdelacru/clio-core/context-runtime/src/scheduler/default_sched.cc:455 WARNING 2744102 operator() [#781] worker 1 STALLED on one task (load_us=116.094 realtime_load_us=3.40652e+06 threshold_s=1)[0m
[33m/home/cvazquezperezdelacru/clio-core/context-runtime/src/worker.cc:370 WARNING 2744102 AdoptLane [#785] worker 1 adopted lane 0x7f29b30d82a8[0m
[33m/home/cvazquezperezdelacru/clio-core/context-runtime/src/scheduler/default_sched.cc:598 WARNING 2744102 operator() [#785] RESCUE: stalled worker 1 -> worker 8 (2 parked task(s) moved, 0 queued task(s) redistributed, rescues=22)[0m
[97m/home/cvazquezperezdelacru/clio-core/context-runtime/src/ipc_manager.cc:2440 INFO 2744095 IncreaseClientShm IpcManager::IncreaseClientShm: Creating clio_2744073_83 with size 143497712 (109943280 + 33554432 overhead)[0m
[97m/home/cvazquezperezdelacru/clio-core/context-runtime/src/ipc_manager.cc:2485 INFO 2744095 IncreaseClientShm IpcManager::IncreaseClientShm: Created allocator clio_2744073_83 with ID (2744073.83)[0m
[97m/home/cvazquezperezdelacru/clio-core/context-runtime/src/ipc_manager.cc:2440 INFO 2744095 IncreaseClientShm IpcManager::IncreaseClientShm: Creating clio_2744073_84 with size 138245712 (104691280 + 33554432 overhead)[0m
[97m/home/cvazquezperezdelacru/clio-core/context-runtime/src/ipc_manager.cc:2485 INFO 2744095 IncreaseClientShm IpcManager::IncreaseClientShm: Created allocator clio_2744073_84 with ID (2744073.84)[0m
[97m/home/cvazquezperezdelacru/clio-core/context-runtime/src/ipc_manager.cc:2440 INFO 2744095 IncreaseClientShm IpcManager::IncreaseClientShm: Creating clio_2744073_85 with size 140376416 (106821984 + 33554432 overhead)[0m
[97m/home/cvazquezperezdelacru/clio-core/context-runtime/src/ipc_manager.cc:2485 INFO 2744095 IncreaseClientShm IpcManager::IncreaseClientShm: Created allocator clio_2744073_85 with ID (2744073.85)[0m
[33m/home/cvazquezperezdelacru/clio-core/context-runtime/src/scheduler/default_sched.cc:455 WARNING 2744102 operator() [#781] worker 1 STALLED on one task (load_us=116.094 realtime_load_us=3.90719e+06 threshold_s=1)[0m
[33m/home/cvazquezperezdelacru/clio-core/context-runtime/src/worker.cc:370 WARNING 2744102 AdoptLane [#785] worker 1 adopted lane 0x7f29b30d82a8[0m
[33m/home/cvazquezperezdelacru/clio-core/context-runtime/src/work_orchestrator.cc:545 WARNING 2744102 SpawnAdditionalWorker [#785] spawned elastic worker 9 (pool now 10 workers)[0m
[33m/home/cvazquezperezdelacru/clio-core/context-runtime/src/scheduler/default_sched.cc:598 WARNING 2744102 operator() [#785] RESCUE: stalled worker 1 -> worker 9 (0 parked task(s) moved, 1 queued task(s) redistributed, rescues=23)[0m
[97m/home/cvazquezperezdelacru/clio-core/context-runtime/src/ipc_manager.cc:2440 INFO 2744095 IncreaseClientShm IpcManager::IncreaseClientShm: Creating clio_2744073_86 with size 136542712 (102988280 + 33554432 overhead)[0m
[97m/home/cvazquezperezdelacru/clio-core/context-runtime/src/ipc_manager.cc:2485 INFO 2744095 IncreaseClientShm IpcManager::IncreaseClientShm: Created allocator clio_2744073_86 with ID (2744073.86)[0m
[97m/home/cvazquezperezdelacru/clio-core/context-runtime/src/ipc_manager.cc:2440 INFO 2744095 IncreaseClientShm IpcManager::IncreaseClientShm: Creating clio_2744073_87 with size 136298312 (102743880 + 33554432 overhead)[0m
[97m/home/cvazquezperezdelacru/clio-core/context-runtime/src/ipc_manager.cc:2485 INFO 2744095 IncreaseClientShm IpcManager::IncreaseClientShm: Created allocator clio_2744073_87 with ID (2744073.87)[0m
[97m/home/cvazquezperezdelacru/clio-core/context-runtime/src/ipc_manager.cc:2440 INFO 2744095 IncreaseClientShm IpcManager::IncreaseClientShm: Creating clio_2744073_88 with size 142124912 (108570480 + 33554432 overhead)[0m
[97m/home/cvazquezperezdelacru/clio-core/context-runtime/src/ipc_manager.cc:2485 INFO 2744095 IncreaseClientShm IpcManager::IncreaseClientShm: Created allocator clio_2744073_88 with ID (2744073.88)[0m
[33m/home/cvazquezperezdelacru/clio-core/context-runtime/src/scheduler/default_sched.cc:455 WARNING 2744102 operator() [#781] worker 1 STALLED on one task (load_us=116.094 realtime_load_us=4.40856e+06 threshold_s=1)[0m
[33m/home/cvazquezperezdelacru/clio-core/context-runtime/src/worker.cc:370 WARNING 2744102 AdoptLane [#785] worker 1 adopted lane 0x7f29b30d82a8[0m
[33m/home/cvazquezperezdelacru/clio-core/context-runtime/src/scheduler/default_sched.cc:598 WARNING 2744102 operator() [#785] RESCUE: stalled worker 1 -> worker 8 (0 parked task(s) moved, 0 queued task(s) redistributed, rescues=24)[0m
[97m/home/cvazquezperezdelacru/clio-core/context-runtime/src/ipc_manager.cc:2440 INFO 2744095 IncreaseClientShm IpcManager::IncreaseClientShm: Creating clio_2744073_89 with size 134829312 (101274880 + 33554432 overhead)[0m
[97m/home/cvazquezperezdelacru/clio-core/context-runtime/src/ipc_manager.cc:2485 INFO 2744095 IncreaseClientShm IpcManager::IncreaseClientShm: Created allocator clio_2744073_89 with ID (2744073.89)[0m
[97m/home/cvazquezperezdelacru/clio-core/context-runtime/src/ipc_manager.cc:2440 INFO 2744095 IncreaseClientShm IpcManager::IncreaseClientShm: Creating clio_2744073_90 with size 141147312 (107592880 + 33554432 overhead)[0m
[97m/home/cvazquezperezdelacru/clio-core/context-runtime/src/ipc_manager.cc:2485 INFO 2744095 IncreaseClientShm IpcManager::IncreaseClientShm: Created allocator clio_2744073_90 with ID (2744073.90)[0m
[97m/home/cvazquezperezdelacru/clio-core/context-runtime/src/ipc_manager.cc:2440 INFO 2744095 IncreaseClientShm IpcManager::IncreaseClientShm: Creating clio_2744073_91 with size 139660112 (106105680 + 33554432 overhead)[0m
[97m/home/cvazquezperezdelacru/clio-core/context-runtime/src/ipc_manager.cc:2485 INFO 2744095 IncreaseClientShm IpcManager::IncreaseClientShm: Created allocator clio_2744073_91 with ID (2744073.91)[0m
[33m/home/cvazquezperezdelacru/clio-core/context-runtime/src/scheduler/default_sched.cc:455 WARNING 2744102 operator() [#781] worker 1 STALLED on one task (load_us=116.094 realtime_load_us=4.90918e+06 threshold_s=1)[0m
[33m/home/cvazquezperezdelacru/clio-core/context-runtime/src/worker.cc:370 WARNING 2744102 AdoptLane [#785] worker 1 adopted lane 0x7f29b30d82a8[0m
[33m/home/cvazquezperezdelacru/clio-core/context-runtime/src/scheduler/default_sched.cc:598 WARNING 2744102 operator() [#785] RESCUE: stalled worker 1 -> worker 8 (0 parked task(s) moved, 0 queued task(s) redistributed, rescues=25)[0m
[97m/home/cvazquezperezdelacru/clio-core/context-runtime/src/ipc_manager.cc:2440 INFO 2744095 IncreaseClientShm IpcManager::IncreaseClientShm: Creating clio_2744073_92 with size 146496816 (112942384 + 33554432 overhead)[0m
[97m/home/cvazquezperezdelacru/clio-core/context-runtime/src/ipc_manager.cc:2485 INFO 2744095 IncreaseClientShm IpcManager::IncreaseClientShm: Created allocator clio_2744073_92 with ID (2744073.92)[0m
[97m/home/cvazquezperezdelacru/clio-core/context-runtime/src/ipc_manager.cc:2440 INFO 2744095 IncreaseClientShm IpcManager::IncreaseClientShm: Creating clio_2744073_93 with size 138263912 (104709480 + 33554432 overhead)[0m
[97m/home/cvazquezperezdelacru/clio-core/context-runtime/src/ipc_manager.cc:2485 INFO 2744095 IncreaseClientShm IpcManager::IncreaseClientShm: Created allocator clio_2744073_93 with ID (2744073.93)[0m
[97m/home/cvazquezperezdelacru/clio-core/context-runtime/src/ipc_manager.cc:2440 INFO 2744095 IncreaseClientShm IpcManager::IncreaseClientShm: Creating clio_2744073_94 with size 141221408 (107666976 + 33554432 overhead)[0m
[97m/home/cvazquezperezdelacru/clio-core/context-runtime/src/ipc_manager.cc:2485 INFO 2744095 IncreaseClientShm IpcManager::IncreaseClientShm: Created allocator clio_2744073_94 with ID (2744073.94)[0m
[33m/home/cvazquezperezdelacru/clio-core/context-runtime/src/scheduler/default_sched.cc:455 WARNING 2744102 operator() [#781] worker 1 STALLED on one task (load_us=116.094 realtime_load_us=5.40962e+06 threshold_s=1)[0m
[33m/home/cvazquezperezdelacru/clio-core/context-runtime/src/worker.cc:370 WARNING 2744102 AdoptLane [#785] worker 1 adopted lane 0x7f29b30d82a8[0m
[33m/home/cvazquezperezdelacru/clio-core/context-runtime/src/scheduler/default_sched.cc:598 WARNING 2744102 operator() [#785] RESCUE: stalled worker 1 -> worker 8 (0 parked task(s) moved, 0 queued task(s) redistributed, rescues=26)[0m
[97m/home/cvazquezperezdelacru/clio-core/context-runtime/src/ipc_manager.cc:2440 INFO 2744095 IncreaseClientShm IpcManager::IncreaseClientShm: Creating clio_2744073_95 with size 137589216 (104034784 + 33554432 overhead)[0m
[97m/home/cvazquezperezdelacru/clio-core/context-runtime/src/ipc_manager.cc:2485 INFO 2744095 IncreaseClientShm IpcManager::IncreaseClientShm: Created allocator clio_2744073_95 with ID (2744073.95)[0m
[97m/home/cvazquezperezdelacru/clio-core/context-runtime/src/ipc_manager.cc:2440 INFO 2744095 IncreaseClientShm IpcManager::IncreaseClientShm: Creating clio_2744073_96 with size 157809408 (124254976 + 33554432 overhead)[0m
[97m/home/cvazquezperezdelacru/clio-core/context-runtime/src/ipc_manager.cc:2485 INFO 2744095 IncreaseClientShm IpcManager::IncreaseClientShm: Created allocator clio_2744073_96 with ID (2744073.96)[0m
[97m/home/cvazquezperezdelacru/clio-core/context-runtime/src/ipc_manager.cc:2440 INFO 2744095 IncreaseClientShm IpcManager::IncreaseClientShm: Creating clio_2744073_97 with size 136878112 (103323680 + 33554432 overhead)[0m
[97m/home/cvazquezperezdelacru/clio-core/context-runtime/src/ipc_manager.cc:2485 INFO 2744095 IncreaseClientShm IpcManager::IncreaseClientShm: Created allocator clio_2744073_97 with ID (2744073.97)[0m
[33m/home/cvazquezperezdelacru/clio-core/context-runtime/src/scheduler/default_sched.cc:455 WARNING 2744102 operator() [#781] worker 1 STALLED on one task (load_us=116.094 realtime_load_us=5.9101e+06 threshold_s=1)[0m
[33m/home/cvazquezperezdelacru/clio-core/context-runtime/src/worker.cc:370 WARNING 2744102 AdoptLane [#785] worker 1 adopted lane 0x7f29b30d82a8[0m
[33m/home/cvazquezperezdelacru/clio-core/context-runtime/src/scheduler/default_sched.cc:598 WARNING 2744102 operator() [#785] RESCUE: stalled worker 1 -> worker 8 (0 parked task(s) moved, 0 queued task(s) redistributed, rescues=27)[0m
[97m/home/cvazquezperezdelacru/clio-core/context-runtime/src/ipc_manager.cc:2440 INFO 2744095 IncreaseClientShm IpcManager::IncreaseClientShm: Creating clio_2744073_98 with size 144801616 (111247184 + 33554432 overhead)[0m
[97m/home/cvazquezperezdelacru/clio-core/context-runtime/src/ipc_manager.cc:2485 INFO 2744095 IncreaseClientShm IpcManager::IncreaseClientShm: Created allocator clio_2744073_98 with ID (2744073.98)[0m
[97m/home/cvazquezperezdelacru/clio-core/context-runtime/src/ipc_manager.cc:2440 INFO 2744095 IncreaseClientShm IpcManager::IncreaseClientShm: Creating clio_2744073_99 with size 141312416 (107757984 + 33554432 overhead)[0m
[97m/home/cvazquezperezdelacru/clio-core/context-runtime/src/ipc_manager.cc:2485 INFO 2744095 IncreaseClientShm IpcManager::IncreaseClientShm: Created allocator clio_2744073_99 with ID (2744073.99)[0m
[97m/home/cvazquezperezdelacru/clio-core/context-runtime/src/ipc_manager.cc:2440 INFO 2744095 IncreaseClientShm IpcManager::IncreaseClientShm: Creating clio_2744073_100 with size 139680912 (106126480 + 33554432 overhead)[0m
[97m/home/cvazquezperezdelacru/clio-core/context-runtime/src/ipc_manager.cc:2485 INFO 2744095 IncreaseClientShm IpcManager::IncreaseClientShm: Created allocator clio_2744073_100 with ID (2744073.100)[0m
[33m/home/cvazquezperezdelacru/clio-core/context-runtime/src/scheduler/default_sched.cc:455 WARNING 2744102 operator() [#781] worker 1 STALLED on one task (load_us=116.094 realtime_load_us=6.41062e+06 threshold_s=1)[0m
[33m/home/cvazquezperezdelacru/clio-core/context-runtime/src/worker.cc:370 WARNING 2744102 AdoptLane [#785] worker 1 adopted lane 0x7f29b30d82a8[0m
[33m/home/cvazquezperezdelacru/clio-core/context-runtime/src/scheduler/default_sched.cc:598 WARNING 2744102 operator() [#785] RESCUE: stalled worker 1 -> worker 8 (0 parked task(s) moved, 0 queued task(s) redistributed, rescues=28)[0m
[97m/home/cvazquezperezdelacru/clio-core/context-runtime/src/ipc_manager.cc:2440 INFO 2744095 IncreaseClientShm IpcManager::IncreaseClientShm: Creating clio_2744073_101 with size 139389712 (105835280 + 33554432 overhead)[0m
[97m/home/cvazquezperezdelacru/clio-core/context-runtime/src/ipc_manager.cc:2485 INFO 2744095 IncreaseClientShm IpcManager::IncreaseClientShm: Created allocator clio_2744073_101 with ID (2744073.101)[0m
[97m/home/cvazquezperezdelacru/clio-core/context-runtime/src/ipc_manager.cc:2440 INFO 2744095 IncreaseClientShm IpcManager::IncreaseClientShm: Creating clio_2744073_102 with size 139418312 (105863880 + 33554432 overhead)[0m
[33m/home/cvazquezperezdelacru/clio-core/context-runtime/src/scheduler/default_sched.cc:455 WARNING 2744102 operator() [#781] worker 1 STALLED on one task (load_us=116.094 realtime_load_us=6.91691e+06 threshold_s=1)[0m
[97m/home/cvazquezperezdelacru/clio-core/context-runtime/src/ipc_manager.cc:2485 INFO 2744095 IncreaseClientShm IpcManager::IncreaseClientShm: Created allocator clio_2744073_102 with ID (2744073.102)[0m
