[97m/home/cvazquezperezdelacru/clio-core/context-runtime/src/config_manager.cc:144 INFO 2749646 ClientInit Config at: /mnt/common/cvazquezperezdelacru/IOWARP/faiss/contrib/iowarp/benchmarks/results/ares_cte_rendered_20260730_170722.yaml[0m
[97m/home/cvazquezperezdelacru/clio-core/context-runtime/src/ipc_manager.cc:2865 INFO 2749646 ClearUserIpcs ClearUserIpcs: Removed 24 memfd symlinks from previous runs[0m
[33m/home/cvazquezperezdelacru/clio-core/context-runtime/src/ipc_manager.cc:906 WARNING 2749646 ServerInitShm Main segment: requested 50079715328 bytes exceeds half the memory budget (50079715328 bytes); clamping to 25039857664 bytes[0m
[97m/home/cvazquezperezdelacru/clio-core/context-runtime/src/ipc_manager.cc:931 INFO 2749646 ServerInitShm Initializing main shared memory segment: 25039857664 bytes (23879 MB)[0m
[97m/home/cvazquezperezdelacru/clio-core/context-runtime/src/ipc_manager.cc:952 INFO 2749646 ServerInitShm Initializing queue shared memory segment: 646224224 bytes (631078 KB)[0m
[33m/home/cvazquezperezdelacru/clio-core/context-runtime/src/ipc_manager.cc:1005 WARNING 2749646 ServerInitShm Metadata segment: requested 50079715328 bytes exceeds half the memory budget (50079715328 bytes); clamping to 25039857664 bytes[0m
[97m/home/cvazquezperezdelacru/clio-core/context-runtime/src/ipc_manager.cc:1039 INFO 2749646 ServerInitShm Initializing metadata shared memory segment: 25039857664 bytes (23879 MB), sparse/not pre-faulted[0m
[97m/home/cvazquezperezdelacru/clio-core/context-runtime/src/ipc_manager.cc:865 INFO 2749646 ExcludeFromCoreDump metadata segment: excluded 25039857664 bytes from core dumps[0m
[97m/home/cvazquezperezdelacru/clio-core/context-runtime/src/ipc_manager.cc:1072 INFO 2749646 ServerInitShm ServerInitShm: metadata directory at offset 68072[0m
[97m/home/cvazquezperezdelacru/clio-core/context-runtime/src/ipc_manager.cc:1127 INFO 2749646 ServerInitShm ServerInitShm: 8 inbound SHM ring(s) 'clio-2749646-shm-in-0..7' (16MB each)[0m
[97m/home/cvazquezperezdelacru/clio-core/context-runtime/src/ipc_manager.cc:1269 INFO 2749646 ServerInitQueues Initializing 16 worker queues with depth 1024 (last worker serves dual role)[0m
[97m/home/cvazquezperezdelacru/clio-core/context-runtime/src/ipc_manager.cc:1933 INFO 2749646 IdentifyThisHost SUCCESS: Main server started on 0.0.0.0:9413 (advertised as 0.0.0.0, node=0)[0m
[97m/home/cvazquezperezdelacru/clio-core/context-runtime/src/ipc_manager.cc:561 INFO 2749646 ServerInit IpcManager: TCP ROUTER transport bound on 0.0.0.0:9416[0m
[97m/home/cvazquezperezdelacru/clio-core/context-runtime/src/ipc_manager.cc:579 INFO 2749646 ServerInit IpcManager: IPC lightbeam server bound on /tmp/clio_cvazquezperezdelacru/clio_9413.ipc[0m
[97m/home/cvazquezperezdelacru/clio-core/context-runtime/src/module_manager.cc:137 INFO 2749646 LoadChiMod Loaded ChiMod: clio_cte_filesystem from /mnt/common/cvazquezperezdelacru/clio-core-dev-install/lib/libclio_cte_filesystem_runtime.so[0m
[97m/home/cvazquezperezdelacru/clio-core/context-runtime/src/module_manager.cc:137 INFO 2749646 LoadChiMod Loaded ChiMod: clio_MOD_NAME from /mnt/common/cvazquezperezdelacru/clio-core-dev-install/lib/libclio_MOD_NAME_runtime.so[0m
[97m/home/cvazquezperezdelacru/clio-core/context-runtime/src/module_manager.cc:137 INFO 2749646 LoadChiMod Loaded ChiMod: clio_admin from /mnt/common/cvazquezperezdelacru/clio-core-dev-install/lib/libclio_admin_runtime.so[0m
[97m/home/cvazquezperezdelacru/clio-core/context-runtime/src/module_manager.cc:137 INFO 2749646 LoadChiMod Loaded ChiMod: clio_bdev from /mnt/common/cvazquezperezdelacru/clio-core-dev-install/lib/libclio_bdev_runtime.so[0m
[97m/home/cvazquezperezdelacru/clio-core/context-runtime/src/module_manager.cc:137 INFO 2749646 LoadChiMod Loaded ChiMod: clio_safe_bdev from /mnt/common/cvazquezperezdelacru/clio-core-dev-install/lib/libclio_safe_bdev_runtime.so[0m
[97m/home/cvazquezperezdelacru/clio-core/context-runtime/src/module_manager.cc:137 INFO 2749646 LoadChiMod Loaded ChiMod: clio_cte_core from /mnt/common/cvazquezperezdelacru/clio-core-dev-install/lib/libclio_cte_core_runtime.so[0m
[97m/home/cvazquezperezdelacru/clio-core/context-runtime/src/module_manager.cc:137 INFO 2749646 LoadChiMod Loaded ChiMod: clio_faiss_ivf from /mnt/common/cvazquezperezdelacru/IOWARP/faiss/contrib/iowarp/build-dev/chimod/libclio_faiss_ivf_runtime.so[0m
[97m/home/cvazquezperezdelacru/clio-core/context-runtime/src/work_orchestrator.cc:94 INFO 2749646 Init Creating 8 workers (7 task + 1 dedicated network)[0m
[97m/home/cvazquezperezdelacru/clio-core/context-runtime/src/ipc_manager.cc:756 INFO 2749646 SetNumSchedQueues IpcManager: Updated num_sched_queues to 1[0m
[97m/home/cvazquezperezdelacru/clio-core/context-runtime/src/scheduler/default_sched.cc:139 INFO 2749646 DivideWorkers DefaultScheduler: 1 scheduler worker (0), 4 I/O workers, net_send_worker=6, net_recv_worker=7, gpu_worker=5[0m
[97m/home/cvazquezperezdelacru/clio-core/context-runtime/src/work_orchestrator.cc:271 INFO 2749646 SpawnWorkerThreads WorkOrchestrator: num_workers=8, num_lanes=16[0m
[97m/home/cvazquezperezdelacru/clio-core/context-runtime/src/work_orchestrator.cc:294 INFO 2749646 SpawnWorkerThreads WorkOrchestrator: Mapped worker 0 (ID 0) to lane 0[0m
[97m/home/cvazquezperezdelacru/clio-core/context-runtime/src/work_orchestrator.cc:294 INFO 2749646 SpawnWorkerThreads WorkOrchestrator: Mapped worker 1 (ID 1) to lane 1[0m
[97m/home/cvazquezperezdelacru/clio-core/context-runtime/src/work_orchestrator.cc:294 INFO 2749646 SpawnWorkerThreads WorkOrchestrator: Mapped worker 2 (ID 2) to lane 2[0m
[97m/home/cvazquezperezdelacru/clio-core/context-runtime/src/work_orchestrator.cc:294 INFO 2749646 SpawnWorkerThreads WorkOrchestrator: Mapped worker 3 (ID 3) to lane 3[0m
[97m/home/cvazquezperezdelacru/clio-core/context-runtime/src/work_orchestrator.cc:294 INFO 2749646 SpawnWorkerThreads WorkOrchestrator: Mapped worker 4 (ID 4) to lane 4[0m
[97m/home/cvazquezperezdelacru/clio-core/context-runtime/src/work_orchestrator.cc:294 INFO 2749646 SpawnWorkerThreads WorkOrchestrator: Mapped worker 5 (ID 5) to lane 5[0m
[97m/home/cvazquezperezdelacru/clio-core/context-runtime/src/work_orchestrator.cc:294 INFO 2749646 SpawnWorkerThreads WorkOrchestrator: Mapped worker 6 (ID 6) to lane 6[0m
[97m/home/cvazquezperezdelacru/clio-core/context-runtime/src/work_orchestrator.cc:294 INFO 2749646 SpawnWorkerThreads WorkOrchestrator: Mapped worker 7 (ID 7) to lane 7[0m
[97m/home/cvazquezperezdelacru/clio-core/context-runtime/src/pool_manager.cc:534 INFO 2749646 CreatePool PoolManager: Creating pool 'admin' with 1 containers (one per node)[0m
[33m/home/cvazquezperezdelacru/clio-core/context-runtime/modules/admin/include/clio_runtime/admin/admin_client.h:59 WARNING 2749646 Client AdminClient: Default constructor called - pool_id_ will be PoolId(0,0)[0m
[97m/home/cvazquezperezdelacru/clio-core/context-runtime/src/pool_manager.cc:615 INFO 2749646 CreatePool Creating container for pool PoolId(major:1, minor:0) on node 0 with container_id=0[0m
[97m/home/cvazquezperezdelacru/clio-core/context-runtime/src/pool_manager.cc:644 INFO 2749646 CreatePool Container initialized with pool ID PoolId(major:1, minor:0), name admin, and container ID 0[0m
[97m/home/cvazquezperezdelacru/clio-core/context-runtime/src/pool_manager.cc:663 INFO 2749646 CreatePool CreatePool: Running Create method for pool PoolId(major:1, minor:0)[0m
[97m/home/cvazquezperezdelacru/clio-core/context-runtime/src/ipc/ipc_run2run.cc:1105 INFO 2749676 operator() [PeerRecvThread] started[0m
[97m/home/cvazquezperezdelacru/clio-core/context-runtime/src/ipc/ipc_run2run.cc:1166 INFO 2749677 operator() [ClientRecvThread] started[0m
[97m/home/cvazquezperezdelacru/clio-core/context-runtime/src/pool_manager.cc:666 INFO 2749646 CreatePool CreatePool: Create method completed for pool PoolId(major:1, minor:0)[0m
[97m/home/cvazquezperezdelacru/clio-core/context-runtime/src/pool_manager.cc:700 INFO 2749646 CreatePool PoolManager: Created complete pool PoolId(major:1, minor:0) with ChiMod clio_admin (1 containers)[0m
[97m/home/cvazquezperezdelacru/clio-core/context-runtime/src/pool_manager.cc:125 INFO 2749646 ServerInit PoolManager: Admin chimod pool created successfully with PoolId PoolId(major:1, minor:0)[0m
[97m/home/cvazquezperezdelacru/clio-core/context-runtime/src/manager.cc:264 INFO 2749646 ServerInit Processing compose configuration with 3 pools[0m
[33m/home/cvazquezperezdelacru/clio-core/context-runtime/src/../modules/admin/include/clio_runtime/admin/admin_client.h:59 WARNING 2749646 Client AdminClient: Default constructor called - pool_id_ will be PoolId(0,0)[0m
[97m/home/cvazquezperezdelacru/clio-core/context-runtime/src/manager.cc:282 INFO 2749646 ServerInit Compose: Creating pool ram::chi_default_bdev (module: clio_bdev, restart: 0)[0m
[97m/home/cvazquezperezdelacru/clio-core/context-runtime/src/pool_manager.cc:534 INFO 2749671 CreatePool PoolManager: Creating pool 'ram::chi_default_bdev' with 1 containers (one per node)[0m
[97m/home/cvazquezperezdelacru/clio-core/context-runtime/src/pool_manager.cc:615 INFO 2749671 CreatePool Creating container for pool PoolId(major:301, minor:0) on node 0 with container_id=0[0m
[97m/home/cvazquezperezdelacru/clio-core/context-runtime/src/pool_manager.cc:644 INFO 2749671 CreatePool Container initialized with pool ID PoolId(major:301, minor:0), name ram::chi_default_bdev, and container ID 0[0m
[97m/home/cvazquezperezdelacru/clio-core/context-runtime/src/pool_manager.cc:663 INFO 2749671 CreatePool CreatePool: Running Create method for pool PoolId(major:301, minor:0)[0m
[97m/home/cvazquezperezdelacru/clio-core/context-runtime/modules/bdev/src/transports/mem_bdev_transport.cc:142 INFO 2749671 InitShmBacking [#783] RAM bdev 'clio_rambdev_2749646_301_0' is shared-memory backed (38655688704 of 38654705664 bytes mapped)[0m
[97m/home/cvazquezperezdelacru/clio-core/context-runtime/src/pool_manager.cc:666 INFO 2749671 CreatePool CreatePool: Create method completed for pool PoolId(major:301, minor:0)[0m
[97m/home/cvazquezperezdelacru/clio-core/context-runtime/src/pool_manager.cc:700 INFO 2749671 CreatePool PoolManager: Created complete pool PoolId(major:301, minor:0) with ChiMod clio_bdev (1 containers)[0m
[97m/home/cvazquezperezdelacru/clio-core/context-runtime/src/manager.cc:298 INFO 2749646 ServerInit Compose: Successfully created pool ram::chi_default_bdev (module: clio_bdev)[0m
[97m/home/cvazquezperezdelacru/clio-core/context-runtime/src/manager.cc:282 INFO 2749646 ServerInit Compose: Creating pool cte_main (module: clio_cte_core, restart: 0)[0m
[97m/home/cvazquezperezdelacru/clio-core/context-runtime/src/pool_manager.cc:534 INFO 2749668 CreatePool PoolManager: Creating pool 'cte_main' with 1 containers (one per node)[0m
[97m/home/cvazquezperezdelacru/clio-core/context-runtime/src/pool_manager.cc:615 INFO 2749668 CreatePool Creating container for pool PoolId(major:512, minor:0) on node 0 with container_id=0[0m
[97m/home/cvazquezperezdelacru/clio-core/context-runtime/src/pool_manager.cc:644 INFO 2749668 CreatePool Container initialized with pool ID PoolId(major:512, minor:0), name cte_main, and container ID 0[0m
[97m/home/cvazquezperezdelacru/clio-core/context-runtime/src/pool_manager.cc:663 INFO 2749668 CreatePool CreatePool: Running Create method for pool PoolId(major:512, minor:0)[0m
[97m/home/cvazquezperezdelacru/clio-core/context-transfer-engine/core/src/core_config.cc:618 INFO 2749668 ParseStorageConfig Parsed 2 storage devices[0m
[97m/home/cvazquezperezdelacru/clio-core/context-transfer-engine/core/src/core_config.cc:636 INFO 2749668 ParseDpeConfig Parsed DPE configuration: type=max_bw[0m
[97m/home/cvazquezperezdelacru/clio-core/context-transfer-engine/core/src/core_config.cc:111 INFO 2749668 LoadFromString Configuration loaded successfully from YAML string[0m
[97m/home/cvazquezperezdelacru/clio-core/context-transfer-engine/core/src/core_runtime.cc:545 INFO 2749668 Create CTE: shared-memory metadata cache enabled (tags=65536, blobs=262144, root_off=488)[0m
[97m/home/cvazquezperezdelacru/clio-core/context-runtime/src/pool_manager.cc:534 INFO 2749670 CreatePool PoolManager: Creating pool 'ram::cte_ram_tier_node0' with 1 containers (one per node)[0m
[97m/home/cvazquezperezdelacru/clio-core/context-runtime/src/pool_manager.cc:615 INFO 2749670 CreatePool Creating container for pool PoolId(major:512, minor:1) on node 0 with container_id=0[0m
[97m/home/cvazquezperezdelacru/clio-core/context-runtime/src/pool_manager.cc:644 INFO 2749670 CreatePool Container initialized with pool ID PoolId(major:512, minor:1), name ram::cte_ram_tier_node0, and container ID 0[0m
[97m/home/cvazquezperezdelacru/clio-core/context-runtime/src/pool_manager.cc:663 INFO 2749670 CreatePool CreatePool: Running Create method for pool PoolId(major:512, minor:1)[0m
[97m/home/cvazquezperezdelacru/clio-core/context-runtime/modules/bdev/src/transports/mem_bdev_transport.cc:142 INFO 2749670 InitShmBacking [#783] RAM bdev 'clio_rambdev_2749646_512_1' is shared-memory backed (32213237760 of 32212254720 bytes mapped)[0m
[97m/home/cvazquezperezdelacru/clio-core/context-runtime/src/pool_manager.cc:666 INFO 2749670 CreatePool CreatePool: Create method completed for pool PoolId(major:512, minor:1)[0m
[97m/home/cvazquezperezdelacru/clio-core/context-runtime/src/pool_manager.cc:700 INFO 2749670 CreatePool PoolManager: Created complete pool PoolId(major:512, minor:1) with ChiMod clio_bdev (1 containers)[0m
[97m/home/cvazquezperezdelacru/clio-core/context-runtime/src/pool_manager.cc:534 INFO 2749670 CreatePool PoolManager: Creating pool '/mnt/nvme/cvazquezperezdelacru/cte_tier_node0' with 1 containers (one per node)[0m
[97m/home/cvazquezperezdelacru/clio-core/context-runtime/src/pool_manager.cc:615 INFO 2749670 CreatePool Creating container for pool PoolId(major:513, minor:1) on node 0 with container_id=0[0m
[97m/home/cvazquezperezdelacru/clio-core/context-runtime/src/pool_manager.cc:644 INFO 2749670 CreatePool Container initialized with pool ID PoolId(major:513, minor:1), name /mnt/nvme/cvazquezperezdelacru/cte_tier_node0, and container ID 0[0m
[97m/home/cvazquezperezdelacru/clio-core/context-runtime/src/pool_manager.cc:663 INFO 2749670 CreatePool CreatePool: Running Create method for pool PoolId(major:513, minor:1)[0m
[97m/home/cvazquezperezdelacru/clio-core/context-runtime/src/pool_manager.cc:666 INFO 2749670 CreatePool CreatePool: Create method completed for pool PoolId(major:513, minor:1)[0m
[97m/home/cvazquezperezdelacru/clio-core/context-runtime/src/pool_manager.cc:700 INFO 2749670 CreatePool PoolManager: Created complete pool PoolId(major:513, minor:1) with ChiMod clio_bdev (1 containers)[0m
[97m/home/cvazquezperezdelacru/clio-core/context-transfer-engine/core/src/core_runtime.cc:663 INFO 2749668 Create CTE Core container created and initialized for pool: cte_main (ID: PoolId(major:512, minor:0))[0m
[97m/home/cvazquezperezdelacru/clio-core/context-transfer-engine/core/src/core_runtime.cc:667 INFO 2749668 Create Configuration: neighborhood=1, poll_period_ms=5000, stat_targets_period_ms=5000[0m
[97m/home/cvazquezperezdelacru/clio-core/context-transfer-engine/core/src/core_runtime.cc:709 INFO 2749668 Create Starting periodic StatTargets task with period 5000 ms[0m
[97m/home/cvazquezperezdelacru/clio-core/context-runtime/src/pool_manager.cc:666 INFO 2749668 CreatePool CreatePool: Create method completed for pool PoolId(major:512, minor:0)[0m
[97m/home/cvazquezperezdelacru/clio-core/context-runtime/src/pool_manager.cc:700 INFO 2749668 CreatePool PoolManager: Created complete pool PoolId(major:512, minor:0) with ChiMod clio_cte_core (1 containers)[0m
[97m/home/cvazquezperezdelacru/clio-core/context-runtime/src/manager.cc:298 INFO 2749646 ServerInit Compose: Successfully created pool cte_main (module: clio_cte_core)[0m
[97m/home/cvazquezperezdelacru/clio-core/context-runtime/src/manager.cc:282 INFO 2749646 ServerInit Compose: Creating pool faiss_ivf_main (module: clio_faiss_ivf, restart: 0)[0m
[97m/home/cvazquezperezdelacru/clio-core/context-runtime/src/pool_manager.cc:534 INFO 2749670 CreatePool PoolManager: Creating pool 'faiss_ivf_main' with 1 containers (one per node)[0m
[97m/home/cvazquezperezdelacru/clio-core/context-runtime/src/pool_manager.cc:615 INFO 2749670 CreatePool Creating container for pool PoolId(major:600, minor:0) on node 0 with container_id=0[0m
[97m/home/cvazquezperezdelacru/clio-core/context-runtime/src/pool_manager.cc:644 INFO 2749670 CreatePool Container initialized with pool ID PoolId(major:600, minor:0), name faiss_ivf_main, and container ID 0[0m
[97m/home/cvazquezperezdelacru/clio-core/context-runtime/src/pool_manager.cc:663 INFO 2749670 CreatePool CreatePool: Running Create method for pool PoolId(major:600, minor:0)[0m
[97m/home/cvazquezperezdelacru/clio-core/context-runtime/src/pool_manager.cc:666 INFO 2749670 CreatePool CreatePool: Create method completed for pool PoolId(major:600, minor:0)[0m
[97m/home/cvazquezperezdelacru/clio-core/context-runtime/src/pool_manager.cc:700 INFO 2749670 CreatePool PoolManager: Created complete pool PoolId(major:600, minor:0) with ChiMod clio_faiss_ivf (1 containers)[0m
[97m/home/cvazquezperezdelacru/clio-core/context-runtime/src/manager.cc:298 INFO 2749646 ServerInit Compose: Successfully created pool faiss_ivf_main (module: clio_faiss_ivf)[0m
[97m/home/cvazquezperezdelacru/clio-core/context-runtime/src/manager.cc:304 INFO 2749646 ServerInit Compose: All 3 pools created successfully[0m
[32m/home/cvazquezperezdelacru/clio-core/context-runtime/src/ipc_manager.cc:1368 SUCCESS 2749646 StartLocalServer Successfully started local server at 127.0.0.1:9414[0m
[97m/home/cvazquezperezdelacru/clio-core/context-runtime/src/manager.cc:137 INFO 2749646 ClientInit RuntimeManager::ClientInit[0m
[97m/home/cvazquezperezdelacru/clio-core/context-runtime/src/manager.cc:181 INFO 2749646 ClientInit ClientInit: g_admin already exists, pool_id_=PoolId(major:0, minor:0)[0m
[33m/home/cvazquezperezdelacru/clio-core/context-runtime/src/scheduler/default_sched.cc:430 WARNING 2749675 LoadBalance [#781 PDF] observed exec-time bins (cumulative): <10us=59875 <50us=174 <500us=9 <10ms=7 <50ms=0 <500ms=2 <1s=0 >=1s=0 | stalls_detected=0[0m
[33m/home/cvazquezperezdelacru/clio-core/context-runtime/src/scheduler/default_sched.cc:439 WARNING 2749675 LoadBalance [#785] lane rescues performed: 0[0m
[33m/home/cvazquezperezdelacru/clio-core/context-runtime/src/scheduler/default_sched.cc:430 WARNING 2749675 LoadBalance [#781 PDF] observed exec-time bins (cumulative): <10us=127175 <50us=452 <500us=16 <10ms=8 <50ms=0 <500ms=2 <1s=0 >=1s=0 | stalls_detected=0[0m
[33m/home/cvazquezperezdelacru/clio-core/context-runtime/src/scheduler/default_sched.cc:439 WARNING 2749675 LoadBalance [#785] lane rescues performed: 0[0m
[33m/home/cvazquezperezdelacru/clio-core/context-runtime/src/scheduler/default_sched.cc:430 WARNING 2749675 LoadBalance [#781 PDF] observed exec-time bins (cumulative): <10us=195033 <50us=876 <500us=22 <10ms=10 <50ms=0 <500ms=2 <1s=0 >=1s=0 | stalls_detected=0[0m
[33m/home/cvazquezperezdelacru/clio-core/context-runtime/src/scheduler/default_sched.cc:439 WARNING 2749675 LoadBalance [#785] lane rescues performed: 0[0m
[97m/home/cvazquezperezdelacru/clio-core/context-runtime/src/ipc_manager.cc:2288 INFO 2749677 GetOrCreateClient [ClientPool] Creating new persistent connection to 127.0.0.1:35877[0m
[97m/home/cvazquezperezdelacru/clio-core/context-runtime/src/../../context-transport-primitives/include/clio_ctp/lightbeam/zmq_transport.h:152 INFO 2749677 GetSharedContext [ZeroMqTransport] Created shared context with 8 I/O threads[0m
[97m/home/cvazquezperezdelacru/clio-core/context-runtime/src/ipc_manager.cc:2308 INFO 2749677 GetOrCreateClient [ClientPool] Connection established to 127.0.0.1:35877[0m
[97m/home/cvazquezperezdelacru/clio-core/context-runtime/modules/admin/src/admin_runtime.cc:1191 INFO 2749667 RegisterMemory Admin::RegisterMemory: Registering CPU alloc_id (2749771.0)[0m
[97m/home/cvazquezperezdelacru/clio-core/context-runtime/src/ipc_manager.cc:2532 INFO 2749667 RegisterMemory IpcManager::RegisterMemory: Registering clio_2749771_0 from pid 2749771[0m
[97m/home/cvazquezperezdelacru/clio-core/context-runtime/src/ipc_manager.cc:2575 INFO 2749667 RegisterMemory IpcManager::RegisterMemory: Successfully registered clio_2749771_0[0m
[97m/home/cvazquezperezdelacru/clio-core/context-runtime/src/pool_manager.cc:534 INFO 2749668 CreatePool PoolManager: Creating pool 'clio_cte_core' with 1 containers (one per node)[0m
[97m/home/cvazquezperezdelacru/clio-core/context-runtime/src/pool_manager.cc:575 INFO 2749668 CreatePool PoolManager: Pool PoolId(major:512, minor:0) already exists by ID, returning existing pool[0m
[33m/home/cvazquezperezdelacru/clio-core/context-runtime/src/scheduler/default_sched.cc:430 WARNING 2749675 LoadBalance [#781 PDF] observed exec-time bins (cumulative): <10us=260946 <50us=2399 <500us=296 <10ms=236 <50ms=9 <500ms=8 <1s=0 >=1s=0 | stalls_detected=0[0m
[33m/home/cvazquezperezdelacru/clio-core/context-runtime/src/scheduler/default_sched.cc:439 WARNING 2749675 LoadBalance [#785] lane rescues performed: 0[0m
[33m/home/cvazquezperezdelacru/clio-core/context-runtime/src/scheduler/default_sched.cc:430 WARNING 2749675 LoadBalance [#781 PDF] observed exec-time bins (cumulative): <10us=324816 <50us=5683 <500us=579 <10ms=616 <50ms=24 <500ms=15 <1s=0 >=1s=0 | stalls_detected=0[0m
[33m/home/cvazquezperezdelacru/clio-core/context-runtime/src/scheduler/default_sched.cc:439 WARNING 2749675 LoadBalance [#785] lane rescues performed: 0[0m
[33m/home/cvazquezperezdelacru/clio-core/context-runtime/src/scheduler/default_sched.cc:430 WARNING 2749675 LoadBalance [#781 PDF] observed exec-time bins (cumulative): <10us=389026 <50us=8695 <500us=861 <10ms=945 <50ms=38 <500ms=20 <1s=0 >=1s=0 | stalls_detected=0[0m
[33m/home/cvazquezperezdelacru/clio-core/context-runtime/src/scheduler/default_sched.cc:439 WARNING 2749675 LoadBalance [#785] lane rescues performed: 0[0m
[33m/home/cvazquezperezdelacru/clio-core/context-runtime/src/scheduler/default_sched.cc:430 WARNING 2749675 LoadBalance [#781 PDF] observed exec-time bins (cumulative): <10us=452425 <50us=12908 <500us=1255 <10ms=1328 <50ms=56 <500ms=28 <1s=0 >=1s=0 | stalls_detected=0[0m
[33m/home/cvazquezperezdelacru/clio-core/context-runtime/src/scheduler/default_sched.cc:439 WARNING 2749675 LoadBalance [#785] lane rescues performed: 0[0m
[31m/home/cvazquezperezdelacru/clio-core/context-runtime/src/scheduler/default_sched.cc:726 ERROR 2749675 LoadBalance [HANGWATCH-HB] processed=5535 outstanding=1 (queued=1 blocked=0 retry=0 periodic=7) live=1 live_stalled=0[0m
[33m/home/cvazquezperezdelacru/clio-core/context-runtime/src/scheduler/default_sched.cc:430 WARNING 2749675 LoadBalance [#781 PDF] observed exec-time bins (cumulative): <10us=514981 <50us=17420 <500us=1568 <10ms=1778 <50ms=82 <500ms=28 <1s=0 >=1s=0 | stalls_detected=0[0m
[33m/home/cvazquezperezdelacru/clio-core/context-runtime/src/scheduler/default_sched.cc:439 WARNING 2749675 LoadBalance [#785] lane rescues performed: 0[0m
[33m/home/cvazquezperezdelacru/clio-core/context-runtime/src/scheduler/default_sched.cc:430 WARNING 2749675 LoadBalance [#781 PDF] observed exec-time bins (cumulative): <10us=578002 <50us=21571 <500us=1965 <10ms=2323 <50ms=107 <500ms=31 <1s=0 >=1s=0 | stalls_detected=0[0m
[33m/home/cvazquezperezdelacru/clio-core/context-runtime/src/scheduler/default_sched.cc:439 WARNING 2749675 LoadBalance [#785] lane rescues performed: 0[0m
[33m/home/cvazquezperezdelacru/clio-core/context-runtime/src/scheduler/default_sched.cc:430 WARNING 2749675 LoadBalance [#781 PDF] observed exec-time bins (cumulative): <10us=641231 <50us=25653 <500us=2326 <10ms=2759 <50ms=128 <500ms=34 <1s=0 >=1s=0 | stalls_detected=0[0m
[33m/home/cvazquezperezdelacru/clio-core/context-runtime/src/scheduler/default_sched.cc:439 WARNING 2749675 LoadBalance [#785] lane rescues performed: 0[0m
[33m/home/cvazquezperezdelacru/clio-core/context-runtime/src/scheduler/default_sched.cc:430 WARNING 2749675 LoadBalance [#781 PDF] observed exec-time bins (cumulative): <10us=706524 <50us=28395 <500us=2664 <10ms=3213 <50ms=147 <500ms=40 <1s=0 >=1s=0 | stalls_detected=0[0m
[33m/home/cvazquezperezdelacru/clio-core/context-runtime/src/scheduler/default_sched.cc:439 WARNING 2749675 LoadBalance [#785] lane rescues performed: 0[0m
[31m/home/cvazquezperezdelacru/clio-core/context-runtime/src/scheduler/default_sched.cc:726 ERROR 2749675 LoadBalance [HANGWATCH-HB] processed=13063 outstanding=3 (queued=3 blocked=0 retry=0 periodic=7) live=1 live_stalled=0[0m
[33m/home/cvazquezperezdelacru/clio-core/context-runtime/src/scheduler/default_sched.cc:430 WARNING 2749675 LoadBalance [#781 PDF] observed exec-time bins (cumulative): <10us=769349 <50us=32487 <500us=2994 <10ms=3588 <50ms=166 <500ms=45 <1s=0 >=1s=0 | stalls_detected=0[0m
[33m/home/cvazquezperezdelacru/clio-core/context-runtime/src/scheduler/default_sched.cc:439 WARNING 2749675 LoadBalance [#785] lane rescues performed: 0[0m
[33m/home/cvazquezperezdelacru/clio-core/context-runtime/src/scheduler/default_sched.cc:430 WARNING 2749675 LoadBalance [#781 PDF] observed exec-time bins (cumulative): <10us=833350 <50us=35670 <500us=3287 <10ms=3972 <50ms=185 <500ms=48 <1s=0 >=1s=0 | stalls_detected=0[0m
[33m/home/cvazquezperezdelacru/clio-core/context-runtime/src/scheduler/default_sched.cc:439 WARNING 2749675 LoadBalance [#785] lane rescues performed: 0[0m
[31m/home/cvazquezperezdelacru/clio-core/context-runtime/src/scheduler/default_sched.cc:726 ERROR 2749675 LoadBalance [HANGWATCH-HB] processed=14997 outstanding=1 (queued=1 blocked=0 retry=0 periodic=7) live=1 live_stalled=0[0m
[33m/home/cvazquezperezdelacru/clio-core/context-runtime/src/scheduler/default_sched.cc:430 WARNING 2749675 LoadBalance [#781 PDF] observed exec-time bins (cumulative): <10us=896709 <50us=39214 <500us=3586 <10ms=4425 <50ms=205 <500ms=53 <1s=0 >=1s=0 | stalls_detected=0[0m
[33m/home/cvazquezperezdelacru/clio-core/context-runtime/src/scheduler/default_sched.cc:439 WARNING 2749675 LoadBalance [#785] lane rescues performed: 0[0m
[31m/home/cvazquezperezdelacru/clio-core/context-runtime/src/scheduler/default_sched.cc:726 ERROR 2749675 LoadBalance [HANGWATCH-HB] processed=17767 outstanding=4 (queued=4 blocked=0 retry=0 periodic=6) live=1 live_stalled=0[0m
[33m/home/cvazquezperezdelacru/clio-core/context-runtime/src/scheduler/default_sched.cc:430 WARNING 2749675 LoadBalance [#781 PDF] observed exec-time bins (cumulative): <10us=959399 <50us=43565 <500us=3874 <10ms=4915 <50ms=229 <500ms=55 <1s=0 >=1s=0 | stalls_detected=0[0m
[33m/home/cvazquezperezdelacru/clio-core/context-runtime/src/scheduler/default_sched.cc:439 WARNING 2749675 LoadBalance [#785] lane rescues performed: 0[0m
[33m/home/cvazquezperezdelacru/clio-core/context-runtime/src/scheduler/default_sched.cc:455 WARNING 2749675 operator() [#781] worker 1 STALLED on one task (load_us=0.000976562 realtime_load_us=1.14564e+06 threshold_s=1)[0m
[33m/home/cvazquezperezdelacru/clio-core/context-runtime/src/worker.cc:370 WARNING 2749675 AdoptLane [#785] worker 1 adopted lane 0x7f815dc3e2a8[0m
[33m/home/cvazquezperezdelacru/clio-core/context-runtime/src/work_orchestrator.cc:545 WARNING 2749675 SpawnAdditionalWorker [#785] spawned elastic worker 8 (pool now 9 workers)[0m
[33m/home/cvazquezperezdelacru/clio-core/context-runtime/src/scheduler/default_sched.cc:598 WARNING 2749675 operator() [#785] RESCUE: stalled worker 1 -> worker 8 (0 parked task(s) moved, 3 queued task(s) redistributed, rescues=1)[0m
[33m/home/cvazquezperezdelacru/clio-core/context-runtime/src/scheduler/default_sched.cc:430 WARNING 2749675 LoadBalance [#781 PDF] observed exec-time bins (cumulative): <10us=1023824 <50us=47078 <500us=4142 <10ms=5267 <50ms=244 <500ms=61 <1s=0 >=1s=1 | stalls_detected=1[0m
[33m/home/cvazquezperezdelacru/clio-core/context-runtime/src/scheduler/default_sched.cc:439 WARNING 2749675 LoadBalance [#785] lane rescues performed: 1[0m
[31m/home/cvazquezperezdelacru/clio-core/context-runtime/src/scheduler/default_sched.cc:726 ERROR 2749675 LoadBalance [HANGWATCH-HB] processed=19479 outstanding=3 (queued=3 blocked=0 retry=0 periodic=7) live=1 live_stalled=0[0m
[33m/home/cvazquezperezdelacru/clio-core/context-runtime/src/scheduler/default_sched.cc:430 WARNING 2749675 LoadBalance [#781 PDF] observed exec-time bins (cumulative): <10us=1086353 <50us=51094 <500us=4562 <10ms=5668 <50ms=260 <500ms=68 <1s=0 >=1s=1 | stalls_detected=1[0m
[33m/home/cvazquezperezdelacru/clio-core/context-runtime/src/scheduler/default_sched.cc:439 WARNING 2749675 LoadBalance [#785] lane rescues performed: 1[0m
[33m/home/cvazquezperezdelacru/clio-core/context-runtime/src/scheduler/default_sched.cc:430 WARNING 2749675 LoadBalance [#781 PDF] observed exec-time bins (cumulative): <10us=1154164 <50us=53492 <500us=4923 <10ms=6072 <50ms=274 <500ms=78 <1s=0 >=1s=1 | stalls_detected=1[0m
[33m/home/cvazquezperezdelacru/clio-core/context-runtime/src/scheduler/default_sched.cc:439 WARNING 2749675 LoadBalance [#785] lane rescues performed: 1[0m
[31m/home/cvazquezperezdelacru/clio-core/context-runtime/src/scheduler/default_sched.cc:726 ERROR 2749675 LoadBalance [HANGWATCH-HB] processed=22393 outstanding=6 (queued=6 blocked=0 retry=0 periodic=7) live=1 live_stalled=0[0m
[33m/home/cvazquezperezdelacru/clio-core/context-runtime/src/scheduler/default_sched.cc:430 WARNING 2749675 LoadBalance [#781 PDF] observed exec-time bins (cumulative): <10us=1220041 <50us=56487 <500us=5326 <10ms=6487 <50ms=291 <500ms=87 <1s=0 >=1s=1 | stalls_detected=1[0m
[33m/home/cvazquezperezdelacru/clio-core/context-runtime/src/scheduler/default_sched.cc:439 WARNING 2749675 LoadBalance [#785] lane rescues performed: 1[0m
[31m/home/cvazquezperezdelacru/clio-core/context-runtime/src/scheduler/default_sched.cc:726 ERROR 2749675 LoadBalance [HANGWATCH-HB] processed=24521 outstanding=4 (queued=4 blocked=0 retry=0 periodic=7) live=1 live_stalled=0[0m
[33m/home/cvazquezperezdelacru/clio-core/context-runtime/src/scheduler/default_sched.cc:430 WARNING 2749675 LoadBalance [#781 PDF] observed exec-time bins (cumulative): <10us=1282768 <50us=60541 <500us=5693 <10ms=6884 <50ms=310 <500ms=93 <1s=0 >=1s=1 | stalls_detected=1[0m
[33m/home/cvazquezperezdelacru/clio-core/context-runtime/src/scheduler/default_sched.cc:439 WARNING 2749675 LoadBalance [#785] lane rescues performed: 1[0m
[33m/home/cvazquezperezdelacru/clio-core/context-runtime/src/scheduler/default_sched.cc:430 WARNING 2749675 LoadBalance [#781 PDF] observed exec-time bins (cumulative): <10us=1346647 <50us=63768 <500us=6042 <10ms=7285 <50ms=325 <500ms=102 <1s=0 >=1s=1 | stalls_detected=1[0m
[33m/home/cvazquezperezdelacru/clio-core/context-runtime/src/scheduler/default_sched.cc:439 WARNING 2749675 LoadBalance [#785] lane rescues performed: 1[0m
[33m/home/cvazquezperezdelacru/clio-core/context-runtime/src/scheduler/default_sched.cc:430 WARNING 2749675 LoadBalance [#781 PDF] observed exec-time bins (cumulative): <10us=1410471 <50us=67573 <500us=6427 <10ms=7695 <50ms=340 <500ms=112 <1s=0 >=1s=1 | stalls_detected=1[0m
[33m/home/cvazquezperezdelacru/clio-core/context-runtime/src/scheduler/default_sched.cc:439 WARNING 2749675 LoadBalance [#785] lane rescues performed: 1[0m
[31m/home/cvazquezperezdelacru/clio-core/context-runtime/src/scheduler/default_sched.cc:726 ERROR 2749675 LoadBalance [HANGWATCH-HB] processed=29373 outstanding=3 (queued=3 blocked=0 retry=0 periodic=7) live=1 live_stalled=0[0m
[33m/home/cvazquezperezdelacru/clio-core/context-runtime/src/scheduler/default_sched.cc:430 WARNING 2749675 LoadBalance [#781 PDF] observed exec-time bins (cumulative): <10us=1473750 <50us=71187 <500us=6853 <10ms=8082 <50ms=345 <500ms=133 <1s=0 >=1s=1 | stalls_detected=1[0m
[33m/home/cvazquezperezdelacru/clio-core/context-runtime/src/scheduler/default_sched.cc:439 WARNING 2749675 LoadBalance [#785] lane rescues performed: 1[0m
[33m/home/cvazquezperezdelacru/clio-core/context-runtime/src/scheduler/default_sched.cc:430 WARNING 2749675 LoadBalance [#781 PDF] observed exec-time bins (cumulative): <10us=1537832 <50us=75091 <500us=7226 <10ms=8549 <50ms=350 <500ms=136 <1s=0 >=1s=1 | stalls_detected=1[0m
[33m/home/cvazquezperezdelacru/clio-core/context-runtime/src/scheduler/default_sched.cc:439 WARNING 2749675 LoadBalance [#785] lane rescues performed: 1[0m
[33m/home/cvazquezperezdelacru/clio-core/context-runtime/src/scheduler/default_sched.cc:430 WARNING 2749675 LoadBalance [#781 PDF] observed exec-time bins (cumulative): <10us=1600880 <50us=79508 <500us=7553 <10ms=8981 <50ms=352 <500ms=136 <1s=0 >=1s=1 | stalls_detected=1[0m
[33m/home/cvazquezperezdelacru/clio-core/context-runtime/src/scheduler/default_sched.cc:439 WARNING 2749675 LoadBalance [#785] lane rescues performed: 1[0m
[31m/home/cvazquezperezdelacru/clio-core/context-runtime/src/scheduler/default_sched.cc:726 ERROR 2749675 LoadBalance [HANGWATCH-HB] processed=34683 outstanding=1 (queued=1 blocked=0 retry=0 periodic=7) live=0 live_stalled=0[0m
[33m/home/cvazquezperezdelacru/clio-core/context-runtime/src/scheduler/default_sched.cc:430 WARNING 2749675 LoadBalance [#781 PDF] observed exec-time bins (cumulative): <10us=1661120 <50us=84168 <500us=7879 <10ms=9467 <50ms=354 <500ms=139 <1s=0 >=1s=1 | stalls_detected=1[0m
[33m/home/cvazquezperezdelacru/clio-core/context-runtime/src/scheduler/default_sched.cc:439 WARNING 2749675 LoadBalance [#785] lane rescues performed: 1[0m
[33m/home/cvazquezperezdelacru/clio-core/context-runtime/src/scheduler/default_sched.cc:430 WARNING 2749675 LoadBalance [#781 PDF] observed exec-time bins (cumulative): <10us=1722627 <50us=89280 <500us=8144 <10ms=9930 <50ms=356 <500ms=139 <1s=0 >=1s=1 | stalls_detected=1[0m
[33m/home/cvazquezperezdelacru/clio-core/context-runtime/src/scheduler/default_sched.cc:439 WARNING 2749675 LoadBalance [#785] lane rescues performed: 1[0m
[33m/home/cvazquezperezdelacru/clio-core/context-runtime/src/scheduler/default_sched.cc:430 WARNING 2749675 LoadBalance [#781 PDF] observed exec-time bins (cumulative): <10us=1785289 <50us=93995 <500us=8419 <10ms=10419 <50ms=360 <500ms=139 <1s=0 >=1s=1 | stalls_detected=1[0m
[33m/home/cvazquezperezdelacru/clio-core/context-runtime/src/scheduler/default_sched.cc:439 WARNING 2749675 LoadBalance [#785] lane rescues performed: 1[0m
[33m/home/cvazquezperezdelacru/clio-core/context-runtime/src/scheduler/default_sched.cc:430 WARNING 2749675 LoadBalance [#781 PDF] observed exec-time bins (cumulative): <10us=1846128 <50us=98694 <500us=8709 <10ms=10862 <50ms=362 <500ms=139 <1s=0 >=1s=1 | stalls_detected=1[0m
[33m/home/cvazquezperezdelacru/clio-core/context-runtime/src/scheduler/default_sched.cc:439 WARNING 2749675 LoadBalance [#785] lane rescues performed: 1[0m
[33m/home/cvazquezperezdelacru/clio-core/context-runtime/src/scheduler/default_sched.cc:430 WARNING 2749675 LoadBalance [#781 PDF] observed exec-time bins (cumulative): <10us=1907595 <50us=103812 <500us=9009 <10ms=11310 <50ms=365 <500ms=140 <1s=0 >=1s=1 | stalls_detected=1[0m
[33m/home/cvazquezperezdelacru/clio-core/context-runtime/src/scheduler/default_sched.cc:439 WARNING 2749675 LoadBalance [#785] lane rescues performed: 1[0m
[33m/home/cvazquezperezdelacru/clio-core/context-runtime/src/scheduler/default_sched.cc:430 WARNING 2749675 LoadBalance [#781 PDF] observed exec-time bins (cumulative): <10us=1969560 <50us=108035 <500us=9336 <10ms=11767 <50ms=369 <500ms=140 <1s=0 >=1s=1 | stalls_detected=1[0m
[33m/home/cvazquezperezdelacru/clio-core/context-runtime/src/scheduler/default_sched.cc:439 WARNING 2749675 LoadBalance [#785] lane rescues performed: 1[0m
[31m/home/cvazquezperezdelacru/clio-core/context-runtime/src/scheduler/default_sched.cc:726 ERROR 2749675 LoadBalance [HANGWATCH-HB] processed=44848 outstanding=1 (queued=1 blocked=0 retry=0 periodic=7) live=2 live_stalled=0[0m
[33m/home/cvazquezperezdelacru/clio-core/context-runtime/src/scheduler/default_sched.cc:430 WARNING 2749675 LoadBalance [#781 PDF] observed exec-time bins (cumulative): <10us=2031185 <50us=112743 <500us=9577 <10ms=12303 <50ms=372 <500ms=140 <1s=0 >=1s=1 | stalls_detected=1[0m
[33m/home/cvazquezperezdelacru/clio-core/context-runtime/src/scheduler/default_sched.cc:439 WARNING 2749675 LoadBalance [#785] lane rescues performed: 1[0m
[33m/home/cvazquezperezdelacru/clio-core/context-runtime/src/scheduler/default_sched.cc:430 WARNING 2749675 LoadBalance [#781 PDF] observed exec-time bins (cumulative): <10us=2091442 <50us=117994 <500us=9876 <10ms=12801 <50ms=377 <500ms=140 <1s=0 >=1s=1 | stalls_detected=1[0m
[33m/home/cvazquezperezdelacru/clio-core/context-runtime/src/scheduler/default_sched.cc:439 WARNING 2749675 LoadBalance [#785] lane rescues performed: 1[0m
[33m/home/cvazquezperezdelacru/clio-core/context-runtime/src/scheduler/default_sched.cc:430 WARNING 2749675 LoadBalance [#781 PDF] observed exec-time bins (cumulative): <10us=2154307 <50us=122935 <500us=10141 <10ms=13305 <50ms=381 <500ms=140 <1s=0 >=1s=1 | stalls_detected=1[0m
[33m/home/cvazquezperezdelacru/clio-core/context-runtime/src/scheduler/default_sched.cc:439 WARNING 2749675 LoadBalance [#785] lane rescues performed: 1[0m
[33m/home/cvazquezperezdelacru/clio-core/context-runtime/src/scheduler/default_sched.cc:430 WARNING 2749675 LoadBalance [#781 PDF] observed exec-time bins (cumulative): <10us=2216674 <50us=126801 <500us=10385 <10ms=13617 <50ms=382 <500ms=140 <1s=0 >=1s=1 | stalls_detected=1[0m
[33m/home/cvazquezperezdelacru/clio-core/context-runtime/src/scheduler/default_sched.cc:439 WARNING 2749675 LoadBalance [#785] lane rescues performed: 1[0m
[33m/home/cvazquezperezdelacru/clio-core/context-runtime/src/scheduler/default_sched.cc:430 WARNING 2749675 LoadBalance [#781 PDF] observed exec-time bins (cumulative): <10us=2281601 <50us=128555 <500us=10503 <10ms=13720 <50ms=382 <500ms=140 <1s=0 >=1s=1 | stalls_detected=1[0m
[33m/home/cvazquezperezdelacru/clio-core/context-runtime/src/scheduler/default_sched.cc:439 WARNING 2749675 LoadBalance [#785] lane rescues performed: 1[0m
[97m/home/cvazquezperezdelacru/clio-core/context-runtime/src/ipc_manager.cc:2288 INFO 2749677 GetOrCreateClient [ClientPool] Creating new persistent connection to 127.0.0.1:39171[0m
[97m/home/cvazquezperezdelacru/clio-core/context-runtime/src/ipc_manager.cc:2308 INFO 2749677 GetOrCreateClient [ClientPool] Connection established to 127.0.0.1:39171[0m
[97m/home/cvazquezperezdelacru/clio-core/context-runtime/modules/admin/src/admin_runtime.cc:1191 INFO 2749667 RegisterMemory Admin::RegisterMemory: Registering CPU alloc_id (2750222.0)[0m
[97m/home/cvazquezperezdelacru/clio-core/context-runtime/src/ipc_manager.cc:2532 INFO 2749667 RegisterMemory IpcManager::RegisterMemory: Registering clio_2750222_0 from pid 2750222[0m
[97m/home/cvazquezperezdelacru/clio-core/context-runtime/src/ipc_manager.cc:2575 INFO 2749667 RegisterMemory IpcManager::RegisterMemory: Successfully registered clio_2750222_0[0m
[97m/home/cvazquezperezdelacru/clio-core/context-runtime/src/pool_manager.cc:534 INFO 2749671 CreatePool PoolManager: Creating pool 'clio_cte_core' with 1 containers (one per node)[0m
[97m/home/cvazquezperezdelacru/clio-core/context-runtime/src/pool_manager.cc:575 INFO 2749671 CreatePool PoolManager: Pool PoolId(major:512, minor:0) already exists by ID, returning existing pool[0m
[97m/home/cvazquezperezdelacru/clio-core/context-runtime/src/pool_manager.cc:534 INFO 2749671 CreatePool PoolManager: Creating pool 'faiss_ivf_bench' with 1 containers (one per node)[0m
[97m/home/cvazquezperezdelacru/clio-core/context-runtime/src/pool_manager.cc:575 INFO 2749671 CreatePool PoolManager: Pool PoolId(major:600, minor:0) already exists by ID, returning existing pool[0m
[97m/home/cvazquezperezdelacru/clio-core/context-runtime/src/ipc_manager.cc:2440 INFO 2749667 IncreaseClientShm IpcManager::IncreaseClientShm: Creating clio_2749646_4 with size 117768192 (84213760 + 33554432 overhead)[0m
[97m/home/cvazquezperezdelacru/clio-core/context-runtime/src/ipc_manager.cc:2485 INFO 2749667 IncreaseClientShm IpcManager::IncreaseClientShm: Created allocator clio_2749646_4 with ID (2749646.4)[0m
[97m/mnt/common/cvazquezperezdelacru/IOWARP/faiss/contrib/iowarp/chimod/src/faiss_ivf_runtime.cc:258 INFO 2749667 OpenIndex faiss_ivf: opened '/mnt/common/cvazquezperezdelacru/faiss/slurm_bench/work/ondisk_nb100M.index' (d=128, nlist=16384, ntotal=100000000, tag='faiss_ivf::ondisk_nb100M')[0m
[97m/mnt/common/cvazquezperezdelacru/IOWARP/faiss/contrib/iowarp/chimod/src/faiss_ivf_runtime.cc:329 INFO 2749667 Search faiss_ivf: Search nq=500 k=10 nprobe=256 unique_lists=16289[0m
[97m/home/cvazquezperezdelacru/clio-core/context-runtime/src/ipc_manager.cc:2440 INFO 2749667 IncreaseClientShm IpcManager::IncreaseClientShm: Creating clio_2749646_5 with size 177952912 (144398480 + 33554432 overhead)[0m
[97m/home/cvazquezperezdelacru/clio-core/context-runtime/src/ipc_manager.cc:2485 INFO 2749667 IncreaseClientShm IpcManager::IncreaseClientShm: Created allocator clio_2749646_5 with ID (2749646.5)[0m
[97m/home/cvazquezperezdelacru/clio-core/context-runtime/src/ipc_manager.cc:2440 INFO 2749667 IncreaseClientShm IpcManager::IncreaseClientShm: Creating clio_2749646_6 with size 177952912 (144398480 + 33554432 overhead)[0m
[97m/home/cvazquezperezdelacru/clio-core/context-runtime/src/ipc_manager.cc:2485 INFO 2749667 IncreaseClientShm IpcManager::IncreaseClientShm: Created allocator clio_2749646_6 with ID (2749646.6)[0m
[97m/home/cvazquezperezdelacru/clio-core/context-runtime/src/ipc_manager.cc:2440 INFO 2749667 IncreaseClientShm IpcManager::IncreaseClientShm: Creating clio_2749646_7 with size 177952912 (144398480 + 33554432 overhead)[0m
[97m/home/cvazquezperezdelacru/clio-core/context-runtime/src/ipc_manager.cc:2485 INFO 2749667 IncreaseClientShm IpcManager::IncreaseClientShm: Created allocator clio_2749646_7 with ID (2749646.7)[0m
[97m/home/cvazquezperezdelacru/clio-core/context-runtime/src/ipc_manager.cc:2440 INFO 2749667 IncreaseClientShm IpcManager::IncreaseClientShm: Creating clio_2749646_8 with size 177952912 (144398480 + 33554432 overhead)[0m
[97m/home/cvazquezperezdelacru/clio-core/context-runtime/src/ipc_manager.cc:2485 INFO 2749667 IncreaseClientShm IpcManager::IncreaseClientShm: Created allocator clio_2749646_8 with ID (2749646.8)[0m
[97m/home/cvazquezperezdelacru/clio-core/context-runtime/src/ipc_manager.cc:2440 INFO 2749667 IncreaseClientShm IpcManager::IncreaseClientShm: Creating clio_2749646_9 with size 177952912 (144398480 + 33554432 overhead)[0m
[97m/home/cvazquezperezdelacru/clio-core/context-runtime/src/ipc_manager.cc:2485 INFO 2749667 IncreaseClientShm IpcManager::IncreaseClientShm: Created allocator clio_2749646_9 with ID (2749646.9)[0m
[97m/home/cvazquezperezdelacru/clio-core/context-runtime/src/ipc_manager.cc:2440 INFO 2749667 IncreaseClientShm IpcManager::IncreaseClientShm: Creating clio_2749646_10 with size 177952912 (144398480 + 33554432 overhead)[0m
[97m/home/cvazquezperezdelacru/clio-core/context-runtime/src/ipc_manager.cc:2485 INFO 2749667 IncreaseClientShm IpcManager::IncreaseClientShm: Created allocator clio_2749646_10 with ID (2749646.10)[0m
[97m/home/cvazquezperezdelacru/clio-core/context-runtime/src/ipc_manager.cc:2440 INFO 2749667 IncreaseClientShm IpcManager::IncreaseClientShm: Creating clio_2749646_11 with size 177952912 (144398480 + 33554432 overhead)[0m
[97m/home/cvazquezperezdelacru/clio-core/context-runtime/src/ipc_manager.cc:2485 INFO 2749667 IncreaseClientShm IpcManager::IncreaseClientShm: Created allocator clio_2749646_11 with ID (2749646.11)[0m
[97m/home/cvazquezperezdelacru/clio-core/context-runtime/src/ipc_manager.cc:2440 INFO 2749667 IncreaseClientShm IpcManager::IncreaseClientShm: Creating clio_2749646_12 with size 177952912 (144398480 + 33554432 overhead)[0m
[97m/home/cvazquezperezdelacru/clio-core/context-runtime/src/ipc_manager.cc:2485 INFO 2749667 IncreaseClientShm IpcManager::IncreaseClientShm: Created allocator clio_2749646_12 with ID (2749646.12)[0m
[97m/home/cvazquezperezdelacru/clio-core/context-runtime/src/ipc_manager.cc:2440 INFO 2749667 IncreaseClientShm IpcManager::IncreaseClientShm: Creating clio_2749646_13 with size 177952912 (144398480 + 33554432 overhead)[0m
[97m/home/cvazquezperezdelacru/clio-core/context-runtime/src/ipc_manager.cc:2485 INFO 2749667 IncreaseClientShm IpcManager::IncreaseClientShm: Created allocator clio_2749646_13 with ID (2749646.13)[0m
[33m/home/cvazquezperezdelacru/clio-core/context-runtime/src/scheduler/default_sched.cc:455 WARNING 2749675 operator() [#781] worker 0 STALLED on one task (load_us=0 realtime_load_us=1.11261e+06 threshold_s=1)[0m
[33m/home/cvazquezperezdelacru/clio-core/context-runtime/src/worker.cc:370 WARNING 2749675 AdoptLane [#785] worker 0 adopted lane 0x7f815dc3e1e8[0m
[33m/home/cvazquezperezdelacru/clio-core/context-runtime/src/scheduler/default_sched.cc:598 WARNING 2749675 operator() [#785] RESCUE: stalled worker 0 -> worker 8 (0 parked task(s) moved, 0 queued task(s) redistributed, rescues=2)[0m
[33m/home/cvazquezperezdelacru/clio-core/context-runtime/src/scheduler/default_sched.cc:455 WARNING 2749675 operator() [#781] worker 0 STALLED on one task (load_us=0 realtime_load_us=1.61368e+06 threshold_s=1)[0m
[33m/home/cvazquezperezdelacru/clio-core/context-runtime/src/worker.cc:370 WARNING 2749675 AdoptLane [#785] worker 0 adopted lane 0x7f815dc3e1e8[0m
[33m/home/cvazquezperezdelacru/clio-core/context-runtime/src/scheduler/default_sched.cc:598 WARNING 2749675 operator() [#785] RESCUE: stalled worker 0 -> worker 8 (0 parked task(s) moved, 0 queued task(s) redistributed, rescues=3)[0m
[33m/home/cvazquezperezdelacru/clio-core/context-runtime/src/scheduler/default_sched.cc:455 WARNING 2749675 operator() [#781] worker 0 STALLED on one task (load_us=0 realtime_load_us=2.11423e+06 threshold_s=1)[0m
[33m/home/cvazquezperezdelacru/clio-core/context-runtime/src/worker.cc:370 WARNING 2749675 AdoptLane [#785] worker 0 adopted lane 0x7f815dc3e1e8[0m
[33m/home/cvazquezperezdelacru/clio-core/context-runtime/src/scheduler/default_sched.cc:598 WARNING 2749675 operator() [#785] RESCUE: stalled worker 0 -> worker 8 (0 parked task(s) moved, 0 queued task(s) redistributed, rescues=4)[0m
[33m/home/cvazquezperezdelacru/clio-core/context-runtime/src/scheduler/default_sched.cc:455 WARNING 2749675 operator() [#781] worker 0 STALLED on one task (load_us=0 realtime_load_us=2.61481e+06 threshold_s=1)[0m
[33m/home/cvazquezperezdelacru/clio-core/context-runtime/src/worker.cc:370 WARNING 2749675 AdoptLane [#785] worker 0 adopted lane 0x7f815dc3e1e8[0m
[33m/home/cvazquezperezdelacru/clio-core/context-runtime/src/scheduler/default_sched.cc:598 WARNING 2749675 operator() [#785] RESCUE: stalled worker 0 -> worker 8 (0 parked task(s) moved, 0 queued task(s) redistributed, rescues=5)[0m
[33m/home/cvazquezperezdelacru/clio-core/context-runtime/src/scheduler/default_sched.cc:430 WARNING 2749675 LoadBalance [#781 PDF] observed exec-time bins (cumulative): <10us=2345902 <50us=131997 <500us=10518 <10ms=13724 <50ms=383 <500ms=140 <1s=0 >=1s=1 | stalls_detected=5[0m
[33m/home/cvazquezperezdelacru/clio-core/context-runtime/src/scheduler/default_sched.cc:439 WARNING 2749675 LoadBalance [#785] lane rescues performed: 5[0m
[33m/home/cvazquezperezdelacru/clio-core/context-runtime/src/scheduler/default_sched.cc:455 WARNING 2749675 operator() [#781] worker 0 STALLED on one task (load_us=0 realtime_load_us=3.1155e+06 threshold_s=1)[0m
[33m/home/cvazquezperezdelacru/clio-core/context-runtime/src/worker.cc:370 WARNING 2749675 AdoptLane [#785] worker 0 adopted lane 0x7f815dc3e1e8[0m
[33m/home/cvazquezperezdelacru/clio-core/context-runtime/src/scheduler/default_sched.cc:598 WARNING 2749675 operator() [#785] RESCUE: stalled worker 0 -> worker 8 (0 parked task(s) moved, 0 queued task(s) redistributed, rescues=6)[0m
[33m/home/cvazquezperezdelacru/clio-core/context-runtime/src/scheduler/default_sched.cc:455 WARNING 2749675 operator() [#781] worker 0 STALLED on one task (load_us=0 realtime_load_us=3.61621e+06 threshold_s=1)[0m
[33m/home/cvazquezperezdelacru/clio-core/context-runtime/src/worker.cc:370 WARNING 2749675 AdoptLane [#785] worker 0 adopted lane 0x7f815dc3e1e8[0m
[33m/home/cvazquezperezdelacru/clio-core/context-runtime/src/scheduler/default_sched.cc:598 WARNING 2749675 operator() [#785] RESCUE: stalled worker 0 -> worker 8 (0 parked task(s) moved, 0 queued task(s) redistributed, rescues=7)[0m
[33m/home/cvazquezperezdelacru/clio-core/context-runtime/src/scheduler/default_sched.cc:455 WARNING 2749675 operator() [#781] worker 0 STALLED on one task (load_us=0 realtime_load_us=4.1169e+06 threshold_s=1)[0m
[33m/home/cvazquezperezdelacru/clio-core/context-runtime/src/worker.cc:370 WARNING 2749675 AdoptLane [#785] worker 0 adopted lane 0x7f815dc3e1e8[0m
[33m/home/cvazquezperezdelacru/clio-core/context-runtime/src/scheduler/default_sched.cc:598 WARNING 2749675 operator() [#785] RESCUE: stalled worker 0 -> worker 8 (0 parked task(s) moved, 0 queued task(s) redistributed, rescues=8)[0m
[33m/home/cvazquezperezdelacru/clio-core/context-runtime/src/scheduler/default_sched.cc:455 WARNING 2749675 operator() [#781] worker 0 STALLED on one task (load_us=0 realtime_load_us=4.61754e+06 threshold_s=1)[0m
[33m/home/cvazquezperezdelacru/clio-core/context-runtime/src/worker.cc:370 WARNING 2749675 AdoptLane [#785] worker 0 adopted lane 0x7f815dc3e1e8[0m
[33m/home/cvazquezperezdelacru/clio-core/context-runtime/src/scheduler/default_sched.cc:598 WARNING 2749675 operator() [#785] RESCUE: stalled worker 0 -> worker 8 (0 parked task(s) moved, 0 queued task(s) redistributed, rescues=9)[0m
[33m/home/cvazquezperezdelacru/clio-core/context-runtime/src/scheduler/default_sched.cc:455 WARNING 2749675 operator() [#781] worker 0 STALLED on one task (load_us=0 realtime_load_us=5.11813e+06 threshold_s=1)[0m
[33m/home/cvazquezperezdelacru/clio-core/context-runtime/src/worker.cc:370 WARNING 2749675 AdoptLane [#785] worker 0 adopted lane 0x7f815dc3e1e8[0m
[33m/home/cvazquezperezdelacru/clio-core/context-runtime/src/scheduler/default_sched.cc:598 WARNING 2749675 operator() [#785] RESCUE: stalled worker 0 -> worker 8 (0 parked task(s) moved, 0 queued task(s) redistributed, rescues=10)[0m
[33m/home/cvazquezperezdelacru/clio-core/context-runtime/src/scheduler/default_sched.cc:455 WARNING 2749675 operator() [#781] worker 0 STALLED on one task (load_us=0 realtime_load_us=5.61879e+06 threshold_s=1)[0m
[33m/home/cvazquezperezdelacru/clio-core/context-runtime/src/worker.cc:370 WARNING 2749675 AdoptLane [#785] worker 0 adopted lane 0x7f815dc3e1e8[0m
[33m/home/cvazquezperezdelacru/clio-core/context-runtime/src/scheduler/default_sched.cc:598 WARNING 2749675 operator() [#785] RESCUE: stalled worker 0 -> worker 8 (0 parked task(s) moved, 0 queued task(s) redistributed, rescues=11)[0m
[33m/home/cvazquezperezdelacru/clio-core/context-runtime/src/scheduler/default_sched.cc:455 WARNING 2749675 operator() [#781] worker 0 STALLED on one task (load_us=0 realtime_load_us=6.11948e+06 threshold_s=1)[0m
[33m/home/cvazquezperezdelacru/clio-core/context-runtime/src/worker.cc:370 WARNING 2749675 AdoptLane [#785] worker 0 adopted lane 0x7f815dc3e1e8[0m
[33m/home/cvazquezperezdelacru/clio-core/context-runtime/src/scheduler/default_sched.cc:598 WARNING 2749675 operator() [#785] RESCUE: stalled worker 0 -> worker 8 (0 parked task(s) moved, 0 queued task(s) redistributed, rescues=12)[0m
[33m/home/cvazquezperezdelacru/clio-core/context-runtime/src/scheduler/default_sched.cc:455 WARNING 2749675 operator() [#781] worker 0 STALLED on one task (load_us=0 realtime_load_us=6.6202e+06 threshold_s=1)[0m
[33m/home/cvazquezperezdelacru/clio-core/context-runtime/src/worker.cc:370 WARNING 2749675 AdoptLane [#785] worker 0 adopted lane 0x7f815dc3e1e8[0m
[33m/home/cvazquezperezdelacru/clio-core/context-runtime/src/scheduler/default_sched.cc:598 WARNING 2749675 operator() [#785] RESCUE: stalled worker 0 -> worker 8 (0 parked task(s) moved, 0 queued task(s) redistributed, rescues=13)[0m
[33m/home/cvazquezperezdelacru/clio-core/context-runtime/src/scheduler/default_sched.cc:455 WARNING 2749675 operator() [#781] worker 0 STALLED on one task (load_us=0 realtime_load_us=7.12081e+06 threshold_s=1)[0m
[33m/home/cvazquezperezdelacru/clio-core/context-runtime/src/worker.cc:370 WARNING 2749675 AdoptLane [#785] worker 0 adopted lane 0x7f815dc3e1e8[0m
[33m/home/cvazquezperezdelacru/clio-core/context-runtime/src/scheduler/default_sched.cc:598 WARNING 2749675 operator() [#785] RESCUE: stalled worker 0 -> worker 8 (0 parked task(s) moved, 0 queued task(s) redistributed, rescues=14)[0m
[33m/home/cvazquezperezdelacru/clio-core/context-runtime/src/scheduler/default_sched.cc:455 WARNING 2749675 operator() [#781] worker 0 STALLED on one task (load_us=0 realtime_load_us=7.62143e+06 threshold_s=1)[0m
[33m/home/cvazquezperezdelacru/clio-core/context-runtime/src/worker.cc:370 WARNING 2749675 AdoptLane [#785] worker 0 adopted lane 0x7f815dc3e1e8[0m
[33m/home/cvazquezperezdelacru/clio-core/context-runtime/src/scheduler/default_sched.cc:598 WARNING 2749675 operator() [#785] RESCUE: stalled worker 0 -> worker 8 (0 parked task(s) moved, 0 queued task(s) redistributed, rescues=15)[0m
[33m/home/cvazquezperezdelacru/clio-core/context-runtime/src/scheduler/default_sched.cc:430 WARNING 2749675 LoadBalance [#781 PDF] observed exec-time bins (cumulative): <10us=2407830 <50us=137258 <500us=10525 <10ms=13726 <50ms=383 <500ms=140 <1s=0 >=1s=1 | stalls_detected=15[0m
[33m/home/cvazquezperezdelacru/clio-core/context-runtime/src/scheduler/default_sched.cc:439 WARNING 2749675 LoadBalance [#785] lane rescues performed: 15[0m
[33m/home/cvazquezperezdelacru/clio-core/context-runtime/src/scheduler/default_sched.cc:455 WARNING 2749675 operator() [#781] worker 0 STALLED on one task (load_us=0 realtime_load_us=8.12208e+06 threshold_s=1)[0m
[33m/home/cvazquezperezdelacru/clio-core/context-runtime/src/worker.cc:370 WARNING 2749675 AdoptLane [#785] worker 0 adopted lane 0x7f815dc3e1e8[0m
[33m/home/cvazquezperezdelacru/clio-core/context-runtime/src/scheduler/default_sched.cc:598 WARNING 2749675 operator() [#785] RESCUE: stalled worker 0 -> worker 8 (0 parked task(s) moved, 0 queued task(s) redistributed, rescues=16)[0m
[33m/home/cvazquezperezdelacru/clio-core/context-runtime/src/scheduler/default_sched.cc:455 WARNING 2749675 operator() [#781] worker 0 STALLED on one task (load_us=0 realtime_load_us=8.62278e+06 threshold_s=1)[0m
[33m/home/cvazquezperezdelacru/clio-core/context-runtime/src/worker.cc:370 WARNING 2749675 AdoptLane [#785] worker 0 adopted lane 0x7f815dc3e1e8[0m
[33m/home/cvazquezperezdelacru/clio-core/context-runtime/src/scheduler/default_sched.cc:598 WARNING 2749675 operator() [#785] RESCUE: stalled worker 0 -> worker 8 (0 parked task(s) moved, 0 queued task(s) redistributed, rescues=17)[0m
[33m/home/cvazquezperezdelacru/clio-core/context-runtime/src/scheduler/default_sched.cc:455 WARNING 2749675 operator() [#781] worker 0 STALLED on one task (load_us=0 realtime_load_us=9.12345e+06 threshold_s=1)[0m
[33m/home/cvazquezperezdelacru/clio-core/context-runtime/src/worker.cc:370 WARNING 2749675 AdoptLane [#785] worker 0 adopted lane 0x7f815dc3e1e8[0m
[33m/home/cvazquezperezdelacru/clio-core/context-runtime/src/scheduler/default_sched.cc:598 WARNING 2749675 operator() [#785] RESCUE: stalled worker 0 -> worker 8 (0 parked task(s) moved, 0 queued task(s) redistributed, rescues=18)[0m
[33m/home/cvazquezperezdelacru/clio-core/context-runtime/src/scheduler/default_sched.cc:455 WARNING 2749675 operator() [#781] worker 0 STALLED on one task (load_us=0 realtime_load_us=9.62405e+06 threshold_s=1)[0m
[33m/home/cvazquezperezdelacru/clio-core/context-runtime/src/worker.cc:370 WARNING 2749675 AdoptLane [#785] worker 0 adopted lane 0x7f815dc3e1e8[0m
[33m/home/cvazquezperezdelacru/clio-core/context-runtime/src/scheduler/default_sched.cc:598 WARNING 2749675 operator() [#785] RESCUE: stalled worker 0 -> worker 8 (0 parked task(s) moved, 0 queued task(s) redistributed, rescues=19)[0m
[33m/home/cvazquezperezdelacru/clio-core/context-runtime/src/scheduler/default_sched.cc:455 WARNING 2749675 operator() [#781] worker 0 STALLED on one task (load_us=0 realtime_load_us=1.01247e+07 threshold_s=1)[0m
[33m/home/cvazquezperezdelacru/clio-core/context-runtime/src/worker.cc:370 WARNING 2749675 AdoptLane [#785] worker 0 adopted lane 0x7f815dc3e1e8[0m
[33m/home/cvazquezperezdelacru/clio-core/context-runtime/src/scheduler/default_sched.cc:598 WARNING 2749675 operator() [#785] RESCUE: stalled worker 0 -> worker 8 (0 parked task(s) moved, 0 queued task(s) redistributed, rescues=20)[0m
[33m/home/cvazquezperezdelacru/clio-core/context-runtime/src/scheduler/default_sched.cc:455 WARNING 2749675 operator() [#781] worker 0 STALLED on one task (load_us=0 realtime_load_us=1.06253e+07 threshold_s=1)[0m
[33m/home/cvazquezperezdelacru/clio-core/context-runtime/src/worker.cc:370 WARNING 2749675 AdoptLane [#785] worker 0 adopted lane 0x7f815dc3e1e8[0m
[33m/home/cvazquezperezdelacru/clio-core/context-runtime/src/scheduler/default_sched.cc:598 WARNING 2749675 operator() [#785] RESCUE: stalled worker 0 -> worker 8 (0 parked task(s) moved, 0 queued task(s) redistributed, rescues=21)[0m
[33m/home/cvazquezperezdelacru/clio-core/context-runtime/src/scheduler/default_sched.cc:455 WARNING 2749675 operator() [#781] worker 0 STALLED on one task (load_us=0 realtime_load_us=1.1126e+07 threshold_s=1)[0m
[33m/home/cvazquezperezdelacru/clio-core/context-runtime/src/worker.cc:370 WARNING 2749675 AdoptLane [#785] worker 0 adopted lane 0x7f815dc3e1e8[0m
[33m/home/cvazquezperezdelacru/clio-core/context-runtime/src/scheduler/default_sched.cc:598 WARNING 2749675 operator() [#785] RESCUE: stalled worker 0 -> worker 8 (0 parked task(s) moved, 0 queued task(s) redistributed, rescues=22)[0m
[33m/home/cvazquezperezdelacru/clio-core/context-runtime/src/scheduler/default_sched.cc:455 WARNING 2749675 operator() [#781] worker 0 STALLED on one task (load_us=0 realtime_load_us=1.16267e+07 threshold_s=1)[0m
[33m/home/cvazquezperezdelacru/clio-core/context-runtime/src/worker.cc:370 WARNING 2749675 AdoptLane [#785] worker 0 adopted lane 0x7f815dc3e1e8[0m
[33m/home/cvazquezperezdelacru/clio-core/context-runtime/src/scheduler/default_sched.cc:598 WARNING 2749675 operator() [#785] RESCUE: stalled worker 0 -> worker 8 (0 parked task(s) moved, 0 queued task(s) redistributed, rescues=23)[0m
[33m/home/cvazquezperezdelacru/clio-core/context-runtime/src/scheduler/default_sched.cc:430 WARNING 2749675 LoadBalance [#781 PDF] observed exec-time bins (cumulative): <10us=2469053 <50us=142979 <500us=10579 <10ms=14224 <50ms=404 <500ms=140 <1s=0 >=1s=1 | stalls_detected=23[0m
[33m/home/cvazquezperezdelacru/clio-core/context-runtime/src/scheduler/default_sched.cc:439 WARNING 2749675 LoadBalance [#785] lane rescues performed: 23[0m
[31m/home/cvazquezperezdelacru/clio-core/context-runtime/src/scheduler/default_sched.cc:726 ERROR 2749675 LoadBalance [HANGWATCH-HB] processed=50821 outstanding=42 (queued=42 blocked=0 retry=0 periodic=26) live=2 live_stalled=0[0m
[31m/home/cvazquezperezdelacru/clio-core/context-runtime/src/scheduler/default_sched.cc:726 ERROR 2749675 LoadBalance [HANGWATCH-HB] processed=52505 outstanding=16 (queued=16 blocked=0 retry=0 periodic=51) live=3 live_stalled=0[0m
[31m/home/cvazquezperezdelacru/clio-core/context-runtime/src/scheduler/default_sched.cc:726 ERROR 2749675 LoadBalance [HANGWATCH-HB] processed=54396 outstanding=6 (queued=6 blocked=0 retry=0 periodic=10) live=2 live_stalled=0[0m
[33m/home/cvazquezperezdelacru/clio-core/context-runtime/src/scheduler/default_sched.cc:430 WARNING 2749675 LoadBalance [#781 PDF] observed exec-time bins (cumulative): <10us=2535789 <50us=147508 <500us=10717 <10ms=15859 <50ms=498 <500ms=140 <1s=0 >=1s=1 | stalls_detected=23[0m
[33m/home/cvazquezperezdelacru/clio-core/context-runtime/src/scheduler/default_sched.cc:439 WARNING 2749675 LoadBalance [#785] lane rescues performed: 23[0m
[31m/home/cvazquezperezdelacru/clio-core/context-runtime/src/scheduler/default_sched.cc:726 ERROR 2749675 LoadBalance [HANGWATCH-HB] processed=55775 outstanding=44 (queued=44 blocked=0 retry=0 periodic=26) live=1 live_stalled=0[0m
[31m/home/cvazquezperezdelacru/clio-core/context-runtime/src/scheduler/default_sched.cc:726 ERROR 2749675 LoadBalance [HANGWATCH-HB] processed=57225 outstanding=19 (queued=19 blocked=0 retry=0 periodic=30) live=2 live_stalled=0[0m
[33m/home/cvazquezperezdelacru/clio-core/context-runtime/src/scheduler/default_sched.cc:430 WARNING 2749675 LoadBalance [#781 PDF] observed exec-time bins (cumulative): <10us=2606694 <50us=150624 <500us=10855 <10ms=17272 <50ms=568 <500ms=140 <1s=0 >=1s=1 | stalls_detected=23[0m
[33m/home/cvazquezperezdelacru/clio-core/context-runtime/src/scheduler/default_sched.cc:439 WARNING 2749675 LoadBalance [#785] lane rescues performed: 23[0m
[31m/home/cvazquezperezdelacru/clio-core/context-runtime/src/scheduler/default_sched.cc:726 ERROR 2749675 LoadBalance [HANGWATCH-HB] processed=58615 outstanding=24 (queued=24 blocked=0 retry=0 periodic=44) live=1 live_stalled=0[0m
[31m/home/cvazquezperezdelacru/clio-core/context-runtime/src/scheduler/default_sched.cc:726 ERROR 2749675 LoadBalance [HANGWATCH-HB] processed=60039 outstanding=43 (queued=43 blocked=0 retry=0 periodic=13) live=3 live_stalled=0[0m
[31m/home/cvazquezperezdelacru/clio-core/context-runtime/src/scheduler/default_sched.cc:726 ERROR 2749675 LoadBalance [HANGWATCH-HB] processed=61461 outstanding=34 (queued=34 blocked=0 retry=0 periodic=36) live=1 live_stalled=0[0m
[33m/home/cvazquezperezdelacru/clio-core/context-runtime/src/scheduler/default_sched.cc:430 WARNING 2749675 LoadBalance [#781 PDF] observed exec-time bins (cumulative): <10us=2670577 <50us=155842 <500us=10951 <10ms=18686 <50ms=635 <500ms=140 <1s=0 >=1s=1 | stalls_detected=23[0m
[33m/home/cvazquezperezdelacru/clio-core/context-runtime/src/scheduler/default_sched.cc:439 WARNING 2749675 LoadBalance [#785] lane rescues performed: 23[0m
[97m/mnt/common/cvazquezperezdelacru/IOWARP/faiss/contrib/iowarp/chimod/src/faiss_ivf_runtime.cc:329 INFO 2749670 Search faiss_ivf: Search nq=500 k=10 nprobe=256 unique_lists=16289[0m
[33m/home/cvazquezperezdelacru/clio-core/context-runtime/src/scheduler/default_sched.cc:455 WARNING 2749675 operator() [#781] worker 3 STALLED on one task (load_us=-1.43137e+27 realtime_load_us=-1.43137e+27 threshold_s=1)[0m
[33m/home/cvazquezperezdelacru/clio-core/context-runtime/src/worker.cc:370 WARNING 2749675 AdoptLane [#785] worker 3 adopted lane 0x7f815dc3e428[0m
[33m/home/cvazquezperezdelacru/clio-core/context-runtime/src/scheduler/default_sched.cc:598 WARNING 2749675 operator() [#785] RESCUE: stalled worker 3 -> worker 8 (2 parked task(s) moved, 3 queued task(s) redistributed, rescues=24)[0m
[33m/home/cvazquezperezdelacru/clio-core/context-runtime/src/scheduler/default_sched.cc:455 WARNING 2749675 operator() [#781] worker 3 STALLED on one task (load_us=-1.43137e+27 realtime_load_us=-1.43137e+27 threshold_s=1)[0m
[33m/home/cvazquezperezdelacru/clio-core/context-runtime/src/worker.cc:370 WARNING 2749675 AdoptLane [#785] worker 3 adopted lane 0x7f815dc3e428[0m
[33m/home/cvazquezperezdelacru/clio-core/context-runtime/src/scheduler/default_sched.cc:598 WARNING 2749675 operator() [#785] RESCUE: stalled worker 3 -> worker 8 (0 parked task(s) moved, 0 queued task(s) redistributed, rescues=25)[0m
[33m/home/cvazquezperezdelacru/clio-core/context-runtime/src/scheduler/default_sched.cc:455 WARNING 2749675 operator() [#781] worker 3 STALLED on one task (load_us=-1.43137e+27 realtime_load_us=-1.43137e+27 threshold_s=1)[0m
[33m/home/cvazquezperezdelacru/clio-core/context-runtime/src/worker.cc:370 WARNING 2749675 AdoptLane [#785] worker 3 adopted lane 0x7f815dc3e428[0m
[33m/home/cvazquezperezdelacru/clio-core/context-runtime/src/scheduler/default_sched.cc:598 WARNING 2749675 operator() [#785] RESCUE: stalled worker 3 -> worker 8 (0 parked task(s) moved, 0 queued task(s) redistributed, rescues=26)[0m
[31m/home/cvazquezperezdelacru/clio-core/context-runtime/src/scheduler/default_sched.cc:726 ERROR 2749675 LoadBalance [HANGWATCH-HB] processed=61984 outstanding=1 (queued=1 blocked=0 retry=0 periodic=6) live=1 live_stalled=1[0m
[33m/home/cvazquezperezdelacru/clio-core/context-runtime/src/scheduler/default_sched.cc:455 WARNING 2749675 operator() [#781] worker 3 STALLED on one task (load_us=-1.43137e+27 realtime_load_us=-1.43137e+27 threshold_s=1)[0m
[33m/home/cvazquezperezdelacru/clio-core/context-runtime/src/worker.cc:370 WARNING 2749675 AdoptLane [#785] worker 3 adopted lane 0x7f815dc3e428[0m
[33m/home/cvazquezperezdelacru/clio-core/context-runtime/src/scheduler/default_sched.cc:598 WARNING 2749675 operator() [#785] RESCUE: stalled worker 3 -> worker 8 (0 parked task(s) moved, 1 queued task(s) redistributed, rescues=27)[0m
[33m/home/cvazquezperezdelacru/clio-core/context-runtime/src/scheduler/default_sched.cc:455 WARNING 2749675 operator() [#781] worker 3 STALLED on one task (load_us=-1.43137e+27 realtime_load_us=-1.43137e+27 threshold_s=1)[0m
[33m/home/cvazquezperezdelacru/clio-core/context-runtime/src/worker.cc:370 WARNING 2749675 AdoptLane [#785] worker 3 adopted lane 0x7f815dc3e428[0m
[33m/home/cvazquezperezdelacru/clio-core/context-runtime/src/scheduler/default_sched.cc:598 WARNING 2749675 operator() [#785] RESCUE: stalled worker 3 -> worker 8 (0 parked task(s) moved, 0 queued task(s) redistributed, rescues=28)[0m
[33m/home/cvazquezperezdelacru/clio-core/context-runtime/src/scheduler/default_sched.cc:455 WARNING 2749675 operator() [#781] worker 3 STALLED on one task (load_us=-1.43137e+27 realtime_load_us=-1.43137e+27 threshold_s=1)[0m
[33m/home/cvazquezperezdelacru/clio-core/context-runtime/src/worker.cc:370 WARNING 2749675 AdoptLane [#785] worker 3 adopted lane 0x7f815dc3e428[0m
[33m/home/cvazquezperezdelacru/clio-core/context-runtime/src/scheduler/default_sched.cc:598 WARNING 2749675 operator() [#785] RESCUE: stalled worker 3 -> worker 8 (0 parked task(s) moved, 0 queued task(s) redistributed, rescues=29)[0m
[33m/home/cvazquezperezdelacru/clio-core/context-runtime/src/scheduler/default_sched.cc:455 WARNING 2749675 operator() [#781] worker 3 STALLED on one task (load_us=-1.43137e+27 realtime_load_us=-1.43137e+27 threshold_s=1)[0m
[33m/home/cvazquezperezdelacru/clio-core/context-runtime/src/worker.cc:370 WARNING 2749675 AdoptLane [#785] worker 3 adopted lane 0x7f815dc3e428[0m
[33m/home/cvazquezperezdelacru/clio-core/context-runtime/src/scheduler/default_sched.cc:598 WARNING 2749675 operator() [#785] RESCUE: stalled worker 3 -> worker 8 (0 parked task(s) moved, 1 queued task(s) redistributed, rescues=30)[0m
[33m/home/cvazquezperezdelacru/clio-core/context-runtime/src/scheduler/default_sched.cc:430 WARNING 2749675 LoadBalance [#781 PDF] observed exec-time bins (cumulative): <10us=2732985 <50us=160585 <500us=10955 <10ms=18752 <50ms=637 <500ms=140 <1s=0 >=1s=2 | stalls_detected=30[0m
[33m/home/cvazquezperezdelacru/clio-core/context-runtime/src/scheduler/default_sched.cc:439 WARNING 2749675 LoadBalance [#785] lane rescues performed: 30[0m
[33m/home/cvazquezperezdelacru/clio-core/context-runtime/src/scheduler/default_sched.cc:455 WARNING 2749675 operator() [#781] worker 3 STALLED on one task (load_us=-1.43137e+27 realtime_load_us=-1.43137e+27 threshold_s=1)[0m
[33m/home/cvazquezperezdelacru/clio-core/context-runtime/src/worker.cc:370 WARNING 2749675 AdoptLane [#785] worker 3 adopted lane 0x7f815dc3e428[0m
[33m/home/cvazquezperezdelacru/clio-core/context-runtime/src/scheduler/default_sched.cc:598 WARNING 2749675 operator() [#785] RESCUE: stalled worker 3 -> worker 8 (0 parked task(s) moved, 0 queued task(s) redistributed, rescues=31)[0m
[33m/home/cvazquezperezdelacru/clio-core/context-runtime/src/scheduler/default_sched.cc:455 WARNING 2749675 operator() [#781] worker 3 STALLED on one task (load_us=-1.43137e+27 realtime_load_us=-1.43137e+27 threshold_s=1)[0m
[33m/home/cvazquezperezdelacru/clio-core/context-runtime/src/worker.cc:370 WARNING 2749675 AdoptLane [#785] worker 3 adopted lane 0x7f815dc3e428[0m
[33m/home/cvazquezperezdelacru/clio-core/context-runtime/src/scheduler/default_sched.cc:598 WARNING 2749675 operator() [#785] RESCUE: stalled worker 3 -> worker 8 (0 parked task(s) moved, 0 queued task(s) redistributed, rescues=32)[0m
[33m/home/cvazquezperezdelacru/clio-core/context-runtime/src/scheduler/default_sched.cc:455 WARNING 2749675 operator() [#781] worker 3 STALLED on one task (load_us=-1.43137e+27 realtime_load_us=-1.43137e+27 threshold_s=1)[0m
[33m/home/cvazquezperezdelacru/clio-core/context-runtime/src/worker.cc:370 WARNING 2749675 AdoptLane [#785] worker 3 adopted lane 0x7f815dc3e428[0m
[33m/home/cvazquezperezdelacru/clio-core/context-runtime/src/scheduler/default_sched.cc:598 WARNING 2749675 operator() [#785] RESCUE: stalled worker 3 -> worker 8 (0 parked task(s) moved, 1 queued task(s) redistributed, rescues=33)[0m
[33m/home/cvazquezperezdelacru/clio-core/context-runtime/src/scheduler/default_sched.cc:455 WARNING 2749675 operator() [#781] worker 3 STALLED on one task (load_us=-1.43137e+27 realtime_load_us=-1.43137e+27 threshold_s=1)[0m
[33m/home/cvazquezperezdelacru/clio-core/context-runtime/src/worker.cc:370 WARNING 2749675 AdoptLane [#785] worker 3 adopted lane 0x7f815dc3e428[0m
[33m/home/cvazquezperezdelacru/clio-core/context-runtime/src/scheduler/default_sched.cc:598 WARNING 2749675 operator() [#785] RESCUE: stalled worker 3 -> worker 8 (0 parked task(s) moved, 0 queued task(s) redistributed, rescues=34)[0m
[33m/home/cvazquezperezdelacru/clio-core/context-runtime/src/scheduler/default_sched.cc:455 WARNING 2749675 operator() [#781] worker 3 STALLED on one task (load_us=-1.43137e+27 realtime_load_us=-1.43137e+27 threshold_s=1)[0m
[33m/home/cvazquezperezdelacru/clio-core/context-runtime/src/worker.cc:370 WARNING 2749675 AdoptLane [#785] worker 3 adopted lane 0x7f815dc3e428[0m
[33m/home/cvazquezperezdelacru/clio-core/context-runtime/src/scheduler/default_sched.cc:598 WARNING 2749675 operator() [#785] RESCUE: stalled worker 3 -> worker 8 (0 parked task(s) moved, 1 queued task(s) redistributed, rescues=35)[0m
[31m/home/cvazquezperezdelacru/clio-core/context-runtime/src/scheduler/default_sched.cc:726 ERROR 2749675 LoadBalance [HANGWATCH-HB] processed=61984 outstanding=2 (queued=2 blocked=0 retry=0 periodic=5) live=1 live_stalled=1[0m
[33m/home/cvazquezperezdelacru/clio-core/context-runtime/src/scheduler/default_sched.cc:455 WARNING 2749675 operator() [#781] worker 3 STALLED on one task (load_us=-1.43137e+27 realtime_load_us=-1.43137e+27 threshold_s=1)[0m
[33m/home/cvazquezperezdelacru/clio-core/context-runtime/src/worker.cc:370 WARNING 2749675 AdoptLane [#785] worker 3 adopted lane 0x7f815dc3e428[0m
[33m/home/cvazquezperezdelacru/clio-core/context-runtime/src/scheduler/default_sched.cc:598 WARNING 2749675 operator() [#785] RESCUE: stalled worker 3 -> worker 8 (0 parked task(s) moved, 2 queued task(s) redistributed, rescues=36)[0m
[33m/home/cvazquezperezdelacru/clio-core/context-runtime/src/scheduler/default_sched.cc:455 WARNING 2749675 operator() [#781] worker 3 STALLED on one task (load_us=-1.43137e+27 realtime_load_us=-1.43137e+27 threshold_s=1)[0m
[33m/home/cvazquezperezdelacru/clio-core/context-runtime/src/worker.cc:370 WARNING 2749675 AdoptLane [#785] worker 3 adopted lane 0x7f815dc3e428[0m
[33m/home/cvazquezperezdelacru/clio-core/context-runtime/src/scheduler/default_sched.cc:598 WARNING 2749675 operator() [#785] RESCUE: stalled worker 3 -> worker 8 (0 parked task(s) moved, 1 queued task(s) redistributed, rescues=37)[0m
[33m/home/cvazquezperezdelacru/clio-core/context-runtime/src/scheduler/default_sched.cc:455 WARNING 2749675 operator() [#781] worker 3 STALLED on one task (load_us=-1.43137e+27 realtime_load_us=-1.43137e+27 threshold_s=1)[0m
[33m/home/cvazquezperezdelacru/clio-core/context-runtime/src/worker.cc:370 WARNING 2749675 AdoptLane [#785] worker 3 adopted lane 0x7f815dc3e428[0m
[33m/home/cvazquezperezdelacru/clio-core/context-runtime/src/scheduler/default_sched.cc:598 WARNING 2749675 operator() [#785] RESCUE: stalled worker 3 -> worker 8 (0 parked task(s) moved, 0 queued task(s) redistributed, rescues=38)[0m
[33m/home/cvazquezperezdelacru/clio-core/context-runtime/src/scheduler/default_sched.cc:455 WARNING 2749675 operator() [#781] worker 3 STALLED on one task (load_us=-1.43137e+27 realtime_load_us=-1.43137e+27 threshold_s=1)[0m
[33m/home/cvazquezperezdelacru/clio-core/context-runtime/src/worker.cc:370 WARNING 2749675 AdoptLane [#785] worker 3 adopted lane 0x7f815dc3e428[0m
[33m/home/cvazquezperezdelacru/clio-core/context-runtime/src/scheduler/default_sched.cc:598 WARNING 2749675 operator() [#785] RESCUE: stalled worker 3 -> worker 8 (0 parked task(s) moved, 1 queued task(s) redistributed, rescues=39)[0m
[33m/home/cvazquezperezdelacru/clio-core/context-runtime/src/scheduler/default_sched.cc:455 WARNING 2749675 operator() [#781] worker 3 STALLED on one task (load_us=-1.43137e+27 realtime_load_us=-1.43137e+27 threshold_s=1)[0m
[33m/home/cvazquezperezdelacru/clio-core/context-runtime/src/worker.cc:370 WARNING 2749675 AdoptLane [#785] worker 3 adopted lane 0x7f815dc3e428[0m
[33m/home/cvazquezperezdelacru/clio-core/context-runtime/src/scheduler/default_sched.cc:598 WARNING 2749675 operator() [#785] RESCUE: stalled worker 3 -> worker 8 (0 parked task(s) moved, 0 queued task(s) redistributed, rescues=40)[0m
[33m/home/cvazquezperezdelacru/clio-core/context-runtime/src/scheduler/default_sched.cc:430 WARNING 2749675 LoadBalance [#781 PDF] observed exec-time bins (cumulative): <10us=2793584 <50us=165838 <500us=10959 <10ms=18756 <50ms=637 <500ms=140 <1s=0 >=1s=2 | stalls_detected=40[0m
[33m/home/cvazquezperezdelacru/clio-core/context-runtime/src/scheduler/default_sched.cc:439 WARNING 2749675 LoadBalance [#785] lane rescues performed: 40[0m
[33m/home/cvazquezperezdelacru/clio-core/context-runtime/src/scheduler/default_sched.cc:455 WARNING 2749675 operator() [#781] worker 3 STALLED on one task (load_us=-1.43137e+27 realtime_load_us=-1.43137e+27 threshold_s=1)[0m
[33m/home/cvazquezperezdelacru/clio-core/context-runtime/src/worker.cc:370 WARNING 2749675 AdoptLane [#785] worker 3 adopted lane 0x7f815dc3e428[0m
[33m/home/cvazquezperezdelacru/clio-core/context-runtime/src/scheduler/default_sched.cc:598 WARNING 2749675 operator() [#785] RESCUE: stalled worker 3 -> worker 8 (0 parked task(s) moved, 0 queued task(s) redistributed, rescues=41)[0m
[33m/home/cvazquezperezdelacru/clio-core/context-runtime/src/scheduler/default_sched.cc:455 WARNING 2749675 operator() [#781] worker 3 STALLED on one task (load_us=-1.43137e+27 realtime_load_us=-1.43137e+27 threshold_s=1)[0m
[33m/home/cvazquezperezdelacru/clio-core/context-runtime/src/worker.cc:370 WARNING 2749675 AdoptLane [#785] worker 3 adopted lane 0x7f815dc3e428[0m
[33m/home/cvazquezperezdelacru/clio-core/context-runtime/src/scheduler/default_sched.cc:598 WARNING 2749675 operator() [#785] RESCUE: stalled worker 3 -> worker 8 (0 parked task(s) moved, 1 queued task(s) redistributed, rescues=42)[0m
[33m/home/cvazquezperezdelacru/clio-core/context-runtime/src/scheduler/default_sched.cc:455 WARNING 2749675 operator() [#781] worker 3 STALLED on one task (load_us=-1.43137e+27 realtime_load_us=-1.43137e+27 threshold_s=1)[0m
[33m/home/cvazquezperezdelacru/clio-core/context-runtime/src/worker.cc:370 WARNING 2749675 AdoptLane [#785] worker 3 adopted lane 0x7f815dc3e428[0m
[33m/home/cvazquezperezdelacru/clio-core/context-runtime/src/scheduler/default_sched.cc:598 WARNING 2749675 operator() [#785] RESCUE: stalled worker 3 -> worker 8 (0 parked task(s) moved, 0 queued task(s) redistributed, rescues=43)[0m
[31m/home/cvazquezperezdelacru/clio-core/context-runtime/src/scheduler/default_sched.cc:726 ERROR 2749675 LoadBalance [HANGWATCH-HB] processed=62154 outstanding=41 (queued=41 blocked=0 retry=0 periodic=6) live=2 live_stalled=0[0m
[31m/home/cvazquezperezdelacru/clio-core/context-runtime/src/scheduler/default_sched.cc:726 ERROR 2749675 LoadBalance [HANGWATCH-HB] processed=63526 outstanding=36 (queued=36 blocked=0 retry=0 periodic=18) live=2 live_stalled=0[0m
[33m/home/cvazquezperezdelacru/clio-core/context-runtime/src/scheduler/default_sched.cc:430 WARNING 2749675 LoadBalance [#781 PDF] observed exec-time bins (cumulative): <10us=2854208 <50us=172847 <500us=11023 <10ms=19920 <50ms=720 <500ms=140 <1s=0 >=1s=2 | stalls_detected=43[0m
[33m/home/cvazquezperezdelacru/clio-core/context-runtime/src/scheduler/default_sched.cc:439 WARNING 2749675 LoadBalance [#785] lane rescues performed: 43[0m
[31m/home/cvazquezperezdelacru/clio-core/context-runtime/src/scheduler/default_sched.cc:726 ERROR 2749675 LoadBalance [HANGWATCH-HB] processed=65814 outstanding=11 (queued=11 blocked=0 retry=0 periodic=41) live=2 live_stalled=0[0m
[31m/home/cvazquezperezdelacru/clio-core/context-runtime/src/scheduler/default_sched.cc:726 ERROR 2749675 LoadBalance [HANGWATCH-HB] processed=67750 outstanding=10 (queued=10 blocked=0 retry=0 periodic=27) live=6 live_stalled=0[0m
[33m/home/cvazquezperezdelacru/clio-core/context-runtime/src/scheduler/default_sched.cc:430 WARNING 2749675 LoadBalance [#781 PDF] observed exec-time bins (cumulative): <10us=2918696 <50us=179621 <500us=11126 <10ms=22031 <50ms=893 <500ms=140 <1s=0 >=1s=2 | stalls_detected=43[0m
[33m/home/cvazquezperezdelacru/clio-core/context-runtime/src/scheduler/default_sched.cc:439 WARNING 2749675 LoadBalance [#785] lane rescues performed: 43[0m
[31m/home/cvazquezperezdelacru/clio-core/context-runtime/src/scheduler/default_sched.cc:726 ERROR 2749675 LoadBalance [HANGWATCH-HB] processed=69751 outstanding=10 (queued=10 blocked=0 retry=0 periodic=44) live=3 live_stalled=0[0m
[31m/home/cvazquezperezdelacru/clio-core/context-runtime/src/scheduler/default_sched.cc:726 ERROR 2749675 LoadBalance [HANGWATCH-HB] processed=71626 outstanding=23 (queued=23 blocked=0 retry=0 periodic=46) live=2 live_stalled=0[0m
[31m/home/cvazquezperezdelacru/clio-core/context-runtime/src/scheduler/default_sched.cc:726 ERROR 2749675 LoadBalance [HANGWATCH-HB] processed=73626 outstanding=4 (queued=4 blocked=0 retry=0 periodic=12) live=4 live_stalled=0[0m
[97m/mnt/common/cvazquezperezdelacru/IOWARP/faiss/contrib/iowarp/chimod/src/faiss_ivf_runtime.cc:329 INFO 2749671 Search faiss_ivf: Search nq=500 k=10 nprobe=256 unique_lists=16289[0m
[33m/home/cvazquezperezdelacru/clio-core/context-runtime/src/scheduler/default_sched.cc:430 WARNING 2749675 LoadBalance [#781 PDF] observed exec-time bins (cumulative): <10us=2988855 <50us=183855 <500us=11217 <10ms=24000 <50ms=1043 <500ms=141 <1s=0 >=1s=3 | stalls_detected=43[0m
[33m/home/cvazquezperezdelacru/clio-core/context-runtime/src/scheduler/default_sched.cc:439 WARNING 2749675 LoadBalance [#785] lane rescues performed: 43[0m
[33m/home/cvazquezperezdelacru/clio-core/context-runtime/src/scheduler/default_sched.cc:455 WARNING 2749675 operator() [#781] worker 4 STALLED on one task (load_us=-nan realtime_load_us=-nan threshold_s=1)[0m
[33m/home/cvazquezperezdelacru/clio-core/context-runtime/src/worker.cc:370 WARNING 2749675 AdoptLane [#785] worker 4 adopted lane 0x7f815dc3e4e8[0m
[33m/home/cvazquezperezdelacru/clio-core/context-runtime/src/scheduler/default_sched.cc:598 WARNING 2749675 operator() [#785] RESCUE: stalled worker 4 -> worker 8 (0 parked task(s) moved, 0 queued task(s) redistributed, rescues=44)[0m
[33m/home/cvazquezperezdelacru/clio-core/context-runtime/src/scheduler/default_sched.cc:455 WARNING 2749675 operator() [#781] worker 4 STALLED on one task (load_us=-nan realtime_load_us=-nan threshold_s=1)[0m
[33m/home/cvazquezperezdelacru/clio-core/context-runtime/src/worker.cc:370 WARNING 2749675 AdoptLane [#785] worker 4 adopted lane 0x7f815dc3e4e8[0m
[33m/home/cvazquezperezdelacru/clio-core/context-runtime/src/scheduler/default_sched.cc:598 WARNING 2749675 operator() [#785] RESCUE: stalled worker 4 -> worker 8 (0 parked task(s) moved, 1 queued task(s) redistributed, rescues=45)[0m
[33m/home/cvazquezperezdelacru/clio-core/context-runtime/src/scheduler/default_sched.cc:455 WARNING 2749675 operator() [#781] worker 4 STALLED on one task (load_us=-nan realtime_load_us=-nan threshold_s=1)[0m
[33m/home/cvazquezperezdelacru/clio-core/context-runtime/src/worker.cc:370 WARNING 2749675 AdoptLane [#785] worker 4 adopted lane 0x7f815dc3e4e8[0m
[33m/home/cvazquezperezdelacru/clio-core/context-runtime/src/scheduler/default_sched.cc:598 WARNING 2749675 operator() [#785] RESCUE: stalled worker 4 -> worker 8 (0 parked task(s) moved, 0 queued task(s) redistributed, rescues=46)[0m
[33m/home/cvazquezperezdelacru/clio-core/context-runtime/src/scheduler/default_sched.cc:455 WARNING 2749675 operator() [#781] worker 4 STALLED on one task (load_us=-nan realtime_load_us=-nan threshold_s=1)[0m
[33m/home/cvazquezperezdelacru/clio-core/context-runtime/src/worker.cc:370 WARNING 2749675 AdoptLane [#785] worker 4 adopted lane 0x7f815dc3e4e8[0m
[33m/home/cvazquezperezdelacru/clio-core/context-runtime/src/scheduler/default_sched.cc:598 WARNING 2749675 operator() [#785] RESCUE: stalled worker 4 -> worker 8 (0 parked task(s) moved, 0 queued task(s) redistributed, rescues=47)[0m
[33m/home/cvazquezperezdelacru/clio-core/context-runtime/src/scheduler/default_sched.cc:455 WARNING 2749675 operator() [#781] worker 4 STALLED on one task (load_us=-nan realtime_load_us=-nan threshold_s=1)[0m
[33m/home/cvazquezperezdelacru/clio-core/context-runtime/src/worker.cc:370 WARNING 2749675 AdoptLane [#785] worker 4 adopted lane 0x7f815dc3e4e8[0m
[33m/home/cvazquezperezdelacru/clio-core/context-runtime/src/scheduler/default_sched.cc:598 WARNING 2749675 operator() [#785] RESCUE: stalled worker 4 -> worker 8 (0 parked task(s) moved, 0 queued task(s) redistributed, rescues=48)[0m
[33m/home/cvazquezperezdelacru/clio-core/context-runtime/src/scheduler/default_sched.cc:455 WARNING 2749675 operator() [#781] worker 4 STALLED on one task (load_us=-nan realtime_load_us=-nan threshold_s=1)[0m
[33m/home/cvazquezperezdelacru/clio-core/context-runtime/src/worker.cc:370 WARNING 2749675 AdoptLane [#785] worker 4 adopted lane 0x7f815dc3e4e8[0m
[33m/home/cvazquezperezdelacru/clio-core/context-runtime/src/scheduler/default_sched.cc:598 WARNING 2749675 operator() [#785] RESCUE: stalled worker 4 -> worker 8 (0 parked task(s) moved, 1 queued task(s) redistributed, rescues=49)[0m
[33m/home/cvazquezperezdelacru/clio-core/context-runtime/src/scheduler/default_sched.cc:455 WARNING 2749675 operator() [#781] worker 4 STALLED on one task (load_us=-nan realtime_load_us=-nan threshold_s=1)[0m
[33m/home/cvazquezperezdelacru/clio-core/context-runtime/src/worker.cc:370 WARNING 2749675 AdoptLane [#785] worker 4 adopted lane 0x7f815dc3e4e8[0m
[33m/home/cvazquezperezdelacru/clio-core/context-runtime/src/scheduler/default_sched.cc:598 WARNING 2749675 operator() [#785] RESCUE: stalled worker 4 -> worker 8 (0 parked task(s) moved, 0 queued task(s) redistributed, rescues=50)[0m
[33m/home/cvazquezperezdelacru/clio-core/context-runtime/src/scheduler/default_sched.cc:455 WARNING 2749675 operator() [#781] worker 4 STALLED on one task (load_us=-nan realtime_load_us=-nan threshold_s=1)[0m
[33m/home/cvazquezperezdelacru/clio-core/context-runtime/src/worker.cc:370 WARNING 2749675 AdoptLane [#785] worker 4 adopted lane 0x7f815dc3e4e8[0m
[33m/home/cvazquezperezdelacru/clio-core/context-runtime/src/scheduler/default_sched.cc:598 WARNING 2749675 operator() [#785] RESCUE: stalled worker 4 -> worker 8 (0 parked task(s) moved, 0 queued task(s) redistributed, rescues=51)[0m
[33m/home/cvazquezperezdelacru/clio-core/context-runtime/src/scheduler/default_sched.cc:430 WARNING 2749675 LoadBalance [#781 PDF] observed exec-time bins (cumulative): <10us=3056636 <50us=187305 <500us=11224 <10ms=24003 <50ms=1043 <500ms=141 <1s=0 >=1s=3 | stalls_detected=51[0m
[33m/home/cvazquezperezdelacru/clio-core/context-runtime/src/scheduler/default_sched.cc:439 WARNING 2749675 LoadBalance [#785] lane rescues performed: 51[0m
[31m/home/cvazquezperezdelacru/clio-core/context-runtime/src/scheduler/default_sched.cc:726 ERROR 2749675 LoadBalance [HANGWATCH-HB] processed=74311 outstanding=1 (queued=1 blocked=0 retry=0 periodic=6) live=1 live_stalled=1[0m
[33m/home/cvazquezperezdelacru/clio-core/context-runtime/src/scheduler/default_sched.cc:455 WARNING 2749675 operator() [#781] worker 4 STALLED on one task (load_us=-nan realtime_load_us=-nan threshold_s=1)[0m
[33m/home/cvazquezperezdelacru/clio-core/context-runtime/src/worker.cc:370 WARNING 2749675 AdoptLane [#785] worker 4 adopted lane 0x7f815dc3e4e8[0m
[33m/home/cvazquezperezdelacru/clio-core/context-runtime/src/work_orchestrator.cc:545 WARNING 2749675 SpawnAdditionalWorker [#785] spawned elastic worker 9 (pool now 10 workers)[0m
[33m/home/cvazquezperezdelacru/clio-core/context-runtime/src/scheduler/default_sched.cc:598 WARNING 2749675 operator() [#785] RESCUE: stalled worker 4 -> worker 9 (0 parked task(s) moved, 1 queued task(s) redistributed, rescues=52)[0m
[33m/home/cvazquezperezdelacru/clio-core/context-runtime/src/scheduler/default_sched.cc:455 WARNING 2749675 operator() [#781] worker 4 STALLED on one task (load_us=-nan realtime_load_us=-nan threshold_s=1)[0m
[33m/home/cvazquezperezdelacru/clio-core/context-runtime/src/worker.cc:370 WARNING 2749675 AdoptLane [#785] worker 4 adopted lane 0x7f815dc3e4e8[0m
[33m/home/cvazquezperezdelacru/clio-core/context-runtime/src/scheduler/default_sched.cc:598 WARNING 2749675 operator() [#785] RESCUE: stalled worker 4 -> worker 8 (0 parked task(s) moved, 0 queued task(s) redistributed, rescues=53)[0m
[33m/home/cvazquezperezdelacru/clio-core/context-runtime/src/scheduler/default_sched.cc:455 WARNING 2749675 operator() [#781] worker 4 STALLED on one task (load_us=-nan realtime_load_us=-nan threshold_s=1)[0m
[33m/home/cvazquezperezdelacru/clio-core/context-runtime/src/worker.cc:370 WARNING 2749675 AdoptLane [#785] worker 4 adopted lane 0x7f815dc3e4e8[0m
[33m/home/cvazquezperezdelacru/clio-core/context-runtime/src/scheduler/default_sched.cc:598 WARNING 2749675 operator() [#785] RESCUE: stalled worker 4 -> worker 8 (0 parked task(s) moved, 0 queued task(s) redistributed, rescues=54)[0m
[33m/home/cvazquezperezdelacru/clio-core/context-runtime/src/scheduler/default_sched.cc:455 WARNING 2749675 operator() [#781] worker 4 STALLED on one task (load_us=-nan realtime_load_us=-nan threshold_s=1)[0m
[33m/home/cvazquezperezdelacru/clio-core/context-runtime/src/worker.cc:370 WARNING 2749675 AdoptLane [#785] worker 4 adopted lane 0x7f815dc3e4e8[0m
[33m/home/cvazquezperezdelacru/clio-core/context-runtime/src/scheduler/default_sched.cc:598 WARNING 2749675 operator() [#785] RESCUE: stalled worker 4 -> worker 8 (0 parked task(s) moved, 0 queued task(s) redistributed, rescues=55)[0m
[33m/home/cvazquezperezdelacru/clio-core/context-runtime/src/scheduler/default_sched.cc:455 WARNING 2749675 operator() [#781] worker 4 STALLED on one task (load_us=-nan realtime_load_us=-nan threshold_s=1)[0m
[33m/home/cvazquezperezdelacru/clio-core/context-runtime/src/worker.cc:370 WARNING 2749675 AdoptLane [#785] worker 4 adopted lane 0x7f815dc3e4e8[0m
[33m/home/cvazquezperezdelacru/clio-core/context-runtime/src/scheduler/default_sched.cc:598 WARNING 2749675 operator() [#785] RESCUE: stalled worker 4 -> worker 8 (0 parked task(s) moved, 0 queued task(s) redistributed, rescues=56)[0m
[33m/home/cvazquezperezdelacru/clio-core/context-runtime/src/scheduler/default_sched.cc:455 WARNING 2749675 operator() [#781] worker 4 STALLED on one task (load_us=-nan realtime_load_us=-nan threshold_s=1)[0m
[33m/home/cvazquezperezdelacru/clio-core/context-runtime/src/worker.cc:370 WARNING 2749675 AdoptLane [#785] worker 4 adopted lane 0x7f815dc3e4e8[0m
[33m/home/cvazquezperezdelacru/clio-core/context-runtime/src/scheduler/default_sched.cc:598 WARNING 2749675 operator() [#785] RESCUE: stalled worker 4 -> worker 8 (0 parked task(s) moved, 0 queued task(s) redistributed, rescues=57)[0m
[33m/home/cvazquezperezdelacru/clio-core/context-runtime/src/scheduler/default_sched.cc:455 WARNING 2749675 operator() [#781] worker 4 STALLED on one task (load_us=-nan realtime_load_us=-nan threshold_s=1)[0m
[33m/home/cvazquezperezdelacru/clio-core/context-runtime/src/worker.cc:370 WARNING 2749675 AdoptLane [#785] worker 4 adopted lane 0x7f815dc3e4e8[0m
[33m/home/cvazquezperezdelacru/clio-core/context-runtime/src/scheduler/default_sched.cc:598 WARNING 2749675 operator() [#785] RESCUE: stalled worker 4 -> worker 9 (0 parked task(s) moved, 1 queued task(s) redistributed, rescues=58)[0m
[33m/home/cvazquezperezdelacru/clio-core/context-runtime/src/scheduler/default_sched.cc:455 WARNING 2749675 operator() [#781] worker 4 STALLED on one task (load_us=-nan realtime_load_us=-nan threshold_s=1)[0m
[33m/home/cvazquezperezdelacru/clio-core/context-runtime/src/worker.cc:370 WARNING 2749675 AdoptLane [#785] worker 4 adopted lane 0x7f815dc3e4e8[0m
[33m/home/cvazquezperezdelacru/clio-core/context-runtime/src/scheduler/default_sched.cc:598 WARNING 2749675 operator() [#785] RESCUE: stalled worker 4 -> worker 8 (0 parked task(s) moved, 0 queued task(s) redistributed, rescues=59)[0m
[33m/home/cvazquezperezdelacru/clio-core/context-runtime/src/scheduler/default_sched.cc:455 WARNING 2749675 operator() [#781] worker 4 STALLED on one task (load_us=-nan realtime_load_us=-nan threshold_s=1)[0m
[33m/home/cvazquezperezdelacru/clio-core/context-runtime/src/worker.cc:370 WARNING 2749675 AdoptLane [#785] worker 4 adopted lane 0x7f815dc3e4e8[0m
[33m/home/cvazquezperezdelacru/clio-core/context-runtime/src/scheduler/default_sched.cc:598 WARNING 2749675 operator() [#785] RESCUE: stalled worker 4 -> worker 8 (0 parked task(s) moved, 0 queued task(s) redistributed, rescues=60)[0m
[33m/home/cvazquezperezdelacru/clio-core/context-runtime/src/scheduler/default_sched.cc:455 WARNING 2749675 operator() [#781] worker 4 STALLED on one task (load_us=-nan realtime_load_us=-nan threshold_s=1)[0m
[33m/home/cvazquezperezdelacru/clio-core/context-runtime/src/worker.cc:370 WARNING 2749675 AdoptLane [#785] worker 4 adopted lane 0x7f815dc3e4e8[0m
[33m/home/cvazquezperezdelacru/clio-core/context-runtime/src/scheduler/default_sched.cc:598 WARNING 2749675 operator() [#785] RESCUE: stalled worker 4 -> worker 8 (0 parked task(s) moved, 1 queued task(s) redistributed, rescues=61)[0m
[33m/home/cvazquezperezdelacru/clio-core/context-runtime/src/scheduler/default_sched.cc:430 WARNING 2749675 LoadBalance [#781 PDF] observed exec-time bins (cumulative): <10us=3122006 <50us=191888 <500us=11233 <10ms=24006 <50ms=1043 <500ms=141 <1s=0 >=1s=3 | stalls_detected=61[0m
[33m/home/cvazquezperezdelacru/clio-core/context-runtime/src/scheduler/default_sched.cc:439 WARNING 2749675 LoadBalance [#785] lane rescues performed: 61[0m
[33m/home/cvazquezperezdelacru/clio-core/context-runtime/src/scheduler/default_sched.cc:455 WARNING 2749675 operator() [#781] worker 4 STALLED on one task (load_us=-nan realtime_load_us=-nan threshold_s=1)[0m
[33m/home/cvazquezperezdelacru/clio-core/context-runtime/src/worker.cc:370 WARNING 2749675 AdoptLane [#785] worker 4 adopted lane 0x7f815dc3e4e8[0m
[33m/home/cvazquezperezdelacru/clio-core/context-runtime/src/scheduler/default_sched.cc:598 WARNING 2749675 operator() [#785] RESCUE: stalled worker 4 -> worker 8 (0 parked task(s) moved, 0 queued task(s) redistributed, rescues=62)[0m
[33m/home/cvazquezperezdelacru/clio-core/context-runtime/src/scheduler/default_sched.cc:455 WARNING 2749675 operator() [#781] worker 4 STALLED on one task (load_us=-nan realtime_load_us=-nan threshold_s=1)[0m
[33m/home/cvazquezperezdelacru/clio-core/context-runtime/src/worker.cc:370 WARNING 2749675 AdoptLane [#785] worker 4 adopted lane 0x7f815dc3e4e8[0m
[33m/home/cvazquezperezdelacru/clio-core/context-runtime/src/scheduler/default_sched.cc:598 WARNING 2749675 operator() [#785] RESCUE: stalled worker 4 -> worker 8 (0 parked task(s) moved, 0 queued task(s) redistributed, rescues=63)[0m
[31m/home/cvazquezperezdelacru/clio-core/context-runtime/src/scheduler/default_sched.cc:726 ERROR 2749675 LoadBalance [HANGWATCH-HB] processed=75099 outstanding=8 (queued=8 blocked=0 retry=0 periodic=60) live=3 live_stalled=0[0m
[31m/home/cvazquezperezdelacru/clio-core/context-runtime/src/scheduler/default_sched.cc:726 ERROR 2749675 LoadBalance [HANGWATCH-HB] processed=78222 outstanding=17 (queued=17 blocked=0 retry=0 periodic=36) live=4 live_stalled=0[0m
[33m/home/cvazquezperezdelacru/clio-core/context-runtime/src/scheduler/default_sched.cc:430 WARNING 2749675 LoadBalance [#781 PDF] observed exec-time bins (cumulative): <10us=3186908 <50us=196216 <500us=11342 <10ms=26011 <50ms=1205 <500ms=141 <1s=0 >=1s=3 | stalls_detected=63[0m
[33m/home/cvazquezperezdelacru/clio-core/context-runtime/src/scheduler/default_sched.cc:439 WARNING 2749675 LoadBalance [#785] lane rescues performed: 63[0m
[31m/home/cvazquezperezdelacru/clio-core/context-runtime/src/scheduler/default_sched.cc:726 ERROR 2749675 LoadBalance [HANGWATCH-HB] processed=80821 outstanding=17 (queued=17 blocked=0 retry=0 periodic=48) live=3 live_stalled=0[0m
[31m/home/cvazquezperezdelacru/clio-core/context-runtime/src/scheduler/default_sched.cc:726 ERROR 2749675 LoadBalance [HANGWATCH-HB] processed=82895 outstanding=18 (queued=18 blocked=0 retry=0 periodic=30) live=4 live_stalled=0[0m
[33m/home/cvazquezperezdelacru/clio-core/context-runtime/src/scheduler/default_sched.cc:430 WARNING 2749675 LoadBalance [#781 PDF] observed exec-time bins (cumulative): <10us=3256787 <50us=199450 <500us=11419 <10ms=28187 <50ms=1381 <500ms=141 <1s=0 >=1s=3 | stalls_detected=63[0m
[33m/home/cvazquezperezdelacru/clio-core/context-runtime/src/scheduler/default_sched.cc:439 WARNING 2749675 LoadBalance [#785] lane rescues performed: 63[0m
[31m/home/cvazquezperezdelacru/clio-core/context-runtime/src/scheduler/default_sched.cc:726 ERROR 2749675 LoadBalance [HANGWATCH-HB] processed=84942 outstanding=10 (queued=10 blocked=0 retry=0 periodic=42) live=3 live_stalled=0[0m
[97m/home/cvazquezperezdelacru/clio-core/context-runtime/src/pool_manager.cc:431 INFO 2749646 DestroyLocalPool PoolManager: Destroyed local pool PoolId(major:1, minor:0)[0m
[31m/home/cvazquezperezdelacru/clio-core/context-runtime/src/ipc_manager.cc:3849 ERROR 2749674 RouteTask RouteTask: RouteLocal returned 4 for pool=PoolId(major:1, minor:0) method=21, worker=7[0m
[31m/home/cvazquezperezdelacru/clio-core/context-runtime/src/ipc_manager.cc:3849 ERROR 2749674 RouteTask RouteTask: RouteLocal returned 4 for pool=PoolId(major:1, minor:0) method=21, worker=7[0m
[31m/home/cvazquezperezdelacru/clio-core/context-runtime/src/ipc_manager.cc:3849 ERROR 2749673 RouteTask RouteTask: RouteLocal returned 4 for pool=PoolId(major:1, minor:0) method=14, worker=6[0m
[31m/home/cvazquezperezdelacru/clio-core/context-runtime/src/ipc_manager.cc:3849 ERROR 2749673 RouteTask RouteTask: RouteLocal returned 4 for pool=PoolId(major:1, minor:0) method=14, worker=6[0m
