[ingest] reading /mnt/common/cvazquezperezdelacru/faiss/slurm_bench/work/ondisk_nb50M.index (mmap)
[ingest] nlist=8192 code_size=512 ntotal=50000000
[97m/home/cvazquezperezdelacru/clio-core/context-runtime/src/manager.cc:137 INFO 2739332 ClientInit RuntimeManager::ClientInit[0m
[97m/home/cvazquezperezdelacru/clio-core/context-runtime/src/config_manager.cc:144 INFO 2739332 ClientInit Config at: /home/cvazquezperezdelacru/.clio/clio.yaml[0m
[97m/home/cvazquezperezdelacru/clio-core/context-runtime/src/ipc_manager.cc:219 INFO 2739332 ClientInit IpcManager::ClientInit: IPC mode = SHM (auto-selected)[0m
[97m/home/cvazquezperezdelacru/clio-core/context-runtime/src/ipc_manager.cc:231 INFO 2739332 ClientInit IpcManager::ClientInit: retry_timeout = 1200s[0m
[97m/home/cvazquezperezdelacru/clio-core/context-runtime/src/ipc_manager.cc:239 INFO 2739332 ClientInit IpcManager::ClientInit: try_new_servers = 0[0m
[97m/home/cvazquezperezdelacru/clio-core/context-runtime/src/../../context-transport-primitives/include/clio_ctp/lightbeam/zmq_transport.h:152 INFO 2739332 GetSharedContext [ZeroMqTransport] Created shared context with 8 I/O threads[0m
[97m/home/cvazquezperezdelacru/clio-core/context-runtime/src/ipc_manager.cc:292 INFO 2739332 ClientInit IpcManager: DEALER transport connected to port 9416[0m
[97m/home/cvazquezperezdelacru/clio-core/context-runtime/src/ipc_manager.cc:322 INFO 2739332 ClientInit IpcManager: client response listener bound to port 46553[0m
[97m/home/cvazquezperezdelacru/clio-core/context-runtime/src/ipc_manager.cc:1388 INFO 2739332 WaitForLocalServer Waiting for runtime via lightbeam (timeout=120s)[0m
[97m/home/cvazquezperezdelacru/clio-core/context-runtime/src/ipc_manager.cc:1496 INFO 2739332 WaitForLocalServer Successfully connected to runtime (generation=849767879320176, server_pid=2739206, shm_in_shards=1)[0m
[97m/home/cvazquezperezdelacru/clio-core/context-runtime/src/ipc_manager.cc:1202 INFO 2739332 ClientInitShm ClientInitShm: attached metadata segment 'chi_metadata_segment_cvazquezperezdelacru_9413'[0m
[97m/home/cvazquezperezdelacru/clio-core/context-runtime/src/ipc_manager.cc:1228 INFO 2739332 ClientInitShm ClientInitShm: response SHM ring 'clio-2739332-shm-out' (1MB)[0m
[97m/home/cvazquezperezdelacru/clio-core/context-runtime/src/ipc_manager.cc:2440 INFO 2739332 IncreaseClientShm IpcManager::IncreaseClientShm: Creating clio_2739332_0 with size 570425344 (536870912 + 33554432 overhead)[0m
[97m/home/cvazquezperezdelacru/clio-core/context-runtime/src/ipc_manager.cc:2485 INFO 2739332 IncreaseClientShm IpcManager::IncreaseClientShm: Created allocator clio_2739332_0 with ID (2739332.0)[0m
[97m/home/cvazquezperezdelacru/clio-core/context-runtime/src/manager.cc:175 INFO 2739332 ClientInit ClientInit: Creating admin client with kAdminPoolId=PoolId(major:1, minor:0)[0m
[97m/home/cvazquezperezdelacru/clio-core/context-runtime/src/manager.cc:178 INFO 2739332 ClientInit ClientInit: Admin client created, pool_id_=PoolId(major:1, minor:0)[0m
[97m/home/cvazquezperezdelacru/clio-core/context-runtime/src/ipc_manager.cc:2440 INFO 2739332 IncreaseClientShm IpcManager::IncreaseClientShm: Creating clio_2739332_1 with size 133171808 (99617376 + 33554432 overhead)[0m
[97m/home/cvazquezperezdelacru/clio-core/context-runtime/src/ipc_manager.cc:2485 INFO 2739332 IncreaseClientShm IpcManager::IncreaseClientShm: Created allocator clio_2739332_1 with ID (2739332.1)[0m
[97m/home/cvazquezperezdelacru/clio-core/context-runtime/src/ipc_manager.cc:2440 INFO 2739332 IncreaseClientShm IpcManager::IncreaseClientShm: Creating clio_2739332_2 with size 135050312 (101495880 + 33554432 overhead)[0m
[97m/home/cvazquezperezdelacru/clio-core/context-runtime/src/ipc_manager.cc:2485 INFO 2739332 IncreaseClientShm IpcManager::IncreaseClientShm: Created allocator clio_2739332_2 with ID (2739332.2)[0m
[97m/home/cvazquezperezdelacru/clio-core/context-runtime/src/ipc_manager.cc:2440 INFO 2739332 IncreaseClientShm IpcManager::IncreaseClientShm: Creating clio_2739332_3 with size 129348512 (95794080 + 33554432 overhead)[0m
[97m/home/cvazquezperezdelacru/clio-core/context-runtime/src/ipc_manager.cc:2485 INFO 2739332 IncreaseClientShm IpcManager::IncreaseClientShm: Created allocator clio_2739332_3 with ID (2739332.3)[0m
[97m/home/cvazquezperezdelacru/clio-core/context-runtime/src/ipc_manager.cc:2440 INFO 2739332 IncreaseClientShm IpcManager::IncreaseClientShm: Creating clio_2739332_4 with size 130768112 (97213680 + 33554432 overhead)[0m
[97m/home/cvazquezperezdelacru/clio-core/context-runtime/src/ipc_manager.cc:2485 INFO 2739332 IncreaseClientShm IpcManager::IncreaseClientShm: Created allocator clio_2739332_4 with ID (2739332.4)[0m
[97m/home/cvazquezperezdelacru/clio-core/context-runtime/src/ipc_manager.cc:2440 INFO 2739332 IncreaseClientShm IpcManager::IncreaseClientShm: Creating clio_2739332_5 with size 132566016 (99011584 + 33554432 overhead)[0m
[97m/home/cvazquezperezdelacru/clio-core/context-runtime/src/ipc_manager.cc:2485 INFO 2739332 IncreaseClientShm IpcManager::IncreaseClientShm: Created allocator clio_2739332_5 with ID (2739332.5)[0m
[97m/home/cvazquezperezdelacru/clio-core/context-runtime/src/ipc_manager.cc:2440 INFO 2739332 IncreaseClientShm IpcManager::IncreaseClientShm: Creating clio_2739332_6 with size 135852416 (102297984 + 33554432 overhead)[0m
[97m/home/cvazquezperezdelacru/clio-core/context-runtime/src/ipc_manager.cc:2485 INFO 2739332 IncreaseClientShm IpcManager::IncreaseClientShm: Created allocator clio_2739332_6 with ID (2739332.6)[0m
[97m/home/cvazquezperezdelacru/clio-core/context-runtime/src/ipc_manager.cc:2440 INFO 2739332 IncreaseClientShm IpcManager::IncreaseClientShm: Creating clio_2739332_7 with size 143497712 (109943280 + 33554432 overhead)[0m
[97m/home/cvazquezperezdelacru/clio-core/context-runtime/src/ipc_manager.cc:2485 INFO 2739332 IncreaseClientShm IpcManager::IncreaseClientShm: Created allocator clio_2739332_7 with ID (2739332.7)[0m
[97m/home/cvazquezperezdelacru/clio-core/context-runtime/src/ipc_manager.cc:2440 INFO 2739332 IncreaseClientShm IpcManager::IncreaseClientShm: Creating clio_2739332_8 with size 133214712 (99660280 + 33554432 overhead)[0m
[97m/home/cvazquezperezdelacru/clio-core/context-runtime/src/ipc_manager.cc:2485 INFO 2739332 IncreaseClientShm IpcManager::IncreaseClientShm: Created allocator clio_2739332_8 with ID (2739332.8)[0m
[97m/home/cvazquezperezdelacru/clio-core/context-runtime/src/ipc_manager.cc:2440 INFO 2739332 IncreaseClientShm IpcManager::IncreaseClientShm: Creating clio_2739332_9 with size 140376416 (106821984 + 33554432 overhead)[0m
[97m/home/cvazquezperezdelacru/clio-core/context-runtime/src/ipc_manager.cc:2485 INFO 2739332 IncreaseClientShm IpcManager::IncreaseClientShm: Created allocator clio_2739332_9 with ID (2739332.9)[0m
[97m/home/cvazquezperezdelacru/clio-core/context-runtime/src/ipc_manager.cc:2440 INFO 2739332 IncreaseClientShm IpcManager::IncreaseClientShm: Creating clio_2739332_10 with size 130419712 (96865280 + 33554432 overhead)[0m
[97m/home/cvazquezperezdelacru/clio-core/context-runtime/src/ipc_manager.cc:2485 INFO 2739332 IncreaseClientShm IpcManager::IncreaseClientShm: Created allocator clio_2739332_10 with ID (2739332.10)[0m
[97m/home/cvazquezperezdelacru/clio-core/context-runtime/src/ipc_manager.cc:2440 INFO 2739332 IncreaseClientShm IpcManager::IncreaseClientShm: Creating clio_2739332_11 with size 133643712 (100089280 + 33554432 overhead)[0m
[97m/home/cvazquezperezdelacru/clio-core/context-runtime/src/ipc_manager.cc:2485 INFO 2739332 IncreaseClientShm IpcManager::IncreaseClientShm: Created allocator clio_2739332_11 with ID (2739332.11)[0m
[97m/home/cvazquezperezdelacru/clio-core/context-runtime/src/ipc_manager.cc:2440 INFO 2739332 IncreaseClientShm IpcManager::IncreaseClientShm: Creating clio_2739332_12 with size 131587112 (98032680 + 33554432 overhead)[0m
[97m/home/cvazquezperezdelacru/clio-core/context-runtime/src/ipc_manager.cc:2485 INFO 2739332 IncreaseClientShm IpcManager::IncreaseClientShm: Created allocator clio_2739332_12 with ID (2739332.12)[0m
[97m/home/cvazquezperezdelacru/clio-core/context-runtime/src/ipc_manager.cc:2440 INFO 2739332 IncreaseClientShm IpcManager::IncreaseClientShm: Creating clio_2739332_13 with size 130038816 (96484384 + 33554432 overhead)[0m
[97m/home/cvazquezperezdelacru/clio-core/context-runtime/src/ipc_manager.cc:2485 INFO 2739332 IncreaseClientShm IpcManager::IncreaseClientShm: Created allocator clio_2739332_13 with ID (2739332.13)[0m
[97m/home/cvazquezperezdelacru/clio-core/context-runtime/src/ipc_manager.cc:2440 INFO 2739332 IncreaseClientShm IpcManager::IncreaseClientShm: Creating clio_2739332_14 with size 140516816 (106962384 + 33554432 overhead)[0m
[97m/home/cvazquezperezdelacru/clio-core/context-runtime/src/ipc_manager.cc:2485 INFO 2739332 IncreaseClientShm IpcManager::IncreaseClientShm: Created allocator clio_2739332_14 with ID (2739332.14)[0m
[97m/home/cvazquezperezdelacru/clio-core/context-runtime/src/ipc_manager.cc:2440 INFO 2739332 IncreaseClientShm IpcManager::IncreaseClientShm: Creating clio_2739332_15 with size 142191216 (108636784 + 33554432 overhead)[0m
[97m/home/cvazquezperezdelacru/clio-core/context-runtime/src/ipc_manager.cc:2485 INFO 2739332 IncreaseClientShm IpcManager::IncreaseClientShm: Created allocator clio_2739332_15 with ID (2739332.15)[0m
[97m/home/cvazquezperezdelacru/clio-core/context-runtime/src/ipc_manager.cc:2440 INFO 2739332 IncreaseClientShm IpcManager::IncreaseClientShm: Creating clio_2739332_16 with size 132564712 (99010280 + 33554432 overhead)[0m
[97m/home/cvazquezperezdelacru/clio-core/context-runtime/src/ipc_manager.cc:2485 INFO 2739332 IncreaseClientShm IpcManager::IncreaseClientShm: Created allocator clio_2739332_16 with ID (2739332.16)[0m
[97m/home/cvazquezperezdelacru/clio-core/context-runtime/src/ipc_manager.cc:2440 INFO 2739332 IncreaseClientShm IpcManager::IncreaseClientShm: Creating clio_2739332_17 with size 141147312 (107592880 + 33554432 overhead)[0m
[97m/home/cvazquezperezdelacru/clio-core/context-runtime/src/ipc_manager.cc:2485 INFO 2739332 IncreaseClientShm IpcManager::IncreaseClientShm: Created allocator clio_2739332_17 with ID (2739332.17)[0m
[97m/home/cvazquezperezdelacru/clio-core/context-runtime/src/ipc_manager.cc:2440 INFO 2739332 IncreaseClientShm IpcManager::IncreaseClientShm: Creating clio_2739332_18 with size 146496816 (112942384 + 33554432 overhead)[0m
[97m/home/cvazquezperezdelacru/clio-core/context-runtime/src/ipc_manager.cc:2485 INFO 2739332 IncreaseClientShm IpcManager::IncreaseClientShm: Created allocator clio_2739332_18 with ID (2739332.18)[0m
[97m/home/cvazquezperezdelacru/clio-core/context-runtime/src/ipc_manager.cc:2440 INFO 2739332 IncreaseClientShm IpcManager::IncreaseClientShm: Creating clio_2739332_19 with size 138263912 (104709480 + 33554432 overhead)[0m
[97m/home/cvazquezperezdelacru/clio-core/context-runtime/src/ipc_manager.cc:2485 INFO 2739332 IncreaseClientShm IpcManager::IncreaseClientShm: Created allocator clio_2739332_19 with ID (2739332.19)[0m
[97m/home/cvazquezperezdelacru/clio-core/context-runtime/src/ipc_manager.cc:2440 INFO 2739332 IncreaseClientShm IpcManager::IncreaseClientShm: Creating clio_2739332_20 with size 157809408 (124254976 + 33554432 overhead)[0m
[97m/home/cvazquezperezdelacru/clio-core/context-runtime/src/ipc_manager.cc:2485 INFO 2739332 IncreaseClientShm IpcManager::IncreaseClientShm: Created allocator clio_2739332_20 with ID (2739332.20)[0m
[97m/home/cvazquezperezdelacru/clio-core/context-runtime/src/ipc_manager.cc:2440 INFO 2739332 IncreaseClientShm IpcManager::IncreaseClientShm: Creating clio_2739332_21 with size 131063216 (97508784 + 33554432 overhead)[0m
[97m/home/cvazquezperezdelacru/clio-core/context-runtime/src/ipc_manager.cc:2485 INFO 2739332 IncreaseClientShm IpcManager::IncreaseClientShm: Created allocator clio_2739332_21 with ID (2739332.21)[0m
[97m/home/cvazquezperezdelacru/clio-core/context-runtime/src/ipc_manager.cc:2440 INFO 2739332 IncreaseClientShm IpcManager::IncreaseClientShm: Creating clio_2739332_22 with size 135000912 (101446480 + 33554432 overhead)[0m
[97m/home/cvazquezperezdelacru/clio-core/context-runtime/src/ipc_manager.cc:2485 INFO 2739332 IncreaseClientShm IpcManager::IncreaseClientShm: Created allocator clio_2739332_22 with ID (2739332.22)[0m
[97m/home/cvazquezperezdelacru/clio-core/context-runtime/src/ipc_manager.cc:2440 INFO 2739332 IncreaseClientShm IpcManager::IncreaseClientShm: Creating clio_2739332_23 with size 136878112 (103323680 + 33554432 overhead)[0m
[97m/home/cvazquezperezdelacru/clio-core/context-runtime/src/ipc_manager.cc:2485 INFO 2739332 IncreaseClientShm IpcManager::IncreaseClientShm: Created allocator clio_2739332_23 with ID (2739332.23)[0m
[97m/home/cvazquezperezdelacru/clio-core/context-runtime/src/ipc_manager.cc:2440 INFO 2739332 IncreaseClientShm IpcManager::IncreaseClientShm: Creating clio_2739332_24 with size 144801616 (111247184 + 33554432 overhead)[0m
[97m/home/cvazquezperezdelacru/clio-core/context-runtime/src/ipc_manager.cc:2485 INFO 2739332 IncreaseClientShm IpcManager::IncreaseClientShm: Created allocator clio_2739332_24 with ID (2739332.24)[0m
[97m/home/cvazquezperezdelacru/clio-core/context-runtime/src/ipc_manager.cc:2440 INFO 2739332 IncreaseClientShm IpcManager::IncreaseClientShm: Creating clio_2739332_25 with size 141312416 (107757984 + 33554432 overhead)[0m
[97m/home/cvazquezperezdelacru/clio-core/context-runtime/src/ipc_manager.cc:2485 INFO 2739332 IncreaseClientShm IpcManager::IncreaseClientShm: Created allocator clio_2739332_25 with ID (2739332.25)[0m
[97m/home/cvazquezperezdelacru/clio-core/context-runtime/src/ipc_manager.cc:2440 INFO 2739332 IncreaseClientShm IpcManager::IncreaseClientShm: Creating clio_2739332_26 with size 139680912 (106126480 + 33554432 overhead)[0m
[97m/home/cvazquezperezdelacru/clio-core/context-runtime/src/ipc_manager.cc:2485 INFO 2739332 IncreaseClientShm IpcManager::IncreaseClientShm: Created allocator clio_2739332_26 with ID (2739332.26)[0m
[97m/home/cvazquezperezdelacru/clio-core/context-runtime/src/ipc_manager.cc:2440 INFO 2739332 IncreaseClientShm IpcManager::IncreaseClientShm: Creating clio_2739332_27 with size 132623216 (99068784 + 33554432 overhead)[0m
[97m/home/cvazquezperezdelacru/clio-core/context-runtime/src/ipc_manager.cc:2485 INFO 2739332 IncreaseClientShm IpcManager::IncreaseClientShm: Created allocator clio_2739332_27 with ID (2739332.27)[0m
[97m/home/cvazquezperezdelacru/clio-core/context-runtime/src/ipc_manager.cc:2440 INFO 2739332 IncreaseClientShm IpcManager::IncreaseClientShm: Creating clio_2739332_28 with size 133084712 (99530280 + 33554432 overhead)[0m
[97m/home/cvazquezperezdelacru/clio-core/context-runtime/src/ipc_manager.cc:2485 INFO 2739332 IncreaseClientShm IpcManager::IncreaseClientShm: Created allocator clio_2739332_28 with ID (2739332.28)[0m
[97m/home/cvazquezperezdelacru/clio-core/context-runtime/src/ipc_manager.cc:2440 INFO 2739332 IncreaseClientShm IpcManager::IncreaseClientShm: Creating clio_2739332_29 with size 139418312 (105863880 + 33554432 overhead)[0m
[97m/home/cvazquezperezdelacru/clio-core/context-runtime/src/ipc_manager.cc:2485 INFO 2739332 IncreaseClientShm IpcManager::IncreaseClientShm: Created allocator clio_2739332_29 with ID (2739332.29)[0m
[97m/home/cvazquezperezdelacru/clio-core/context-runtime/src/ipc_manager.cc:2440 INFO 2739332 IncreaseClientShm IpcManager::IncreaseClientShm: Creating clio_2739332_30 with size 138098816 (104544384 + 33554432 overhead)[0m
[97m/home/cvazquezperezdelacru/clio-core/context-runtime/src/ipc_manager.cc:2485 INFO 2739332 IncreaseClientShm IpcManager::IncreaseClientShm: Created allocator clio_2739332_30 with ID (2739332.30)[0m
[97m/home/cvazquezperezdelacru/clio-core/context-runtime/src/ipc_manager.cc:2440 INFO 2739332 IncreaseClientShm IpcManager::IncreaseClientShm: Creating clio_2739332_31 with size 134711008 (101156576 + 33554432 overhead)[0m
[97m/home/cvazquezperezdelacru/clio-core/context-runtime/src/ipc_manager.cc:2485 INFO 2739332 IncreaseClientShm IpcManager::IncreaseClientShm: Created allocator clio_2739332_31 with ID (2739332.31)[0m
[97m/home/cvazquezperezdelacru/clio-core/context-runtime/src/ipc_manager.cc:2440 INFO 2739332 IncreaseClientShm IpcManager::IncreaseClientShm: Creating clio_2739332_32 with size 146078208 (112523776 + 33554432 overhead)[0m
[97m/home/cvazquezperezdelacru/clio-core/context-runtime/src/ipc_manager.cc:2485 INFO 2739332 IncreaseClientShm IpcManager::IncreaseClientShm: Created allocator clio_2739332_32 with ID (2739332.32)[0m
[97m/home/cvazquezperezdelacru/clio-core/context-runtime/src/ipc_manager.cc:2440 INFO 2739332 IncreaseClientShm IpcManager::IncreaseClientShm: Creating clio_2739332_33 with size 143496416 (109941984 + 33554432 overhead)[0m
[97m/home/cvazquezperezdelacru/clio-core/context-runtime/src/ipc_manager.cc:2485 INFO 2739332 IncreaseClientShm IpcManager::IncreaseClientShm: Created allocator clio_2739332_33 with ID (2739332.33)[0m
[97m/home/cvazquezperezdelacru/clio-core/context-runtime/src/ipc_manager.cc:2440 INFO 2739332 IncreaseClientShm IpcManager::IncreaseClientShm: Creating clio_2739332_34 with size 140343912 (106789480 + 33554432 overhead)[0m
[97m/home/cvazquezperezdelacru/clio-core/context-runtime/src/ipc_manager.cc:2485 INFO 2739332 IncreaseClientShm IpcManager::IncreaseClientShm: Created allocator clio_2739332_34 with ID (2739332.34)[0m
[97m/home/cvazquezperezdelacru/clio-core/context-runtime/src/ipc_manager.cc:2440 INFO 2739332 IncreaseClientShm IpcManager::IncreaseClientShm: Creating clio_2739332_35 with size 142647512 (109093080 + 33554432 overhead)[0m
[97m/home/cvazquezperezdelacru/clio-core/context-runtime/src/ipc_manager.cc:2485 INFO 2739332 IncreaseClientShm IpcManager::IncreaseClientShm: Created allocator clio_2739332_35 with ID (2739332.35)[0m
[97m/home/cvazquezperezdelacru/clio-core/context-runtime/src/ipc_manager.cc:2440 INFO 2739332 IncreaseClientShm IpcManager::IncreaseClientShm: Creating clio_2739332_36 with size 145055112 (111500680 + 33554432 overhead)[0m
[97m/home/cvazquezperezdelacru/clio-core/context-runtime/src/ipc_manager.cc:2485 INFO 2739332 IncreaseClientShm IpcManager::IncreaseClientShm: Created allocator clio_2739332_36 with ID (2739332.36)[0m
[97m/home/cvazquezperezdelacru/clio-core/context-runtime/src/ipc_manager.cc:2440 INFO 2739332 IncreaseClientShm IpcManager::IncreaseClientShm: Creating clio_2739332_37 with size 143630312 (110075880 + 33554432 overhead)[0m
[97m/home/cvazquezperezdelacru/clio-core/context-runtime/src/ipc_manager.cc:2485 INFO 2739332 IncreaseClientShm IpcManager::IncreaseClientShm: Created allocator clio_2739332_37 with ID (2739332.37)[0m
[97m/home/cvazquezperezdelacru/clio-core/context-runtime/src/ipc_manager.cc:2440 INFO 2739332 IncreaseClientShm IpcManager::IncreaseClientShm: Creating clio_2739332_38 with size 156167512 (122613080 + 33554432 overhead)[0m
[97m/home/cvazquezperezdelacru/clio-core/context-runtime/src/ipc_manager.cc:2485 INFO 2739332 IncreaseClientShm IpcManager::IncreaseClientShm: Created allocator clio_2739332_38 with ID (2739332.38)[0m
[97m/home/cvazquezperezdelacru/clio-core/context-runtime/src/ipc_manager.cc:2440 INFO 2739332 IncreaseClientShm IpcManager::IncreaseClientShm: Creating clio_2739332_39 with size 131195808 (97641376 + 33554432 overhead)[0m
[97m/home/cvazquezperezdelacru/clio-core/context-runtime/src/ipc_manager.cc:2485 INFO 2739332 IncreaseClientShm IpcManager::IncreaseClientShm: Created allocator clio_2739332_39 with ID (2739332.39)[0m
[97m/home/cvazquezperezdelacru/clio-core/context-runtime/src/ipc_manager.cc:2440 INFO 2739332 IncreaseClientShm IpcManager::IncreaseClientShm: Creating clio_2739332_40 with size 139515808 (105961376 + 33554432 overhead)[0m
[97m/home/cvazquezperezdelacru/clio-core/context-runtime/src/ipc_manager.cc:2485 INFO 2739332 IncreaseClientShm IpcManager::IncreaseClientShm: Created allocator clio_2739332_40 with ID (2739332.40)[0m
[97m/home/cvazquezperezdelacru/clio-core/context-runtime/src/ipc_manager.cc:2440 INFO 2739332 IncreaseClientShm IpcManager::IncreaseClientShm: Creating clio_2739332_41 with size 135686016 (102131584 + 33554432 overhead)[0m
[97m/home/cvazquezperezdelacru/clio-core/context-runtime/src/ipc_manager.cc:2485 INFO 2739332 IncreaseClientShm IpcManager::IncreaseClientShm: Created allocator clio_2739332_41 with ID (2739332.41)[0m
[97m/home/cvazquezperezdelacru/clio-core/context-runtime/src/ipc_manager.cc:2440 INFO 2739332 IncreaseClientShm IpcManager::IncreaseClientShm: Creating clio_2739332_42 with size 139485912 (105931480 + 33554432 overhead)[0m
[97m/home/cvazquezperezdelacru/clio-core/context-runtime/src/ipc_manager.cc:2485 INFO 2739332 IncreaseClientShm IpcManager::IncreaseClientShm: Created allocator clio_2739332_42 with ID (2739332.42)[0m
[97m/home/cvazquezperezdelacru/clio-core/context-runtime/src/ipc_manager.cc:2440 INFO 2739332 IncreaseClientShm IpcManager::IncreaseClientShm: Creating clio_2739332_43 with size 140212608 (106658176 + 33554432 overhead)[0m
[97m/home/cvazquezperezdelacru/clio-core/context-runtime/src/ipc_manager.cc:2485 INFO 2739332 IncreaseClientShm IpcManager::IncreaseClientShm: Created allocator clio_2739332_43 with ID (2739332.43)[0m
[97m/home/cvazquezperezdelacru/clio-core/context-runtime/src/ipc_manager.cc:2440 INFO 2739332 IncreaseClientShm IpcManager::IncreaseClientShm: Creating clio_2739332_44 with size 142362816 (108808384 + 33554432 overhead)[0m
[97m/home/cvazquezperezdelacru/clio-core/context-runtime/src/ipc_manager.cc:2485 INFO 2739332 IncreaseClientShm IpcManager::IncreaseClientShm: Created allocator clio_2739332_44 with ID (2739332.44)[0m
[97m/home/cvazquezperezdelacru/clio-core/context-runtime/src/ipc_manager.cc:2440 INFO 2739332 IncreaseClientShm IpcManager::IncreaseClientShm: Creating clio_2739332_45 with size 146507216 (112952784 + 33554432 overhead)[0m
[97m/home/cvazquezperezdelacru/clio-core/context-runtime/src/ipc_manager.cc:2485 INFO 2739332 IncreaseClientShm IpcManager::IncreaseClientShm: Created allocator clio_2739332_45 with ID (2739332.45)[0m
[97m/home/cvazquezperezdelacru/clio-core/context-runtime/src/ipc_manager.cc:2440 INFO 2739332 IncreaseClientShm IpcManager::IncreaseClientShm: Creating clio_2739332_46 with size 135123112 (101568680 + 33554432 overhead)[0m
[97m/home/cvazquezperezdelacru/clio-core/context-runtime/src/ipc_manager.cc:2485 INFO 2739332 IncreaseClientShm IpcManager::IncreaseClientShm: Created allocator clio_2739332_46 with ID (2739332.46)[0m
[97m/home/cvazquezperezdelacru/clio-core/context-runtime/src/ipc_manager.cc:2440 INFO 2739332 IncreaseClientShm IpcManager::IncreaseClientShm: Creating clio_2739332_47 with size 134608312 (101053880 + 33554432 overhead)[0m
[97m/home/cvazquezperezdelacru/clio-core/context-runtime/src/ipc_manager.cc:2485 INFO 2739332 IncreaseClientShm IpcManager::IncreaseClientShm: Created allocator clio_2739332_47 with ID (2739332.47)[0m
[97m/home/cvazquezperezdelacru/clio-core/context-runtime/src/ipc_manager.cc:2440 INFO 2739332 IncreaseClientShm IpcManager::IncreaseClientShm: Creating clio_2739332_48 with size 134746112 (101191680 + 33554432 overhead)[0m
[97m/home/cvazquezperezdelacru/clio-core/context-runtime/src/ipc_manager.cc:2485 INFO 2739332 IncreaseClientShm IpcManager::IncreaseClientShm: Created allocator clio_2739332_48 with ID (2739332.48)[0m
[97m/home/cvazquezperezdelacru/clio-core/context-runtime/src/ipc_manager.cc:2440 INFO 2739332 IncreaseClientShm IpcManager::IncreaseClientShm: Creating clio_2739332_49 with size 137277216 (103722784 + 33554432 overhead)[0m
[97m/home/cvazquezperezdelacru/clio-core/context-runtime/src/ipc_manager.cc:2485 INFO 2739332 IncreaseClientShm IpcManager::IncreaseClientShm: Created allocator clio_2739332_49 with ID (2739332.49)[0m
[97m/home/cvazquezperezdelacru/clio-core/context-runtime/src/ipc_manager.cc:2440 INFO 2739332 IncreaseClientShm IpcManager::IncreaseClientShm: Creating clio_2739332_50 with size 148345408 (114790976 + 33554432 overhead)[0m
[97m/home/cvazquezperezdelacru/clio-core/context-runtime/src/ipc_manager.cc:2485 INFO 2739332 IncreaseClientShm IpcManager::IncreaseClientShm: Created allocator clio_2739332_50 with ID (2739332.50)[0m
[97m/home/cvazquezperezdelacru/clio-core/context-runtime/src/ipc_manager.cc:2440 INFO 2739332 IncreaseClientShm IpcManager::IncreaseClientShm: Creating clio_2739332_51 with size 134685008 (101130576 + 33554432 overhead)[0m
[97m/home/cvazquezperezdelacru/clio-core/context-runtime/src/ipc_manager.cc:2485 INFO 2739332 IncreaseClientShm IpcManager::IncreaseClientShm: Created allocator clio_2739332_51 with ID (2739332.51)[0m
[97m/home/cvazquezperezdelacru/clio-core/context-runtime/src/ipc_manager.cc:2440 INFO 2739332 IncreaseClientShm IpcManager::IncreaseClientShm: Creating clio_2739332_52 with size 141081008 (107526576 + 33554432 overhead)[0m
[97m/home/cvazquezperezdelacru/clio-core/context-runtime/src/ipc_manager.cc:2485 INFO 2739332 IncreaseClientShm IpcManager::IncreaseClientShm: Created allocator clio_2739332_52 with ID (2739332.52)[0m
[97m/home/cvazquezperezdelacru/clio-core/context-runtime/src/ipc_manager.cc:2440 INFO 2739332 IncreaseClientShm IpcManager::IncreaseClientShm: Creating clio_2739332_53 with size 138153408 (104598976 + 33554432 overhead)[0m
[97m/home/cvazquezperezdelacru/clio-core/context-runtime/src/ipc_manager.cc:2485 INFO 2739332 IncreaseClientShm IpcManager::IncreaseClientShm: Created allocator clio_2739332_53 with ID (2739332.53)[0m
[97m/home/cvazquezperezdelacru/clio-core/context-runtime/src/ipc_manager.cc:2440 INFO 2739332 IncreaseClientShm IpcManager::IncreaseClientShm: Creating clio_2739332_54 with size 147495216 (113940784 + 33554432 overhead)[0m
[97m/home/cvazquezperezdelacru/clio-core/context-runtime/src/ipc_manager.cc:2485 INFO 2739332 IncreaseClientShm IpcManager::IncreaseClientShm: Created allocator clio_2739332_54 with ID (2739332.54)[0m
[97m/home/cvazquezperezdelacru/clio-core/context-runtime/src/ipc_manager.cc:2440 INFO 2739332 IncreaseClientShm IpcManager::IncreaseClientShm: Creating clio_2739332_55 with size 138565512 (105011080 + 33554432 overhead)[0m
[97m/home/cvazquezperezdelacru/clio-core/context-runtime/src/ipc_manager.cc:2485 INFO 2739332 IncreaseClientShm IpcManager::IncreaseClientShm: Created allocator clio_2739332_55 with ID (2739332.55)[0m
[97m/home/cvazquezperezdelacru/clio-core/context-runtime/src/ipc_manager.cc:2440 INFO 2739332 IncreaseClientShm IpcManager::IncreaseClientShm: Creating clio_2739332_56 with size 133413616 (99859184 + 33554432 overhead)[0m
[97m/home/cvazquezperezdelacru/clio-core/context-runtime/src/ipc_manager.cc:2485 INFO 2739332 IncreaseClientShm IpcManager::IncreaseClientShm: Created allocator clio_2739332_56 with ID (2739332.56)[0m
[97m/home/cvazquezperezdelacru/clio-core/context-runtime/src/ipc_manager.cc:2440 INFO 2739332 IncreaseClientShm IpcManager::IncreaseClientShm: Creating clio_2739332_57 with size 141135616 (107581184 + 33554432 overhead)[0m
[97m/home/cvazquezperezdelacru/clio-core/context-runtime/src/ipc_manager.cc:2485 INFO 2739332 IncreaseClientShm IpcManager::IncreaseClientShm: Created allocator clio_2739332_57 with ID (2739332.57)[0m
[97m/home/cvazquezperezdelacru/clio-core/context-runtime/src/ipc_manager.cc:2440 INFO 2739332 IncreaseClientShm IpcManager::IncreaseClientShm: Creating clio_2739332_58 with size 144684608 (111130176 + 33554432 overhead)[0m
[97m/home/cvazquezperezdelacru/clio-core/context-runtime/src/ipc_manager.cc:2485 INFO 2739332 IncreaseClientShm IpcManager::IncreaseClientShm: Created allocator clio_2739332_58 with ID (2739332.58)[0m
[97m/home/cvazquezperezdelacru/clio-core/context-runtime/src/ipc_manager.cc:2440 INFO 2739332 IncreaseClientShm IpcManager::IncreaseClientShm: Creating clio_2739332_59 with size 147808512 (114254080 + 33554432 overhead)[0m
[97m/home/cvazquezperezdelacru/clio-core/context-runtime/src/ipc_manager.cc:2485 INFO 2739332 IncreaseClientShm IpcManager::IncreaseClientShm: Created allocator clio_2739332_59 with ID (2739332.59)[0m
[97m/home/cvazquezperezdelacru/clio-core/context-runtime/src/ipc_manager.cc:2440 INFO 2739332 IncreaseClientShm IpcManager::IncreaseClientShm: Creating clio_2739332_60 with size 147874816 (114320384 + 33554432 overhead)[0m
[97m/home/cvazquezperezdelacru/clio-core/context-runtime/src/ipc_manager.cc:2485 INFO 2739332 IncreaseClientShm IpcManager::IncreaseClientShm: Created allocator clio_2739332_60 with ID (2739332.60)[0m
[97m/home/cvazquezperezdelacru/clio-core/context-runtime/src/ipc_manager.cc:2440 INFO 2739332 IncreaseClientShm IpcManager::IncreaseClientShm: Creating clio_2739332_61 with size 135757512 (102203080 + 33554432 overhead)[0m
[97m/home/cvazquezperezdelacru/clio-core/context-runtime/src/ipc_manager.cc:2485 INFO 2739332 IncreaseClientShm IpcManager::IncreaseClientShm: Created allocator clio_2739332_61 with ID (2739332.61)[0m
[97m/home/cvazquezperezdelacru/clio-core/context-runtime/src/ipc_manager.cc:2440 INFO 2739332 IncreaseClientShm IpcManager::IncreaseClientShm: Creating clio_2739332_62 with size 139972112 (106417680 + 33554432 overhead)[0m
[97m/home/cvazquezperezdelacru/clio-core/context-runtime/src/ipc_manager.cc:2485 INFO 2739332 IncreaseClientShm IpcManager::IncreaseClientShm: Created allocator clio_2739332_62 with ID (2739332.62)[0m
[97m/home/cvazquezperezdelacru/clio-core/context-runtime/src/ipc_manager.cc:2440 INFO 2739332 IncreaseClientShm IpcManager::IncreaseClientShm: Creating clio_2739332_63 with size 143276712 (109722280 + 33554432 overhead)[0m
[97m/home/cvazquezperezdelacru/clio-core/context-runtime/src/ipc_manager.cc:2485 INFO 2739332 IncreaseClientShm IpcManager::IncreaseClientShm: Created allocator clio_2739332_63 with ID (2739332.63)[0m
[97m/home/cvazquezperezdelacru/clio-core/context-runtime/src/ipc_manager.cc:2440 INFO 2739332 IncreaseClientShm IpcManager::IncreaseClientShm: Creating clio_2739332_64 with size 145867616 (112313184 + 33554432 overhead)[0m
[97m/home/cvazquezperezdelacru/clio-core/context-runtime/src/ipc_manager.cc:2485 INFO 2739332 IncreaseClientShm IpcManager::IncreaseClientShm: Created allocator clio_2739332_64 with ID (2739332.64)[0m
[97m/home/cvazquezperezdelacru/clio-core/context-runtime/src/ipc_manager.cc:2440 INFO 2739332 IncreaseClientShm IpcManager::IncreaseClientShm: Creating clio_2739332_65 with size 136051312 (102496880 + 33554432 overhead)[0m
[97m/home/cvazquezperezdelacru/clio-core/context-runtime/src/ipc_manager.cc:2485 INFO 2739332 IncreaseClientShm IpcManager::IncreaseClientShm: Created allocator clio_2739332_65 with ID (2739332.65)[0m
[97m/home/cvazquezperezdelacru/clio-core/context-runtime/src/ipc_manager.cc:2440 INFO 2739332 IncreaseClientShm IpcManager::IncreaseClientShm: Creating clio_2739332_66 with size 149614208 (116059776 + 33554432 overhead)[0m
[97m/home/cvazquezperezdelacru/clio-core/context-runtime/src/ipc_manager.cc:2485 INFO 2739332 IncreaseClientShm IpcManager::IncreaseClientShm: Created allocator clio_2739332_66 with ID (2739332.66)[0m
[97m/home/cvazquezperezdelacru/clio-core/context-runtime/src/ipc_manager.cc:2440 INFO 2739332 IncreaseClientShm IpcManager::IncreaseClientShm: Creating clio_2739332_67 with size 146177008 (112622576 + 33554432 overhead)[0m
[97m/home/cvazquezperezdelacru/clio-core/context-runtime/src/ipc_manager.cc:2485 INFO 2739332 IncreaseClientShm IpcManager::IncreaseClientShm: Created allocator clio_2739332_67 with ID (2739332.67)[0m
[ingest] done: 24.21 GiB compact (tag faiss_ivf::ondisk_nb50M)
[verify] PASS — 16 lists byte-identical
[97m/home/cvazquezperezdelacru/clio-core/context-runtime/src/ipc_manager.cc:2341 INFO 2739332 ClearClientPool [ClientPool] Clearing 0 persistent connections[0m
