[ingest] reading /mnt/common/cvazquezperezdelacru/faiss/slurm_bench/work/ondisk_nb100M.index (mmap)
[ingest] nlist=16384 code_size=512 ntotal=100000000
[97m/home/cvazquezperezdelacru/clio-core/context-runtime/src/manager.cc:137 INFO 1159947 ClientInit RuntimeManager::ClientInit[0m
[97m/home/cvazquezperezdelacru/clio-core/context-runtime/src/config_manager.cc:144 INFO 1159947 ClientInit Config at: /home/cvazquezperezdelacru/.clio/clio.yaml[0m
[97m/home/cvazquezperezdelacru/clio-core/context-runtime/src/ipc_manager.cc:219 INFO 1159947 ClientInit IpcManager::ClientInit: IPC mode = SHM (auto-selected)[0m
[97m/home/cvazquezperezdelacru/clio-core/context-runtime/src/ipc_manager.cc:231 INFO 1159947 ClientInit IpcManager::ClientInit: retry_timeout = 1200s[0m
[97m/home/cvazquezperezdelacru/clio-core/context-runtime/src/ipc_manager.cc:239 INFO 1159947 ClientInit IpcManager::ClientInit: try_new_servers = 0[0m
[97m/home/cvazquezperezdelacru/clio-core/context-runtime/src/../../context-transport-primitives/include/clio_ctp/lightbeam/zmq_transport.h:152 INFO 1159947 GetSharedContext [ZeroMqTransport] Created shared context with 8 I/O threads[0m
[97m/home/cvazquezperezdelacru/clio-core/context-runtime/src/ipc_manager.cc:292 INFO 1159947 ClientInit IpcManager: DEALER transport connected to port 9416[0m
[97m/home/cvazquezperezdelacru/clio-core/context-runtime/src/ipc_manager.cc:322 INFO 1159947 ClientInit IpcManager: client response listener bound to port 44067[0m
[97m/home/cvazquezperezdelacru/clio-core/context-runtime/src/ipc_manager.cc:1388 INFO 1159947 WaitForLocalServer Waiting for runtime via lightbeam (timeout=120s)[0m
[97m/home/cvazquezperezdelacru/clio-core/context-runtime/src/ipc_manager.cc:1496 INFO 1159947 WaitForLocalServer Successfully connected to runtime (generation=840369752864123, server_pid=1159826, shm_in_shards=1)[0m
[97m/home/cvazquezperezdelacru/clio-core/context-runtime/src/ipc_manager.cc:1202 INFO 1159947 ClientInitShm ClientInitShm: attached metadata segment 'chi_metadata_segment_cvazquezperezdelacru_9413'[0m
[97m/home/cvazquezperezdelacru/clio-core/context-runtime/src/ipc_manager.cc:1228 INFO 1159947 ClientInitShm ClientInitShm: response SHM ring 'clio-1159947-shm-out' (1MB)[0m
[97m/home/cvazquezperezdelacru/clio-core/context-runtime/src/ipc_manager.cc:2440 INFO 1159947 IncreaseClientShm IpcManager::IncreaseClientShm: Creating clio_1159947_0 with size 570425344 (536870912 + 33554432 overhead)[0m
[97m/home/cvazquezperezdelacru/clio-core/context-runtime/src/ipc_manager.cc:2485 INFO 1159947 IncreaseClientShm IpcManager::IncreaseClientShm: Created allocator clio_1159947_0 with ID (1159947.0)[0m
[97m/home/cvazquezperezdelacru/clio-core/context-runtime/src/manager.cc:175 INFO 1159947 ClientInit ClientInit: Creating admin client with kAdminPoolId=PoolId(major:1, minor:0)[0m
[97m/home/cvazquezperezdelacru/clio-core/context-runtime/src/manager.cc:178 INFO 1159947 ClientInit ClientInit: Admin client created, pool_id_=PoolId(major:1, minor:0)[0m
[97m/home/cvazquezperezdelacru/clio-core/context-runtime/src/ipc_manager.cc:2440 INFO 1159947 IncreaseClientShm IpcManager::IncreaseClientShm: Creating clio_1159947_1 with size 130705712 (97151280 + 33554432 overhead)[0m
[97m/home/cvazquezperezdelacru/clio-core/context-runtime/src/ipc_manager.cc:2485 INFO 1159947 IncreaseClientShm IpcManager::IncreaseClientShm: Created allocator clio_1159947_1 with ID (1159947.1)[0m
[97m/home/cvazquezperezdelacru/clio-core/context-runtime/src/ipc_manager.cc:2440 INFO 1159947 IncreaseClientShm IpcManager::IncreaseClientShm: Creating clio_1159947_2 with size 133079512 (99525080 + 33554432 overhead)[0m
[97m/home/cvazquezperezdelacru/clio-core/context-runtime/src/ipc_manager.cc:2485 INFO 1159947 IncreaseClientShm IpcManager::IncreaseClientShm: Created allocator clio_1159947_2 with ID (1159947.2)[0m
[97m/home/cvazquezperezdelacru/clio-core/context-runtime/src/ipc_manager.cc:2440 INFO 1159947 IncreaseClientShm IpcManager::IncreaseClientShm: Creating clio_1159947_3 with size 136109808 (102555376 + 33554432 overhead)[0m
[97m/home/cvazquezperezdelacru/clio-core/context-runtime/src/ipc_manager.cc:2485 INFO 1159947 IncreaseClientShm IpcManager::IncreaseClientShm: Created allocator clio_1159947_3 with ID (1159947.3)[0m
[97m/home/cvazquezperezdelacru/clio-core/context-runtime/src/ipc_manager.cc:2440 INFO 1159947 IncreaseClientShm IpcManager::IncreaseClientShm: Creating clio_1159947_4 with size 146054816 (112500384 + 33554432 overhead)[0m
[97m/home/cvazquezperezdelacru/clio-core/context-runtime/src/ipc_manager.cc:2485 INFO 1159947 IncreaseClientShm IpcManager::IncreaseClientShm: Created allocator clio_1159947_4 with ID (1159947.4)[0m
[97m/home/cvazquezperezdelacru/clio-core/context-runtime/src/ipc_manager.cc:2440 INFO 1159947 IncreaseClientShm IpcManager::IncreaseClientShm: Creating clio_1159947_5 with size 134568016 (101013584 + 33554432 overhead)[0m
[97m/home/cvazquezperezdelacru/clio-core/context-runtime/src/ipc_manager.cc:2485 INFO 1159947 IncreaseClientShm IpcManager::IncreaseClientShm: Created allocator clio_1159947_5 with ID (1159947.5)[0m
[97m/home/cvazquezperezdelacru/clio-core/context-runtime/src/ipc_manager.cc:2440 INFO 1159947 IncreaseClientShm IpcManager::IncreaseClientShm: Creating clio_1159947_6 with size 130969616 (97415184 + 33554432 overhead)[0m
[97m/home/cvazquezperezdelacru/clio-core/context-runtime/src/ipc_manager.cc:2485 INFO 1159947 IncreaseClientShm IpcManager::IncreaseClientShm: Created allocator clio_1159947_6 with ID (1159947.6)[0m
[97m/home/cvazquezperezdelacru/clio-core/context-runtime/src/ipc_manager.cc:2440 INFO 1159947 IncreaseClientShm IpcManager::IncreaseClientShm: Creating clio_1159947_7 with size 131554608 (98000176 + 33554432 overhead)[0m
[97m/home/cvazquezperezdelacru/clio-core/context-runtime/src/ipc_manager.cc:2485 INFO 1159947 IncreaseClientShm IpcManager::IncreaseClientShm: Created allocator clio_1159947_7 with ID (1159947.7)[0m
[97m/home/cvazquezperezdelacru/clio-core/context-runtime/src/ipc_manager.cc:2440 INFO 1159947 IncreaseClientShm IpcManager::IncreaseClientShm: Creating clio_1159947_8 with size 131786016 (98231584 + 33554432 overhead)[0m
[97m/home/cvazquezperezdelacru/clio-core/context-runtime/src/ipc_manager.cc:2485 INFO 1159947 IncreaseClientShm IpcManager::IncreaseClientShm: Created allocator clio_1159947_8 with ID (1159947.8)[0m
[97m/home/cvazquezperezdelacru/clio-core/context-runtime/src/ipc_manager.cc:2440 INFO 1159947 IncreaseClientShm IpcManager::IncreaseClientShm: Creating clio_1159947_9 with size 133162712 (99608280 + 33554432 overhead)[0m
[97m/home/cvazquezperezdelacru/clio-core/context-runtime/src/ipc_manager.cc:2485 INFO 1159947 IncreaseClientShm IpcManager::IncreaseClientShm: Created allocator clio_1159947_9 with ID (1159947.9)[0m
[97m/home/cvazquezperezdelacru/clio-core/context-runtime/src/ipc_manager.cc:2440 INFO 1159947 IncreaseClientShm IpcManager::IncreaseClientShm: Creating clio_1159947_10 with size 144585808 (111031376 + 33554432 overhead)[0m
[97m/home/cvazquezperezdelacru/clio-core/context-runtime/src/ipc_manager.cc:2485 INFO 1159947 IncreaseClientShm IpcManager::IncreaseClientShm: Created allocator clio_1159947_10 with ID (1159947.10)[0m
[97m/home/cvazquezperezdelacru/clio-core/context-runtime/src/ipc_manager.cc:2440 INFO 1159947 IncreaseClientShm IpcManager::IncreaseClientShm: Creating clio_1159947_11 with size 131273808 (97719376 + 33554432 overhead)[0m
[97m/home/cvazquezperezdelacru/clio-core/context-runtime/src/ipc_manager.cc:2485 INFO 1159947 IncreaseClientShm IpcManager::IncreaseClientShm: Created allocator clio_1159947_11 with ID (1159947.11)[0m
[97m/home/cvazquezperezdelacru/clio-core/context-runtime/src/ipc_manager.cc:2440 INFO 1159947 IncreaseClientShm IpcManager::IncreaseClientShm: Creating clio_1159947_12 with size 134085712 (100531280 + 33554432 overhead)[0m
[97m/home/cvazquezperezdelacru/clio-core/context-runtime/src/ipc_manager.cc:2485 INFO 1159947 IncreaseClientShm IpcManager::IncreaseClientShm: Created allocator clio_1159947_12 with ID (1159947.12)[0m
[97m/home/cvazquezperezdelacru/clio-core/context-runtime/src/ipc_manager.cc:2440 INFO 1159947 IncreaseClientShm IpcManager::IncreaseClientShm: Creating clio_1159947_13 with size 136254112 (102699680 + 33554432 overhead)[0m
[97m/home/cvazquezperezdelacru/clio-core/context-runtime/src/ipc_manager.cc:2485 INFO 1159947 IncreaseClientShm IpcManager::IncreaseClientShm: Created allocator clio_1159947_13 with ID (1159947.13)[0m
[97m/home/cvazquezperezdelacru/clio-core/context-runtime/src/ipc_manager.cc:2440 INFO 1159947 IncreaseClientShm IpcManager::IncreaseClientShm: Creating clio_1159947_14 with size 136742912 (103188480 + 33554432 overhead)[0m
[97m/home/cvazquezperezdelacru/clio-core/context-runtime/src/ipc_manager.cc:2485 INFO 1159947 IncreaseClientShm IpcManager::IncreaseClientShm: Created allocator clio_1159947_14 with ID (1159947.14)[0m
[97m/home/cvazquezperezdelacru/clio-core/context-runtime/src/ipc_manager.cc:2440 INFO 1159947 IncreaseClientShm IpcManager::IncreaseClientShm: Creating clio_1159947_15 with size 139370208 (105815776 + 33554432 overhead)[0m
[97m/home/cvazquezperezdelacru/clio-core/context-runtime/src/ipc_manager.cc:2485 INFO 1159947 IncreaseClientShm IpcManager::IncreaseClientShm: Created allocator clio_1159947_15 with ID (1159947.15)[0m
[97m/home/cvazquezperezdelacru/clio-core/context-runtime/src/ipc_manager.cc:2440 INFO 1159947 IncreaseClientShm IpcManager::IncreaseClientShm: Creating clio_1159947_16 with size 149225512 (115671080 + 33554432 overhead)[0m
[97m/home/cvazquezperezdelacru/clio-core/context-runtime/src/ipc_manager.cc:2485 INFO 1159947 IncreaseClientShm IpcManager::IncreaseClientShm: Created allocator clio_1159947_16 with ID (1159947.16)[0m
[97m/home/cvazquezperezdelacru/clio-core/context-runtime/src/ipc_manager.cc:2440 INFO 1159947 IncreaseClientShm IpcManager::IncreaseClientShm: Creating clio_1159947_17 with size 141906512 (108352080 + 33554432 overhead)[0m
[97m/home/cvazquezperezdelacru/clio-core/context-runtime/src/ipc_manager.cc:2485 INFO 1159947 IncreaseClientShm IpcManager::IncreaseClientShm: Created allocator clio_1159947_17 with ID (1159947.17)[0m
[97m/home/cvazquezperezdelacru/clio-core/context-runtime/src/ipc_manager.cc:2440 INFO 1159947 IncreaseClientShm IpcManager::IncreaseClientShm: Creating clio_1159947_18 with size 145826016 (112271584 + 33554432 overhead)[0m
[97m/home/cvazquezperezdelacru/clio-core/context-runtime/src/ipc_manager.cc:2485 INFO 1159947 IncreaseClientShm IpcManager::IncreaseClientShm: Created allocator clio_1159947_18 with ID (1159947.18)[0m
[97m/home/cvazquezperezdelacru/clio-core/context-runtime/src/ipc_manager.cc:2440 INFO 1159947 IncreaseClientShm IpcManager::IncreaseClientShm: Creating clio_1159947_19 with size 139725112 (106170680 + 33554432 overhead)[0m
[97m/home/cvazquezperezdelacru/clio-core/context-runtime/src/ipc_manager.cc:2485 INFO 1159947 IncreaseClientShm IpcManager::IncreaseClientShm: Created allocator clio_1159947_19 with ID (1159947.19)[0m
[97m/home/cvazquezperezdelacru/clio-core/context-runtime/src/ipc_manager.cc:2440 INFO 1159947 IncreaseClientShm IpcManager::IncreaseClientShm: Creating clio_1159947_20 with size 147097408 (113542976 + 33554432 overhead)[0m
[97m/home/cvazquezperezdelacru/clio-core/context-runtime/src/ipc_manager.cc:2485 INFO 1159947 IncreaseClientShm IpcManager::IncreaseClientShm: Created allocator clio_1159947_20 with ID (1159947.20)[0m
[97m/home/cvazquezperezdelacru/clio-core/context-runtime/src/ipc_manager.cc:2440 INFO 1159947 IncreaseClientShm IpcManager::IncreaseClientShm: Creating clio_1159947_21 with size 135189408 (101634976 + 33554432 overhead)[0m
[97m/home/cvazquezperezdelacru/clio-core/context-runtime/src/ipc_manager.cc:2485 INFO 1159947 IncreaseClientShm IpcManager::IncreaseClientShm: Created allocator clio_1159947_21 with ID (1159947.21)[0m
[97m/home/cvazquezperezdelacru/clio-core/context-runtime/src/ipc_manager.cc:2440 INFO 1159947 IncreaseClientShm IpcManager::IncreaseClientShm: Creating clio_1159947_22 with size 173869616 (140315184 + 33554432 overhead)[0m
[97m/home/cvazquezperezdelacru/clio-core/context-runtime/src/ipc_manager.cc:2485 INFO 1159947 IncreaseClientShm IpcManager::IncreaseClientShm: Created allocator clio_1159947_22 with ID (1159947.22)[0m
[97m/home/cvazquezperezdelacru/clio-core/context-runtime/src/ipc_manager.cc:2440 INFO 1159947 IncreaseClientShm IpcManager::IncreaseClientShm: Creating clio_1159947_23 with size 134876112 (101321680 + 33554432 overhead)[0m
[97m/home/cvazquezperezdelacru/clio-core/context-runtime/src/ipc_manager.cc:2485 INFO 1159947 IncreaseClientShm IpcManager::IncreaseClientShm: Created allocator clio_1159947_23 with ID (1159947.23)[0m
[97m/home/cvazquezperezdelacru/clio-core/context-runtime/src/ipc_manager.cc:2440 INFO 1159947 IncreaseClientShm IpcManager::IncreaseClientShm: Creating clio_1159947_24 with size 131925112 (98370680 + 33554432 overhead)[0m
[97m/home/cvazquezperezdelacru/clio-core/context-runtime/src/ipc_manager.cc:2485 INFO 1159947 IncreaseClientShm IpcManager::IncreaseClientShm: Created allocator clio_1159947_24 with ID (1159947.24)[0m
[97m/home/cvazquezperezdelacru/clio-core/context-runtime/src/ipc_manager.cc:2440 INFO 1159947 IncreaseClientShm IpcManager::IncreaseClientShm: Creating clio_1159947_25 with size 149146208 (115591776 + 33554432 overhead)[0m
[97m/home/cvazquezperezdelacru/clio-core/context-runtime/src/ipc_manager.cc:2485 INFO 1159947 IncreaseClientShm IpcManager::IncreaseClientShm: Created allocator clio_1159947_25 with ID (1159947.25)[0m
[97m/home/cvazquezperezdelacru/clio-core/context-runtime/src/ipc_manager.cc:2440 INFO 1159947 IncreaseClientShm IpcManager::IncreaseClientShm: Creating clio_1159947_26 with size 139441712 (105887280 + 33554432 overhead)[0m
[97m/home/cvazquezperezdelacru/clio-core/context-runtime/src/ipc_manager.cc:2485 INFO 1159947 IncreaseClientShm IpcManager::IncreaseClientShm: Created allocator clio_1159947_26 with ID (1159947.26)[0m
[97m/home/cvazquezperezdelacru/clio-core/context-runtime/src/ipc_manager.cc:2440 INFO 1159947 IncreaseClientShm IpcManager::IncreaseClientShm: Creating clio_1159947_27 with size 144301112 (110746680 + 33554432 overhead)[0m
[97m/home/cvazquezperezdelacru/clio-core/context-runtime/src/ipc_manager.cc:2485 INFO 1159947 IncreaseClientShm IpcManager::IncreaseClientShm: Created allocator clio_1159947_27 with ID (1159947.27)[0m
[97m/home/cvazquezperezdelacru/clio-core/context-runtime/src/ipc_manager.cc:2440 INFO 1159947 IncreaseClientShm IpcManager::IncreaseClientShm: Creating clio_1159947_28 with size 138174208 (104619776 + 33554432 overhead)[0m
[97m/home/cvazquezperezdelacru/clio-core/context-runtime/src/ipc_manager.cc:2485 INFO 1159947 IncreaseClientShm IpcManager::IncreaseClientShm: Created allocator clio_1159947_28 with ID (1159947.28)[0m
[97m/home/cvazquezperezdelacru/clio-core/context-runtime/src/ipc_manager.cc:2440 INFO 1159947 IncreaseClientShm IpcManager::IncreaseClientShm: Creating clio_1159947_29 with size 156653712 (123099280 + 33554432 overhead)[0m
[97m/home/cvazquezperezdelacru/clio-core/context-runtime/src/ipc_manager.cc:2485 INFO 1159947 IncreaseClientShm IpcManager::IncreaseClientShm: Created allocator clio_1159947_29 with ID (1159947.29)[0m
[97m/home/cvazquezperezdelacru/clio-core/context-runtime/src/ipc_manager.cc:2440 INFO 1159947 IncreaseClientShm IpcManager::IncreaseClientShm: Creating clio_1159947_30 with size 136770208 (103215776 + 33554432 overhead)[0m
[97m/home/cvazquezperezdelacru/clio-core/context-runtime/src/ipc_manager.cc:2485 INFO 1159947 IncreaseClientShm IpcManager::IncreaseClientShm: Created allocator clio_1159947_30 with ID (1159947.30)[0m
[97m/home/cvazquezperezdelacru/clio-core/context-runtime/src/ipc_manager.cc:2440 INFO 1159947 IncreaseClientShm IpcManager::IncreaseClientShm: Creating clio_1159947_31 with size 148533912 (114979480 + 33554432 overhead)[0m
[97m/home/cvazquezperezdelacru/clio-core/context-runtime/src/ipc_manager.cc:2485 INFO 1159947 IncreaseClientShm IpcManager::IncreaseClientShm: Created allocator clio_1159947_31 with ID (1159947.31)[0m
[97m/home/cvazquezperezdelacru/clio-core/context-runtime/src/ipc_manager.cc:2440 INFO 1159947 IncreaseClientShm IpcManager::IncreaseClientShm: Creating clio_1159947_32 with size 138743616 (105189184 + 33554432 overhead)[0m
[97m/home/cvazquezperezdelacru/clio-core/context-runtime/src/ipc_manager.cc:2485 INFO 1159947 IncreaseClientShm IpcManager::IncreaseClientShm: Created allocator clio_1159947_32 with ID (1159947.32)[0m
[97m/home/cvazquezperezdelacru/clio-core/context-runtime/src/ipc_manager.cc:2440 INFO 1159947 IncreaseClientShm IpcManager::IncreaseClientShm: Creating clio_1159947_33 with size 140237312 (106682880 + 33554432 overhead)[0m
[97m/home/cvazquezperezdelacru/clio-core/context-runtime/src/ipc_manager.cc:2485 INFO 1159947 IncreaseClientShm IpcManager::IncreaseClientShm: Created allocator clio_1159947_33 with ID (1159947.33)[0m
[97m/home/cvazquezperezdelacru/clio-core/context-runtime/src/ipc_manager.cc:2440 INFO 1159947 IncreaseClientShm IpcManager::IncreaseClientShm: Creating clio_1159947_34 with size 143437912 (109883480 + 33554432 overhead)[0m
[97m/home/cvazquezperezdelacru/clio-core/context-runtime/src/ipc_manager.cc:2485 INFO 1159947 IncreaseClientShm IpcManager::IncreaseClientShm: Created allocator clio_1159947_34 with ID (1159947.34)[0m
[97m/home/cvazquezperezdelacru/clio-core/context-runtime/src/ipc_manager.cc:2440 INFO 1159947 IncreaseClientShm IpcManager::IncreaseClientShm: Creating clio_1159947_35 with size 150935008 (117380576 + 33554432 overhead)[0m
[97m/home/cvazquezperezdelacru/clio-core/context-runtime/src/ipc_manager.cc:2485 INFO 1159947 IncreaseClientShm IpcManager::IncreaseClientShm: Created allocator clio_1159947_35 with ID (1159947.35)[0m
[97m/home/cvazquezperezdelacru/clio-core/context-runtime/src/ipc_manager.cc:2440 INFO 1159947 IncreaseClientShm IpcManager::IncreaseClientShm: Creating clio_1159947_36 with size 156164912 (122610480 + 33554432 overhead)[0m
[97m/home/cvazquezperezdelacru/clio-core/context-runtime/src/ipc_manager.cc:2485 INFO 1159947 IncreaseClientShm IpcManager::IncreaseClientShm: Created allocator clio_1159947_36 with ID (1159947.36)[0m
[97m/home/cvazquezperezdelacru/clio-core/context-runtime/src/ipc_manager.cc:2440 INFO 1159947 IncreaseClientShm IpcManager::IncreaseClientShm: Creating clio_1159947_37 with size 151072816 (117518384 + 33554432 overhead)[0m
[97m/home/cvazquezperezdelacru/clio-core/context-runtime/src/ipc_manager.cc:2485 INFO 1159947 IncreaseClientShm IpcManager::IncreaseClientShm: Created allocator clio_1159947_37 with ID (1159947.37)[0m
[97m/home/cvazquezperezdelacru/clio-core/context-runtime/src/ipc_manager.cc:2440 INFO 1159947 IncreaseClientShm IpcManager::IncreaseClientShm: Creating clio_1159947_38 with size 138984112 (105429680 + 33554432 overhead)[0m
[97m/home/cvazquezperezdelacru/clio-core/context-runtime/src/ipc_manager.cc:2485 INFO 1159947 IncreaseClientShm IpcManager::IncreaseClientShm: Created allocator clio_1159947_38 with ID (1159947.38)[0m
[97m/home/cvazquezperezdelacru/clio-core/context-runtime/src/ipc_manager.cc:2440 INFO 1159947 IncreaseClientShm IpcManager::IncreaseClientShm: Creating clio_1159947_39 with size 138708512 (105154080 + 33554432 overhead)[0m
[97m/home/cvazquezperezdelacru/clio-core/context-runtime/src/ipc_manager.cc:2485 INFO 1159947 IncreaseClientShm IpcManager::IncreaseClientShm: Created allocator clio_1159947_39 with ID (1159947.39)[0m
[97m/home/cvazquezperezdelacru/clio-core/context-runtime/src/ipc_manager.cc:2440 INFO 1159947 IncreaseClientShm IpcManager::IncreaseClientShm: Creating clio_1159947_40 with size 144468816 (110914384 + 33554432 overhead)[0m
[97m/home/cvazquezperezdelacru/clio-core/context-runtime/src/ipc_manager.cc:2485 INFO 1159947 IncreaseClientShm IpcManager::IncreaseClientShm: Created allocator clio_1159947_40 with ID (1159947.40)[0m
[97m/home/cvazquezperezdelacru/clio-core/context-runtime/src/ipc_manager.cc:2440 INFO 1159947 IncreaseClientShm IpcManager::IncreaseClientShm: Creating clio_1159947_41 with size 142964712 (109410280 + 33554432 overhead)[0m
[97m/home/cvazquezperezdelacru/clio-core/context-runtime/src/ipc_manager.cc:2485 INFO 1159947 IncreaseClientShm IpcManager::IncreaseClientShm: Created allocator clio_1159947_41 with ID (1159947.41)[0m
[97m/home/cvazquezperezdelacru/clio-core/context-runtime/src/ipc_manager.cc:2440 INFO 1159947 IncreaseClientShm IpcManager::IncreaseClientShm: Creating clio_1159947_42 with size 136663616 (103109184 + 33554432 overhead)[0m
[97m/home/cvazquezperezdelacru/clio-core/context-runtime/src/ipc_manager.cc:2485 INFO 1159947 IncreaseClientShm IpcManager::IncreaseClientShm: Created allocator clio_1159947_42 with ID (1159947.42)[0m
[97m/home/cvazquezperezdelacru/clio-core/context-runtime/src/ipc_manager.cc:2440 INFO 1159947 IncreaseClientShm IpcManager::IncreaseClientShm: Creating clio_1159947_43 with size 147330112 (113775680 + 33554432 overhead)[0m
[97m/home/cvazquezperezdelacru/clio-core/context-runtime/src/ipc_manager.cc:2485 INFO 1159947 IncreaseClientShm IpcManager::IncreaseClientShm: Created allocator clio_1159947_43 with ID (1159947.43)[0m
[97m/home/cvazquezperezdelacru/clio-core/context-runtime/src/ipc_manager.cc:2440 INFO 1159947 IncreaseClientShm IpcManager::IncreaseClientShm: Creating clio_1159947_44 with size 146612512 (113058080 + 33554432 overhead)[0m
[97m/home/cvazquezperezdelacru/clio-core/context-runtime/src/ipc_manager.cc:2485 INFO 1159947 IncreaseClientShm IpcManager::IncreaseClientShm: Created allocator clio_1159947_44 with ID (1159947.44)[0m
[97m/home/cvazquezperezdelacru/clio-core/context-runtime/src/ipc_manager.cc:2440 INFO 1159947 IncreaseClientShm IpcManager::IncreaseClientShm: Creating clio_1159947_45 with size 134865712 (101311280 + 33554432 overhead)[0m
[97m/home/cvazquezperezdelacru/clio-core/context-runtime/src/ipc_manager.cc:2485 INFO 1159947 IncreaseClientShm IpcManager::IncreaseClientShm: Created allocator clio_1159947_45 with ID (1159947.45)[0m
[97m/home/cvazquezperezdelacru/clio-core/context-runtime/src/ipc_manager.cc:2440 INFO 1159947 IncreaseClientShm IpcManager::IncreaseClientShm: Creating clio_1159947_46 with size 135930416 (102375984 + 33554432 overhead)[0m
[97m/home/cvazquezperezdelacru/clio-core/context-runtime/src/ipc_manager.cc:2485 INFO 1159947 IncreaseClientShm IpcManager::IncreaseClientShm: Created allocator clio_1159947_46 with ID (1159947.46)[0m
[97m/home/cvazquezperezdelacru/clio-core/context-runtime/src/ipc_manager.cc:2440 INFO 1159947 IncreaseClientShm IpcManager::IncreaseClientShm: Creating clio_1159947_47 with size 139699112 (106144680 + 33554432 overhead)[0m
[97m/home/cvazquezperezdelacru/clio-core/context-runtime/src/ipc_manager.cc:2485 INFO 1159947 IncreaseClientShm IpcManager::IncreaseClientShm: Created allocator clio_1159947_47 with ID (1159947.47)[0m
[97m/home/cvazquezperezdelacru/clio-core/context-runtime/src/ipc_manager.cc:2440 INFO 1159947 IncreaseClientShm IpcManager::IncreaseClientShm: Creating clio_1159947_48 with size 136999008 (103444576 + 33554432 overhead)[0m
[97m/home/cvazquezperezdelacru/clio-core/context-runtime/src/ipc_manager.cc:2485 INFO 1159947 IncreaseClientShm IpcManager::IncreaseClientShm: Created allocator clio_1159947_48 with ID (1159947.48)[0m
[97m/home/cvazquezperezdelacru/clio-core/context-runtime/src/ipc_manager.cc:2440 INFO 1159947 IncreaseClientShm IpcManager::IncreaseClientShm: Creating clio_1159947_49 with size 147097408 (113542976 + 33554432 overhead)[0m
[97m/home/cvazquezperezdelacru/clio-core/context-runtime/src/ipc_manager.cc:2485 INFO 1159947 IncreaseClientShm IpcManager::IncreaseClientShm: Created allocator clio_1159947_49 with ID (1159947.49)[0m
[97m/home/cvazquezperezdelacru/clio-core/context-runtime/src/ipc_manager.cc:2440 INFO 1159947 IncreaseClientShm IpcManager::IncreaseClientShm: Creating clio_1159947_50 with size 142100208 (108545776 + 33554432 overhead)[0m
[97m/home/cvazquezperezdelacru/clio-core/context-runtime/src/ipc_manager.cc:2485 INFO 1159947 IncreaseClientShm IpcManager::IncreaseClientShm: Created allocator clio_1159947_50 with ID (1159947.50)[0m
[97m/home/cvazquezperezdelacru/clio-core/context-runtime/src/ipc_manager.cc:2440 INFO 1159947 IncreaseClientShm IpcManager::IncreaseClientShm: Creating clio_1159947_51 with size 134672016 (101117584 + 33554432 overhead)[0m
[97m/home/cvazquezperezdelacru/clio-core/context-runtime/src/ipc_manager.cc:2485 INFO 1159947 IncreaseClientShm IpcManager::IncreaseClientShm: Created allocator clio_1159947_51 with ID (1159947.51)[0m
[97m/home/cvazquezperezdelacru/clio-core/context-runtime/src/ipc_manager.cc:2440 INFO 1159947 IncreaseClientShm IpcManager::IncreaseClientShm: Creating clio_1159947_52 with size 133630712 (100076280 + 33554432 overhead)[0m
[97m/home/cvazquezperezdelacru/clio-core/context-runtime/src/ipc_manager.cc:2485 INFO 1159947 IncreaseClientShm IpcManager::IncreaseClientShm: Created allocator clio_1159947_52 with ID (1159947.52)[0m
[97m/home/cvazquezperezdelacru/clio-core/context-runtime/src/ipc_manager.cc:2440 INFO 1159947 IncreaseClientShm IpcManager::IncreaseClientShm: Creating clio_1159947_53 with size 133764608 (100210176 + 33554432 overhead)[0m
[97m/home/cvazquezperezdelacru/clio-core/context-runtime/src/ipc_manager.cc:2485 INFO 1159947 IncreaseClientShm IpcManager::IncreaseClientShm: Created allocator clio_1159947_53 with ID (1159947.53)[0m
[97m/home/cvazquezperezdelacru/clio-core/context-runtime/src/ipc_manager.cc:2440 INFO 1159947 IncreaseClientShm IpcManager::IncreaseClientShm: Creating clio_1159947_54 with size 150243408 (116688976 + 33554432 overhead)[0m
[97m/home/cvazquezperezdelacru/clio-core/context-runtime/src/ipc_manager.cc:2485 INFO 1159947 IncreaseClientShm IpcManager::IncreaseClientShm: Created allocator clio_1159947_54 with ID (1159947.54)[0m
[97m/home/cvazquezperezdelacru/clio-core/context-runtime/src/ipc_manager.cc:2440 INFO 1159947 IncreaseClientShm IpcManager::IncreaseClientShm: Creating clio_1159947_55 with size 134617408 (101062976 + 33554432 overhead)[0m
[97m/home/cvazquezperezdelacru/clio-core/context-runtime/src/ipc_manager.cc:2485 INFO 1159947 IncreaseClientShm IpcManager::IncreaseClientShm: Created allocator clio_1159947_55 with ID (1159947.55)[0m
[97m/home/cvazquezperezdelacru/clio-core/context-runtime/src/ipc_manager.cc:2440 INFO 1159947 IncreaseClientShm IpcManager::IncreaseClientShm: Creating clio_1159947_56 with size 143071312 (109516880 + 33554432 overhead)[0m
[97m/home/cvazquezperezdelacru/clio-core/context-runtime/src/ipc_manager.cc:2485 INFO 1159947 IncreaseClientShm IpcManager::IncreaseClientShm: Created allocator clio_1159947_56 with ID (1159947.56)[0m
[97m/home/cvazquezperezdelacru/clio-core/context-runtime/src/ipc_manager.cc:2440 INFO 1159947 IncreaseClientShm IpcManager::IncreaseClientShm: Creating clio_1159947_57 with size 152701712 (119147280 + 33554432 overhead)[0m
[97m/home/cvazquezperezdelacru/clio-core/context-runtime/src/ipc_manager.cc:2485 INFO 1159947 IncreaseClientShm IpcManager::IncreaseClientShm: Created allocator clio_1159947_57 with ID (1159947.57)[0m
[97m/home/cvazquezperezdelacru/clio-core/context-runtime/src/ipc_manager.cc:2440 INFO 1159947 IncreaseClientShm IpcManager::IncreaseClientShm: Creating clio_1159947_58 with size 134343112 (100788680 + 33554432 overhead)[0m
[97m/home/cvazquezperezdelacru/clio-core/context-runtime/src/ipc_manager.cc:2485 INFO 1159947 IncreaseClientShm IpcManager::IncreaseClientShm: Created allocator clio_1159947_58 with ID (1159947.58)[0m
[97m/home/cvazquezperezdelacru/clio-core/context-runtime/src/ipc_manager.cc:2440 INFO 1159947 IncreaseClientShm IpcManager::IncreaseClientShm: Creating clio_1159947_59 with size 155683912 (122129480 + 33554432 overhead)[0m
[97m/home/cvazquezperezdelacru/clio-core/context-runtime/src/ipc_manager.cc:2485 INFO 1159947 IncreaseClientShm IpcManager::IncreaseClientShm: Created allocator clio_1159947_59 with ID (1159947.59)[0m
[97m/home/cvazquezperezdelacru/clio-core/context-runtime/src/ipc_manager.cc:2440 INFO 1159947 IncreaseClientShm IpcManager::IncreaseClientShm: Creating clio_1159947_60 with size 135899216 (102344784 + 33554432 overhead)[0m
[97m/home/cvazquezperezdelacru/clio-core/context-runtime/src/ipc_manager.cc:2485 INFO 1159947 IncreaseClientShm IpcManager::IncreaseClientShm: Created allocator clio_1159947_60 with ID (1159947.60)[0m
[97m/home/cvazquezperezdelacru/clio-core/context-runtime/src/ipc_manager.cc:2440 INFO 1159947 IncreaseClientShm IpcManager::IncreaseClientShm: Creating clio_1159947_61 with size 149531008 (115976576 + 33554432 overhead)[0m
[97m/home/cvazquezperezdelacru/clio-core/context-runtime/src/ipc_manager.cc:2485 INFO 1159947 IncreaseClientShm IpcManager::IncreaseClientShm: Created allocator clio_1159947_61 with ID (1159947.61)[0m
[97m/home/cvazquezperezdelacru/clio-core/context-runtime/src/ipc_manager.cc:2440 INFO 1159947 IncreaseClientShm IpcManager::IncreaseClientShm: Creating clio_1159947_62 with size 148533912 (114979480 + 33554432 overhead)[0m
[97m/home/cvazquezperezdelacru/clio-core/context-runtime/src/ipc_manager.cc:2485 INFO 1159947 IncreaseClientShm IpcManager::IncreaseClientShm: Created allocator clio_1159947_62 with ID (1159947.62)[0m
[97m/home/cvazquezperezdelacru/clio-core/context-runtime/src/ipc_manager.cc:2440 INFO 1159947 IncreaseClientShm IpcManager::IncreaseClientShm: Creating clio_1159947_63 with size 149493312 (115938880 + 33554432 overhead)[0m
[97m/home/cvazquezperezdelacru/clio-core/context-runtime/src/ipc_manager.cc:2485 INFO 1159947 IncreaseClientShm IpcManager::IncreaseClientShm: Created allocator clio_1159947_63 with ID (1159947.63)[0m
[97m/home/cvazquezperezdelacru/clio-core/context-runtime/src/ipc_manager.cc:2440 INFO 1159947 IncreaseClientShm IpcManager::IncreaseClientShm: Creating clio_1159947_64 with size 133885512 (100331080 + 33554432 overhead)[0m
[97m/home/cvazquezperezdelacru/clio-core/context-runtime/src/ipc_manager.cc:2485 INFO 1159947 IncreaseClientShm IpcManager::IncreaseClientShm: Created allocator clio_1159947_64 with ID (1159947.64)[0m
[97m/home/cvazquezperezdelacru/clio-core/context-runtime/src/ipc_manager.cc:2440 INFO 1159947 IncreaseClientShm IpcManager::IncreaseClientShm: Creating clio_1159947_65 with size 138205408 (104650976 + 33554432 overhead)[0m
[97m/home/cvazquezperezdelacru/clio-core/context-runtime/src/ipc_manager.cc:2485 INFO 1159947 IncreaseClientShm IpcManager::IncreaseClientShm: Created allocator clio_1159947_65 with ID (1159947.65)[0m
[97m/home/cvazquezperezdelacru/clio-core/context-runtime/src/ipc_manager.cc:2440 INFO 1159947 IncreaseClientShm IpcManager::IncreaseClientShm: Creating clio_1159947_66 with size 136358112 (102803680 + 33554432 overhead)[0m
[97m/home/cvazquezperezdelacru/clio-core/context-runtime/src/ipc_manager.cc:2485 INFO 1159947 IncreaseClientShm IpcManager::IncreaseClientShm: Created allocator clio_1159947_66 with ID (1159947.66)[0m
[97m/home/cvazquezperezdelacru/clio-core/context-runtime/src/ipc_manager.cc:2440 INFO 1159947 IncreaseClientShm IpcManager::IncreaseClientShm: Creating clio_1159947_67 with size 158027808 (124473376 + 33554432 overhead)[0m
[97m/home/cvazquezperezdelacru/clio-core/context-runtime/src/ipc_manager.cc:2485 INFO 1159947 IncreaseClientShm IpcManager::IncreaseClientShm: Created allocator clio_1159947_67 with ID (1159947.67)[0m
[97m/home/cvazquezperezdelacru/clio-core/context-runtime/src/ipc_manager.cc:2440 INFO 1159947 IncreaseClientShm IpcManager::IncreaseClientShm: Creating clio_1159947_68 with size 143846112 (110291680 + 33554432 overhead)[0m
[97m/home/cvazquezperezdelacru/clio-core/context-runtime/src/ipc_manager.cc:2485 INFO 1159947 IncreaseClientShm IpcManager::IncreaseClientShm: Created allocator clio_1159947_68 with ID (1159947.68)[0m
[97m/home/cvazquezperezdelacru/clio-core/context-runtime/src/ipc_manager.cc:2440 INFO 1159947 IncreaseClientShm IpcManager::IncreaseClientShm: Creating clio_1159947_69 with size 146798416 (113243984 + 33554432 overhead)[0m
[97m/home/cvazquezperezdelacru/clio-core/context-runtime/src/ipc_manager.cc:2485 INFO 1159947 IncreaseClientShm IpcManager::IncreaseClientShm: Created allocator clio_1159947_69 with ID (1159947.69)[0m
[97m/home/cvazquezperezdelacru/clio-core/context-runtime/src/ipc_manager.cc:2440 INFO 1159947 IncreaseClientShm IpcManager::IncreaseClientShm: Creating clio_1159947_70 with size 138817712 (105263280 + 33554432 overhead)[0m
[97m/home/cvazquezperezdelacru/clio-core/context-runtime/src/ipc_manager.cc:2485 INFO 1159947 IncreaseClientShm IpcManager::IncreaseClientShm: Created allocator clio_1159947_70 with ID (1159947.70)[0m
[97m/home/cvazquezperezdelacru/clio-core/context-runtime/src/ipc_manager.cc:2440 INFO 1159947 IncreaseClientShm IpcManager::IncreaseClientShm: Creating clio_1159947_71 with size 142455112 (108900680 + 33554432 overhead)[0m
[97m/home/cvazquezperezdelacru/clio-core/context-runtime/src/ipc_manager.cc:2485 INFO 1159947 IncreaseClientShm IpcManager::IncreaseClientShm: Created allocator clio_1159947_71 with ID (1159947.71)[0m
[97m/home/cvazquezperezdelacru/clio-core/context-runtime/src/ipc_manager.cc:2440 INFO 1159947 IncreaseClientShm IpcManager::IncreaseClientShm: Creating clio_1159947_72 with size 136359408 (102804976 + 33554432 overhead)[0m
[97m/home/cvazquezperezdelacru/clio-core/context-runtime/src/ipc_manager.cc:2485 INFO 1159947 IncreaseClientShm IpcManager::IncreaseClientShm: Created allocator clio_1159947_72 with ID (1159947.72)[0m
[97m/home/cvazquezperezdelacru/clio-core/context-runtime/src/ipc_manager.cc:2440 INFO 1159947 IncreaseClientShm IpcManager::IncreaseClientShm: Creating clio_1159947_73 with size 136420512 (102866080 + 33554432 overhead)[0m
[97m/home/cvazquezperezdelacru/clio-core/context-runtime/src/ipc_manager.cc:2485 INFO 1159947 IncreaseClientShm IpcManager::IncreaseClientShm: Created allocator clio_1159947_73 with ID (1159947.73)[0m
[97m/home/cvazquezperezdelacru/clio-core/context-runtime/src/ipc_manager.cc:2440 INFO 1159947 IncreaseClientShm IpcManager::IncreaseClientShm: Creating clio_1159947_74 with size 137161512 (103607080 + 33554432 overhead)[0m
[97m/home/cvazquezperezdelacru/clio-core/context-runtime/src/ipc_manager.cc:2485 INFO 1159947 IncreaseClientShm IpcManager::IncreaseClientShm: Created allocator clio_1159947_74 with ID (1159947.74)[0m
[97m/home/cvazquezperezdelacru/clio-core/context-runtime/src/ipc_manager.cc:2440 INFO 1159947 IncreaseClientShm IpcManager::IncreaseClientShm: Creating clio_1159947_75 with size 138960712 (105406280 + 33554432 overhead)[0m
[97m/home/cvazquezperezdelacru/clio-core/context-runtime/src/ipc_manager.cc:2485 INFO 1159947 IncreaseClientShm IpcManager::IncreaseClientShm: Created allocator clio_1159947_75 with ID (1159947.75)[0m
[97m/home/cvazquezperezdelacru/clio-core/context-runtime/src/ipc_manager.cc:2440 INFO 1159947 IncreaseClientShm IpcManager::IncreaseClientShm: Creating clio_1159947_76 with size 150850512 (117296080 + 33554432 overhead)[0m
[97m/home/cvazquezperezdelacru/clio-core/context-runtime/src/ipc_manager.cc:2485 INFO 1159947 IncreaseClientShm IpcManager::IncreaseClientShm: Created allocator clio_1159947_76 with ID (1159947.76)[0m
[97m/home/cvazquezperezdelacru/clio-core/context-runtime/src/ipc_manager.cc:2440 INFO 1159947 IncreaseClientShm IpcManager::IncreaseClientShm: Creating clio_1159947_77 with size 136259312 (102704880 + 33554432 overhead)[0m
[97m/home/cvazquezperezdelacru/clio-core/context-runtime/src/ipc_manager.cc:2485 INFO 1159947 IncreaseClientShm IpcManager::IncreaseClientShm: Created allocator clio_1159947_77 with ID (1159947.77)[0m
[97m/home/cvazquezperezdelacru/clio-core/context-runtime/src/ipc_manager.cc:2440 INFO 1159947 IncreaseClientShm IpcManager::IncreaseClientShm: Creating clio_1159947_78 with size 141591912 (108037480 + 33554432 overhead)[0m
[97m/home/cvazquezperezdelacru/clio-core/context-runtime/src/ipc_manager.cc:2485 INFO 1159947 IncreaseClientShm IpcManager::IncreaseClientShm: Created allocator clio_1159947_78 with ID (1159947.78)[0m
[97m/home/cvazquezperezdelacru/clio-core/context-runtime/src/ipc_manager.cc:2440 INFO 1159947 IncreaseClientShm IpcManager::IncreaseClientShm: Creating clio_1159947_79 with size 153880816 (120326384 + 33554432 overhead)[0m
[97m/home/cvazquezperezdelacru/clio-core/context-runtime/src/ipc_manager.cc:2485 INFO 1159947 IncreaseClientShm IpcManager::IncreaseClientShm: Created allocator clio_1159947_79 with ID (1159947.79)[0m
[97m/home/cvazquezperezdelacru/clio-core/context-runtime/src/ipc_manager.cc:2440 INFO 1159947 IncreaseClientShm IpcManager::IncreaseClientShm: Creating clio_1159947_80 with size 143584816 (110030384 + 33554432 overhead)[0m
[97m/home/cvazquezperezdelacru/clio-core/context-runtime/src/ipc_manager.cc:2485 INFO 1159947 IncreaseClientShm IpcManager::IncreaseClientShm: Created allocator clio_1159947_80 with ID (1159947.80)[0m
[97m/home/cvazquezperezdelacru/clio-core/context-runtime/src/ipc_manager.cc:2440 INFO 1159947 IncreaseClientShm IpcManager::IncreaseClientShm: Creating clio_1159947_81 with size 145982016 (112427584 + 33554432 overhead)[0m
[97m/home/cvazquezperezdelacru/clio-core/context-runtime/src/ipc_manager.cc:2485 INFO 1159947 IncreaseClientShm IpcManager::IncreaseClientShm: Created allocator clio_1159947_81 with ID (1159947.81)[0m
[97m/home/cvazquezperezdelacru/clio-core/context-runtime/src/ipc_manager.cc:2440 INFO 1159947 IncreaseClientShm IpcManager::IncreaseClientShm: Creating clio_1159947_82 with size 152527512 (118973080 + 33554432 overhead)[0m
[97m/home/cvazquezperezdelacru/clio-core/context-runtime/src/ipc_manager.cc:2485 INFO 1159947 IncreaseClientShm IpcManager::IncreaseClientShm: Created allocator clio_1159947_82 with ID (1159947.82)[0m
[97m/home/cvazquezperezdelacru/clio-core/context-runtime/src/ipc_manager.cc:2440 INFO 1159947 IncreaseClientShm IpcManager::IncreaseClientShm: Creating clio_1159947_83 with size 137767312 (104212880 + 33554432 overhead)[0m
[97m/home/cvazquezperezdelacru/clio-core/context-runtime/src/ipc_manager.cc:2485 INFO 1159947 IncreaseClientShm IpcManager::IncreaseClientShm: Created allocator clio_1159947_83 with ID (1159947.83)[0m
[97m/home/cvazquezperezdelacru/clio-core/context-runtime/src/ipc_manager.cc:2440 INFO 1159947 IncreaseClientShm IpcManager::IncreaseClientShm: Creating clio_1159947_84 with size 138293808 (104739376 + 33554432 overhead)[0m
[97m/home/cvazquezperezdelacru/clio-core/context-runtime/src/ipc_manager.cc:2485 INFO 1159947 IncreaseClientShm IpcManager::IncreaseClientShm: Created allocator clio_1159947_84 with ID (1159947.84)[0m
[97m/home/cvazquezperezdelacru/clio-core/context-runtime/src/ipc_manager.cc:2440 INFO 1159947 IncreaseClientShm IpcManager::IncreaseClientShm: Creating clio_1159947_85 with size 139229808 (105675376 + 33554432 overhead)[0m
[97m/home/cvazquezperezdelacru/clio-core/context-runtime/src/ipc_manager.cc:2485 INFO 1159947 IncreaseClientShm IpcManager::IncreaseClientShm: Created allocator clio_1159947_85 with ID (1159947.85)[0m
[97m/home/cvazquezperezdelacru/clio-core/context-runtime/src/ipc_manager.cc:2440 INFO 1159947 IncreaseClientShm IpcManager::IncreaseClientShm: Creating clio_1159947_86 with size 151867112 (118312680 + 33554432 overhead)[0m
[97m/home/cvazquezperezdelacru/clio-core/context-runtime/src/ipc_manager.cc:2485 INFO 1159947 IncreaseClientShm IpcManager::IncreaseClientShm: Created allocator clio_1159947_86 with ID (1159947.86)[0m
[97m/home/cvazquezperezdelacru/clio-core/context-runtime/src/ipc_manager.cc:2440 INFO 1159947 IncreaseClientShm IpcManager::IncreaseClientShm: Creating clio_1159947_87 with size 141022512 (107468080 + 33554432 overhead)[0m
[97m/home/cvazquezperezdelacru/clio-core/context-runtime/src/ipc_manager.cc:2485 INFO 1159947 IncreaseClientShm IpcManager::IncreaseClientShm: Created allocator clio_1159947_87 with ID (1159947.87)[0m
[97m/home/cvazquezperezdelacru/clio-core/context-runtime/src/ipc_manager.cc:2440 INFO 1159947 IncreaseClientShm IpcManager::IncreaseClientShm: Creating clio_1159947_88 with size 140589616 (107035184 + 33554432 overhead)[0m
[97m/home/cvazquezperezdelacru/clio-core/context-runtime/src/ipc_manager.cc:2485 INFO 1159947 IncreaseClientShm IpcManager::IncreaseClientShm: Created allocator clio_1159947_88 with ID (1159947.88)[0m
[97m/home/cvazquezperezdelacru/clio-core/context-runtime/src/ipc_manager.cc:2440 INFO 1159947 IncreaseClientShm IpcManager::IncreaseClientShm: Creating clio_1159947_89 with size 145281312 (111726880 + 33554432 overhead)[0m
[97m/home/cvazquezperezdelacru/clio-core/context-runtime/src/ipc_manager.cc:2485 INFO 1159947 IncreaseClientShm IpcManager::IncreaseClientShm: Created allocator clio_1159947_89 with ID (1159947.89)[0m
[97m/home/cvazquezperezdelacru/clio-core/context-runtime/src/ipc_manager.cc:2440 INFO 1159947 IncreaseClientShm IpcManager::IncreaseClientShm: Creating clio_1159947_90 with size 148842016 (115287584 + 33554432 overhead)[0m
[97m/home/cvazquezperezdelacru/clio-core/context-runtime/src/ipc_manager.cc:2485 INFO 1159947 IncreaseClientShm IpcManager::IncreaseClientShm: Created allocator clio_1159947_90 with ID (1159947.90)[0m
[97m/home/cvazquezperezdelacru/clio-core/context-runtime/src/ipc_manager.cc:2440 INFO 1159947 IncreaseClientShm IpcManager::IncreaseClientShm: Creating clio_1159947_91 with size 136573912 (103019480 + 33554432 overhead)[0m
[97m/home/cvazquezperezdelacru/clio-core/context-runtime/src/ipc_manager.cc:2485 INFO 1159947 IncreaseClientShm IpcManager::IncreaseClientShm: Created allocator clio_1159947_91 with ID (1159947.91)[0m
[97m/home/cvazquezperezdelacru/clio-core/context-runtime/src/ipc_manager.cc:2440 INFO 1159947 IncreaseClientShm IpcManager::IncreaseClientShm: Creating clio_1159947_92 with size 157307616 (123753184 + 33554432 overhead)[0m
[97m/home/cvazquezperezdelacru/clio-core/context-runtime/src/ipc_manager.cc:2485 INFO 1159947 IncreaseClientShm IpcManager::IncreaseClientShm: Created allocator clio_1159947_92 with ID (1159947.92)[0m
[97m/home/cvazquezperezdelacru/clio-core/context-runtime/src/ipc_manager.cc:2440 INFO 1159947 IncreaseClientShm IpcManager::IncreaseClientShm: Creating clio_1159947_93 with size 136303512 (102749080 + 33554432 overhead)[0m
[97m/home/cvazquezperezdelacru/clio-core/context-runtime/src/ipc_manager.cc:2485 INFO 1159947 IncreaseClientShm IpcManager::IncreaseClientShm: Created allocator clio_1159947_93 with ID (1159947.93)[0m
[97m/home/cvazquezperezdelacru/clio-core/context-runtime/src/ipc_manager.cc:2440 INFO 1159947 IncreaseClientShm IpcManager::IncreaseClientShm: Creating clio_1159947_94 with size 143995616 (110441184 + 33554432 overhead)[0m
[97m/home/cvazquezperezdelacru/clio-core/context-runtime/src/ipc_manager.cc:2485 INFO 1159947 IncreaseClientShm IpcManager::IncreaseClientShm: Created allocator clio_1159947_94 with ID (1159947.94)[0m
[97m/home/cvazquezperezdelacru/clio-core/context-runtime/src/ipc_manager.cc:2440 INFO 1159947 IncreaseClientShm IpcManager::IncreaseClientShm: Creating clio_1159947_95 with size 136414016 (102859584 + 33554432 overhead)[0m
[97m/home/cvazquezperezdelacru/clio-core/context-runtime/src/ipc_manager.cc:2485 INFO 1159947 IncreaseClientShm IpcManager::IncreaseClientShm: Created allocator clio_1159947_95 with ID (1159947.95)[0m
[97m/home/cvazquezperezdelacru/clio-core/context-runtime/src/ipc_manager.cc:2440 INFO 1159947 IncreaseClientShm IpcManager::IncreaseClientShm: Creating clio_1159947_96 with size 135653512 (102099080 + 33554432 overhead)[0m
[97m/home/cvazquezperezdelacru/clio-core/context-runtime/src/ipc_manager.cc:2485 INFO 1159947 IncreaseClientShm IpcManager::IncreaseClientShm: Created allocator clio_1159947_96 with ID (1159947.96)[0m
[97m/home/cvazquezperezdelacru/clio-core/context-runtime/src/ipc_manager.cc:2440 INFO 1159947 IncreaseClientShm IpcManager::IncreaseClientShm: Creating clio_1159947_97 with size 137223912 (103669480 + 33554432 overhead)[0m
[97m/home/cvazquezperezdelacru/clio-core/context-runtime/src/ipc_manager.cc:2485 INFO 1159947 IncreaseClientShm IpcManager::IncreaseClientShm: Created allocator clio_1159947_97 with ID (1159947.97)[0m
[97m/home/cvazquezperezdelacru/clio-core/context-runtime/src/ipc_manager.cc:2440 INFO 1159947 IncreaseClientShm IpcManager::IncreaseClientShm: Creating clio_1159947_98 with size 136109808 (102555376 + 33554432 overhead)[0m
[97m/home/cvazquezperezdelacru/clio-core/context-runtime/src/ipc_manager.cc:2485 INFO 1159947 IncreaseClientShm IpcManager::IncreaseClientShm: Created allocator clio_1159947_98 with ID (1159947.98)[0m
[97m/home/cvazquezperezdelacru/clio-core/context-runtime/src/ipc_manager.cc:2440 INFO 1159947 IncreaseClientShm IpcManager::IncreaseClientShm: Creating clio_1159947_99 with size 140433616 (106879184 + 33554432 overhead)[0m
[97m/home/cvazquezperezdelacru/clio-core/context-runtime/src/ipc_manager.cc:2485 INFO 1159947 IncreaseClientShm IpcManager::IncreaseClientShm: Created allocator clio_1159947_99 with ID (1159947.99)[0m
[97m/home/cvazquezperezdelacru/clio-core/context-runtime/src/ipc_manager.cc:2440 INFO 1159947 IncreaseClientShm IpcManager::IncreaseClientShm: Creating clio_1159947_100 with size 153119008 (119564576 + 33554432 overhead)[0m
[97m/home/cvazquezperezdelacru/clio-core/context-runtime/src/ipc_manager.cc:2485 INFO 1159947 IncreaseClientShm IpcManager::IncreaseClientShm: Created allocator clio_1159947_100 with ID (1159947.100)[0m
[97m/home/cvazquezperezdelacru/clio-core/context-runtime/src/ipc_manager.cc:2440 INFO 1159947 IncreaseClientShm IpcManager::IncreaseClientShm: Creating clio_1159947_101 with size 143978712 (110424280 + 33554432 overhead)[0m
[97m/home/cvazquezperezdelacru/clio-core/context-runtime/src/ipc_manager.cc:2485 INFO 1159947 IncreaseClientShm IpcManager::IncreaseClientShm: Created allocator clio_1159947_101 with ID (1159947.101)[0m
[97m/home/cvazquezperezdelacru/clio-core/context-runtime/src/ipc_manager.cc:2440 INFO 1159947 IncreaseClientShm IpcManager::IncreaseClientShm: Creating clio_1159947_102 with size 173730512 (140176080 + 33554432 overhead)[0m
[97m/home/cvazquezperezdelacru/clio-core/context-runtime/src/ipc_manager.cc:2485 INFO 1159947 IncreaseClientShm IpcManager::IncreaseClientShm: Created allocator clio_1159947_102 with ID (1159947.102)[0m
[97m/home/cvazquezperezdelacru/clio-core/context-runtime/src/ipc_manager.cc:2440 INFO 1159947 IncreaseClientShm IpcManager::IncreaseClientShm: Creating clio_1159947_103 with size 133798416 (100243984 + 33554432 overhead)[0m
[97m/home/cvazquezperezdelacru/clio-core/context-runtime/src/ipc_manager.cc:2485 INFO 1159947 IncreaseClientShm IpcManager::IncreaseClientShm: Created allocator clio_1159947_103 with ID (1159947.103)[0m
[97m/home/cvazquezperezdelacru/clio-core/context-runtime/src/ipc_manager.cc:2440 INFO 1159947 IncreaseClientShm IpcManager::IncreaseClientShm: Creating clio_1159947_104 with size 136390608 (102836176 + 33554432 overhead)[0m
[97m/home/cvazquezperezdelacru/clio-core/context-runtime/src/ipc_manager.cc:2485 INFO 1159947 IncreaseClientShm IpcManager::IncreaseClientShm: Created allocator clio_1159947_104 with ID (1159947.104)[0m
[97m/home/cvazquezperezdelacru/clio-core/context-runtime/src/ipc_manager.cc:2440 INFO 1159947 IncreaseClientShm IpcManager::IncreaseClientShm: Creating clio_1159947_105 with size 145098016 (111543584 + 33554432 overhead)[0m
[97m/home/cvazquezperezdelacru/clio-core/context-runtime/src/ipc_manager.cc:2485 INFO 1159947 IncreaseClientShm IpcManager::IncreaseClientShm: Created allocator clio_1159947_105 with ID (1159947.105)[0m
[97m/home/cvazquezperezdelacru/clio-core/context-runtime/src/ipc_manager.cc:2440 INFO 1159947 IncreaseClientShm IpcManager::IncreaseClientShm: Creating clio_1159947_106 with size 139168712 (105614280 + 33554432 overhead)[0m
[97m/home/cvazquezperezdelacru/clio-core/context-runtime/src/ipc_manager.cc:2485 INFO 1159947 IncreaseClientShm IpcManager::IncreaseClientShm: Created allocator clio_1159947_106 with ID (1159947.106)[0m
[97m/home/cvazquezperezdelacru/clio-core/context-runtime/src/ipc_manager.cc:2440 INFO 1159947 IncreaseClientShm IpcManager::IncreaseClientShm: Creating clio_1159947_107 with size 160183216 (126628784 + 33554432 overhead)[0m
[97m/home/cvazquezperezdelacru/clio-core/context-runtime/src/ipc_manager.cc:2485 INFO 1159947 IncreaseClientShm IpcManager::IncreaseClientShm: Created allocator clio_1159947_107 with ID (1159947.107)[0m
[97m/home/cvazquezperezdelacru/clio-core/context-runtime/src/ipc_manager.cc:2440 INFO 1159947 IncreaseClientShm IpcManager::IncreaseClientShm: Creating clio_1159947_108 with size 177952912 (144398480 + 33554432 overhead)[0m
[97m/home/cvazquezperezdelacru/clio-core/context-runtime/src/ipc_manager.cc:2485 INFO 1159947 IncreaseClientShm IpcManager::IncreaseClientShm: Created allocator clio_1159947_108 with ID (1159947.108)[0m
[97m/home/cvazquezperezdelacru/clio-core/context-runtime/src/ipc_manager.cc:2440 INFO 1159947 IncreaseClientShm IpcManager::IncreaseClientShm: Creating clio_1159947_109 with size 164993216 (131438784 + 33554432 overhead)[0m
[97m/home/cvazquezperezdelacru/clio-core/context-runtime/src/ipc_manager.cc:2485 INFO 1159947 IncreaseClientShm IpcManager::IncreaseClientShm: Created allocator clio_1159947_109 with ID (1159947.109)[0m
[97m/home/cvazquezperezdelacru/clio-core/context-runtime/src/ipc_manager.cc:2440 INFO 1159947 IncreaseClientShm IpcManager::IncreaseClientShm: Creating clio_1159947_110 with size 138782608 (105228176 + 33554432 overhead)[0m
[97m/home/cvazquezperezdelacru/clio-core/context-runtime/src/ipc_manager.cc:2485 INFO 1159947 IncreaseClientShm IpcManager::IncreaseClientShm: Created allocator clio_1159947_110 with ID (1159947.110)[0m
[97m/home/cvazquezperezdelacru/clio-core/context-runtime/src/ipc_manager.cc:2440 INFO 1159947 IncreaseClientShm IpcManager::IncreaseClientShm: Creating clio_1159947_111 with size 140021512 (106467080 + 33554432 overhead)[0m
[97m/home/cvazquezperezdelacru/clio-core/context-runtime/src/ipc_manager.cc:2485 INFO 1159947 IncreaseClientShm IpcManager::IncreaseClientShm: Created allocator clio_1159947_111 with ID (1159947.111)[0m
[97m/home/cvazquezperezdelacru/clio-core/context-runtime/src/ipc_manager.cc:2440 INFO 1159947 IncreaseClientShm IpcManager::IncreaseClientShm: Creating clio_1159947_112 with size 148825112 (115270680 + 33554432 overhead)[0m
[97m/home/cvazquezperezdelacru/clio-core/context-runtime/src/ipc_manager.cc:2485 INFO 1159947 IncreaseClientShm IpcManager::IncreaseClientShm: Created allocator clio_1159947_112 with ID (1159947.112)[0m
[ingest] done: 48.43 GiB compact (tag faiss_ivf::ondisk_nb100M)
[verify] PASS — 16 lists byte-identical
[97m/home/cvazquezperezdelacru/clio-core/context-runtime/src/ipc_manager.cc:2341 INFO 1159947 ClearClientPool [ClientPool] Clearing 0 persistent connections[0m
