[ingest] reading /mnt/common/cvazquezperezdelacru/faiss/slurm_bench/work/ondisk_nb100M.index (mmap)
[ingest] nlist=16384 code_size=512 ntotal=100000000
[97m/home/cvazquezperezdelacru/clio-core/context-runtime/src/manager.cc:137 INFO 2484293 ClientInit RuntimeManager::ClientInit[0m
[97m/home/cvazquezperezdelacru/clio-core/context-runtime/src/config_manager.cc:144 INFO 2484293 ClientInit Config at: /home/cvazquezperezdelacru/.clio/clio.yaml[0m
[97m/home/cvazquezperezdelacru/clio-core/context-runtime/src/ipc_manager.cc:219 INFO 2484293 ClientInit IpcManager::ClientInit: IPC mode = SHM (auto-selected)[0m
[97m/home/cvazquezperezdelacru/clio-core/context-runtime/src/ipc_manager.cc:231 INFO 2484293 ClientInit IpcManager::ClientInit: retry_timeout = 60s[0m
[97m/home/cvazquezperezdelacru/clio-core/context-runtime/src/ipc_manager.cc:239 INFO 2484293 ClientInit IpcManager::ClientInit: try_new_servers = 0[0m
[97m/home/cvazquezperezdelacru/clio-core/context-runtime/src/../../context-transport-primitives/include/clio_ctp/lightbeam/zmq_transport.h:152 INFO 2484293 GetSharedContext [ZeroMqTransport] Created shared context with 8 I/O threads[0m
[97m/home/cvazquezperezdelacru/clio-core/context-runtime/src/ipc_manager.cc:292 INFO 2484293 ClientInit IpcManager: DEALER transport connected to port 9416[0m
[97m/home/cvazquezperezdelacru/clio-core/context-runtime/src/ipc_manager.cc:322 INFO 2484293 ClientInit IpcManager: client response listener bound to port 39887[0m
[97m/home/cvazquezperezdelacru/clio-core/context-runtime/src/ipc_manager.cc:1388 INFO 2484293 WaitForLocalServer Waiting for runtime via lightbeam (timeout=30s)[0m
[97m/home/cvazquezperezdelacru/clio-core/context-runtime/src/ipc_manager.cc:1496 INFO 2484293 WaitForLocalServer Successfully connected to runtime (generation=752268843109837, server_pid=2484170, shm_in_shards=1)[0m
[97m/home/cvazquezperezdelacru/clio-core/context-runtime/src/ipc_manager.cc:1202 INFO 2484293 ClientInitShm ClientInitShm: attached metadata segment 'chi_metadata_segment_cvazquezperezdelacru_9413'[0m
[97m/home/cvazquezperezdelacru/clio-core/context-runtime/src/ipc_manager.cc:1228 INFO 2484293 ClientInitShm ClientInitShm: response SHM ring 'clio-2484293-shm-out' (1MB)[0m
[97m/home/cvazquezperezdelacru/clio-core/context-runtime/src/ipc_manager.cc:2440 INFO 2484293 IncreaseClientShm IpcManager::IncreaseClientShm: Creating clio_2484293_0 with size 570425344 (536870912 + 33554432 overhead)[0m
[97m/home/cvazquezperezdelacru/clio-core/context-runtime/src/ipc_manager.cc:2485 INFO 2484293 IncreaseClientShm IpcManager::IncreaseClientShm: Created allocator clio_2484293_0 with ID (2484293.0)[0m
[97m/home/cvazquezperezdelacru/clio-core/context-runtime/src/manager.cc:175 INFO 2484293 ClientInit ClientInit: Creating admin client with kAdminPoolId=PoolId(major:1, minor:0)[0m
[97m/home/cvazquezperezdelacru/clio-core/context-runtime/src/manager.cc:178 INFO 2484293 ClientInit ClientInit: Admin client created, pool_id_=PoolId(major:1, minor:0)[0m
[97m/home/cvazquezperezdelacru/clio-core/context-runtime/src/ipc_manager.cc:2440 INFO 2484293 IncreaseClientShm IpcManager::IncreaseClientShm: Creating clio_2484293_1 with size 130705712 (97151280 + 33554432 overhead)[0m
[97m/home/cvazquezperezdelacru/clio-core/context-runtime/src/ipc_manager.cc:2485 INFO 2484293 IncreaseClientShm IpcManager::IncreaseClientShm: Created allocator clio_2484293_1 with ID (2484293.1)[0m
[97m/home/cvazquezperezdelacru/clio-core/context-runtime/src/ipc_manager.cc:2440 INFO 2484293 IncreaseClientShm IpcManager::IncreaseClientShm: Creating clio_2484293_2 with size 133079512 (99525080 + 33554432 overhead)[0m
[97m/home/cvazquezperezdelacru/clio-core/context-runtime/src/ipc_manager.cc:2485 INFO 2484293 IncreaseClientShm IpcManager::IncreaseClientShm: Created allocator clio_2484293_2 with ID (2484293.2)[0m
[97m/home/cvazquezperezdelacru/clio-core/context-runtime/src/ipc_manager.cc:2440 INFO 2484293 IncreaseClientShm IpcManager::IncreaseClientShm: Creating clio_2484293_3 with size 136109808 (102555376 + 33554432 overhead)[0m
[97m/home/cvazquezperezdelacru/clio-core/context-runtime/src/ipc_manager.cc:2485 INFO 2484293 IncreaseClientShm IpcManager::IncreaseClientShm: Created allocator clio_2484293_3 with ID (2484293.3)[0m
[97m/home/cvazquezperezdelacru/clio-core/context-runtime/src/ipc_manager.cc:2440 INFO 2484293 IncreaseClientShm IpcManager::IncreaseClientShm: Creating clio_2484293_4 with size 146054816 (112500384 + 33554432 overhead)[0m
[97m/home/cvazquezperezdelacru/clio-core/context-runtime/src/ipc_manager.cc:2485 INFO 2484293 IncreaseClientShm IpcManager::IncreaseClientShm: Created allocator clio_2484293_4 with ID (2484293.4)[0m
[97m/home/cvazquezperezdelacru/clio-core/context-runtime/src/ipc_manager.cc:2440 INFO 2484293 IncreaseClientShm IpcManager::IncreaseClientShm: Creating clio_2484293_5 with size 134568016 (101013584 + 33554432 overhead)[0m
[97m/home/cvazquezperezdelacru/clio-core/context-runtime/src/ipc_manager.cc:2485 INFO 2484293 IncreaseClientShm IpcManager::IncreaseClientShm: Created allocator clio_2484293_5 with ID (2484293.5)[0m
[97m/home/cvazquezperezdelacru/clio-core/context-runtime/src/ipc_manager.cc:2440 INFO 2484293 IncreaseClientShm IpcManager::IncreaseClientShm: Creating clio_2484293_6 with size 130969616 (97415184 + 33554432 overhead)[0m
[97m/home/cvazquezperezdelacru/clio-core/context-runtime/src/ipc_manager.cc:2485 INFO 2484293 IncreaseClientShm IpcManager::IncreaseClientShm: Created allocator clio_2484293_6 with ID (2484293.6)[0m
[97m/home/cvazquezperezdelacru/clio-core/context-runtime/src/ipc_manager.cc:2440 INFO 2484293 IncreaseClientShm IpcManager::IncreaseClientShm: Creating clio_2484293_7 with size 131554608 (98000176 + 33554432 overhead)[0m
[97m/home/cvazquezperezdelacru/clio-core/context-runtime/src/ipc_manager.cc:2485 INFO 2484293 IncreaseClientShm IpcManager::IncreaseClientShm: Created allocator clio_2484293_7 with ID (2484293.7)[0m
[97m/home/cvazquezperezdelacru/clio-core/context-runtime/src/ipc_manager.cc:2440 INFO 2484293 IncreaseClientShm IpcManager::IncreaseClientShm: Creating clio_2484293_8 with size 131786016 (98231584 + 33554432 overhead)[0m
[97m/home/cvazquezperezdelacru/clio-core/context-runtime/src/ipc_manager.cc:2485 INFO 2484293 IncreaseClientShm IpcManager::IncreaseClientShm: Created allocator clio_2484293_8 with ID (2484293.8)[0m
[97m/home/cvazquezperezdelacru/clio-core/context-runtime/src/ipc_manager.cc:2440 INFO 2484293 IncreaseClientShm IpcManager::IncreaseClientShm: Creating clio_2484293_9 with size 133162712 (99608280 + 33554432 overhead)[0m
[97m/home/cvazquezperezdelacru/clio-core/context-runtime/src/ipc_manager.cc:2485 INFO 2484293 IncreaseClientShm IpcManager::IncreaseClientShm: Created allocator clio_2484293_9 with ID (2484293.9)[0m
[97m/home/cvazquezperezdelacru/clio-core/context-runtime/src/ipc_manager.cc:2440 INFO 2484293 IncreaseClientShm IpcManager::IncreaseClientShm: Creating clio_2484293_10 with size 144585808 (111031376 + 33554432 overhead)[0m
[97m/home/cvazquezperezdelacru/clio-core/context-runtime/src/ipc_manager.cc:2485 INFO 2484293 IncreaseClientShm IpcManager::IncreaseClientShm: Created allocator clio_2484293_10 with ID (2484293.10)[0m
[97m/home/cvazquezperezdelacru/clio-core/context-runtime/src/ipc_manager.cc:2440 INFO 2484293 IncreaseClientShm IpcManager::IncreaseClientShm: Creating clio_2484293_11 with size 131273808 (97719376 + 33554432 overhead)[0m
[97m/home/cvazquezperezdelacru/clio-core/context-runtime/src/ipc_manager.cc:2485 INFO 2484293 IncreaseClientShm IpcManager::IncreaseClientShm: Created allocator clio_2484293_11 with ID (2484293.11)[0m
[97m/home/cvazquezperezdelacru/clio-core/context-runtime/src/ipc_manager.cc:2440 INFO 2484293 IncreaseClientShm IpcManager::IncreaseClientShm: Creating clio_2484293_12 with size 134085712 (100531280 + 33554432 overhead)[0m
[97m/home/cvazquezperezdelacru/clio-core/context-runtime/src/ipc_manager.cc:2485 INFO 2484293 IncreaseClientShm IpcManager::IncreaseClientShm: Created allocator clio_2484293_12 with ID (2484293.12)[0m
[97m/home/cvazquezperezdelacru/clio-core/context-runtime/src/ipc_manager.cc:2440 INFO 2484293 IncreaseClientShm IpcManager::IncreaseClientShm: Creating clio_2484293_13 with size 136254112 (102699680 + 33554432 overhead)[0m
[97m/home/cvazquezperezdelacru/clio-core/context-runtime/src/ipc_manager.cc:2485 INFO 2484293 IncreaseClientShm IpcManager::IncreaseClientShm: Created allocator clio_2484293_13 with ID (2484293.13)[0m
[97m/home/cvazquezperezdelacru/clio-core/context-runtime/src/ipc_manager.cc:2440 INFO 2484293 IncreaseClientShm IpcManager::IncreaseClientShm: Creating clio_2484293_14 with size 136742912 (103188480 + 33554432 overhead)[0m
[97m/home/cvazquezperezdelacru/clio-core/context-runtime/src/ipc_manager.cc:2485 INFO 2484293 IncreaseClientShm IpcManager::IncreaseClientShm: Created allocator clio_2484293_14 with ID (2484293.14)[0m
[97m/home/cvazquezperezdelacru/clio-core/context-runtime/src/ipc_manager.cc:2440 INFO 2484293 IncreaseClientShm IpcManager::IncreaseClientShm: Creating clio_2484293_15 with size 139370208 (105815776 + 33554432 overhead)[0m
[97m/home/cvazquezperezdelacru/clio-core/context-runtime/src/ipc_manager.cc:2485 INFO 2484293 IncreaseClientShm IpcManager::IncreaseClientShm: Created allocator clio_2484293_15 with ID (2484293.15)[0m
[97m/home/cvazquezperezdelacru/clio-core/context-runtime/src/ipc_manager.cc:2440 INFO 2484293 IncreaseClientShm IpcManager::IncreaseClientShm: Creating clio_2484293_16 with size 149225512 (115671080 + 33554432 overhead)[0m
[97m/home/cvazquezperezdelacru/clio-core/context-runtime/src/ipc_manager.cc:2485 INFO 2484293 IncreaseClientShm IpcManager::IncreaseClientShm: Created allocator clio_2484293_16 with ID (2484293.16)[0m
[97m/home/cvazquezperezdelacru/clio-core/context-runtime/src/ipc_manager.cc:2440 INFO 2484293 IncreaseClientShm IpcManager::IncreaseClientShm: Creating clio_2484293_17 with size 141906512 (108352080 + 33554432 overhead)[0m
[97m/home/cvazquezperezdelacru/clio-core/context-runtime/src/ipc_manager.cc:2485 INFO 2484293 IncreaseClientShm IpcManager::IncreaseClientShm: Created allocator clio_2484293_17 with ID (2484293.17)[0m
[97m/home/cvazquezperezdelacru/clio-core/context-runtime/src/ipc_manager.cc:2440 INFO 2484293 IncreaseClientShm IpcManager::IncreaseClientShm: Creating clio_2484293_18 with size 145826016 (112271584 + 33554432 overhead)[0m
[97m/home/cvazquezperezdelacru/clio-core/context-runtime/src/ipc_manager.cc:2485 INFO 2484293 IncreaseClientShm IpcManager::IncreaseClientShm: Created allocator clio_2484293_18 with ID (2484293.18)[0m
[97m/home/cvazquezperezdelacru/clio-core/context-runtime/src/ipc_manager.cc:2440 INFO 2484293 IncreaseClientShm IpcManager::IncreaseClientShm: Creating clio_2484293_19 with size 139725112 (106170680 + 33554432 overhead)[0m
[97m/home/cvazquezperezdelacru/clio-core/context-runtime/src/ipc_manager.cc:2485 INFO 2484293 IncreaseClientShm IpcManager::IncreaseClientShm: Created allocator clio_2484293_19 with ID (2484293.19)[0m
[97m/home/cvazquezperezdelacru/clio-core/context-runtime/src/ipc_manager.cc:2440 INFO 2484293 IncreaseClientShm IpcManager::IncreaseClientShm: Creating clio_2484293_20 with size 147097408 (113542976 + 33554432 overhead)[0m
[97m/home/cvazquezperezdelacru/clio-core/context-runtime/src/ipc_manager.cc:2485 INFO 2484293 IncreaseClientShm IpcManager::IncreaseClientShm: Created allocator clio_2484293_20 with ID (2484293.20)[0m
[97m/home/cvazquezperezdelacru/clio-core/context-runtime/src/ipc_manager.cc:2440 INFO 2484293 IncreaseClientShm IpcManager::IncreaseClientShm: Creating clio_2484293_21 with size 135189408 (101634976 + 33554432 overhead)[0m
[97m/home/cvazquezperezdelacru/clio-core/context-runtime/src/ipc_manager.cc:2485 INFO 2484293 IncreaseClientShm IpcManager::IncreaseClientShm: Created allocator clio_2484293_21 with ID (2484293.21)[0m
[97m/home/cvazquezperezdelacru/clio-core/context-runtime/src/ipc_manager.cc:2440 INFO 2484293 IncreaseClientShm IpcManager::IncreaseClientShm: Creating clio_2484293_22 with size 173869616 (140315184 + 33554432 overhead)[0m
[97m/home/cvazquezperezdelacru/clio-core/context-runtime/src/ipc_manager.cc:2485 INFO 2484293 IncreaseClientShm IpcManager::IncreaseClientShm: Created allocator clio_2484293_22 with ID (2484293.22)[0m
[97m/home/cvazquezperezdelacru/clio-core/context-runtime/src/ipc_manager.cc:2440 INFO 2484293 IncreaseClientShm IpcManager::IncreaseClientShm: Creating clio_2484293_23 with size 134876112 (101321680 + 33554432 overhead)[0m
[97m/home/cvazquezperezdelacru/clio-core/context-runtime/src/ipc_manager.cc:2485 INFO 2484293 IncreaseClientShm IpcManager::IncreaseClientShm: Created allocator clio_2484293_23 with ID (2484293.23)[0m
[97m/home/cvazquezperezdelacru/clio-core/context-runtime/src/ipc_manager.cc:2440 INFO 2484293 IncreaseClientShm IpcManager::IncreaseClientShm: Creating clio_2484293_24 with size 131925112 (98370680 + 33554432 overhead)[0m
[97m/home/cvazquezperezdelacru/clio-core/context-runtime/src/ipc_manager.cc:2485 INFO 2484293 IncreaseClientShm IpcManager::IncreaseClientShm: Created allocator clio_2484293_24 with ID (2484293.24)[0m
[97m/home/cvazquezperezdelacru/clio-core/context-runtime/src/ipc_manager.cc:2440 INFO 2484293 IncreaseClientShm IpcManager::IncreaseClientShm: Creating clio_2484293_25 with size 149146208 (115591776 + 33554432 overhead)[0m
[97m/home/cvazquezperezdelacru/clio-core/context-runtime/src/ipc_manager.cc:2485 INFO 2484293 IncreaseClientShm IpcManager::IncreaseClientShm: Created allocator clio_2484293_25 with ID (2484293.25)[0m
[97m/home/cvazquezperezdelacru/clio-core/context-runtime/src/ipc_manager.cc:2440 INFO 2484293 IncreaseClientShm IpcManager::IncreaseClientShm: Creating clio_2484293_26 with size 139441712 (105887280 + 33554432 overhead)[0m
[97m/home/cvazquezperezdelacru/clio-core/context-runtime/src/ipc_manager.cc:2485 INFO 2484293 IncreaseClientShm IpcManager::IncreaseClientShm: Created allocator clio_2484293_26 with ID (2484293.26)[0m
[97m/home/cvazquezperezdelacru/clio-core/context-runtime/src/ipc_manager.cc:2440 INFO 2484293 IncreaseClientShm IpcManager::IncreaseClientShm: Creating clio_2484293_27 with size 144301112 (110746680 + 33554432 overhead)[0m
[97m/home/cvazquezperezdelacru/clio-core/context-runtime/src/ipc_manager.cc:2485 INFO 2484293 IncreaseClientShm IpcManager::IncreaseClientShm: Created allocator clio_2484293_27 with ID (2484293.27)[0m
[97m/home/cvazquezperezdelacru/clio-core/context-runtime/src/ipc_manager.cc:2440 INFO 2484293 IncreaseClientShm IpcManager::IncreaseClientShm: Creating clio_2484293_28 with size 138174208 (104619776 + 33554432 overhead)[0m
[97m/home/cvazquezperezdelacru/clio-core/context-runtime/src/ipc_manager.cc:2485 INFO 2484293 IncreaseClientShm IpcManager::IncreaseClientShm: Created allocator clio_2484293_28 with ID (2484293.28)[0m
[97m/home/cvazquezperezdelacru/clio-core/context-runtime/src/ipc_manager.cc:2440 INFO 2484293 IncreaseClientShm IpcManager::IncreaseClientShm: Creating clio_2484293_29 with size 156653712 (123099280 + 33554432 overhead)[0m
[97m/home/cvazquezperezdelacru/clio-core/context-runtime/src/ipc_manager.cc:2485 INFO 2484293 IncreaseClientShm IpcManager::IncreaseClientShm: Created allocator clio_2484293_29 with ID (2484293.29)[0m
[97m/home/cvazquezperezdelacru/clio-core/context-runtime/src/ipc_manager.cc:2440 INFO 2484293 IncreaseClientShm IpcManager::IncreaseClientShm: Creating clio_2484293_30 with size 136770208 (103215776 + 33554432 overhead)[0m
[97m/home/cvazquezperezdelacru/clio-core/context-runtime/src/ipc_manager.cc:2485 INFO 2484293 IncreaseClientShm IpcManager::IncreaseClientShm: Created allocator clio_2484293_30 with ID (2484293.30)[0m
[97m/home/cvazquezperezdelacru/clio-core/context-runtime/src/ipc_manager.cc:2440 INFO 2484293 IncreaseClientShm IpcManager::IncreaseClientShm: Creating clio_2484293_31 with size 148533912 (114979480 + 33554432 overhead)[0m
[97m/home/cvazquezperezdelacru/clio-core/context-runtime/src/ipc_manager.cc:2485 INFO 2484293 IncreaseClientShm IpcManager::IncreaseClientShm: Created allocator clio_2484293_31 with ID (2484293.31)[0m
[97m/home/cvazquezperezdelacru/clio-core/context-runtime/src/ipc_manager.cc:2440 INFO 2484293 IncreaseClientShm IpcManager::IncreaseClientShm: Creating clio_2484293_32 with size 138743616 (105189184 + 33554432 overhead)[0m
[97m/home/cvazquezperezdelacru/clio-core/context-runtime/src/ipc_manager.cc:2485 INFO 2484293 IncreaseClientShm IpcManager::IncreaseClientShm: Created allocator clio_2484293_32 with ID (2484293.32)[0m
[97m/home/cvazquezperezdelacru/clio-core/context-runtime/src/ipc_manager.cc:2440 INFO 2484293 IncreaseClientShm IpcManager::IncreaseClientShm: Creating clio_2484293_33 with size 140237312 (106682880 + 33554432 overhead)[0m
[97m/home/cvazquezperezdelacru/clio-core/context-runtime/src/ipc_manager.cc:2485 INFO 2484293 IncreaseClientShm IpcManager::IncreaseClientShm: Created allocator clio_2484293_33 with ID (2484293.33)[0m
[97m/home/cvazquezperezdelacru/clio-core/context-runtime/src/ipc_manager.cc:2440 INFO 2484293 IncreaseClientShm IpcManager::IncreaseClientShm: Creating clio_2484293_34 with size 143437912 (109883480 + 33554432 overhead)[0m
[97m/home/cvazquezperezdelacru/clio-core/context-runtime/src/ipc_manager.cc:2485 INFO 2484293 IncreaseClientShm IpcManager::IncreaseClientShm: Created allocator clio_2484293_34 with ID (2484293.34)[0m
[97m/home/cvazquezperezdelacru/clio-core/context-runtime/src/ipc_manager.cc:2440 INFO 2484293 IncreaseClientShm IpcManager::IncreaseClientShm: Creating clio_2484293_35 with size 150935008 (117380576 + 33554432 overhead)[0m
[97m/home/cvazquezperezdelacru/clio-core/context-runtime/src/ipc_manager.cc:2485 INFO 2484293 IncreaseClientShm IpcManager::IncreaseClientShm: Created allocator clio_2484293_35 with ID (2484293.35)[0m
[97m/home/cvazquezperezdelacru/clio-core/context-runtime/src/ipc_manager.cc:2440 INFO 2484293 IncreaseClientShm IpcManager::IncreaseClientShm: Creating clio_2484293_36 with size 156164912 (122610480 + 33554432 overhead)[0m
[97m/home/cvazquezperezdelacru/clio-core/context-runtime/src/ipc_manager.cc:2485 INFO 2484293 IncreaseClientShm IpcManager::IncreaseClientShm: Created allocator clio_2484293_36 with ID (2484293.36)[0m
[97m/home/cvazquezperezdelacru/clio-core/context-runtime/src/ipc_manager.cc:2440 INFO 2484293 IncreaseClientShm IpcManager::IncreaseClientShm: Creating clio_2484293_37 with size 151072816 (117518384 + 33554432 overhead)[0m
[97m/home/cvazquezperezdelacru/clio-core/context-runtime/src/ipc_manager.cc:2485 INFO 2484293 IncreaseClientShm IpcManager::IncreaseClientShm: Created allocator clio_2484293_37 with ID (2484293.37)[0m
[97m/home/cvazquezperezdelacru/clio-core/context-runtime/src/ipc_manager.cc:2440 INFO 2484293 IncreaseClientShm IpcManager::IncreaseClientShm: Creating clio_2484293_38 with size 138984112 (105429680 + 33554432 overhead)[0m
[97m/home/cvazquezperezdelacru/clio-core/context-runtime/src/ipc_manager.cc:2485 INFO 2484293 IncreaseClientShm IpcManager::IncreaseClientShm: Created allocator clio_2484293_38 with ID (2484293.38)[0m
[97m/home/cvazquezperezdelacru/clio-core/context-runtime/src/ipc_manager.cc:2440 INFO 2484293 IncreaseClientShm IpcManager::IncreaseClientShm: Creating clio_2484293_39 with size 138708512 (105154080 + 33554432 overhead)[0m
[97m/home/cvazquezperezdelacru/clio-core/context-runtime/src/ipc_manager.cc:2485 INFO 2484293 IncreaseClientShm IpcManager::IncreaseClientShm: Created allocator clio_2484293_39 with ID (2484293.39)[0m
[97m/home/cvazquezperezdelacru/clio-core/context-runtime/src/ipc_manager.cc:2440 INFO 2484293 IncreaseClientShm IpcManager::IncreaseClientShm: Creating clio_2484293_40 with size 144468816 (110914384 + 33554432 overhead)[0m
[97m/home/cvazquezperezdelacru/clio-core/context-runtime/src/ipc_manager.cc:2485 INFO 2484293 IncreaseClientShm IpcManager::IncreaseClientShm: Created allocator clio_2484293_40 with ID (2484293.40)[0m
[97m/home/cvazquezperezdelacru/clio-core/context-runtime/src/ipc_manager.cc:2440 INFO 2484293 IncreaseClientShm IpcManager::IncreaseClientShm: Creating clio_2484293_41 with size 142964712 (109410280 + 33554432 overhead)[0m
[97m/home/cvazquezperezdelacru/clio-core/context-runtime/src/ipc_manager.cc:2485 INFO 2484293 IncreaseClientShm IpcManager::IncreaseClientShm: Created allocator clio_2484293_41 with ID (2484293.41)[0m
[97m/home/cvazquezperezdelacru/clio-core/context-runtime/src/ipc_manager.cc:2440 INFO 2484293 IncreaseClientShm IpcManager::IncreaseClientShm: Creating clio_2484293_42 with size 136663616 (103109184 + 33554432 overhead)[0m
[97m/home/cvazquezperezdelacru/clio-core/context-runtime/src/ipc_manager.cc:2485 INFO 2484293 IncreaseClientShm IpcManager::IncreaseClientShm: Created allocator clio_2484293_42 with ID (2484293.42)[0m
[97m/home/cvazquezperezdelacru/clio-core/context-runtime/src/ipc_manager.cc:2440 INFO 2484293 IncreaseClientShm IpcManager::IncreaseClientShm: Creating clio_2484293_43 with size 147330112 (113775680 + 33554432 overhead)[0m
[97m/home/cvazquezperezdelacru/clio-core/context-runtime/src/ipc_manager.cc:2485 INFO 2484293 IncreaseClientShm IpcManager::IncreaseClientShm: Created allocator clio_2484293_43 with ID (2484293.43)[0m
[97m/home/cvazquezperezdelacru/clio-core/context-runtime/src/ipc_manager.cc:2440 INFO 2484293 IncreaseClientShm IpcManager::IncreaseClientShm: Creating clio_2484293_44 with size 146612512 (113058080 + 33554432 overhead)[0m
[97m/home/cvazquezperezdelacru/clio-core/context-runtime/src/ipc_manager.cc:2485 INFO 2484293 IncreaseClientShm IpcManager::IncreaseClientShm: Created allocator clio_2484293_44 with ID (2484293.44)[0m
[97m/home/cvazquezperezdelacru/clio-core/context-runtime/src/ipc_manager.cc:2440 INFO 2484293 IncreaseClientShm IpcManager::IncreaseClientShm: Creating clio_2484293_45 with size 134865712 (101311280 + 33554432 overhead)[0m
[97m/home/cvazquezperezdelacru/clio-core/context-runtime/src/ipc_manager.cc:2485 INFO 2484293 IncreaseClientShm IpcManager::IncreaseClientShm: Created allocator clio_2484293_45 with ID (2484293.45)[0m
[97m/home/cvazquezperezdelacru/clio-core/context-runtime/src/ipc_manager.cc:2440 INFO 2484293 IncreaseClientShm IpcManager::IncreaseClientShm: Creating clio_2484293_46 with size 135930416 (102375984 + 33554432 overhead)[0m
[97m/home/cvazquezperezdelacru/clio-core/context-runtime/src/ipc_manager.cc:2485 INFO 2484293 IncreaseClientShm IpcManager::IncreaseClientShm: Created allocator clio_2484293_46 with ID (2484293.46)[0m
[97m/home/cvazquezperezdelacru/clio-core/context-runtime/src/ipc_manager.cc:2440 INFO 2484293 IncreaseClientShm IpcManager::IncreaseClientShm: Creating clio_2484293_47 with size 139699112 (106144680 + 33554432 overhead)[0m
[97m/home/cvazquezperezdelacru/clio-core/context-runtime/src/ipc_manager.cc:2485 INFO 2484293 IncreaseClientShm IpcManager::IncreaseClientShm: Created allocator clio_2484293_47 with ID (2484293.47)[0m
[97m/home/cvazquezperezdelacru/clio-core/context-runtime/src/ipc_manager.cc:2440 INFO 2484293 IncreaseClientShm IpcManager::IncreaseClientShm: Creating clio_2484293_48 with size 136999008 (103444576 + 33554432 overhead)[0m
[97m/home/cvazquezperezdelacru/clio-core/context-runtime/src/ipc_manager.cc:2485 INFO 2484293 IncreaseClientShm IpcManager::IncreaseClientShm: Created allocator clio_2484293_48 with ID (2484293.48)[0m
[97m/home/cvazquezperezdelacru/clio-core/context-runtime/src/ipc_manager.cc:2440 INFO 2484293 IncreaseClientShm IpcManager::IncreaseClientShm: Creating clio_2484293_49 with size 147097408 (113542976 + 33554432 overhead)[0m
[97m/home/cvazquezperezdelacru/clio-core/context-runtime/src/ipc_manager.cc:2485 INFO 2484293 IncreaseClientShm IpcManager::IncreaseClientShm: Created allocator clio_2484293_49 with ID (2484293.49)[0m
[97m/home/cvazquezperezdelacru/clio-core/context-runtime/src/ipc_manager.cc:2440 INFO 2484293 IncreaseClientShm IpcManager::IncreaseClientShm: Creating clio_2484293_50 with size 142100208 (108545776 + 33554432 overhead)[0m
[97m/home/cvazquezperezdelacru/clio-core/context-runtime/src/ipc_manager.cc:2485 INFO 2484293 IncreaseClientShm IpcManager::IncreaseClientShm: Created allocator clio_2484293_50 with ID (2484293.50)[0m
[97m/home/cvazquezperezdelacru/clio-core/context-runtime/src/ipc_manager.cc:2440 INFO 2484293 IncreaseClientShm IpcManager::IncreaseClientShm: Creating clio_2484293_51 with size 134672016 (101117584 + 33554432 overhead)[0m
[97m/home/cvazquezperezdelacru/clio-core/context-runtime/src/ipc_manager.cc:2485 INFO 2484293 IncreaseClientShm IpcManager::IncreaseClientShm: Created allocator clio_2484293_51 with ID (2484293.51)[0m
[97m/home/cvazquezperezdelacru/clio-core/context-runtime/src/ipc_manager.cc:2440 INFO 2484293 IncreaseClientShm IpcManager::IncreaseClientShm: Creating clio_2484293_52 with size 133630712 (100076280 + 33554432 overhead)[0m
[97m/home/cvazquezperezdelacru/clio-core/context-runtime/src/ipc_manager.cc:2485 INFO 2484293 IncreaseClientShm IpcManager::IncreaseClientShm: Created allocator clio_2484293_52 with ID (2484293.52)[0m
[97m/home/cvazquezperezdelacru/clio-core/context-runtime/src/ipc_manager.cc:2440 INFO 2484293 IncreaseClientShm IpcManager::IncreaseClientShm: Creating clio_2484293_53 with size 133764608 (100210176 + 33554432 overhead)[0m
[97m/home/cvazquezperezdelacru/clio-core/context-runtime/src/ipc_manager.cc:2485 INFO 2484293 IncreaseClientShm IpcManager::IncreaseClientShm: Created allocator clio_2484293_53 with ID (2484293.53)[0m
[97m/home/cvazquezperezdelacru/clio-core/context-runtime/src/ipc_manager.cc:2440 INFO 2484293 IncreaseClientShm IpcManager::IncreaseClientShm: Creating clio_2484293_54 with size 150243408 (116688976 + 33554432 overhead)[0m
[97m/home/cvazquezperezdelacru/clio-core/context-runtime/src/ipc_manager.cc:2485 INFO 2484293 IncreaseClientShm IpcManager::IncreaseClientShm: Created allocator clio_2484293_54 with ID (2484293.54)[0m
[97m/home/cvazquezperezdelacru/clio-core/context-runtime/src/ipc_manager.cc:2440 INFO 2484293 IncreaseClientShm IpcManager::IncreaseClientShm: Creating clio_2484293_55 with size 134617408 (101062976 + 33554432 overhead)[0m
[97m/home/cvazquezperezdelacru/clio-core/context-runtime/src/ipc_manager.cc:2485 INFO 2484293 IncreaseClientShm IpcManager::IncreaseClientShm: Created allocator clio_2484293_55 with ID (2484293.55)[0m
[97m/home/cvazquezperezdelacru/clio-core/context-runtime/src/ipc_manager.cc:2440 INFO 2484293 IncreaseClientShm IpcManager::IncreaseClientShm: Creating clio_2484293_56 with size 143071312 (109516880 + 33554432 overhead)[0m
[97m/home/cvazquezperezdelacru/clio-core/context-runtime/src/ipc_manager.cc:2485 INFO 2484293 IncreaseClientShm IpcManager::IncreaseClientShm: Created allocator clio_2484293_56 with ID (2484293.56)[0m
[97m/home/cvazquezperezdelacru/clio-core/context-runtime/src/ipc_manager.cc:2440 INFO 2484293 IncreaseClientShm IpcManager::IncreaseClientShm: Creating clio_2484293_57 with size 152701712 (119147280 + 33554432 overhead)[0m
[97m/home/cvazquezperezdelacru/clio-core/context-runtime/src/ipc_manager.cc:2485 INFO 2484293 IncreaseClientShm IpcManager::IncreaseClientShm: Created allocator clio_2484293_57 with ID (2484293.57)[0m
[97m/home/cvazquezperezdelacru/clio-core/context-runtime/src/ipc_manager.cc:2440 INFO 2484293 IncreaseClientShm IpcManager::IncreaseClientShm: Creating clio_2484293_58 with size 134343112 (100788680 + 33554432 overhead)[0m
[97m/home/cvazquezperezdelacru/clio-core/context-runtime/src/ipc_manager.cc:2485 INFO 2484293 IncreaseClientShm IpcManager::IncreaseClientShm: Created allocator clio_2484293_58 with ID (2484293.58)[0m
[97m/home/cvazquezperezdelacru/clio-core/context-runtime/src/ipc_manager.cc:2440 INFO 2484293 IncreaseClientShm IpcManager::IncreaseClientShm: Creating clio_2484293_59 with size 155683912 (122129480 + 33554432 overhead)[0m
[97m/home/cvazquezperezdelacru/clio-core/context-runtime/src/ipc_manager.cc:2485 INFO 2484293 IncreaseClientShm IpcManager::IncreaseClientShm: Created allocator clio_2484293_59 with ID (2484293.59)[0m
[97m/home/cvazquezperezdelacru/clio-core/context-runtime/src/ipc_manager.cc:2440 INFO 2484293 IncreaseClientShm IpcManager::IncreaseClientShm: Creating clio_2484293_60 with size 135899216 (102344784 + 33554432 overhead)[0m
[97m/home/cvazquezperezdelacru/clio-core/context-runtime/src/ipc_manager.cc:2485 INFO 2484293 IncreaseClientShm IpcManager::IncreaseClientShm: Created allocator clio_2484293_60 with ID (2484293.60)[0m
[97m/home/cvazquezperezdelacru/clio-core/context-runtime/src/ipc_manager.cc:2440 INFO 2484293 IncreaseClientShm IpcManager::IncreaseClientShm: Creating clio_2484293_61 with size 149531008 (115976576 + 33554432 overhead)[0m
[97m/home/cvazquezperezdelacru/clio-core/context-runtime/src/ipc_manager.cc:2485 INFO 2484293 IncreaseClientShm IpcManager::IncreaseClientShm: Created allocator clio_2484293_61 with ID (2484293.61)[0m
[97m/home/cvazquezperezdelacru/clio-core/context-runtime/src/ipc_manager.cc:2440 INFO 2484293 IncreaseClientShm IpcManager::IncreaseClientShm: Creating clio_2484293_62 with size 148533912 (114979480 + 33554432 overhead)[0m
[97m/home/cvazquezperezdelacru/clio-core/context-runtime/src/ipc_manager.cc:2485 INFO 2484293 IncreaseClientShm IpcManager::IncreaseClientShm: Created allocator clio_2484293_62 with ID (2484293.62)[0m
[97m/home/cvazquezperezdelacru/clio-core/context-runtime/src/ipc_manager.cc:2440 INFO 2484293 IncreaseClientShm IpcManager::IncreaseClientShm: Creating clio_2484293_63 with size 149493312 (115938880 + 33554432 overhead)[0m
[97m/home/cvazquezperezdelacru/clio-core/context-runtime/src/ipc_manager.cc:2485 INFO 2484293 IncreaseClientShm IpcManager::IncreaseClientShm: Created allocator clio_2484293_63 with ID (2484293.63)[0m
[97m/home/cvazquezperezdelacru/clio-core/context-runtime/src/ipc_manager.cc:2440 INFO 2484293 IncreaseClientShm IpcManager::IncreaseClientShm: Creating clio_2484293_64 with size 133885512 (100331080 + 33554432 overhead)[0m
[97m/home/cvazquezperezdelacru/clio-core/context-runtime/src/ipc_manager.cc:2485 INFO 2484293 IncreaseClientShm IpcManager::IncreaseClientShm: Created allocator clio_2484293_64 with ID (2484293.64)[0m
[97m/home/cvazquezperezdelacru/clio-core/context-runtime/src/ipc_manager.cc:2440 INFO 2484293 IncreaseClientShm IpcManager::IncreaseClientShm: Creating clio_2484293_65 with size 138205408 (104650976 + 33554432 overhead)[0m
[97m/home/cvazquezperezdelacru/clio-core/context-runtime/src/ipc_manager.cc:2485 INFO 2484293 IncreaseClientShm IpcManager::IncreaseClientShm: Created allocator clio_2484293_65 with ID (2484293.65)[0m
[97m/home/cvazquezperezdelacru/clio-core/context-runtime/src/ipc_manager.cc:2440 INFO 2484293 IncreaseClientShm IpcManager::IncreaseClientShm: Creating clio_2484293_66 with size 136358112 (102803680 + 33554432 overhead)[0m
[97m/home/cvazquezperezdelacru/clio-core/context-runtime/src/ipc_manager.cc:2485 INFO 2484293 IncreaseClientShm IpcManager::IncreaseClientShm: Created allocator clio_2484293_66 with ID (2484293.66)[0m
[97m/home/cvazquezperezdelacru/clio-core/context-runtime/src/ipc_manager.cc:2440 INFO 2484293 IncreaseClientShm IpcManager::IncreaseClientShm: Creating clio_2484293_67 with size 158027808 (124473376 + 33554432 overhead)[0m
[97m/home/cvazquezperezdelacru/clio-core/context-runtime/src/ipc_manager.cc:2485 INFO 2484293 IncreaseClientShm IpcManager::IncreaseClientShm: Created allocator clio_2484293_67 with ID (2484293.67)[0m
[97m/home/cvazquezperezdelacru/clio-core/context-runtime/src/ipc_manager.cc:2440 INFO 2484293 IncreaseClientShm IpcManager::IncreaseClientShm: Creating clio_2484293_68 with size 143846112 (110291680 + 33554432 overhead)[0m
[97m/home/cvazquezperezdelacru/clio-core/context-runtime/src/ipc_manager.cc:2485 INFO 2484293 IncreaseClientShm IpcManager::IncreaseClientShm: Created allocator clio_2484293_68 with ID (2484293.68)[0m
[97m/home/cvazquezperezdelacru/clio-core/context-runtime/src/ipc_manager.cc:2440 INFO 2484293 IncreaseClientShm IpcManager::IncreaseClientShm: Creating clio_2484293_69 with size 146798416 (113243984 + 33554432 overhead)[0m
[97m/home/cvazquezperezdelacru/clio-core/context-runtime/src/ipc_manager.cc:2485 INFO 2484293 IncreaseClientShm IpcManager::IncreaseClientShm: Created allocator clio_2484293_69 with ID (2484293.69)[0m
[97m/home/cvazquezperezdelacru/clio-core/context-runtime/src/ipc_manager.cc:2440 INFO 2484293 IncreaseClientShm IpcManager::IncreaseClientShm: Creating clio_2484293_70 with size 138817712 (105263280 + 33554432 overhead)[0m
[97m/home/cvazquezperezdelacru/clio-core/context-runtime/src/ipc_manager.cc:2485 INFO 2484293 IncreaseClientShm IpcManager::IncreaseClientShm: Created allocator clio_2484293_70 with ID (2484293.70)[0m
[97m/home/cvazquezperezdelacru/clio-core/context-runtime/src/ipc_manager.cc:2440 INFO 2484293 IncreaseClientShm IpcManager::IncreaseClientShm: Creating clio_2484293_71 with size 142455112 (108900680 + 33554432 overhead)[0m
[97m/home/cvazquezperezdelacru/clio-core/context-runtime/src/ipc_manager.cc:2485 INFO 2484293 IncreaseClientShm IpcManager::IncreaseClientShm: Created allocator clio_2484293_71 with ID (2484293.71)[0m
[97m/home/cvazquezperezdelacru/clio-core/context-runtime/src/ipc_manager.cc:2440 INFO 2484293 IncreaseClientShm IpcManager::IncreaseClientShm: Creating clio_2484293_72 with size 136359408 (102804976 + 33554432 overhead)[0m
[97m/home/cvazquezperezdelacru/clio-core/context-runtime/src/ipc_manager.cc:2485 INFO 2484293 IncreaseClientShm IpcManager::IncreaseClientShm: Created allocator clio_2484293_72 with ID (2484293.72)[0m
[97m/home/cvazquezperezdelacru/clio-core/context-runtime/src/ipc_manager.cc:2440 INFO 2484293 IncreaseClientShm IpcManager::IncreaseClientShm: Creating clio_2484293_73 with size 136420512 (102866080 + 33554432 overhead)[0m
[97m/home/cvazquezperezdelacru/clio-core/context-runtime/src/ipc_manager.cc:2485 INFO 2484293 IncreaseClientShm IpcManager::IncreaseClientShm: Created allocator clio_2484293_73 with ID (2484293.73)[0m
[97m/home/cvazquezperezdelacru/clio-core/context-runtime/src/ipc_manager.cc:2440 INFO 2484293 IncreaseClientShm IpcManager::IncreaseClientShm: Creating clio_2484293_74 with size 137161512 (103607080 + 33554432 overhead)[0m
[97m/home/cvazquezperezdelacru/clio-core/context-runtime/src/ipc_manager.cc:2485 INFO 2484293 IncreaseClientShm IpcManager::IncreaseClientShm: Created allocator clio_2484293_74 with ID (2484293.74)[0m
[97m/home/cvazquezperezdelacru/clio-core/context-runtime/src/ipc_manager.cc:2440 INFO 2484293 IncreaseClientShm IpcManager::IncreaseClientShm: Creating clio_2484293_75 with size 138960712 (105406280 + 33554432 overhead)[0m
[97m/home/cvazquezperezdelacru/clio-core/context-runtime/src/ipc_manager.cc:2485 INFO 2484293 IncreaseClientShm IpcManager::IncreaseClientShm: Created allocator clio_2484293_75 with ID (2484293.75)[0m
[97m/home/cvazquezperezdelacru/clio-core/context-runtime/src/ipc_manager.cc:2440 INFO 2484293 IncreaseClientShm IpcManager::IncreaseClientShm: Creating clio_2484293_76 with size 150850512 (117296080 + 33554432 overhead)[0m
[97m/home/cvazquezperezdelacru/clio-core/context-runtime/src/ipc_manager.cc:2485 INFO 2484293 IncreaseClientShm IpcManager::IncreaseClientShm: Created allocator clio_2484293_76 with ID (2484293.76)[0m
[97m/home/cvazquezperezdelacru/clio-core/context-runtime/src/ipc_manager.cc:2440 INFO 2484293 IncreaseClientShm IpcManager::IncreaseClientShm: Creating clio_2484293_77 with size 136259312 (102704880 + 33554432 overhead)[0m
[97m/home/cvazquezperezdelacru/clio-core/context-runtime/src/ipc_manager.cc:2485 INFO 2484293 IncreaseClientShm IpcManager::IncreaseClientShm: Created allocator clio_2484293_77 with ID (2484293.77)[0m
[97m/home/cvazquezperezdelacru/clio-core/context-runtime/src/ipc_manager.cc:2440 INFO 2484293 IncreaseClientShm IpcManager::IncreaseClientShm: Creating clio_2484293_78 with size 141591912 (108037480 + 33554432 overhead)[0m
[97m/home/cvazquezperezdelacru/clio-core/context-runtime/src/ipc_manager.cc:2485 INFO 2484293 IncreaseClientShm IpcManager::IncreaseClientShm: Created allocator clio_2484293_78 with ID (2484293.78)[0m
[97m/home/cvazquezperezdelacru/clio-core/context-runtime/src/ipc_manager.cc:2440 INFO 2484293 IncreaseClientShm IpcManager::IncreaseClientShm: Creating clio_2484293_79 with size 153880816 (120326384 + 33554432 overhead)[0m
[97m/home/cvazquezperezdelacru/clio-core/context-runtime/src/ipc_manager.cc:2485 INFO 2484293 IncreaseClientShm IpcManager::IncreaseClientShm: Created allocator clio_2484293_79 with ID (2484293.79)[0m
[97m/home/cvazquezperezdelacru/clio-core/context-runtime/src/ipc_manager.cc:2440 INFO 2484293 IncreaseClientShm IpcManager::IncreaseClientShm: Creating clio_2484293_80 with size 143584816 (110030384 + 33554432 overhead)[0m
[97m/home/cvazquezperezdelacru/clio-core/context-runtime/src/ipc_manager.cc:2485 INFO 2484293 IncreaseClientShm IpcManager::IncreaseClientShm: Created allocator clio_2484293_80 with ID (2484293.80)[0m
[97m/home/cvazquezperezdelacru/clio-core/context-runtime/src/ipc_manager.cc:2440 INFO 2484293 IncreaseClientShm IpcManager::IncreaseClientShm: Creating clio_2484293_81 with size 145982016 (112427584 + 33554432 overhead)[0m
[97m/home/cvazquezperezdelacru/clio-core/context-runtime/src/ipc_manager.cc:2485 INFO 2484293 IncreaseClientShm IpcManager::IncreaseClientShm: Created allocator clio_2484293_81 with ID (2484293.81)[0m
[97m/home/cvazquezperezdelacru/clio-core/context-runtime/src/ipc_manager.cc:2440 INFO 2484293 IncreaseClientShm IpcManager::IncreaseClientShm: Creating clio_2484293_82 with size 152527512 (118973080 + 33554432 overhead)[0m
[97m/home/cvazquezperezdelacru/clio-core/context-runtime/src/ipc_manager.cc:2485 INFO 2484293 IncreaseClientShm IpcManager::IncreaseClientShm: Created allocator clio_2484293_82 with ID (2484293.82)[0m
[97m/home/cvazquezperezdelacru/clio-core/context-runtime/src/ipc_manager.cc:2440 INFO 2484293 IncreaseClientShm IpcManager::IncreaseClientShm: Creating clio_2484293_83 with size 137767312 (104212880 + 33554432 overhead)[0m
[97m/home/cvazquezperezdelacru/clio-core/context-runtime/src/ipc_manager.cc:2485 INFO 2484293 IncreaseClientShm IpcManager::IncreaseClientShm: Created allocator clio_2484293_83 with ID (2484293.83)[0m
[97m/home/cvazquezperezdelacru/clio-core/context-runtime/src/ipc_manager.cc:2440 INFO 2484293 IncreaseClientShm IpcManager::IncreaseClientShm: Creating clio_2484293_84 with size 138293808 (104739376 + 33554432 overhead)[0m
[97m/home/cvazquezperezdelacru/clio-core/context-runtime/src/ipc_manager.cc:2485 INFO 2484293 IncreaseClientShm IpcManager::IncreaseClientShm: Created allocator clio_2484293_84 with ID (2484293.84)[0m
[97m/home/cvazquezperezdelacru/clio-core/context-runtime/src/ipc_manager.cc:2440 INFO 2484293 IncreaseClientShm IpcManager::IncreaseClientShm: Creating clio_2484293_85 with size 139229808 (105675376 + 33554432 overhead)[0m
[97m/home/cvazquezperezdelacru/clio-core/context-runtime/src/ipc_manager.cc:2485 INFO 2484293 IncreaseClientShm IpcManager::IncreaseClientShm: Created allocator clio_2484293_85 with ID (2484293.85)[0m
[97m/home/cvazquezperezdelacru/clio-core/context-runtime/src/ipc_manager.cc:2440 INFO 2484293 IncreaseClientShm IpcManager::IncreaseClientShm: Creating clio_2484293_86 with size 151867112 (118312680 + 33554432 overhead)[0m
[97m/home/cvazquezperezdelacru/clio-core/context-runtime/src/ipc_manager.cc:2485 INFO 2484293 IncreaseClientShm IpcManager::IncreaseClientShm: Created allocator clio_2484293_86 with ID (2484293.86)[0m
[97m/home/cvazquezperezdelacru/clio-core/context-runtime/src/ipc_manager.cc:2440 INFO 2484293 IncreaseClientShm IpcManager::IncreaseClientShm: Creating clio_2484293_87 with size 141022512 (107468080 + 33554432 overhead)[0m
[97m/home/cvazquezperezdelacru/clio-core/context-runtime/src/ipc_manager.cc:2485 INFO 2484293 IncreaseClientShm IpcManager::IncreaseClientShm: Created allocator clio_2484293_87 with ID (2484293.87)[0m
[97m/home/cvazquezperezdelacru/clio-core/context-runtime/src/ipc_manager.cc:2440 INFO 2484293 IncreaseClientShm IpcManager::IncreaseClientShm: Creating clio_2484293_88 with size 140589616 (107035184 + 33554432 overhead)[0m
[97m/home/cvazquezperezdelacru/clio-core/context-runtime/src/ipc_manager.cc:2485 INFO 2484293 IncreaseClientShm IpcManager::IncreaseClientShm: Created allocator clio_2484293_88 with ID (2484293.88)[0m
[97m/home/cvazquezperezdelacru/clio-core/context-runtime/src/ipc_manager.cc:2440 INFO 2484293 IncreaseClientShm IpcManager::IncreaseClientShm: Creating clio_2484293_89 with size 145281312 (111726880 + 33554432 overhead)[0m
[97m/home/cvazquezperezdelacru/clio-core/context-runtime/src/ipc_manager.cc:2485 INFO 2484293 IncreaseClientShm IpcManager::IncreaseClientShm: Created allocator clio_2484293_89 with ID (2484293.89)[0m
[97m/home/cvazquezperezdelacru/clio-core/context-runtime/src/ipc_manager.cc:2440 INFO 2484293 IncreaseClientShm IpcManager::IncreaseClientShm: Creating clio_2484293_90 with size 148842016 (115287584 + 33554432 overhead)[0m
[97m/home/cvazquezperezdelacru/clio-core/context-runtime/src/ipc_manager.cc:2485 INFO 2484293 IncreaseClientShm IpcManager::IncreaseClientShm: Created allocator clio_2484293_90 with ID (2484293.90)[0m
[97m/home/cvazquezperezdelacru/clio-core/context-runtime/src/ipc_manager.cc:2440 INFO 2484293 IncreaseClientShm IpcManager::IncreaseClientShm: Creating clio_2484293_91 with size 136573912 (103019480 + 33554432 overhead)[0m
[97m/home/cvazquezperezdelacru/clio-core/context-runtime/src/ipc_manager.cc:2485 INFO 2484293 IncreaseClientShm IpcManager::IncreaseClientShm: Created allocator clio_2484293_91 with ID (2484293.91)[0m
[97m/home/cvazquezperezdelacru/clio-core/context-runtime/src/ipc_manager.cc:2440 INFO 2484293 IncreaseClientShm IpcManager::IncreaseClientShm: Creating clio_2484293_92 with size 157307616 (123753184 + 33554432 overhead)[0m
[97m/home/cvazquezperezdelacru/clio-core/context-runtime/src/ipc_manager.cc:2485 INFO 2484293 IncreaseClientShm IpcManager::IncreaseClientShm: Created allocator clio_2484293_92 with ID (2484293.92)[0m
[97m/home/cvazquezperezdelacru/clio-core/context-runtime/src/ipc_manager.cc:2440 INFO 2484293 IncreaseClientShm IpcManager::IncreaseClientShm: Creating clio_2484293_93 with size 136303512 (102749080 + 33554432 overhead)[0m
[97m/home/cvazquezperezdelacru/clio-core/context-runtime/src/ipc_manager.cc:2485 INFO 2484293 IncreaseClientShm IpcManager::IncreaseClientShm: Created allocator clio_2484293_93 with ID (2484293.93)[0m
[97m/home/cvazquezperezdelacru/clio-core/context-runtime/src/ipc_manager.cc:2440 INFO 2484293 IncreaseClientShm IpcManager::IncreaseClientShm: Creating clio_2484293_94 with size 143995616 (110441184 + 33554432 overhead)[0m
[97m/home/cvazquezperezdelacru/clio-core/context-runtime/src/ipc_manager.cc:2485 INFO 2484293 IncreaseClientShm IpcManager::IncreaseClientShm: Created allocator clio_2484293_94 with ID (2484293.94)[0m
[97m/home/cvazquezperezdelacru/clio-core/context-runtime/src/ipc_manager.cc:2440 INFO 2484293 IncreaseClientShm IpcManager::IncreaseClientShm: Creating clio_2484293_95 with size 136414016 (102859584 + 33554432 overhead)[0m
[97m/home/cvazquezperezdelacru/clio-core/context-runtime/src/ipc_manager.cc:2485 INFO 2484293 IncreaseClientShm IpcManager::IncreaseClientShm: Created allocator clio_2484293_95 with ID (2484293.95)[0m
[97m/home/cvazquezperezdelacru/clio-core/context-runtime/src/ipc_manager.cc:2440 INFO 2484293 IncreaseClientShm IpcManager::IncreaseClientShm: Creating clio_2484293_96 with size 135653512 (102099080 + 33554432 overhead)[0m
[97m/home/cvazquezperezdelacru/clio-core/context-runtime/src/ipc_manager.cc:2485 INFO 2484293 IncreaseClientShm IpcManager::IncreaseClientShm: Created allocator clio_2484293_96 with ID (2484293.96)[0m
[97m/home/cvazquezperezdelacru/clio-core/context-runtime/src/ipc_manager.cc:2440 INFO 2484293 IncreaseClientShm IpcManager::IncreaseClientShm: Creating clio_2484293_97 with size 137223912 (103669480 + 33554432 overhead)[0m
[97m/home/cvazquezperezdelacru/clio-core/context-runtime/src/ipc_manager.cc:2485 INFO 2484293 IncreaseClientShm IpcManager::IncreaseClientShm: Created allocator clio_2484293_97 with ID (2484293.97)[0m
[97m/home/cvazquezperezdelacru/clio-core/context-runtime/src/ipc_manager.cc:2440 INFO 2484293 IncreaseClientShm IpcManager::IncreaseClientShm: Creating clio_2484293_98 with size 136109808 (102555376 + 33554432 overhead)[0m
[97m/home/cvazquezperezdelacru/clio-core/context-runtime/src/ipc_manager.cc:2485 INFO 2484293 IncreaseClientShm IpcManager::IncreaseClientShm: Created allocator clio_2484293_98 with ID (2484293.98)[0m
[97m/home/cvazquezperezdelacru/clio-core/context-runtime/src/ipc_manager.cc:2440 INFO 2484293 IncreaseClientShm IpcManager::IncreaseClientShm: Creating clio_2484293_99 with size 140433616 (106879184 + 33554432 overhead)[0m
[97m/home/cvazquezperezdelacru/clio-core/context-runtime/src/ipc_manager.cc:2485 INFO 2484293 IncreaseClientShm IpcManager::IncreaseClientShm: Created allocator clio_2484293_99 with ID (2484293.99)[0m
[97m/home/cvazquezperezdelacru/clio-core/context-runtime/src/ipc_manager.cc:2440 INFO 2484293 IncreaseClientShm IpcManager::IncreaseClientShm: Creating clio_2484293_100 with size 153119008 (119564576 + 33554432 overhead)[0m
[97m/home/cvazquezperezdelacru/clio-core/context-runtime/src/ipc_manager.cc:2485 INFO 2484293 IncreaseClientShm IpcManager::IncreaseClientShm: Created allocator clio_2484293_100 with ID (2484293.100)[0m
[97m/home/cvazquezperezdelacru/clio-core/context-runtime/src/ipc_manager.cc:2440 INFO 2484293 IncreaseClientShm IpcManager::IncreaseClientShm: Creating clio_2484293_101 with size 143978712 (110424280 + 33554432 overhead)[0m
[97m/home/cvazquezperezdelacru/clio-core/context-runtime/src/ipc_manager.cc:2485 INFO 2484293 IncreaseClientShm IpcManager::IncreaseClientShm: Created allocator clio_2484293_101 with ID (2484293.101)[0m
[97m/home/cvazquezperezdelacru/clio-core/context-runtime/src/ipc_manager.cc:2440 INFO 2484293 IncreaseClientShm IpcManager::IncreaseClientShm: Creating clio_2484293_102 with size 173730512 (140176080 + 33554432 overhead)[0m
[97m/home/cvazquezperezdelacru/clio-core/context-runtime/src/ipc_manager.cc:2485 INFO 2484293 IncreaseClientShm IpcManager::IncreaseClientShm: Created allocator clio_2484293_102 with ID (2484293.102)[0m
[97m/home/cvazquezperezdelacru/clio-core/context-runtime/src/ipc_manager.cc:2440 INFO 2484293 IncreaseClientShm IpcManager::IncreaseClientShm: Creating clio_2484293_103 with size 133798416 (100243984 + 33554432 overhead)[0m
[97m/home/cvazquezperezdelacru/clio-core/context-runtime/src/ipc_manager.cc:2485 INFO 2484293 IncreaseClientShm IpcManager::IncreaseClientShm: Created allocator clio_2484293_103 with ID (2484293.103)[0m
[97m/home/cvazquezperezdelacru/clio-core/context-runtime/src/ipc_manager.cc:2440 INFO 2484293 IncreaseClientShm IpcManager::IncreaseClientShm: Creating clio_2484293_104 with size 136390608 (102836176 + 33554432 overhead)[0m
[97m/home/cvazquezperezdelacru/clio-core/context-runtime/src/ipc_manager.cc:2485 INFO 2484293 IncreaseClientShm IpcManager::IncreaseClientShm: Created allocator clio_2484293_104 with ID (2484293.104)[0m
[97m/home/cvazquezperezdelacru/clio-core/context-runtime/src/ipc_manager.cc:2440 INFO 2484293 IncreaseClientShm IpcManager::IncreaseClientShm: Creating clio_2484293_105 with size 145098016 (111543584 + 33554432 overhead)[0m
[97m/home/cvazquezperezdelacru/clio-core/context-runtime/src/ipc_manager.cc:2485 INFO 2484293 IncreaseClientShm IpcManager::IncreaseClientShm: Created allocator clio_2484293_105 with ID (2484293.105)[0m
[97m/home/cvazquezperezdelacru/clio-core/context-runtime/src/ipc_manager.cc:2440 INFO 2484293 IncreaseClientShm IpcManager::IncreaseClientShm: Creating clio_2484293_106 with size 139168712 (105614280 + 33554432 overhead)[0m
[97m/home/cvazquezperezdelacru/clio-core/context-runtime/src/ipc_manager.cc:2485 INFO 2484293 IncreaseClientShm IpcManager::IncreaseClientShm: Created allocator clio_2484293_106 with ID (2484293.106)[0m
[97m/home/cvazquezperezdelacru/clio-core/context-runtime/src/ipc_manager.cc:2440 INFO 2484293 IncreaseClientShm IpcManager::IncreaseClientShm: Creating clio_2484293_107 with size 160183216 (126628784 + 33554432 overhead)[0m
[97m/home/cvazquezperezdelacru/clio-core/context-runtime/src/ipc_manager.cc:2485 INFO 2484293 IncreaseClientShm IpcManager::IncreaseClientShm: Created allocator clio_2484293_107 with ID (2484293.107)[0m
[97m/home/cvazquezperezdelacru/clio-core/context-runtime/src/ipc_manager.cc:2440 INFO 2484293 IncreaseClientShm IpcManager::IncreaseClientShm: Creating clio_2484293_108 with size 177952912 (144398480 + 33554432 overhead)[0m
[97m/home/cvazquezperezdelacru/clio-core/context-runtime/src/ipc_manager.cc:2485 INFO 2484293 IncreaseClientShm IpcManager::IncreaseClientShm: Created allocator clio_2484293_108 with ID (2484293.108)[0m
[97m/home/cvazquezperezdelacru/clio-core/context-runtime/src/ipc_manager.cc:2440 INFO 2484293 IncreaseClientShm IpcManager::IncreaseClientShm: Creating clio_2484293_109 with size 164993216 (131438784 + 33554432 overhead)[0m
[97m/home/cvazquezperezdelacru/clio-core/context-runtime/src/ipc_manager.cc:2485 INFO 2484293 IncreaseClientShm IpcManager::IncreaseClientShm: Created allocator clio_2484293_109 with ID (2484293.109)[0m
[97m/home/cvazquezperezdelacru/clio-core/context-runtime/src/ipc_manager.cc:2440 INFO 2484293 IncreaseClientShm IpcManager::IncreaseClientShm: Creating clio_2484293_110 with size 138782608 (105228176 + 33554432 overhead)[0m
[97m/home/cvazquezperezdelacru/clio-core/context-runtime/src/ipc_manager.cc:2485 INFO 2484293 IncreaseClientShm IpcManager::IncreaseClientShm: Created allocator clio_2484293_110 with ID (2484293.110)[0m
[97m/home/cvazquezperezdelacru/clio-core/context-runtime/src/ipc_manager.cc:2440 INFO 2484293 IncreaseClientShm IpcManager::IncreaseClientShm: Creating clio_2484293_111 with size 140021512 (106467080 + 33554432 overhead)[0m
[97m/home/cvazquezperezdelacru/clio-core/context-runtime/src/ipc_manager.cc:2485 INFO 2484293 IncreaseClientShm IpcManager::IncreaseClientShm: Created allocator clio_2484293_111 with ID (2484293.111)[0m
[97m/home/cvazquezperezdelacru/clio-core/context-runtime/src/ipc_manager.cc:2440 INFO 2484293 IncreaseClientShm IpcManager::IncreaseClientShm: Creating clio_2484293_112 with size 148825112 (115270680 + 33554432 overhead)[0m
[97m/home/cvazquezperezdelacru/clio-core/context-runtime/src/ipc_manager.cc:2485 INFO 2484293 IncreaseClientShm IpcManager::IncreaseClientShm: Created allocator clio_2484293_112 with ID (2484293.112)[0m
[ingest] done: 48.43 GiB compact (tag faiss_ivf::ondisk_nb100M)
[verify] PASS — 16 lists byte-identical
[97m/home/cvazquezperezdelacru/clio-core/context-runtime/src/ipc_manager.cc:2341 INFO 2484293 ClearClientPool [ClientPool] Clearing 0 persistent connections[0m
