[ingest] reading /mnt/common/cvazquezperezdelacru/faiss/slurm_bench/work/ondisk_nb100M.index (mmap)
[ingest] nlist=16384 code_size=512 ntotal=100000000
[97m/home/cvazquezperezdelacru/clio-core/context-runtime/src/manager.cc:137 INFO 2496374 ClientInit RuntimeManager::ClientInit[0m
[97m/home/cvazquezperezdelacru/clio-core/context-runtime/src/config_manager.cc:144 INFO 2496374 ClientInit Config at: /home/cvazquezperezdelacru/.clio/clio.yaml[0m
[97m/home/cvazquezperezdelacru/clio-core/context-runtime/src/ipc_manager.cc:219 INFO 2496374 ClientInit IpcManager::ClientInit: IPC mode = SHM (auto-selected)[0m
[97m/home/cvazquezperezdelacru/clio-core/context-runtime/src/ipc_manager.cc:231 INFO 2496374 ClientInit IpcManager::ClientInit: retry_timeout = 60s[0m
[97m/home/cvazquezperezdelacru/clio-core/context-runtime/src/ipc_manager.cc:239 INFO 2496374 ClientInit IpcManager::ClientInit: try_new_servers = 0[0m
[97m/home/cvazquezperezdelacru/clio-core/context-runtime/src/../../context-transport-primitives/include/clio_ctp/lightbeam/zmq_transport.h:152 INFO 2496374 GetSharedContext [ZeroMqTransport] Created shared context with 8 I/O threads[0m
[97m/home/cvazquezperezdelacru/clio-core/context-runtime/src/ipc_manager.cc:292 INFO 2496374 ClientInit IpcManager: DEALER transport connected to port 9416[0m
[97m/home/cvazquezperezdelacru/clio-core/context-runtime/src/ipc_manager.cc:322 INFO 2496374 ClientInit IpcManager: client response listener bound to port 38791[0m
[97m/home/cvazquezperezdelacru/clio-core/context-runtime/src/ipc_manager.cc:1388 INFO 2496374 WaitForLocalServer Waiting for runtime via lightbeam (timeout=30s)[0m
[97m/home/cvazquezperezdelacru/clio-core/context-runtime/src/ipc_manager.cc:1496 INFO 2496374 WaitForLocalServer Successfully connected to runtime (generation=755319844936106, server_pid=2496275, shm_in_shards=1)[0m
[97m/home/cvazquezperezdelacru/clio-core/context-runtime/src/ipc_manager.cc:1202 INFO 2496374 ClientInitShm ClientInitShm: attached metadata segment 'chi_metadata_segment_cvazquezperezdelacru_9413'[0m
[97m/home/cvazquezperezdelacru/clio-core/context-runtime/src/ipc_manager.cc:1228 INFO 2496374 ClientInitShm ClientInitShm: response SHM ring 'clio-2496374-shm-out' (1MB)[0m
[97m/home/cvazquezperezdelacru/clio-core/context-runtime/src/ipc_manager.cc:2440 INFO 2496374 IncreaseClientShm IpcManager::IncreaseClientShm: Creating clio_2496374_0 with size 570425344 (536870912 + 33554432 overhead)[0m
[97m/home/cvazquezperezdelacru/clio-core/context-runtime/src/ipc_manager.cc:2485 INFO 2496374 IncreaseClientShm IpcManager::IncreaseClientShm: Created allocator clio_2496374_0 with ID (2496374.0)[0m
[97m/home/cvazquezperezdelacru/clio-core/context-runtime/src/manager.cc:175 INFO 2496374 ClientInit ClientInit: Creating admin client with kAdminPoolId=PoolId(major:1, minor:0)[0m
[97m/home/cvazquezperezdelacru/clio-core/context-runtime/src/manager.cc:178 INFO 2496374 ClientInit ClientInit: Admin client created, pool_id_=PoolId(major:1, minor:0)[0m
[97m/home/cvazquezperezdelacru/clio-core/context-runtime/src/ipc_manager.cc:2440 INFO 2496374 IncreaseClientShm IpcManager::IncreaseClientShm: Creating clio_2496374_1 with size 130705712 (97151280 + 33554432 overhead)[0m
[97m/home/cvazquezperezdelacru/clio-core/context-runtime/src/ipc_manager.cc:2485 INFO 2496374 IncreaseClientShm IpcManager::IncreaseClientShm: Created allocator clio_2496374_1 with ID (2496374.1)[0m
[97m/home/cvazquezperezdelacru/clio-core/context-runtime/src/ipc_manager.cc:2440 INFO 2496374 IncreaseClientShm IpcManager::IncreaseClientShm: Creating clio_2496374_2 with size 133079512 (99525080 + 33554432 overhead)[0m
[97m/home/cvazquezperezdelacru/clio-core/context-runtime/src/ipc_manager.cc:2485 INFO 2496374 IncreaseClientShm IpcManager::IncreaseClientShm: Created allocator clio_2496374_2 with ID (2496374.2)[0m
[97m/home/cvazquezperezdelacru/clio-core/context-runtime/src/ipc_manager.cc:2440 INFO 2496374 IncreaseClientShm IpcManager::IncreaseClientShm: Creating clio_2496374_3 with size 136109808 (102555376 + 33554432 overhead)[0m
[97m/home/cvazquezperezdelacru/clio-core/context-runtime/src/ipc_manager.cc:2485 INFO 2496374 IncreaseClientShm IpcManager::IncreaseClientShm: Created allocator clio_2496374_3 with ID (2496374.3)[0m
[97m/home/cvazquezperezdelacru/clio-core/context-runtime/src/ipc_manager.cc:2440 INFO 2496374 IncreaseClientShm IpcManager::IncreaseClientShm: Creating clio_2496374_4 with size 146054816 (112500384 + 33554432 overhead)[0m
[97m/home/cvazquezperezdelacru/clio-core/context-runtime/src/ipc_manager.cc:2485 INFO 2496374 IncreaseClientShm IpcManager::IncreaseClientShm: Created allocator clio_2496374_4 with ID (2496374.4)[0m
[97m/home/cvazquezperezdelacru/clio-core/context-runtime/src/ipc_manager.cc:2440 INFO 2496374 IncreaseClientShm IpcManager::IncreaseClientShm: Creating clio_2496374_5 with size 134568016 (101013584 + 33554432 overhead)[0m
[97m/home/cvazquezperezdelacru/clio-core/context-runtime/src/ipc_manager.cc:2485 INFO 2496374 IncreaseClientShm IpcManager::IncreaseClientShm: Created allocator clio_2496374_5 with ID (2496374.5)[0m
[97m/home/cvazquezperezdelacru/clio-core/context-runtime/src/ipc_manager.cc:2440 INFO 2496374 IncreaseClientShm IpcManager::IncreaseClientShm: Creating clio_2496374_6 with size 130969616 (97415184 + 33554432 overhead)[0m
[97m/home/cvazquezperezdelacru/clio-core/context-runtime/src/ipc_manager.cc:2485 INFO 2496374 IncreaseClientShm IpcManager::IncreaseClientShm: Created allocator clio_2496374_6 with ID (2496374.6)[0m
[97m/home/cvazquezperezdelacru/clio-core/context-runtime/src/ipc_manager.cc:2440 INFO 2496374 IncreaseClientShm IpcManager::IncreaseClientShm: Creating clio_2496374_7 with size 131554608 (98000176 + 33554432 overhead)[0m
[97m/home/cvazquezperezdelacru/clio-core/context-runtime/src/ipc_manager.cc:2485 INFO 2496374 IncreaseClientShm IpcManager::IncreaseClientShm: Created allocator clio_2496374_7 with ID (2496374.7)[0m
[97m/home/cvazquezperezdelacru/clio-core/context-runtime/src/ipc_manager.cc:2440 INFO 2496374 IncreaseClientShm IpcManager::IncreaseClientShm: Creating clio_2496374_8 with size 131786016 (98231584 + 33554432 overhead)[0m
[97m/home/cvazquezperezdelacru/clio-core/context-runtime/src/ipc_manager.cc:2485 INFO 2496374 IncreaseClientShm IpcManager::IncreaseClientShm: Created allocator clio_2496374_8 with ID (2496374.8)[0m
[97m/home/cvazquezperezdelacru/clio-core/context-runtime/src/ipc_manager.cc:2440 INFO 2496374 IncreaseClientShm IpcManager::IncreaseClientShm: Creating clio_2496374_9 with size 133162712 (99608280 + 33554432 overhead)[0m
[97m/home/cvazquezperezdelacru/clio-core/context-runtime/src/ipc_manager.cc:2485 INFO 2496374 IncreaseClientShm IpcManager::IncreaseClientShm: Created allocator clio_2496374_9 with ID (2496374.9)[0m
[97m/home/cvazquezperezdelacru/clio-core/context-runtime/src/ipc_manager.cc:2440 INFO 2496374 IncreaseClientShm IpcManager::IncreaseClientShm: Creating clio_2496374_10 with size 144585808 (111031376 + 33554432 overhead)[0m
[97m/home/cvazquezperezdelacru/clio-core/context-runtime/src/ipc_manager.cc:2485 INFO 2496374 IncreaseClientShm IpcManager::IncreaseClientShm: Created allocator clio_2496374_10 with ID (2496374.10)[0m
[97m/home/cvazquezperezdelacru/clio-core/context-runtime/src/ipc_manager.cc:2440 INFO 2496374 IncreaseClientShm IpcManager::IncreaseClientShm: Creating clio_2496374_11 with size 131273808 (97719376 + 33554432 overhead)[0m
[97m/home/cvazquezperezdelacru/clio-core/context-runtime/src/ipc_manager.cc:2485 INFO 2496374 IncreaseClientShm IpcManager::IncreaseClientShm: Created allocator clio_2496374_11 with ID (2496374.11)[0m
[97m/home/cvazquezperezdelacru/clio-core/context-runtime/src/ipc_manager.cc:2440 INFO 2496374 IncreaseClientShm IpcManager::IncreaseClientShm: Creating clio_2496374_12 with size 134085712 (100531280 + 33554432 overhead)[0m
[97m/home/cvazquezperezdelacru/clio-core/context-runtime/src/ipc_manager.cc:2485 INFO 2496374 IncreaseClientShm IpcManager::IncreaseClientShm: Created allocator clio_2496374_12 with ID (2496374.12)[0m
[97m/home/cvazquezperezdelacru/clio-core/context-runtime/src/ipc_manager.cc:2440 INFO 2496374 IncreaseClientShm IpcManager::IncreaseClientShm: Creating clio_2496374_13 with size 136254112 (102699680 + 33554432 overhead)[0m
[97m/home/cvazquezperezdelacru/clio-core/context-runtime/src/ipc_manager.cc:2485 INFO 2496374 IncreaseClientShm IpcManager::IncreaseClientShm: Created allocator clio_2496374_13 with ID (2496374.13)[0m
[97m/home/cvazquezperezdelacru/clio-core/context-runtime/src/ipc_manager.cc:2440 INFO 2496374 IncreaseClientShm IpcManager::IncreaseClientShm: Creating clio_2496374_14 with size 136742912 (103188480 + 33554432 overhead)[0m
[97m/home/cvazquezperezdelacru/clio-core/context-runtime/src/ipc_manager.cc:2485 INFO 2496374 IncreaseClientShm IpcManager::IncreaseClientShm: Created allocator clio_2496374_14 with ID (2496374.14)[0m
[97m/home/cvazquezperezdelacru/clio-core/context-runtime/src/ipc_manager.cc:2440 INFO 2496374 IncreaseClientShm IpcManager::IncreaseClientShm: Creating clio_2496374_15 with size 139370208 (105815776 + 33554432 overhead)[0m
[97m/home/cvazquezperezdelacru/clio-core/context-runtime/src/ipc_manager.cc:2485 INFO 2496374 IncreaseClientShm IpcManager::IncreaseClientShm: Created allocator clio_2496374_15 with ID (2496374.15)[0m
[97m/home/cvazquezperezdelacru/clio-core/context-runtime/src/ipc_manager.cc:2440 INFO 2496374 IncreaseClientShm IpcManager::IncreaseClientShm: Creating clio_2496374_16 with size 149225512 (115671080 + 33554432 overhead)[0m
[97m/home/cvazquezperezdelacru/clio-core/context-runtime/src/ipc_manager.cc:2485 INFO 2496374 IncreaseClientShm IpcManager::IncreaseClientShm: Created allocator clio_2496374_16 with ID (2496374.16)[0m
[97m/home/cvazquezperezdelacru/clio-core/context-runtime/src/ipc_manager.cc:2440 INFO 2496374 IncreaseClientShm IpcManager::IncreaseClientShm: Creating clio_2496374_17 with size 141906512 (108352080 + 33554432 overhead)[0m
[97m/home/cvazquezperezdelacru/clio-core/context-runtime/src/ipc_manager.cc:2485 INFO 2496374 IncreaseClientShm IpcManager::IncreaseClientShm: Created allocator clio_2496374_17 with ID (2496374.17)[0m
[97m/home/cvazquezperezdelacru/clio-core/context-runtime/src/ipc_manager.cc:2440 INFO 2496374 IncreaseClientShm IpcManager::IncreaseClientShm: Creating clio_2496374_18 with size 145826016 (112271584 + 33554432 overhead)[0m
[97m/home/cvazquezperezdelacru/clio-core/context-runtime/src/ipc_manager.cc:2485 INFO 2496374 IncreaseClientShm IpcManager::IncreaseClientShm: Created allocator clio_2496374_18 with ID (2496374.18)[0m
[97m/home/cvazquezperezdelacru/clio-core/context-runtime/src/ipc_manager.cc:2440 INFO 2496374 IncreaseClientShm IpcManager::IncreaseClientShm: Creating clio_2496374_19 with size 139725112 (106170680 + 33554432 overhead)[0m
[97m/home/cvazquezperezdelacru/clio-core/context-runtime/src/ipc_manager.cc:2485 INFO 2496374 IncreaseClientShm IpcManager::IncreaseClientShm: Created allocator clio_2496374_19 with ID (2496374.19)[0m
[97m/home/cvazquezperezdelacru/clio-core/context-runtime/src/ipc_manager.cc:2440 INFO 2496374 IncreaseClientShm IpcManager::IncreaseClientShm: Creating clio_2496374_20 with size 147097408 (113542976 + 33554432 overhead)[0m
[97m/home/cvazquezperezdelacru/clio-core/context-runtime/src/ipc_manager.cc:2485 INFO 2496374 IncreaseClientShm IpcManager::IncreaseClientShm: Created allocator clio_2496374_20 with ID (2496374.20)[0m
[97m/home/cvazquezperezdelacru/clio-core/context-runtime/src/ipc_manager.cc:2440 INFO 2496374 IncreaseClientShm IpcManager::IncreaseClientShm: Creating clio_2496374_21 with size 135189408 (101634976 + 33554432 overhead)[0m
[97m/home/cvazquezperezdelacru/clio-core/context-runtime/src/ipc_manager.cc:2485 INFO 2496374 IncreaseClientShm IpcManager::IncreaseClientShm: Created allocator clio_2496374_21 with ID (2496374.21)[0m
[97m/home/cvazquezperezdelacru/clio-core/context-runtime/src/ipc_manager.cc:2440 INFO 2496374 IncreaseClientShm IpcManager::IncreaseClientShm: Creating clio_2496374_22 with size 173869616 (140315184 + 33554432 overhead)[0m
[97m/home/cvazquezperezdelacru/clio-core/context-runtime/src/ipc_manager.cc:2485 INFO 2496374 IncreaseClientShm IpcManager::IncreaseClientShm: Created allocator clio_2496374_22 with ID (2496374.22)[0m
[97m/home/cvazquezperezdelacru/clio-core/context-runtime/src/ipc_manager.cc:2440 INFO 2496374 IncreaseClientShm IpcManager::IncreaseClientShm: Creating clio_2496374_23 with size 134876112 (101321680 + 33554432 overhead)[0m
[97m/home/cvazquezperezdelacru/clio-core/context-runtime/src/ipc_manager.cc:2485 INFO 2496374 IncreaseClientShm IpcManager::IncreaseClientShm: Created allocator clio_2496374_23 with ID (2496374.23)[0m
[97m/home/cvazquezperezdelacru/clio-core/context-runtime/src/ipc_manager.cc:2440 INFO 2496374 IncreaseClientShm IpcManager::IncreaseClientShm: Creating clio_2496374_24 with size 131925112 (98370680 + 33554432 overhead)[0m
[97m/home/cvazquezperezdelacru/clio-core/context-runtime/src/ipc_manager.cc:2485 INFO 2496374 IncreaseClientShm IpcManager::IncreaseClientShm: Created allocator clio_2496374_24 with ID (2496374.24)[0m
[97m/home/cvazquezperezdelacru/clio-core/context-runtime/src/ipc_manager.cc:2440 INFO 2496374 IncreaseClientShm IpcManager::IncreaseClientShm: Creating clio_2496374_25 with size 149146208 (115591776 + 33554432 overhead)[0m
[97m/home/cvazquezperezdelacru/clio-core/context-runtime/src/ipc_manager.cc:2485 INFO 2496374 IncreaseClientShm IpcManager::IncreaseClientShm: Created allocator clio_2496374_25 with ID (2496374.25)[0m
[97m/home/cvazquezperezdelacru/clio-core/context-runtime/src/ipc_manager.cc:2440 INFO 2496374 IncreaseClientShm IpcManager::IncreaseClientShm: Creating clio_2496374_26 with size 139441712 (105887280 + 33554432 overhead)[0m
[97m/home/cvazquezperezdelacru/clio-core/context-runtime/src/ipc_manager.cc:2485 INFO 2496374 IncreaseClientShm IpcManager::IncreaseClientShm: Created allocator clio_2496374_26 with ID (2496374.26)[0m
[97m/home/cvazquezperezdelacru/clio-core/context-runtime/src/ipc_manager.cc:2440 INFO 2496374 IncreaseClientShm IpcManager::IncreaseClientShm: Creating clio_2496374_27 with size 144301112 (110746680 + 33554432 overhead)[0m
[97m/home/cvazquezperezdelacru/clio-core/context-runtime/src/ipc_manager.cc:2485 INFO 2496374 IncreaseClientShm IpcManager::IncreaseClientShm: Created allocator clio_2496374_27 with ID (2496374.27)[0m
[97m/home/cvazquezperezdelacru/clio-core/context-runtime/src/ipc_manager.cc:2440 INFO 2496374 IncreaseClientShm IpcManager::IncreaseClientShm: Creating clio_2496374_28 with size 138174208 (104619776 + 33554432 overhead)[0m
[97m/home/cvazquezperezdelacru/clio-core/context-runtime/src/ipc_manager.cc:2485 INFO 2496374 IncreaseClientShm IpcManager::IncreaseClientShm: Created allocator clio_2496374_28 with ID (2496374.28)[0m
[97m/home/cvazquezperezdelacru/clio-core/context-runtime/src/ipc_manager.cc:2440 INFO 2496374 IncreaseClientShm IpcManager::IncreaseClientShm: Creating clio_2496374_29 with size 156653712 (123099280 + 33554432 overhead)[0m
[97m/home/cvazquezperezdelacru/clio-core/context-runtime/src/ipc_manager.cc:2485 INFO 2496374 IncreaseClientShm IpcManager::IncreaseClientShm: Created allocator clio_2496374_29 with ID (2496374.29)[0m
[97m/home/cvazquezperezdelacru/clio-core/context-runtime/src/ipc_manager.cc:2440 INFO 2496374 IncreaseClientShm IpcManager::IncreaseClientShm: Creating clio_2496374_30 with size 136770208 (103215776 + 33554432 overhead)[0m
[97m/home/cvazquezperezdelacru/clio-core/context-runtime/src/ipc_manager.cc:2485 INFO 2496374 IncreaseClientShm IpcManager::IncreaseClientShm: Created allocator clio_2496374_30 with ID (2496374.30)[0m
[97m/home/cvazquezperezdelacru/clio-core/context-runtime/src/ipc_manager.cc:2440 INFO 2496374 IncreaseClientShm IpcManager::IncreaseClientShm: Creating clio_2496374_31 with size 148533912 (114979480 + 33554432 overhead)[0m
[97m/home/cvazquezperezdelacru/clio-core/context-runtime/src/ipc_manager.cc:2485 INFO 2496374 IncreaseClientShm IpcManager::IncreaseClientShm: Created allocator clio_2496374_31 with ID (2496374.31)[0m
[97m/home/cvazquezperezdelacru/clio-core/context-runtime/src/ipc_manager.cc:2440 INFO 2496374 IncreaseClientShm IpcManager::IncreaseClientShm: Creating clio_2496374_32 with size 138743616 (105189184 + 33554432 overhead)[0m
[97m/home/cvazquezperezdelacru/clio-core/context-runtime/src/ipc_manager.cc:2485 INFO 2496374 IncreaseClientShm IpcManager::IncreaseClientShm: Created allocator clio_2496374_32 with ID (2496374.32)[0m
[97m/home/cvazquezperezdelacru/clio-core/context-runtime/src/ipc_manager.cc:2440 INFO 2496374 IncreaseClientShm IpcManager::IncreaseClientShm: Creating clio_2496374_33 with size 140237312 (106682880 + 33554432 overhead)[0m
[97m/home/cvazquezperezdelacru/clio-core/context-runtime/src/ipc_manager.cc:2485 INFO 2496374 IncreaseClientShm IpcManager::IncreaseClientShm: Created allocator clio_2496374_33 with ID (2496374.33)[0m
[97m/home/cvazquezperezdelacru/clio-core/context-runtime/src/ipc_manager.cc:2440 INFO 2496374 IncreaseClientShm IpcManager::IncreaseClientShm: Creating clio_2496374_34 with size 143437912 (109883480 + 33554432 overhead)[0m
[97m/home/cvazquezperezdelacru/clio-core/context-runtime/src/ipc_manager.cc:2485 INFO 2496374 IncreaseClientShm IpcManager::IncreaseClientShm: Created allocator clio_2496374_34 with ID (2496374.34)[0m
[97m/home/cvazquezperezdelacru/clio-core/context-runtime/src/ipc_manager.cc:2440 INFO 2496374 IncreaseClientShm IpcManager::IncreaseClientShm: Creating clio_2496374_35 with size 150935008 (117380576 + 33554432 overhead)[0m
[97m/home/cvazquezperezdelacru/clio-core/context-runtime/src/ipc_manager.cc:2485 INFO 2496374 IncreaseClientShm IpcManager::IncreaseClientShm: Created allocator clio_2496374_35 with ID (2496374.35)[0m
[97m/home/cvazquezperezdelacru/clio-core/context-runtime/src/ipc_manager.cc:2440 INFO 2496374 IncreaseClientShm IpcManager::IncreaseClientShm: Creating clio_2496374_36 with size 156164912 (122610480 + 33554432 overhead)[0m
[97m/home/cvazquezperezdelacru/clio-core/context-runtime/src/ipc_manager.cc:2485 INFO 2496374 IncreaseClientShm IpcManager::IncreaseClientShm: Created allocator clio_2496374_36 with ID (2496374.36)[0m
[97m/home/cvazquezperezdelacru/clio-core/context-runtime/src/ipc_manager.cc:2440 INFO 2496374 IncreaseClientShm IpcManager::IncreaseClientShm: Creating clio_2496374_37 with size 151072816 (117518384 + 33554432 overhead)[0m
[97m/home/cvazquezperezdelacru/clio-core/context-runtime/src/ipc_manager.cc:2485 INFO 2496374 IncreaseClientShm IpcManager::IncreaseClientShm: Created allocator clio_2496374_37 with ID (2496374.37)[0m
[97m/home/cvazquezperezdelacru/clio-core/context-runtime/src/ipc_manager.cc:2440 INFO 2496374 IncreaseClientShm IpcManager::IncreaseClientShm: Creating clio_2496374_38 with size 138984112 (105429680 + 33554432 overhead)[0m
[97m/home/cvazquezperezdelacru/clio-core/context-runtime/src/ipc_manager.cc:2485 INFO 2496374 IncreaseClientShm IpcManager::IncreaseClientShm: Created allocator clio_2496374_38 with ID (2496374.38)[0m
[97m/home/cvazquezperezdelacru/clio-core/context-runtime/src/ipc_manager.cc:2440 INFO 2496374 IncreaseClientShm IpcManager::IncreaseClientShm: Creating clio_2496374_39 with size 138708512 (105154080 + 33554432 overhead)[0m
[97m/home/cvazquezperezdelacru/clio-core/context-runtime/src/ipc_manager.cc:2485 INFO 2496374 IncreaseClientShm IpcManager::IncreaseClientShm: Created allocator clio_2496374_39 with ID (2496374.39)[0m
[97m/home/cvazquezperezdelacru/clio-core/context-runtime/src/ipc_manager.cc:2440 INFO 2496374 IncreaseClientShm IpcManager::IncreaseClientShm: Creating clio_2496374_40 with size 144468816 (110914384 + 33554432 overhead)[0m
[97m/home/cvazquezperezdelacru/clio-core/context-runtime/src/ipc_manager.cc:2485 INFO 2496374 IncreaseClientShm IpcManager::IncreaseClientShm: Created allocator clio_2496374_40 with ID (2496374.40)[0m
[97m/home/cvazquezperezdelacru/clio-core/context-runtime/src/ipc_manager.cc:2440 INFO 2496374 IncreaseClientShm IpcManager::IncreaseClientShm: Creating clio_2496374_41 with size 142964712 (109410280 + 33554432 overhead)[0m
[97m/home/cvazquezperezdelacru/clio-core/context-runtime/src/ipc_manager.cc:2485 INFO 2496374 IncreaseClientShm IpcManager::IncreaseClientShm: Created allocator clio_2496374_41 with ID (2496374.41)[0m
[97m/home/cvazquezperezdelacru/clio-core/context-runtime/src/ipc_manager.cc:2440 INFO 2496374 IncreaseClientShm IpcManager::IncreaseClientShm: Creating clio_2496374_42 with size 136663616 (103109184 + 33554432 overhead)[0m
[97m/home/cvazquezperezdelacru/clio-core/context-runtime/src/ipc_manager.cc:2485 INFO 2496374 IncreaseClientShm IpcManager::IncreaseClientShm: Created allocator clio_2496374_42 with ID (2496374.42)[0m
[97m/home/cvazquezperezdelacru/clio-core/context-runtime/src/ipc_manager.cc:2440 INFO 2496374 IncreaseClientShm IpcManager::IncreaseClientShm: Creating clio_2496374_43 with size 147330112 (113775680 + 33554432 overhead)[0m
[97m/home/cvazquezperezdelacru/clio-core/context-runtime/src/ipc_manager.cc:2485 INFO 2496374 IncreaseClientShm IpcManager::IncreaseClientShm: Created allocator clio_2496374_43 with ID (2496374.43)[0m
[97m/home/cvazquezperezdelacru/clio-core/context-runtime/src/ipc_manager.cc:2440 INFO 2496374 IncreaseClientShm IpcManager::IncreaseClientShm: Creating clio_2496374_44 with size 146612512 (113058080 + 33554432 overhead)[0m
[97m/home/cvazquezperezdelacru/clio-core/context-runtime/src/ipc_manager.cc:2485 INFO 2496374 IncreaseClientShm IpcManager::IncreaseClientShm: Created allocator clio_2496374_44 with ID (2496374.44)[0m
[97m/home/cvazquezperezdelacru/clio-core/context-runtime/src/ipc_manager.cc:2440 INFO 2496374 IncreaseClientShm IpcManager::IncreaseClientShm: Creating clio_2496374_45 with size 134865712 (101311280 + 33554432 overhead)[0m
[97m/home/cvazquezperezdelacru/clio-core/context-runtime/src/ipc_manager.cc:2485 INFO 2496374 IncreaseClientShm IpcManager::IncreaseClientShm: Created allocator clio_2496374_45 with ID (2496374.45)[0m
[97m/home/cvazquezperezdelacru/clio-core/context-runtime/src/ipc_manager.cc:2440 INFO 2496374 IncreaseClientShm IpcManager::IncreaseClientShm: Creating clio_2496374_46 with size 135930416 (102375984 + 33554432 overhead)[0m
[97m/home/cvazquezperezdelacru/clio-core/context-runtime/src/ipc_manager.cc:2485 INFO 2496374 IncreaseClientShm IpcManager::IncreaseClientShm: Created allocator clio_2496374_46 with ID (2496374.46)[0m
[97m/home/cvazquezperezdelacru/clio-core/context-runtime/src/ipc_manager.cc:2440 INFO 2496374 IncreaseClientShm IpcManager::IncreaseClientShm: Creating clio_2496374_47 with size 139699112 (106144680 + 33554432 overhead)[0m
[97m/home/cvazquezperezdelacru/clio-core/context-runtime/src/ipc_manager.cc:2485 INFO 2496374 IncreaseClientShm IpcManager::IncreaseClientShm: Created allocator clio_2496374_47 with ID (2496374.47)[0m
[97m/home/cvazquezperezdelacru/clio-core/context-runtime/src/ipc_manager.cc:2440 INFO 2496374 IncreaseClientShm IpcManager::IncreaseClientShm: Creating clio_2496374_48 with size 136999008 (103444576 + 33554432 overhead)[0m
[97m/home/cvazquezperezdelacru/clio-core/context-runtime/src/ipc_manager.cc:2485 INFO 2496374 IncreaseClientShm IpcManager::IncreaseClientShm: Created allocator clio_2496374_48 with ID (2496374.48)[0m
[97m/home/cvazquezperezdelacru/clio-core/context-runtime/src/ipc_manager.cc:2440 INFO 2496374 IncreaseClientShm IpcManager::IncreaseClientShm: Creating clio_2496374_49 with size 147097408 (113542976 + 33554432 overhead)[0m
[97m/home/cvazquezperezdelacru/clio-core/context-runtime/src/ipc_manager.cc:2485 INFO 2496374 IncreaseClientShm IpcManager::IncreaseClientShm: Created allocator clio_2496374_49 with ID (2496374.49)[0m
[97m/home/cvazquezperezdelacru/clio-core/context-runtime/src/ipc_manager.cc:2440 INFO 2496374 IncreaseClientShm IpcManager::IncreaseClientShm: Creating clio_2496374_50 with size 142100208 (108545776 + 33554432 overhead)[0m
[97m/home/cvazquezperezdelacru/clio-core/context-runtime/src/ipc_manager.cc:2485 INFO 2496374 IncreaseClientShm IpcManager::IncreaseClientShm: Created allocator clio_2496374_50 with ID (2496374.50)[0m
[97m/home/cvazquezperezdelacru/clio-core/context-runtime/src/ipc_manager.cc:2440 INFO 2496374 IncreaseClientShm IpcManager::IncreaseClientShm: Creating clio_2496374_51 with size 134672016 (101117584 + 33554432 overhead)[0m
[97m/home/cvazquezperezdelacru/clio-core/context-runtime/src/ipc_manager.cc:2485 INFO 2496374 IncreaseClientShm IpcManager::IncreaseClientShm: Created allocator clio_2496374_51 with ID (2496374.51)[0m
[97m/home/cvazquezperezdelacru/clio-core/context-runtime/src/ipc_manager.cc:2440 INFO 2496374 IncreaseClientShm IpcManager::IncreaseClientShm: Creating clio_2496374_52 with size 133630712 (100076280 + 33554432 overhead)[0m
[97m/home/cvazquezperezdelacru/clio-core/context-runtime/src/ipc_manager.cc:2485 INFO 2496374 IncreaseClientShm IpcManager::IncreaseClientShm: Created allocator clio_2496374_52 with ID (2496374.52)[0m
[97m/home/cvazquezperezdelacru/clio-core/context-runtime/src/ipc_manager.cc:2440 INFO 2496374 IncreaseClientShm IpcManager::IncreaseClientShm: Creating clio_2496374_53 with size 133764608 (100210176 + 33554432 overhead)[0m
[97m/home/cvazquezperezdelacru/clio-core/context-runtime/src/ipc_manager.cc:2485 INFO 2496374 IncreaseClientShm IpcManager::IncreaseClientShm: Created allocator clio_2496374_53 with ID (2496374.53)[0m
[97m/home/cvazquezperezdelacru/clio-core/context-runtime/src/ipc_manager.cc:2440 INFO 2496374 IncreaseClientShm IpcManager::IncreaseClientShm: Creating clio_2496374_54 with size 150243408 (116688976 + 33554432 overhead)[0m
[97m/home/cvazquezperezdelacru/clio-core/context-runtime/src/ipc_manager.cc:2485 INFO 2496374 IncreaseClientShm IpcManager::IncreaseClientShm: Created allocator clio_2496374_54 with ID (2496374.54)[0m
[97m/home/cvazquezperezdelacru/clio-core/context-runtime/src/ipc_manager.cc:2440 INFO 2496374 IncreaseClientShm IpcManager::IncreaseClientShm: Creating clio_2496374_55 with size 134617408 (101062976 + 33554432 overhead)[0m
[97m/home/cvazquezperezdelacru/clio-core/context-runtime/src/ipc_manager.cc:2485 INFO 2496374 IncreaseClientShm IpcManager::IncreaseClientShm: Created allocator clio_2496374_55 with ID (2496374.55)[0m
[97m/home/cvazquezperezdelacru/clio-core/context-runtime/src/ipc_manager.cc:2440 INFO 2496374 IncreaseClientShm IpcManager::IncreaseClientShm: Creating clio_2496374_56 with size 143071312 (109516880 + 33554432 overhead)[0m
[97m/home/cvazquezperezdelacru/clio-core/context-runtime/src/ipc_manager.cc:2485 INFO 2496374 IncreaseClientShm IpcManager::IncreaseClientShm: Created allocator clio_2496374_56 with ID (2496374.56)[0m
[97m/home/cvazquezperezdelacru/clio-core/context-runtime/src/ipc_manager.cc:2440 INFO 2496374 IncreaseClientShm IpcManager::IncreaseClientShm: Creating clio_2496374_57 with size 152701712 (119147280 + 33554432 overhead)[0m
[97m/home/cvazquezperezdelacru/clio-core/context-runtime/src/ipc_manager.cc:2485 INFO 2496374 IncreaseClientShm IpcManager::IncreaseClientShm: Created allocator clio_2496374_57 with ID (2496374.57)[0m
[97m/home/cvazquezperezdelacru/clio-core/context-runtime/src/ipc_manager.cc:2440 INFO 2496374 IncreaseClientShm IpcManager::IncreaseClientShm: Creating clio_2496374_58 with size 134343112 (100788680 + 33554432 overhead)[0m
[97m/home/cvazquezperezdelacru/clio-core/context-runtime/src/ipc_manager.cc:2485 INFO 2496374 IncreaseClientShm IpcManager::IncreaseClientShm: Created allocator clio_2496374_58 with ID (2496374.58)[0m
[97m/home/cvazquezperezdelacru/clio-core/context-runtime/src/ipc_manager.cc:2440 INFO 2496374 IncreaseClientShm IpcManager::IncreaseClientShm: Creating clio_2496374_59 with size 155683912 (122129480 + 33554432 overhead)[0m
[97m/home/cvazquezperezdelacru/clio-core/context-runtime/src/ipc_manager.cc:2485 INFO 2496374 IncreaseClientShm IpcManager::IncreaseClientShm: Created allocator clio_2496374_59 with ID (2496374.59)[0m
[97m/home/cvazquezperezdelacru/clio-core/context-runtime/src/ipc_manager.cc:2440 INFO 2496374 IncreaseClientShm IpcManager::IncreaseClientShm: Creating clio_2496374_60 with size 135899216 (102344784 + 33554432 overhead)[0m
[97m/home/cvazquezperezdelacru/clio-core/context-runtime/src/ipc_manager.cc:2485 INFO 2496374 IncreaseClientShm IpcManager::IncreaseClientShm: Created allocator clio_2496374_60 with ID (2496374.60)[0m
[97m/home/cvazquezperezdelacru/clio-core/context-runtime/src/ipc_manager.cc:2440 INFO 2496374 IncreaseClientShm IpcManager::IncreaseClientShm: Creating clio_2496374_61 with size 149531008 (115976576 + 33554432 overhead)[0m
[97m/home/cvazquezperezdelacru/clio-core/context-runtime/src/ipc_manager.cc:2485 INFO 2496374 IncreaseClientShm IpcManager::IncreaseClientShm: Created allocator clio_2496374_61 with ID (2496374.61)[0m
[97m/home/cvazquezperezdelacru/clio-core/context-runtime/src/ipc_manager.cc:2440 INFO 2496374 IncreaseClientShm IpcManager::IncreaseClientShm: Creating clio_2496374_62 with size 148533912 (114979480 + 33554432 overhead)[0m
[97m/home/cvazquezperezdelacru/clio-core/context-runtime/src/ipc_manager.cc:2485 INFO 2496374 IncreaseClientShm IpcManager::IncreaseClientShm: Created allocator clio_2496374_62 with ID (2496374.62)[0m
[97m/home/cvazquezperezdelacru/clio-core/context-runtime/src/ipc_manager.cc:2440 INFO 2496374 IncreaseClientShm IpcManager::IncreaseClientShm: Creating clio_2496374_63 with size 149493312 (115938880 + 33554432 overhead)[0m
[97m/home/cvazquezperezdelacru/clio-core/context-runtime/src/ipc_manager.cc:2485 INFO 2496374 IncreaseClientShm IpcManager::IncreaseClientShm: Created allocator clio_2496374_63 with ID (2496374.63)[0m
[97m/home/cvazquezperezdelacru/clio-core/context-runtime/src/ipc_manager.cc:2440 INFO 2496374 IncreaseClientShm IpcManager::IncreaseClientShm: Creating clio_2496374_64 with size 133885512 (100331080 + 33554432 overhead)[0m
[97m/home/cvazquezperezdelacru/clio-core/context-runtime/src/ipc_manager.cc:2485 INFO 2496374 IncreaseClientShm IpcManager::IncreaseClientShm: Created allocator clio_2496374_64 with ID (2496374.64)[0m
[97m/home/cvazquezperezdelacru/clio-core/context-runtime/src/ipc_manager.cc:2440 INFO 2496374 IncreaseClientShm IpcManager::IncreaseClientShm: Creating clio_2496374_65 with size 138205408 (104650976 + 33554432 overhead)[0m
[97m/home/cvazquezperezdelacru/clio-core/context-runtime/src/ipc_manager.cc:2485 INFO 2496374 IncreaseClientShm IpcManager::IncreaseClientShm: Created allocator clio_2496374_65 with ID (2496374.65)[0m
[97m/home/cvazquezperezdelacru/clio-core/context-runtime/src/ipc_manager.cc:2440 INFO 2496374 IncreaseClientShm IpcManager::IncreaseClientShm: Creating clio_2496374_66 with size 136358112 (102803680 + 33554432 overhead)[0m
[97m/home/cvazquezperezdelacru/clio-core/context-runtime/src/ipc_manager.cc:2485 INFO 2496374 IncreaseClientShm IpcManager::IncreaseClientShm: Created allocator clio_2496374_66 with ID (2496374.66)[0m
[97m/home/cvazquezperezdelacru/clio-core/context-runtime/src/ipc_manager.cc:2440 INFO 2496374 IncreaseClientShm IpcManager::IncreaseClientShm: Creating clio_2496374_67 with size 158027808 (124473376 + 33554432 overhead)[0m
[97m/home/cvazquezperezdelacru/clio-core/context-runtime/src/ipc_manager.cc:2485 INFO 2496374 IncreaseClientShm IpcManager::IncreaseClientShm: Created allocator clio_2496374_67 with ID (2496374.67)[0m
[97m/home/cvazquezperezdelacru/clio-core/context-runtime/src/ipc_manager.cc:2440 INFO 2496374 IncreaseClientShm IpcManager::IncreaseClientShm: Creating clio_2496374_68 with size 143846112 (110291680 + 33554432 overhead)[0m
[97m/home/cvazquezperezdelacru/clio-core/context-runtime/src/ipc_manager.cc:2485 INFO 2496374 IncreaseClientShm IpcManager::IncreaseClientShm: Created allocator clio_2496374_68 with ID (2496374.68)[0m
[97m/home/cvazquezperezdelacru/clio-core/context-runtime/src/ipc_manager.cc:2440 INFO 2496374 IncreaseClientShm IpcManager::IncreaseClientShm: Creating clio_2496374_69 with size 146798416 (113243984 + 33554432 overhead)[0m
[97m/home/cvazquezperezdelacru/clio-core/context-runtime/src/ipc_manager.cc:2485 INFO 2496374 IncreaseClientShm IpcManager::IncreaseClientShm: Created allocator clio_2496374_69 with ID (2496374.69)[0m
[97m/home/cvazquezperezdelacru/clio-core/context-runtime/src/ipc_manager.cc:2440 INFO 2496374 IncreaseClientShm IpcManager::IncreaseClientShm: Creating clio_2496374_70 with size 138817712 (105263280 + 33554432 overhead)[0m
[97m/home/cvazquezperezdelacru/clio-core/context-runtime/src/ipc_manager.cc:2485 INFO 2496374 IncreaseClientShm IpcManager::IncreaseClientShm: Created allocator clio_2496374_70 with ID (2496374.70)[0m
[97m/home/cvazquezperezdelacru/clio-core/context-runtime/src/ipc_manager.cc:2440 INFO 2496374 IncreaseClientShm IpcManager::IncreaseClientShm: Creating clio_2496374_71 with size 142455112 (108900680 + 33554432 overhead)[0m
[97m/home/cvazquezperezdelacru/clio-core/context-runtime/src/ipc_manager.cc:2485 INFO 2496374 IncreaseClientShm IpcManager::IncreaseClientShm: Created allocator clio_2496374_71 with ID (2496374.71)[0m
[97m/home/cvazquezperezdelacru/clio-core/context-runtime/src/ipc_manager.cc:2440 INFO 2496374 IncreaseClientShm IpcManager::IncreaseClientShm: Creating clio_2496374_72 with size 136359408 (102804976 + 33554432 overhead)[0m
[97m/home/cvazquezperezdelacru/clio-core/context-runtime/src/ipc_manager.cc:2485 INFO 2496374 IncreaseClientShm IpcManager::IncreaseClientShm: Created allocator clio_2496374_72 with ID (2496374.72)[0m
[97m/home/cvazquezperezdelacru/clio-core/context-runtime/src/ipc_manager.cc:2440 INFO 2496374 IncreaseClientShm IpcManager::IncreaseClientShm: Creating clio_2496374_73 with size 136420512 (102866080 + 33554432 overhead)[0m
[97m/home/cvazquezperezdelacru/clio-core/context-runtime/src/ipc_manager.cc:2485 INFO 2496374 IncreaseClientShm IpcManager::IncreaseClientShm: Created allocator clio_2496374_73 with ID (2496374.73)[0m
[97m/home/cvazquezperezdelacru/clio-core/context-runtime/src/ipc_manager.cc:2440 INFO 2496374 IncreaseClientShm IpcManager::IncreaseClientShm: Creating clio_2496374_74 with size 137161512 (103607080 + 33554432 overhead)[0m
[97m/home/cvazquezperezdelacru/clio-core/context-runtime/src/ipc_manager.cc:2485 INFO 2496374 IncreaseClientShm IpcManager::IncreaseClientShm: Created allocator clio_2496374_74 with ID (2496374.74)[0m
[97m/home/cvazquezperezdelacru/clio-core/context-runtime/src/ipc_manager.cc:2440 INFO 2496374 IncreaseClientShm IpcManager::IncreaseClientShm: Creating clio_2496374_75 with size 138960712 (105406280 + 33554432 overhead)[0m
[97m/home/cvazquezperezdelacru/clio-core/context-runtime/src/ipc_manager.cc:2485 INFO 2496374 IncreaseClientShm IpcManager::IncreaseClientShm: Created allocator clio_2496374_75 with ID (2496374.75)[0m
[97m/home/cvazquezperezdelacru/clio-core/context-runtime/src/ipc_manager.cc:2440 INFO 2496374 IncreaseClientShm IpcManager::IncreaseClientShm: Creating clio_2496374_76 with size 150850512 (117296080 + 33554432 overhead)[0m
[97m/home/cvazquezperezdelacru/clio-core/context-runtime/src/ipc_manager.cc:2485 INFO 2496374 IncreaseClientShm IpcManager::IncreaseClientShm: Created allocator clio_2496374_76 with ID (2496374.76)[0m
[97m/home/cvazquezperezdelacru/clio-core/context-runtime/src/ipc_manager.cc:2440 INFO 2496374 IncreaseClientShm IpcManager::IncreaseClientShm: Creating clio_2496374_77 with size 136259312 (102704880 + 33554432 overhead)[0m
[97m/home/cvazquezperezdelacru/clio-core/context-runtime/src/ipc_manager.cc:2485 INFO 2496374 IncreaseClientShm IpcManager::IncreaseClientShm: Created allocator clio_2496374_77 with ID (2496374.77)[0m
[97m/home/cvazquezperezdelacru/clio-core/context-runtime/src/ipc_manager.cc:2440 INFO 2496374 IncreaseClientShm IpcManager::IncreaseClientShm: Creating clio_2496374_78 with size 141591912 (108037480 + 33554432 overhead)[0m
[97m/home/cvazquezperezdelacru/clio-core/context-runtime/src/ipc_manager.cc:2485 INFO 2496374 IncreaseClientShm IpcManager::IncreaseClientShm: Created allocator clio_2496374_78 with ID (2496374.78)[0m
[97m/home/cvazquezperezdelacru/clio-core/context-runtime/src/ipc_manager.cc:2440 INFO 2496374 IncreaseClientShm IpcManager::IncreaseClientShm: Creating clio_2496374_79 with size 153880816 (120326384 + 33554432 overhead)[0m
[97m/home/cvazquezperezdelacru/clio-core/context-runtime/src/ipc_manager.cc:2485 INFO 2496374 IncreaseClientShm IpcManager::IncreaseClientShm: Created allocator clio_2496374_79 with ID (2496374.79)[0m
[97m/home/cvazquezperezdelacru/clio-core/context-runtime/src/ipc_manager.cc:2440 INFO 2496374 IncreaseClientShm IpcManager::IncreaseClientShm: Creating clio_2496374_80 with size 143584816 (110030384 + 33554432 overhead)[0m
[97m/home/cvazquezperezdelacru/clio-core/context-runtime/src/ipc_manager.cc:2485 INFO 2496374 IncreaseClientShm IpcManager::IncreaseClientShm: Created allocator clio_2496374_80 with ID (2496374.80)[0m
[97m/home/cvazquezperezdelacru/clio-core/context-runtime/src/ipc_manager.cc:2440 INFO 2496374 IncreaseClientShm IpcManager::IncreaseClientShm: Creating clio_2496374_81 with size 145982016 (112427584 + 33554432 overhead)[0m
[97m/home/cvazquezperezdelacru/clio-core/context-runtime/src/ipc_manager.cc:2485 INFO 2496374 IncreaseClientShm IpcManager::IncreaseClientShm: Created allocator clio_2496374_81 with ID (2496374.81)[0m
[97m/home/cvazquezperezdelacru/clio-core/context-runtime/src/ipc_manager.cc:2440 INFO 2496374 IncreaseClientShm IpcManager::IncreaseClientShm: Creating clio_2496374_82 with size 152527512 (118973080 + 33554432 overhead)[0m
[97m/home/cvazquezperezdelacru/clio-core/context-runtime/src/ipc_manager.cc:2485 INFO 2496374 IncreaseClientShm IpcManager::IncreaseClientShm: Created allocator clio_2496374_82 with ID (2496374.82)[0m
[97m/home/cvazquezperezdelacru/clio-core/context-runtime/src/ipc_manager.cc:2440 INFO 2496374 IncreaseClientShm IpcManager::IncreaseClientShm: Creating clio_2496374_83 with size 137767312 (104212880 + 33554432 overhead)[0m
[97m/home/cvazquezperezdelacru/clio-core/context-runtime/src/ipc_manager.cc:2485 INFO 2496374 IncreaseClientShm IpcManager::IncreaseClientShm: Created allocator clio_2496374_83 with ID (2496374.83)[0m
[97m/home/cvazquezperezdelacru/clio-core/context-runtime/src/ipc_manager.cc:2440 INFO 2496374 IncreaseClientShm IpcManager::IncreaseClientShm: Creating clio_2496374_84 with size 138293808 (104739376 + 33554432 overhead)[0m
[97m/home/cvazquezperezdelacru/clio-core/context-runtime/src/ipc_manager.cc:2485 INFO 2496374 IncreaseClientShm IpcManager::IncreaseClientShm: Created allocator clio_2496374_84 with ID (2496374.84)[0m
[97m/home/cvazquezperezdelacru/clio-core/context-runtime/src/ipc_manager.cc:2440 INFO 2496374 IncreaseClientShm IpcManager::IncreaseClientShm: Creating clio_2496374_85 with size 139229808 (105675376 + 33554432 overhead)[0m
[97m/home/cvazquezperezdelacru/clio-core/context-runtime/src/ipc_manager.cc:2485 INFO 2496374 IncreaseClientShm IpcManager::IncreaseClientShm: Created allocator clio_2496374_85 with ID (2496374.85)[0m
[97m/home/cvazquezperezdelacru/clio-core/context-runtime/src/ipc_manager.cc:2440 INFO 2496374 IncreaseClientShm IpcManager::IncreaseClientShm: Creating clio_2496374_86 with size 151867112 (118312680 + 33554432 overhead)[0m
[97m/home/cvazquezperezdelacru/clio-core/context-runtime/src/ipc_manager.cc:2485 INFO 2496374 IncreaseClientShm IpcManager::IncreaseClientShm: Created allocator clio_2496374_86 with ID (2496374.86)[0m
[97m/home/cvazquezperezdelacru/clio-core/context-runtime/src/ipc_manager.cc:2440 INFO 2496374 IncreaseClientShm IpcManager::IncreaseClientShm: Creating clio_2496374_87 with size 141022512 (107468080 + 33554432 overhead)[0m
[97m/home/cvazquezperezdelacru/clio-core/context-runtime/src/ipc_manager.cc:2485 INFO 2496374 IncreaseClientShm IpcManager::IncreaseClientShm: Created allocator clio_2496374_87 with ID (2496374.87)[0m
[97m/home/cvazquezperezdelacru/clio-core/context-runtime/src/ipc_manager.cc:2440 INFO 2496374 IncreaseClientShm IpcManager::IncreaseClientShm: Creating clio_2496374_88 with size 140589616 (107035184 + 33554432 overhead)[0m
[97m/home/cvazquezperezdelacru/clio-core/context-runtime/src/ipc_manager.cc:2485 INFO 2496374 IncreaseClientShm IpcManager::IncreaseClientShm: Created allocator clio_2496374_88 with ID (2496374.88)[0m
[97m/home/cvazquezperezdelacru/clio-core/context-runtime/src/ipc_manager.cc:2440 INFO 2496374 IncreaseClientShm IpcManager::IncreaseClientShm: Creating clio_2496374_89 with size 145281312 (111726880 + 33554432 overhead)[0m
[97m/home/cvazquezperezdelacru/clio-core/context-runtime/src/ipc_manager.cc:2485 INFO 2496374 IncreaseClientShm IpcManager::IncreaseClientShm: Created allocator clio_2496374_89 with ID (2496374.89)[0m
[97m/home/cvazquezperezdelacru/clio-core/context-runtime/src/ipc_manager.cc:2440 INFO 2496374 IncreaseClientShm IpcManager::IncreaseClientShm: Creating clio_2496374_90 with size 148842016 (115287584 + 33554432 overhead)[0m
[97m/home/cvazquezperezdelacru/clio-core/context-runtime/src/ipc_manager.cc:2485 INFO 2496374 IncreaseClientShm IpcManager::IncreaseClientShm: Created allocator clio_2496374_90 with ID (2496374.90)[0m
[97m/home/cvazquezperezdelacru/clio-core/context-runtime/src/ipc_manager.cc:2440 INFO 2496374 IncreaseClientShm IpcManager::IncreaseClientShm: Creating clio_2496374_91 with size 136573912 (103019480 + 33554432 overhead)[0m
[97m/home/cvazquezperezdelacru/clio-core/context-runtime/src/ipc_manager.cc:2485 INFO 2496374 IncreaseClientShm IpcManager::IncreaseClientShm: Created allocator clio_2496374_91 with ID (2496374.91)[0m
[97m/home/cvazquezperezdelacru/clio-core/context-runtime/src/ipc_manager.cc:2440 INFO 2496374 IncreaseClientShm IpcManager::IncreaseClientShm: Creating clio_2496374_92 with size 157307616 (123753184 + 33554432 overhead)[0m
[97m/home/cvazquezperezdelacru/clio-core/context-runtime/src/ipc_manager.cc:2485 INFO 2496374 IncreaseClientShm IpcManager::IncreaseClientShm: Created allocator clio_2496374_92 with ID (2496374.92)[0m
[97m/home/cvazquezperezdelacru/clio-core/context-runtime/src/ipc_manager.cc:2440 INFO 2496374 IncreaseClientShm IpcManager::IncreaseClientShm: Creating clio_2496374_93 with size 136303512 (102749080 + 33554432 overhead)[0m
[97m/home/cvazquezperezdelacru/clio-core/context-runtime/src/ipc_manager.cc:2485 INFO 2496374 IncreaseClientShm IpcManager::IncreaseClientShm: Created allocator clio_2496374_93 with ID (2496374.93)[0m
[97m/home/cvazquezperezdelacru/clio-core/context-runtime/src/ipc_manager.cc:2440 INFO 2496374 IncreaseClientShm IpcManager::IncreaseClientShm: Creating clio_2496374_94 with size 143995616 (110441184 + 33554432 overhead)[0m
[97m/home/cvazquezperezdelacru/clio-core/context-runtime/src/ipc_manager.cc:2485 INFO 2496374 IncreaseClientShm IpcManager::IncreaseClientShm: Created allocator clio_2496374_94 with ID (2496374.94)[0m
[97m/home/cvazquezperezdelacru/clio-core/context-runtime/src/ipc_manager.cc:2440 INFO 2496374 IncreaseClientShm IpcManager::IncreaseClientShm: Creating clio_2496374_95 with size 136414016 (102859584 + 33554432 overhead)[0m
[97m/home/cvazquezperezdelacru/clio-core/context-runtime/src/ipc_manager.cc:2485 INFO 2496374 IncreaseClientShm IpcManager::IncreaseClientShm: Created allocator clio_2496374_95 with ID (2496374.95)[0m
[97m/home/cvazquezperezdelacru/clio-core/context-runtime/src/ipc_manager.cc:2440 INFO 2496374 IncreaseClientShm IpcManager::IncreaseClientShm: Creating clio_2496374_96 with size 135653512 (102099080 + 33554432 overhead)[0m
[97m/home/cvazquezperezdelacru/clio-core/context-runtime/src/ipc_manager.cc:2485 INFO 2496374 IncreaseClientShm IpcManager::IncreaseClientShm: Created allocator clio_2496374_96 with ID (2496374.96)[0m
[97m/home/cvazquezperezdelacru/clio-core/context-runtime/src/ipc_manager.cc:2440 INFO 2496374 IncreaseClientShm IpcManager::IncreaseClientShm: Creating clio_2496374_97 with size 137223912 (103669480 + 33554432 overhead)[0m
[97m/home/cvazquezperezdelacru/clio-core/context-runtime/src/ipc_manager.cc:2485 INFO 2496374 IncreaseClientShm IpcManager::IncreaseClientShm: Created allocator clio_2496374_97 with ID (2496374.97)[0m
[97m/home/cvazquezperezdelacru/clio-core/context-runtime/src/ipc_manager.cc:2440 INFO 2496374 IncreaseClientShm IpcManager::IncreaseClientShm: Creating clio_2496374_98 with size 136109808 (102555376 + 33554432 overhead)[0m
[97m/home/cvazquezperezdelacru/clio-core/context-runtime/src/ipc_manager.cc:2485 INFO 2496374 IncreaseClientShm IpcManager::IncreaseClientShm: Created allocator clio_2496374_98 with ID (2496374.98)[0m
[97m/home/cvazquezperezdelacru/clio-core/context-runtime/src/ipc_manager.cc:2440 INFO 2496374 IncreaseClientShm IpcManager::IncreaseClientShm: Creating clio_2496374_99 with size 140433616 (106879184 + 33554432 overhead)[0m
[97m/home/cvazquezperezdelacru/clio-core/context-runtime/src/ipc_manager.cc:2485 INFO 2496374 IncreaseClientShm IpcManager::IncreaseClientShm: Created allocator clio_2496374_99 with ID (2496374.99)[0m
[97m/home/cvazquezperezdelacru/clio-core/context-runtime/src/ipc_manager.cc:2440 INFO 2496374 IncreaseClientShm IpcManager::IncreaseClientShm: Creating clio_2496374_100 with size 153119008 (119564576 + 33554432 overhead)[0m
[97m/home/cvazquezperezdelacru/clio-core/context-runtime/src/ipc_manager.cc:2485 INFO 2496374 IncreaseClientShm IpcManager::IncreaseClientShm: Created allocator clio_2496374_100 with ID (2496374.100)[0m
[97m/home/cvazquezperezdelacru/clio-core/context-runtime/src/ipc_manager.cc:2440 INFO 2496374 IncreaseClientShm IpcManager::IncreaseClientShm: Creating clio_2496374_101 with size 143978712 (110424280 + 33554432 overhead)[0m
[97m/home/cvazquezperezdelacru/clio-core/context-runtime/src/ipc_manager.cc:2485 INFO 2496374 IncreaseClientShm IpcManager::IncreaseClientShm: Created allocator clio_2496374_101 with ID (2496374.101)[0m
[97m/home/cvazquezperezdelacru/clio-core/context-runtime/src/ipc_manager.cc:2440 INFO 2496374 IncreaseClientShm IpcManager::IncreaseClientShm: Creating clio_2496374_102 with size 173730512 (140176080 + 33554432 overhead)[0m
[97m/home/cvazquezperezdelacru/clio-core/context-runtime/src/ipc_manager.cc:2485 INFO 2496374 IncreaseClientShm IpcManager::IncreaseClientShm: Created allocator clio_2496374_102 with ID (2496374.102)[0m
[97m/home/cvazquezperezdelacru/clio-core/context-runtime/src/ipc_manager.cc:2440 INFO 2496374 IncreaseClientShm IpcManager::IncreaseClientShm: Creating clio_2496374_103 with size 133798416 (100243984 + 33554432 overhead)[0m
[97m/home/cvazquezperezdelacru/clio-core/context-runtime/src/ipc_manager.cc:2485 INFO 2496374 IncreaseClientShm IpcManager::IncreaseClientShm: Created allocator clio_2496374_103 with ID (2496374.103)[0m
[97m/home/cvazquezperezdelacru/clio-core/context-runtime/src/ipc_manager.cc:2440 INFO 2496374 IncreaseClientShm IpcManager::IncreaseClientShm: Creating clio_2496374_104 with size 136390608 (102836176 + 33554432 overhead)[0m
[97m/home/cvazquezperezdelacru/clio-core/context-runtime/src/ipc_manager.cc:2485 INFO 2496374 IncreaseClientShm IpcManager::IncreaseClientShm: Created allocator clio_2496374_104 with ID (2496374.104)[0m
[97m/home/cvazquezperezdelacru/clio-core/context-runtime/src/ipc_manager.cc:2440 INFO 2496374 IncreaseClientShm IpcManager::IncreaseClientShm: Creating clio_2496374_105 with size 145098016 (111543584 + 33554432 overhead)[0m
[97m/home/cvazquezperezdelacru/clio-core/context-runtime/src/ipc_manager.cc:2485 INFO 2496374 IncreaseClientShm IpcManager::IncreaseClientShm: Created allocator clio_2496374_105 with ID (2496374.105)[0m
[97m/home/cvazquezperezdelacru/clio-core/context-runtime/src/ipc_manager.cc:2440 INFO 2496374 IncreaseClientShm IpcManager::IncreaseClientShm: Creating clio_2496374_106 with size 139168712 (105614280 + 33554432 overhead)[0m
[97m/home/cvazquezperezdelacru/clio-core/context-runtime/src/ipc_manager.cc:2485 INFO 2496374 IncreaseClientShm IpcManager::IncreaseClientShm: Created allocator clio_2496374_106 with ID (2496374.106)[0m
[97m/home/cvazquezperezdelacru/clio-core/context-runtime/src/ipc_manager.cc:2440 INFO 2496374 IncreaseClientShm IpcManager::IncreaseClientShm: Creating clio_2496374_107 with size 160183216 (126628784 + 33554432 overhead)[0m
[97m/home/cvazquezperezdelacru/clio-core/context-runtime/src/ipc_manager.cc:2485 INFO 2496374 IncreaseClientShm IpcManager::IncreaseClientShm: Created allocator clio_2496374_107 with ID (2496374.107)[0m
[97m/home/cvazquezperezdelacru/clio-core/context-runtime/src/ipc_manager.cc:2440 INFO 2496374 IncreaseClientShm IpcManager::IncreaseClientShm: Creating clio_2496374_108 with size 177952912 (144398480 + 33554432 overhead)[0m
[97m/home/cvazquezperezdelacru/clio-core/context-runtime/src/ipc_manager.cc:2485 INFO 2496374 IncreaseClientShm IpcManager::IncreaseClientShm: Created allocator clio_2496374_108 with ID (2496374.108)[0m
[97m/home/cvazquezperezdelacru/clio-core/context-runtime/src/ipc_manager.cc:2440 INFO 2496374 IncreaseClientShm IpcManager::IncreaseClientShm: Creating clio_2496374_109 with size 164993216 (131438784 + 33554432 overhead)[0m
[97m/home/cvazquezperezdelacru/clio-core/context-runtime/src/ipc_manager.cc:2485 INFO 2496374 IncreaseClientShm IpcManager::IncreaseClientShm: Created allocator clio_2496374_109 with ID (2496374.109)[0m
[97m/home/cvazquezperezdelacru/clio-core/context-runtime/src/ipc_manager.cc:2440 INFO 2496374 IncreaseClientShm IpcManager::IncreaseClientShm: Creating clio_2496374_110 with size 138782608 (105228176 + 33554432 overhead)[0m
[97m/home/cvazquezperezdelacru/clio-core/context-runtime/src/ipc_manager.cc:2485 INFO 2496374 IncreaseClientShm IpcManager::IncreaseClientShm: Created allocator clio_2496374_110 with ID (2496374.110)[0m
[97m/home/cvazquezperezdelacru/clio-core/context-runtime/src/ipc_manager.cc:2440 INFO 2496374 IncreaseClientShm IpcManager::IncreaseClientShm: Creating clio_2496374_111 with size 140021512 (106467080 + 33554432 overhead)[0m
[97m/home/cvazquezperezdelacru/clio-core/context-runtime/src/ipc_manager.cc:2485 INFO 2496374 IncreaseClientShm IpcManager::IncreaseClientShm: Created allocator clio_2496374_111 with ID (2496374.111)[0m
[97m/home/cvazquezperezdelacru/clio-core/context-runtime/src/ipc_manager.cc:2440 INFO 2496374 IncreaseClientShm IpcManager::IncreaseClientShm: Creating clio_2496374_112 with size 148825112 (115270680 + 33554432 overhead)[0m
[97m/home/cvazquezperezdelacru/clio-core/context-runtime/src/ipc_manager.cc:2485 INFO 2496374 IncreaseClientShm IpcManager::IncreaseClientShm: Created allocator clio_2496374_112 with ID (2496374.112)[0m
[ingest] done: 48.43 GiB compact (tag faiss_ivf::ondisk_nb100M)
[verify] PASS — 16 lists byte-identical
[97m/home/cvazquezperezdelacru/clio-core/context-runtime/src/ipc_manager.cc:2341 INFO 2496374 ClearClientPool [ClientPool] Clearing 0 persistent connections[0m
